Archive member included to satisfy reference by file (symbol)

/media/data_nvme/git/uboot/u-boot/build/mt7986/release/lib/libc.a(memcpy.o)
                              /media/data_nvme/git/uboot/u-boot/build/mt7986/release/bl31/context_mgmt.o (memcpy)
/media/data_nvme/git/uboot/u-boot/build/mt7986/release/lib/libc.a(memmove.o)
                              /media/data_nvme/git/uboot/u-boot/build/mt7986/release/bl31/xlat_tables_core.o (memmove)
/media/data_nvme/git/uboot/u-boot/build/mt7986/release/lib/libc.a(memset.o)
                              /media/data_nvme/git/uboot/u-boot/build/mt7986/release/bl31/runtime_svc.o (memset)
/media/data_nvme/git/uboot/u-boot/build/mt7986/release/lib/libc.a(printf.o)
                              /media/data_nvme/git/uboot/u-boot/build/mt7986/release/bl31/tf_log.o (vprintf)

Discarded input sections

 .text          0x0000000000000000        0x0 /media/data_nvme/git/uboot/u-boot/build/mt7986/release/bl31/build_message.o
 .data          0x0000000000000000        0x0 /media/data_nvme/git/uboot/u-boot/build/mt7986/release/bl31/build_message.o
 .bss           0x0000000000000000        0x0 /media/data_nvme/git/uboot/u-boot/build/mt7986/release/bl31/build_message.o
 .rodata.version
                0x0000000000000000        0x4 /media/data_nvme/git/uboot/u-boot/build/mt7986/release/bl31/build_message.o
 .text          0x0000000000000000        0x0 /media/data_nvme/git/uboot/u-boot/build/mt7986/release/bl31/bl31_context_mgmt.o
 .data          0x0000000000000000        0x0 /media/data_nvme/git/uboot/u-boot/build/mt7986/release/bl31/bl31_context_mgmt.o
 .bss           0x0000000000000000        0x0 /media/data_nvme/git/uboot/u-boot/build/mt7986/release/bl31/bl31_context_mgmt.o
 .text.cm_set_context
                0x0000000000000000       0x14 /media/data_nvme/git/uboot/u-boot/build/mt7986/release/bl31/bl31_context_mgmt.o
 .eh_frame      0x0000000000000000       0x88 /media/data_nvme/git/uboot/u-boot/build/mt7986/release/bl31/bl31_context_mgmt.o
 .text          0x0000000000000000        0x0 /media/data_nvme/git/uboot/u-boot/build/mt7986/release/bl31/bl31_main.o
 .data          0x0000000000000000        0x0 /media/data_nvme/git/uboot/u-boot/build/mt7986/release/bl31/bl31_main.o
 .bss           0x0000000000000000        0x0 /media/data_nvme/git/uboot/u-boot/build/mt7986/release/bl31/bl31_main.o
 .text.bl31_lib_init
                0x0000000000000000        0x4 /media/data_nvme/git/uboot/u-boot/build/mt7986/release/bl31/bl31_main.o
 .text.bl31_set_next_image_type
                0x0000000000000000        0xc /media/data_nvme/git/uboot/u-boot/build/mt7986/release/bl31/bl31_main.o
 .text.bl31_get_next_image_type
                0x0000000000000000        0xc /media/data_nvme/git/uboot/u-boot/build/mt7986/release/bl31/bl31_main.o
 .text.bl31_register_bl32_init
                0x0000000000000000        0xc /media/data_nvme/git/uboot/u-boot/build/mt7986/release/bl31/bl31_main.o
 .eh_frame      0x0000000000000000       0xf0 /media/data_nvme/git/uboot/u-boot/build/mt7986/release/bl31/bl31_main.o
 .text          0x0000000000000000        0x0 /media/data_nvme/git/uboot/u-boot/build/mt7986/release/bl31/bl31_traps.o
 .data          0x0000000000000000        0x0 /media/data_nvme/git/uboot/u-boot/build/mt7986/release/bl31/bl31_traps.o
 .bss           0x0000000000000000        0x0 /media/data_nvme/git/uboot/u-boot/build/mt7986/release/bl31/bl31_traps.o
 .eh_frame      0x0000000000000000       0x28 /media/data_nvme/git/uboot/u-boot/build/mt7986/release/bl31/bl31_traps.o
 .text          0x0000000000000000        0x0 /media/data_nvme/git/uboot/u-boot/build/mt7986/release/bl31/interrupt_mgmt.o
 .data          0x0000000000000000        0x0 /media/data_nvme/git/uboot/u-boot/build/mt7986/release/bl31/interrupt_mgmt.o
 .bss           0x0000000000000000        0x0 /media/data_nvme/git/uboot/u-boot/build/mt7986/release/bl31/interrupt_mgmt.o
 .text.set_scr_el3_from_rm
                0x0000000000000000       0x84 /media/data_nvme/git/uboot/u-boot/build/mt7986/release/bl31/interrupt_mgmt.o
 .text.set_routing_model
                0x0000000000000000       0x98 /media/data_nvme/git/uboot/u-boot/build/mt7986/release/bl31/interrupt_mgmt.o
 .text.disable_intr_rm_local
                0x0000000000000000       0x34 /media/data_nvme/git/uboot/u-boot/build/mt7986/release/bl31/interrupt_mgmt.o
 .text.enable_intr_rm_local
                0x0000000000000000       0x50 /media/data_nvme/git/uboot/u-boot/build/mt7986/release/bl31/interrupt_mgmt.o
 .text.register_interrupt_type_handler
                0x0000000000000000       0x68 /media/data_nvme/git/uboot/u-boot/build/mt7986/release/bl31/interrupt_mgmt.o
 .eh_frame      0x0000000000000000      0x110 /media/data_nvme/git/uboot/u-boot/build/mt7986/release/bl31/interrupt_mgmt.o
 .text          0x0000000000000000        0x0 /media/data_nvme/git/uboot/u-boot/build/mt7986/release/bl31/runtime_svc.o
[...]
Memory Configuration

Name             Origin             Length             Attributes
RAM              0x0000000043001000 0x000000000002f000 xrw
*default*        0x0000000000000000 0xffffffffffffffff

Linker script and memory map

                0x0000000043001000                RAM_REGION_START = ORIGIN (RAM)
                0x000000000002f000                RAM_REGION_LENGTH = LENGTH (RAM)
                0x0000000043001000                . = 0x43001000
                0x0000000000000001                ASSERT ((. == ALIGN (0x1000)), BL31_BASE address is not aligned on a page boundary.)
                0x0000000043001000                __BL31_START__ = .

.ro             0x0000000043001000     0x8000
                0x0000000043001000                __RO_START__ = .
 *bl31_entrypoint.o(SORT_BY_ALIGNMENT(.text*))
 .text.asm.bl31_entrypoint
                0x0000000043001000      0x114 /media/data_nvme/git/uboot/u-boot/build/mt7986/release/bl31/bl31_entrypoint.o
                0x0000000043001000                bl31_entrypoint
 .text.asm.bl31_warm_entrypoint
                0x0000000043001114       0x90 /media/data_nvme/git/uboot/u-boot/build/mt7986/release/bl31/bl31_entrypoint.o
                0x0000000043001114                bl31_warm_entrypoint
 *(SORT_BY_ALIGNMENT(.text*))
 .text.cm_get_context
                0x00000000430011a4       0x14 /media/data_nvme/git/uboot/u-boot/build/mt7986/release/bl31/bl31_context_mgmt.o
                0x00000000430011a4                cm_get_context
 .text.cm_get_context_by_index
                0x00000000430011b8       0x2c /media/data_nvme/git/uboot/u-boot/build/mt7986/release/bl31/bl31_context_mgmt.o
                0x00000000430011b8                cm_get_context_by_index
 .text.cm_set_context_by_index
                0x00000000430011e4       0x30 /media/data_nvme/git/uboot/u-boot/build/mt7986/release/bl31/bl31_context_mgmt.o
                0x00000000430011e4                cm_set_context_by_index
 .text.get_arm_std_svc_args
                0x0000000043001214        0xc /media/data_nvme/git/uboot/u-boot/build/mt7986/release/bl31/bl31_main.o
                0x0000000043001214                get_arm_std_svc_args
 .text.bl31_setup
                0x0000000043001220       0x14 /media/data_nvme/git/uboot/u-boot/build/mt7986/release/bl31/bl31_main.o
                0x0000000043001220                bl31_setup
 .text.bl31_prepare_next_image_entry
                0x0000000043001234       0x74 /media/data_nvme/git/uboot/u-boot/build/mt7986/release/bl31/bl31_main.o
                0x0000000043001234                bl31_prepare_next_image_entry
 .text.bl31_main
                0x00000000430012a8       0x68 /media/data_nvme/git/uboot/u-boot/build/mt7986/release/bl31/bl31_main.o
                0x00000000430012a8                bl31_main
 .text.handle_sysreg_trap
                0x0000000043001310        0x8 /media/data_nvme/git/uboot/u-boot/build/mt7986/release/bl31/bl31_traps.o
                0x0000000043001310                handle_sysreg_trap
 .text.get_scr_el3_from_routing_model
                0x0000000043001318       0x30 /media/data_nvme/git/uboot/u-boot/build/mt7986/release/bl31/interrupt_mgmt.o
                0x0000000043001318                get_scr_el3_from_routing_model
 .text.get_interrupt_type_handler
                0x0000000043001348       0x24 /media/data_nvme/git/uboot/u-boot/build/mt7986/release/bl31/interrupt_mgmt.o
                0x0000000043001348                get_interrupt_type_handler
 .text.runtime_svc_init
                0x000000004300136c      0x130 /media/data_nvme/git/uboot/u-boot/build/mt7986/release/bl31/runtime_svc.o
                0x000000004300136c                runtime_svc_init
 .text.gicv3_check_erratas_applies
                0x000000004300149c       0x1c /media/data_nvme/git/uboot/u-boot/build/mt7986/release/bl31/gic-x00.o
                0x000000004300149c                gicv3_check_erratas_applies
 .text.gicd_set_icfgr
                0x00000000430014b8       0x34 /media/data_nvme/git/uboot/u-boot/build/mt7986/release/bl31/gicdv3_helpers.o
                0x00000000430014b8                gicd_set_icfgr
 .text.gicd_clr_igroupr
                0x00000000430014ec       0x24 /media/data_nvme/git/uboot/u-boot/build/mt7986/release/bl31/gicdv3_helpers.o
                0x00000000430014ec                gicd_clr_igroupr
 .text.gicd_set_igrpmodr
                0x0000000043001510       0x24 /media/data_nvme/git/uboot/u-boot/build/mt7986/release/bl31/gicdv3_helpers.o
                0x0000000043001510                gicd_set_igrpmodr
 .text.gicd_clr_igrpmodr
                0x0000000043001534       0x24 /media/data_nvme/git/uboot/u-boot/build/mt7986/release/bl31/gicdv3_helpers.o
                0x0000000043001534                gicd_clr_igrpmodr
 .text.gicd_set_isenabler
                0x0000000043001558       0x1c /media/data_nvme/git/uboot/u-boot/build/mt7986/release/bl31/gicdv3_helpers.o
                0x0000000043001558                gicd_set_isenabler
 .text.gicd_set_ipriorityr
                0x0000000043001574       0x14 /media/data_nvme/git/uboot/u-boot/build/mt7986/release/bl31/gicdv3_helpers.o
                0x0000000043001574                gicd_set_ipriorityr
 .text.gicd_write_icfgr
                0x0000000043001588       0x14 /media/data_nvme/git/uboot/u-boot/build/mt7986/release/bl31/gicdv3_helpers.o
                0x0000000043001588                gicd_write_icfgr
 .text.gicd_write_igroupr
                0x000000004300159c       0x14 /media/data_nvme/git/uboot/u-boot/build/mt7986/release/bl31/gicdv3_helpers.o
                0x000000004300159c                gicd_write_igroupr
 .text.gicd_write_ipriorityr
                0x00000000430015b0       0x10 /media/data_nvme/git/uboot/u-boot/build/mt7986/release/bl31/gicdv3_helpers.o
                0x00000000430015b0                gicd_write_ipriorityr
 .text.gicv3_rdistif_mark_core_awake
                0x00000000430015c0       0x1c /media/data_nvme/git/uboot/u-boot/build/mt7986/release/bl31/gicv3_helpers.o
                0x00000000430015c0                gicv3_rdistif_mark_core_awake
 .text.gicv3_rdistif_base_addrs_probe
                0x00000000430015dc       0x6c /media/data_nvme/git/uboot/u-boot/build/mt7986/release/bl31/gicv3_helpers.o
                0x00000000430015dc                gicv3_rdistif_base_addrs_probe
 .text.gicv3_get_spi_limit
                0x0000000043001648       0x1c /media/data_nvme/git/uboot/u-boot/build/mt7986/release/bl31/gicv3_helpers.o
                0x0000000043001648                gicv3_get_spi_limit
 .text.gicv3_spis_config_defaults
                0x0000000043001664       0x98 /media/data_nvme/git/uboot/u-boot/build/mt7986/release/bl31/gicv3_helpers.o
                0x0000000043001664                gicv3_spis_config_defaults
 .text.gicv3_secure_spis_config_props
                0x00000000430016fc       0xf0 /media/data_nvme/git/uboot/u-boot/build/mt7986/release/bl31/gicv3_helpers.o
                0x00000000430016fc                gicv3_secure_spis_config_props
 .text.gicv3_get_component_prodid_rev
                0x00000000430017ec       0x18 /media/data_nvme/git/uboot/u-boot/build/mt7986/release/bl31/gicv3_helpers.o
                0x00000000430017ec                gicv3_get_component_prodid_rev
 .text.gicd_wait_for_pending_write
                0x0000000043001804        0xc /media/data_nvme/git/uboot/u-boot/build/mt7986/release/bl31/gicv3_main.o
 .text.gicv3_driver_init
                0x0000000043001810       0x74 /media/data_nvme/git/uboot/u-boot/build/mt7986/release/bl31/gicv3_main.o
                0x0000000043001810                gicv3_driver_init
 .text.gicv3_distif_init
                0x0000000043001884       0x84 /media/data_nvme/git/uboot/u-boot/build/mt7986/release/bl31/gicv3_main.o
                0x0000000043001884                gicv3_distif_init
 .text.gicv3_cpuif_enable
                0x0000000043001908       0x90 /media/data_nvme/git/uboot/u-boot/build/mt7986/release/bl31/gicv3_main.o
                0x0000000043001908                gicv3_cpuif_enable
 .text.gicv3_get_pending_interrupt_type
                0x0000000043001998        0xc /media/data_nvme/git/uboot/u-boot/build/mt7986/release/bl31/gicv3_main.o
                0x0000000043001998                gicv3_get_pending_interrupt_type
 .text.timer_init
                0x00000000430019a4        0xc /media/data_nvme/git/uboot/u-boot/build/mt7986/release/bl31/delay_timer.o
                0x00000000430019a4                timer_init
 .text.print_errata_status
                0x00000000430019b0        0x4 /media/data_nvme/git/uboot/u-boot/build/mt7986/release/bl31/errata_report.o
                0x00000000430019b0                print_errata_status
 .text.cm_init  0x00000000430019b4        0x4 /media/data_nvme/git/uboot/u-boot/build/mt7986/release/bl31/context_mgmt.o
                0x00000000430019b4                cm_init
 .text.cm_setup_context
                0x00000000430019b8      0x164 /media/data_nvme/git/uboot/u-boot/build/mt7986/release/bl31/context_mgmt.o
                0x00000000430019b8                cm_setup_context
 .text.cm_manage_extensions_el3
                0x0000000043001b1c        0x4 /media/data_nvme/git/uboot/u-boot/build/mt7986/release/bl31/context_mgmt.o
                0x0000000043001b1c                cm_manage_extensions_el3
 .text.cm_init_context_by_index
                0x0000000043001b20       0x30 /media/data_nvme/git/uboot/u-boot/build/mt7986/release/bl31/context_mgmt.o
                0x0000000043001b20                cm_init_context_by_index
 .text.cm_init_my_context
                0x0000000043001b50       0x30 /media/data_nvme/git/uboot/u-boot/build/mt7986/release/bl31/context_mgmt.o
                0x0000000043001b50                cm_init_my_context
 .text.cm_el1_sysregs_context_restore
                0x0000000043001b80       0x7c /media/data_nvme/git/uboot/u-boot/build/mt7986/release/bl31/context_mgmt.o
                0x0000000043001b80                cm_el1_sysregs_context_restore
 .text.cm_set_next_eret_context
                0x0000000043001bfc       0x20 /media/data_nvme/git/uboot/u-boot/build/mt7986/release/bl31/context_mgmt.o
                0x0000000043001bfc                cm_set_next_eret_context
 .text.cm_prepare_el3_exit
                0x0000000043001c1c       0xcc /media/data_nvme/git/uboot/u-boot/build/mt7986/release/bl31/context_mgmt.o
                0x0000000043001c1c                cm_prepare_el3_exit
 .text.cm_prepare_el3_exit_ns
                0x0000000043001ce8        0x8 /media/data_nvme/git/uboot/u-boot/build/mt7986/release/bl31/context_mgmt.o
                0x0000000043001ce8                cm_prepare_el3_exit_ns
 .text.spe_drain_buffers_hook
                0x0000000043001cf0       0x24 /media/data_nvme/git/uboot/u-boot/build/mt7986/release/bl31/spe.o
 .text.spe_enable
                0x0000000043001d14       0x34 /media/data_nvme/git/uboot/u-boot/build/mt7986/release/bl31/spe.o
                0x0000000043001d14                spe_enable
 .text.bakery_lock_get
                0x0000000043001d48       0xbc /media/data_nvme/git/uboot/u-boot/build/mt7986/release/bl31/bakery_lock_coherent.o
                0x0000000043001d48                bakery_lock_get
 .text.bakery_lock_release
                0x0000000043001e04       0x34 /media/data_nvme/git/uboot/u-boot/build/mt7986/release/bl31/bakery_lock_coherent.o
                0x0000000043001e04                bakery_lock_release
 .text.psci_set_req_local_pwr_state
                0x0000000043001e38       0x34 /media/data_nvme/git/uboot/u-boot/build/mt7986/release/bl31/psci_common.o
 .text.psci_validate_power_state
                0x0000000043001e6c       0x28 /media/data_nvme/git/uboot/u-boot/build/mt7986/release/bl31/psci_common.o
                0x0000000043001e6c                psci_validate_power_state
 .text.psci_query_sys_suspend_pwrstate
                0x0000000043001e94       0x14 /media/data_nvme/git/uboot/u-boot/build/mt7986/release/bl31/psci_common.o
                0x0000000043001e94                psci_query_sys_suspend_pwrstate
 .text.psci_is_last_on_cpu
                0x0000000043001ea8       0x70 /media/data_nvme/git/uboot/u-boot/build/mt7986/release/bl31/psci_common.o
                0x0000000043001ea8                psci_is_last_on_cpu
 .text.psci_init_req_local_pwr_states
                0x0000000043001f18       0x58 /media/data_nvme/git/uboot/u-boot/build/mt7986/release/bl31/psci_common.o
                0x0000000043001f18                psci_init_req_local_pwr_states
 .text.psci_get_target_local_pwr_states
                0x0000000043001f70       0x90 /media/data_nvme/git/uboot/u-boot/build/mt7986/release/bl31/psci_common.o
                0x0000000043001f70                psci_get_target_local_pwr_states
 .text.psci_set_target_local_pwr_states
                0x0000000043002000       0x84 /media/data_nvme/git/uboot/u-boot/build/mt7986/release/bl31/psci_common.o
                0x0000000043002000                psci_set_target_local_pwr_states
 .text.psci_get_parent_pwr_domain_nodes
                0x0000000043002084       0x48 /media/data_nvme/git/uboot/u-boot/build/mt7986/release/bl31/psci_common.o
                0x0000000043002084                psci_get_parent_pwr_domain_nodes
 .text.psci_set_pwr_domains_to_run
                0x00000000430020cc       0x8c /media/data_nvme/git/uboot/u-boot/build/mt7986/release/bl31/psci_common.o
                0x00000000430020cc                psci_set_pwr_domains_to_run
 .text.psci_do_state_coordination
                0x0000000043002158      0x118 /media/data_nvme/git/uboot/u-boot/build/mt7986/release/bl31/psci_common.o
                0x0000000043002158                psci_do_state_coordination
 .text.psci_find_max_off_lvl
                0x0000000043002270       0x3c /media/data_nvme/git/uboot/u-boot/build/mt7986/release/bl31/psci_common.o
                0x0000000043002270                psci_find_max_off_lvl
 .text.psci_find_target_suspend_lvl
                0x00000000430022ac       0x34 /media/data_nvme/git/uboot/u-boot/build/mt7986/release/bl31/psci_common.o
                0x00000000430022ac                psci_find_target_suspend_lvl
 .text.psci_acquire_pwr_domain_locks
                0x00000000430022e0       0x6c /media/data_nvme/git/uboot/u-boot/build/mt7986/release/bl31/psci_common.o
                0x00000000430022e0                psci_acquire_pwr_domain_locks
 .text.psci_release_pwr_domain_locks
                0x000000004300234c       0x58 /media/data_nvme/git/uboot/u-boot/build/mt7986/release/bl31/psci_common.o
                0x000000004300234c                psci_release_pwr_domain_locks
 .text.psci_validate_mpidr
                0x00000000430023a4       0x20 /media/data_nvme/git/uboot/u-boot/build/mt7986/release/bl31/psci_common.o
                0x00000000430023a4                psci_validate_mpidr
 .text.psci_validate_entry_point
                0x00000000430023c4       0xf4 /media/data_nvme/git/uboot/u-boot/build/mt7986/release/bl31/psci_common.o
                0x00000000430023c4                psci_validate_entry_point
 .text.psci_warmboot_entrypoint
                0x00000000430024b8       0xc8 /media/data_nvme/git/uboot/u-boot/build/mt7986/release/bl31/psci_common.o
                0x00000000430024b8                psci_warmboot_entrypoint
 .text.psci_spd_migrate_info
                0x0000000043002580       0x24 /media/data_nvme/git/uboot/u-boot/build/mt7986/release/bl31/psci_common.o
                0x0000000043002580                psci_spd_migrate_info
 .text.psci_print_power_domain_map
                0x00000000430025a4        0x4 /media/data_nvme/git/uboot/u-boot/build/mt7986/release/bl31/psci_common.o
                0x00000000430025a4                psci_print_power_domain_map
 .text.psci_pwrdown_cpu
                0x00000000430025a8        0x4 /media/data_nvme/git/uboot/u-boot/build/mt7986/release/bl31/psci_common.o
                0x00000000430025a8                psci_pwrdown_cpu
 .text.psci_cpu_on
                0x00000000430025ac       0x5c /media/data_nvme/git/uboot/u-boot/build/mt7986/release/bl31/psci_main.o
                0x00000000430025ac                psci_cpu_on
 .text.psci_cpu_suspend
                0x0000000043002608       0xf0 /media/data_nvme/git/uboot/u-boot/build/mt7986/release/bl31/psci_main.o
                0x0000000043002608                psci_cpu_suspend
 .text.psci_system_suspend
                0x00000000430026f8       0x74 /media/data_nvme/git/uboot/u-boot/build/mt7986/release/bl31/psci_main.o
                0x00000000430026f8                psci_system_suspend
 .text.psci_cpu_off
                0x000000004300276c        0x8 /media/data_nvme/git/uboot/u-boot/build/mt7986/release/bl31/psci_main.o
                0x000000004300276c                psci_cpu_off
 .text.psci_affinity_info
                0x0000000043002774       0x58 /media/data_nvme/git/uboot/u-boot/build/mt7986/release/bl31/psci_main.o
                0x0000000043002774                psci_affinity_info
 .text.psci_migrate
                0x00000000430027cc       0x7c /media/data_nvme/git/uboot/u-boot/build/mt7986/release/bl31/psci_main.o
                0x00000000430027cc                psci_migrate
 .text.psci_migrate_info_type
                0x0000000043002848       0x18 /media/data_nvme/git/uboot/u-boot/build/mt7986/release/bl31/psci_main.o
                0x0000000043002848                psci_migrate_info_type
 .text.psci_migrate_info_up_cpu
                0x0000000043002860       0x28 /media/data_nvme/git/uboot/u-boot/build/mt7986/release/bl31/psci_main.o
                0x0000000043002860                psci_migrate_info_up_cpu
 .text.psci_node_hw_state
                0x0000000043002888       0x58 /media/data_nvme/git/uboot/u-boot/build/mt7986/release/bl31/psci_main.o
                0x0000000043002888                psci_node_hw_state
 .text.psci_features
                0x00000000430028e0       0x68 /media/data_nvme/git/uboot/u-boot/build/mt7986/release/bl31/psci_main.o
                0x00000000430028e0                psci_features
 .text.psci_smc_handler
                0x0000000043002948      0x14c /media/data_nvme/git/uboot/u-boot/build/mt7986/release/bl31/psci_main.o
                0x0000000043002948                psci_smc_handler
 .text.psci_mem_protect
                0x0000000043002a94       0x5c /media/data_nvme/git/uboot/u-boot/build/mt7986/release/bl31/psci_mem_protect.o
                0x0000000043002a94                psci_mem_protect
 .text.psci_mem_chk_range
                0x0000000043002af0       0x48 /media/data_nvme/git/uboot/u-boot/build/mt7986/release/bl31/psci_mem_protect.o
                0x0000000043002af0                psci_mem_chk_range
 .text.psci_do_cpu_off
                0x0000000043002b38      0x138 /media/data_nvme/git/uboot/u-boot/build/mt7986/release/bl31/psci_off.o
                0x0000000043002b38                psci_do_cpu_off
 .text.psci_cpu_on_start
                0x0000000043002c70      0x160 /media/data_nvme/git/uboot/u-boot/build/mt7986/release/bl31/psci_on.o
                0x0000000043002c70                psci_cpu_on_start
 .text.psci_cpu_on_finish
                0x0000000043002dd0       0xd4 /media/data_nvme/git/uboot/u-boot/build/mt7986/release/bl31/psci_on.o
                0x0000000043002dd0                psci_cpu_on_finish
 .text.psci_arch_setup
                0x0000000043002ea4       0x20 /media/data_nvme/git/uboot/u-boot/build/mt7986/release/bl31/psci_setup.o
                0x0000000043002ea4                psci_arch_setup
 .text.psci_setup
                0x0000000043002ec4      0x334 /media/data_nvme/git/uboot/u-boot/build/mt7986/release/bl31/psci_setup.o
                0x0000000043002ec4                psci_setup
 .text.psci_cpu_suspend_start
                0x00000000430031f8      0x1c0 /media/data_nvme/git/uboot/u-boot/build/mt7986/release/bl31/psci_suspend.o
                0x00000000430031f8                psci_cpu_suspend_start
 .text.psci_cpu_suspend_finish
                0x00000000430033b8       0xa0 /media/data_nvme/git/uboot/u-boot/build/mt7986/release/bl31/psci_suspend.o
                0x00000000430033b8                psci_cpu_suspend_finish
 .text.psci_system_off
                0x0000000043003458       0x38 /media/data_nvme/git/uboot/u-boot/build/mt7986/release/bl31/psci_system_off.o
                0x0000000043003458                psci_system_off
 .text.psci_system_reset
                0x0000000043003490       0x38 /media/data_nvme/git/uboot/u-boot/build/mt7986/release/bl31/psci_system_off.o
                0x0000000043003490                psci_system_reset
 .text.psci_system_reset2
                0x00000000430034c8       0xa4 /media/data_nvme/git/uboot/u-boot/build/mt7986/release/bl31/psci_system_off.o
                0x00000000430034c8                psci_system_reset2
 .text.xlat_arch_get_pas
                0x000000004300356c       0x14 /media/data_nvme/git/uboot/u-boot/build/mt7986/release/bl31/xlat_tables_arch.o
                0x000000004300356c                xlat_arch_get_pas
 .text.tcr_physical_addr_size_bits
                0x0000000043003580       0x4c /media/data_nvme/git/uboot/u-boot/build/mt7986/release/bl31/xlat_tables_arch.o
                0x0000000043003580                tcr_physical_addr_size_bits
 .text.is_dcache_enabled
                0x00000000430035cc        0xc /media/data_nvme/git/uboot/u-boot/build/mt7986/release/bl31/xlat_tables_arch.o
                0x00000000430035cc                is_dcache_enabled
 .text.xlat_arch_regime_get_xn_desc
                0x00000000430035d8       0x14 /media/data_nvme/git/uboot/u-boot/build/mt7986/release/bl31/xlat_tables_arch.o
                0x00000000430035d8                xlat_arch_regime_get_xn_desc
 .text.xlat_arch_current_el
                0x00000000430035ec        0xc /media/data_nvme/git/uboot/u-boot/build/mt7986/release/bl31/xlat_tables_arch.o
                0x00000000430035ec                xlat_arch_current_el
 .text.setup_mmu_cfg
                0x00000000430035f8       0x7c /media/data_nvme/git/uboot/u-boot/build/mt7986/release/bl31/xlat_tables_arch.o
                0x00000000430035f8                setup_mmu_cfg
 .text.mmap_add_region
                0x0000000043003674       0x34 /media/data_nvme/git/uboot/u-boot/build/mt7986/release/bl31/xlat_tables_context.o
                0x0000000043003674                mmap_add_region
 .text.mmap_add
                0x00000000430036a8       0x10 /media/data_nvme/git/uboot/u-boot/build/mt7986/release/bl31/xlat_tables_context.o
                0x00000000430036a8                mmap_add
 .text.init_xlat_tables
                0x00000000430036b8       0x3c /media/data_nvme/git/uboot/u-boot/build/mt7986/release/bl31/xlat_tables_context.o
                0x00000000430036b8                init_xlat_tables
 .text.enable_mmu_el3
                0x00000000430036f4       0x48 /media/data_nvme/git/uboot/u-boot/build/mt7986/release/bl31/xlat_tables_context.o
                0x00000000430036f4                enable_mmu_el3
 .text.mmap_add_region_check
                0x000000004300373c      0x164 /media/data_nvme/git/uboot/u-boot/build/mt7986/release/bl31/xlat_tables_core.o
 .text.xlat_clean_dcache_range
                0x00000000430038a0       0x40 /media/data_nvme/git/uboot/u-boot/build/mt7986/release/bl31/xlat_tables_core.o
 .text.xlat_desc
                0x00000000430038e0       0xe4 /media/data_nvme/git/uboot/u-boot/build/mt7986/release/bl31/xlat_tables_core.o
                0x00000000430038e0                xlat_desc
 .text.xlat_tables_map_region
                0x00000000430039c4      0x258 /media/data_nvme/git/uboot/u-boot/build/mt7986/release/bl31/xlat_tables_core.o
 .text.mmap_add_region_ctx
                0x0000000043003c1c      0x128 /media/data_nvme/git/uboot/u-boot/build/mt7986/release/bl31/xlat_tables_core.o
                0x0000000043003c1c                mmap_add_region_ctx
 .text.mmap_add_ctx
                0x0000000043003d44       0x3c /media/data_nvme/git/uboot/u-boot/build/mt7986/release/bl31/xlat_tables_core.o
                0x0000000043003d44                mmap_add_ctx
 .text.init_xlat_tables_ctx
                0x0000000043003d80      0x108 /media/data_nvme/git/uboot/u-boot/build/mt7986/release/bl31/xlat_tables_core.o
                0x0000000043003d80                init_xlat_tables_ctx
 .text.xlat_mmap_print
                0x0000000043003e88        0x4 /media/data_nvme/git/uboot/u-boot/build/mt7986/release/bl31/xlat_tables_utils.o
                0x0000000043003e88                xlat_mmap_print
 .text.xlat_tables_print
                0x0000000043003e8c        0x4 /media/data_nvme/git/uboot/u-boot/build/mt7986/release/bl31/xlat_tables_utils.o
                0x0000000043003e8c                xlat_tables_print
 .text.plat_ic_get_pending_interrupt_type
                0x0000000043003e90       0x34 /media/data_nvme/git/uboot/u-boot/build/mt7986/release/bl31/plat_gicv3.o
                0x0000000043003e90                plat_ic_get_pending_interrupt_type
 .text.mtk_efuse_get_len
                0x0000000043003ec4       0x78 /media/data_nvme/git/uboot/u-boot/build/mt7986/release/bl31/mtk_efuse.o
                0x0000000043003ec4                mtk_efuse_get_len
 .text.mtk_efuse_send_data
                0x0000000043003f3c       0x48 /media/data_nvme/git/uboot/u-boot/build/mt7986/release/bl31/mtk_efuse.o
                0x0000000043003f3c                mtk_efuse_send_data
 .text.mtk_efuse_get_data
                0x0000000043003f84       0x48 /media/data_nvme/git/uboot/u-boot/build/mt7986/release/bl31/mtk_efuse.o
                0x0000000043003f84                mtk_efuse_get_data
 .text.mtk_efuse_read
                0x0000000043003fcc       0xc8 /media/data_nvme/git/uboot/u-boot/build/mt7986/release/bl31/mtk_efuse.o
                0x0000000043003fcc                mtk_efuse_read
 .text.mtk_efuse_write
                0x0000000043004094       0xcc /media/data_nvme/git/uboot/u-boot/build/mt7986/release/bl31/mtk_efuse.o
                0x0000000043004094                mtk_efuse_write
 .text.mtk_efuse_disable
                0x0000000043004160       0x30 /media/data_nvme/git/uboot/u-boot/build/mt7986/release/bl31/mtk_efuse.o
                0x0000000043004160                mtk_efuse_disable
 .text.mtk_gpt_stop
                0x0000000043004190       0x14 /media/data_nvme/git/uboot/u-boot/build/mt7986/release/bl31/mt_gpt.o
                0x0000000043004190                mtk_gpt_stop
 .text.mtk_gpt_start
                0x00000000430041a4       0x60 /media/data_nvme/git/uboot/u-boot/build/mt7986/release/bl31/mt_gpt.o
                0x00000000430041a4                mtk_gpt_start
 .text.mtk_gpt_reset
                0x0000000043004204       0x18 /media/data_nvme/git/uboot/u-boot/build/mt7986/release/bl31/mt_gpt.o
                0x0000000043004204                mtk_gpt_reset
 .text.mtk_gpt_init
                0x000000004300421c       0x64 /media/data_nvme/git/uboot/u-boot/build/mt7986/release/bl31/mt_gpt.o
                0x000000004300421c                mtk_gpt_init
 .text.mtk_gpt_get_counter
                0x0000000043004280       0x60 /media/data_nvme/git/uboot/u-boot/build/mt7986/release/bl31/mt_gpt.o
                0x0000000043004280                mtk_gpt_get_counter
 .text.get_kernel_info_pc
                0x00000000430042e0        0xc /media/data_nvme/git/uboot/u-boot/build/mt7986/release/bl31/mtk_bl31_boot_next_legacy.o
                0x00000000430042e0                get_kernel_info_pc
 .text.get_kernel_info_r0
                0x00000000430042ec        0xc /media/data_nvme/git/uboot/u-boot/build/mt7986/release/bl31/mtk_bl31_boot_next_legacy.o
                0x00000000430042ec                get_kernel_info_r0
 .text.get_kernel_info_r1
                0x00000000430042f8        0xc /media/data_nvme/git/uboot/u-boot/build/mt7986/release/bl31/mtk_bl31_boot_next_legacy.o
                0x00000000430042f8                get_kernel_info_r1
 .text.get_kernel_info_r2
                0x0000000043004304        0xc /media/data_nvme/git/uboot/u-boot/build/mt7986/release/bl31/mtk_bl31_boot_next_legacy.o
                0x0000000043004304                get_kernel_info_r2
 .text.boot_to_kernel
                0x0000000043004310       0x8c /media/data_nvme/git/uboot/u-boot/build/mt7986/release/bl31/mtk_bl31_boot_next_legacy.o
                0x0000000043004310                boot_to_kernel
 .text.plat_get_spsr_for_bl33_entry
                0x000000004300439c        0x8 /media/data_nvme/git/uboot/u-boot/build/mt7986/release/bl31/mtk_bl31_boot_next_legacy.o
                0x000000004300439c                plat_get_spsr_for_bl33_entry
 .text.plat_is_smccc_feature_available
                0x00000000430043a4       0x14 /media/data_nvme/git/uboot/u-boot/build/mt7986/release/bl31/mtk_plat_common.o
                0x00000000430043a4                plat_is_smccc_feature_available
 .text.plat_get_soc_version
                0x00000000430043b8        0xc /media/data_nvme/git/uboot/u-boot/build/mt7986/release/bl31/mtk_plat_common.o
                0x00000000430043b8                plat_get_soc_version
 .text.plat_get_soc_revision
                0x00000000430043c4        0x8 /media/data_nvme/git/uboot/u-boot/build/mt7986/release/bl31/mtk_plat_common.o
                0x00000000430043c4                plat_get_soc_revision
 .text.mediatek_sip_handler
                0x00000000430043cc       0x98 /media/data_nvme/git/uboot/u-boot/build/mt7986/release/bl31/mtk_sip_svc_legacy.o
                0x00000000430043cc                mediatek_sip_handler
 .text.sip_smc_handler
                0x0000000043004464       0x7c /media/data_nvme/git/uboot/u-boot/build/mt7986/release/bl31/mtk_sip_svc_legacy.o
                0x0000000043004464                sip_smc_handler
 .text.plat_configure_mmu_el3
                0x00000000430044e0       0x7c /media/data_nvme/git/uboot/u-boot/build/mt7986/release/bl31/platform_common.o
                0x00000000430044e0                plat_configure_mmu_el3
 .text.plat_get_syscnt_freq2
                0x000000004300455c        0xc /media/data_nvme/git/uboot/u-boot/build/mt7986/release/bl31/platform_common.o
                0x000000004300455c                plat_get_syscnt_freq2
 .text.mt7986_disable_l2c_shared
                0x0000000043004568       0x60 /media/data_nvme/git/uboot/u-boot/build/mt7986/release/bl31/bl31_plat_setup.o
                0x0000000043004568                mt7986_disable_l2c_shared
 .text.platform_setup_cpu
                0x00000000430045c8       0x28 /media/data_nvme/git/uboot/u-boot/build/mt7986/release/bl31/bl31_plat_setup.o
                0x00000000430045c8                platform_setup_cpu
 .text.bl31_plat_get_next_image_ep_info
                0x00000000430045f0       0x28 /media/data_nvme/git/uboot/u-boot/build/mt7986/release/bl31/bl31_plat_setup.o
                0x00000000430045f0                bl31_plat_get_next_image_ep_info
 .text.bl31_plat_get_next_kernel_ep_info
                0x0000000043004618       0x94 /media/data_nvme/git/uboot/u-boot/build/mt7986/release/bl31/bl31_plat_setup.o
                0x0000000043004618                bl31_plat_get_next_kernel_ep_info
 .text.bl31_prepare_kernel_entry
                0x00000000430046ac       0x28 /media/data_nvme/git/uboot/u-boot/build/mt7986/release/bl31/bl31_plat_setup.o
                0x00000000430046ac                bl31_prepare_kernel_entry
 .text.bl31_early_platform_setup2
                0x00000000430046d4       0x98 /media/data_nvme/git/uboot/u-boot/build/mt7986/release/bl31/bl31_plat_setup.o
                0x00000000430046d4                bl31_early_platform_setup2
 .text.bl31_platform_setup
                0x000000004300476c       0x18 /media/data_nvme/git/uboot/u-boot/build/mt7986/release/bl31/bl31_plat_setup.o
                0x000000004300476c                bl31_platform_setup
 .text.bl31_plat_arch_setup
                0x0000000043004784       0x40 /media/data_nvme/git/uboot/u-boot/build/mt7986/release/bl31/bl31_plat_setup.o
                0x0000000043004784                bl31_plat_arch_setup
 .text.set_module_apc
                0x00000000430047c4       0xc8 /media/data_nvme/git/uboot/u-boot/build/mt7986/release/bl31/devapc.o
 .text.devapc_init
                0x000000004300488c      0x1e0 /media/data_nvme/git/uboot/u-boot/build/mt7986/release/bl31/devapc.o
                0x000000004300488c                devapc_init
 .text.dump_emi_mpu_regions
                0x0000000043004a6c       0xc4 /media/data_nvme/git/uboot/u-boot/build/mt7986/release/bl31/emi_mpu.o
                0x0000000043004a6c                dump_emi_mpu_regions
 .text.emi_mpu_set_protection
                0x0000000043004b30       0xc0 /media/data_nvme/git/uboot/u-boot/build/mt7986/release/bl31/emi_mpu.o
                0x0000000043004b30                emi_mpu_set_protection
 .text.emi_mpu_init
                0x0000000043004bf0       0x48 /media/data_nvme/git/uboot/u-boot/build/mt7986/release/bl31/emi_mpu.o
                0x0000000043004bf0                emi_mpu_init
 .text.set_cpu_retention_control
                0x0000000043004c38       0x28 /media/data_nvme/git/uboot/u-boot/build/mt7986/release/bl31/mtspmc.o
                0x0000000043004c38                set_cpu_retention_control
 .text.spmc_init
                0x0000000043004c60       0x78 /media/data_nvme/git/uboot/u-boot/build/mt7986/release/bl31/mtspmc.o
                0x0000000043004c60                spmc_init
 .text.spmc_cpu_corex_onoff
                0x0000000043004cd8      0x114 /media/data_nvme/git/uboot/u-boot/build/mt7986/release/bl31/mtspmc.o
                0x0000000043004cd8                spmc_cpu_corex_onoff
 .text.get_timer_value
                0x0000000043004dec       0x20 /media/data_nvme/git/uboot/u-boot/build/mt7986/release/bl31/timer.o
 .text.mtk_timer_init
                0x0000000043004e0c       0x78 /media/data_nvme/git/uboot/u-boot/build/mt7986/release/bl31/timer.o
                0x0000000043004e0c                mtk_timer_init
 .text.mtk_wdt_soft_reset
                0x0000000043004e84       0x54 /media/data_nvme/git/uboot/u-boot/build/mt7986/release/bl31/mtk_wdt.o
                0x0000000043004e84                mtk_wdt_soft_reset
 .text.mt_mpidr_to_core_pos
                0x0000000043004ed8        0x4 /media/data_nvme/git/uboot/u-boot/build/mt7986/release/bl31/plat_mt_gic.o
 .text.mt_gic_rdistif_init
                0x0000000043004edc       0x3c /media/data_nvme/git/uboot/u-boot/build/mt7986/release/bl31/plat_mt_gic.o
                0x0000000043004edc                mt_gic_rdistif_init
 .text.mt_gic_cpuif_enable
                0x0000000043004f18       0x14 /media/data_nvme/git/uboot/u-boot/build/mt7986/release/bl31/plat_mt_gic.o
                0x0000000043004f18                mt_gic_cpuif_enable
 .text.plat_mt_gic_init
                0x0000000043004f2c       0x4c /media/data_nvme/git/uboot/u-boot/build/mt7986/release/bl31/plat_mt_gic.o
                0x0000000043004f2c                plat_mt_gic_init
 .text.plat_cpu_standby
                0x0000000043004f78       0x24 /media/data_nvme/git/uboot/u-boot/build/mt7986/release/bl31/plat_pm.o
 .text.plat_power_domain_suspend
                0x0000000043004f9c       0x5c /media/data_nvme/git/uboot/u-boot/build/mt7986/release/bl31/plat_pm.o
 .text.plat_power_domain_suspend_finish
                0x0000000043004ff8       0x5c /media/data_nvme/git/uboot/u-boot/build/mt7986/release/bl31/plat_pm.o
 .text.plat_get_sys_suspend_power_state
                0x0000000043005054       0x14 /media/data_nvme/git/uboot/u-boot/build/mt7986/release/bl31/plat_pm.o
 .text.plat_validate_power_state
                0x0000000043005068       0x58 /media/data_nvme/git/uboot/u-boot/build/mt7986/release/bl31/plat_pm.o
 .text.plat_mtk_system_reset2
                0x00000000430050c0       0x40 /media/data_nvme/git/uboot/u-boot/build/mt7986/release/bl31/plat_pm.o
 .text.plat_mtk_system_reset
                0x0000000043005100       0x24 /media/data_nvme/git/uboot/u-boot/build/mt7986/release/bl31/plat_pm.o
 .text.plat_system_off
                0x0000000043005124       0x20 /media/data_nvme/git/uboot/u-boot/build/mt7986/release/bl31/plat_pm.o
 .text.plat_power_domain_off
                0x0000000043005144       0x14 /media/data_nvme/git/uboot/u-boot/build/mt7986/release/bl31/plat_pm.o
 .text.plat_power_domain_on
                0x0000000043005158       0x5c /media/data_nvme/git/uboot/u-boot/build/mt7986/release/bl31/plat_pm.o
 .text.mtk_system_pwr_domain_resume
                0x00000000430051b4       0x28 /media/data_nvme/git/uboot/u-boot/build/mt7986/release/bl31/plat_pm.o
                0x00000000430051b4                mtk_system_pwr_domain_resume
 .text.plat_power_domain_on_finish
                0x00000000430051dc       0x48 /media/data_nvme/git/uboot/u-boot/build/mt7986/release/bl31/plat_pm.o
 .text.plat_setup_psci_ops
                0x0000000043005224       0x1c /media/data_nvme/git/uboot/u-boot/build/mt7986/release/bl31/plat_pm.o
                0x0000000043005224                plat_setup_psci_ops
 .text.plat_get_target_pwr_state
                0x0000000043005240       0x28 /media/data_nvme/git/uboot/u-boot/build/mt7986/release/bl31/plat_pm.o
                0x0000000043005240                plat_get_target_pwr_state
 .text.mt_sip_set_authorized_sreg
                0x0000000043005268       0x2c /media/data_nvme/git/uboot/u-boot/build/mt7986/release/bl31/plat_sip_calls.o
                0x0000000043005268                mt_sip_set_authorized_sreg
 .text.mediatek_plat_sip_handler
                0x0000000043005294      0x1d4 /media/data_nvme/git/uboot/u-boot/build/mt7986/release/bl31/plat_sip_calls.o
                0x0000000043005294                mediatek_plat_sip_handler
 .text.plat_get_power_domain_tree_desc
                0x0000000043005468        0xc /media/data_nvme/git/uboot/u-boot/build/mt7986/release/bl31/plat_topology.o
                0x0000000043005468                plat_get_power_domain_tree_desc
 .text.plat_core_pos_by_mpidr
                0x0000000043005474       0x38 /media/data_nvme/git/uboot/u-boot/build/mt7986/release/bl31/plat_topology.o
                0x0000000043005474                plat_core_pos_by_mpidr
 .text.arm_arch_svc_smc_handler
                0x00000000430054ac      0x13c /media/data_nvme/git/uboot/u-boot/build/mt7986/release/bl31/arm_arch_svc_setup.o
 .text.std_svc_smc_handler
                0x00000000430055e8       0xb4 /media/data_nvme/git/uboot/u-boot/build/mt7986/release/bl31/std_svc_setup.o
 .text.std_svc_setup
                0x000000004300569c       0x24 /media/data_nvme/git/uboot/u-boot/build/mt7986/release/bl31/std_svc_setup.o
 .text.print_entry_point_info
                0x00000000430056c0        0x4 /media/data_nvme/git/uboot/u-boot/build/mt7986/release/bl31/bl_common.o
                0x00000000430056c0                print_entry_point_info
 .text.tf_log   0x00000000430056c4       0x94 /media/data_nvme/git/uboot/u-boot/build/mt7986/release/bl31/tf_log.o
                0x00000000430056c4                tf_log
 .text.tf_log_newline
                0x0000000043005758       0x20 /media/data_nvme/git/uboot/u-boot/build/mt7986/release/bl31/tf_log.o
                0x0000000043005758                tf_log_newline
 .text.console_is_registered
                0x0000000043005778       0x2c /media/data_nvme/git/uboot/u-boot/build/mt7986/release/bl31/multi_console.o
                0x0000000043005778                console_is_registered
 .text.console_register
                0x00000000430057a4       0x34 /media/data_nvme/git/uboot/u-boot/build/mt7986/release/bl31/multi_console.o
                0x00000000430057a4                console_register
 .text.console_switch_state
                0x00000000430057d8        0xc /media/data_nvme/git/uboot/u-boot/build/mt7986/release/bl31/multi_console.o
                0x00000000430057d8                console_switch_state
 .text.console_putc
                0x00000000430057e4       0x9c /media/data_nvme/git/uboot/u-boot/build/mt7986/release/bl31/multi_console.o
                0x00000000430057e4                console_putc
 .text.putchar  0x0000000043005880       0x28 /media/data_nvme/git/uboot/u-boot/build/mt7986/release/bl31/multi_console.o
                0x0000000043005880                putchar
 .text.console_flush
                0x00000000430058a8       0x54 /media/data_nvme/git/uboot/u-boot/build/mt7986/release/bl31/multi_console.o
                0x00000000430058a8                console_flush
 .text.pmuv3_enable
                0x00000000430058fc        0x4 /media/data_nvme/git/uboot/u-boot/build/mt7986/release/bl31/pmuv3.o
                0x00000000430058fc                pmuv3_enable
 .text.pmuv3_disable_el3
                0x0000000043005900       0x3c /media/data_nvme/git/uboot/u-boot/build/mt7986/release/bl31/pmuv3.o
                0x0000000043005900                pmuv3_disable_el3
 .text.pmuv3_init_el2_unused
                0x000000004300593c       0x2c /media/data_nvme/git/uboot/u-boot/build/mt7986/release/bl31/pmuv3.o
                0x000000004300593c                pmuv3_init_el2_unused
 .text.plat_log_get_prefix
                0x0000000043005968       0x30 /media/data_nvme/git/uboot/u-boot/build/mt7986/release/bl31/plat_log_common.o
                0x0000000043005968                plat_log_get_prefix
 .text.bl31_plat_runtime_setup
                0x0000000043005998        0x8 /media/data_nvme/git/uboot/u-boot/build/mt7986/release/bl31/plat_common.o
                0x0000000043005998                bl31_plat_runtime_setup
 .text.get_el_str
                0x00000000430059a0       0x34 /media/data_nvme/git/uboot/u-boot/build/mt7986/release/bl31/plat_common.o
                0x00000000430059a0                get_el_str
 .text.plat_default_ea_handler
                0x00000000430059d4       0x68 /media/data_nvme/git/uboot/u-boot/build/mt7986/release/bl31/plat_common.o
                0x00000000430059d4                plat_ea_handler
                0x00000000430059d4                plat_default_ea_handler
 .text.asm.report_unhandled_exception
                0x0000000043005a3c        0x4 /media/data_nvme/git/uboot/u-boot/build/mt7986/release/bl31/crash_reporting.o
                0x0000000043005a3c                report_unhandled_exception
                0x0000000043005a3c                report_unhandled_interrupt
 .text.asm.handle_lower_el_sync_ea
                0x0000000043005a40       0x6c /media/data_nvme/git/uboot/u-boot/build/mt7986/release/bl31/ea_delegate.o
                0x0000000043005a40                handle_lower_el_sync_ea
 .text.asm.handle_lower_el_async_ea
                0x0000000043005aac       0x18 /media/data_nvme/git/uboot/u-boot/build/mt7986/release/bl31/ea_delegate.o
                0x0000000043005aac                handle_lower_el_async_ea
 .text.asm.delegate_sync_ea
                0x0000000043005ac4        0x4 /media/data_nvme/git/uboot/u-boot/build/mt7986/release/bl31/ea_delegate.o
 .text.asm.delegate_async_ea
                0x0000000043005ac8        0x4 /media/data_nvme/git/uboot/u-boot/build/mt7986/release/bl31/ea_delegate.o
 .text.asm.ea_proceed
                0x0000000043005acc       0x68 /media/data_nvme/git/uboot/u-boot/build/mt7986/release/bl31/ea_delegate.o
 .text.asm.sync_exception_handler
                0x0000000043005b34       0xe0 /media/data_nvme/git/uboot/u-boot/build/mt7986/release/bl31/runtime_exceptions.o
 .text.asm.aem_generic_core_pwr_dwn
                0x0000000043005c14       0x34 /media/data_nvme/git/uboot/u-boot/build/mt7986/release/bl31/aem_generic.o
 .text.asm.aem_generic_cluster_pwr_dwn
                0x0000000043005c48       0x18 /media/data_nvme/git/uboot/u-boot/build/mt7986/release/bl31/aem_generic.o
 .text.asm.cortex_a53_disable_dcache
                0x0000000043005c60       0x14 /media/data_nvme/git/uboot/u-boot/build/mt7986/release/bl31/cortex_a53.o
 .text.asm.cortex_a53_disable_smp
                0x0000000043005c74       0x18 /media/data_nvme/git/uboot/u-boot/build/mt7986/release/bl31/cortex_a53.o
 .text.asm.errata_a53_826319_wa
                0x0000000043005c8c       0x20 /media/data_nvme/git/uboot/u-boot/build/mt7986/release/bl31/cortex_a53.o
 .text.asm.check_errata_826319
                0x0000000043005cac        0x8 /media/data_nvme/git/uboot/u-boot/build/mt7986/release/bl31/cortex_a53.o
 .text.asm.a53_disable_non_temporal_hint
                0x0000000043005cb4       0x1c /media/data_nvme/git/uboot/u-boot/build/mt7986/release/bl31/cortex_a53.o
 .text.asm.check_errata_disable_non_temporal_hint
                0x0000000043005cd0        0x8 /media/data_nvme/git/uboot/u-boot/build/mt7986/release/bl31/cortex_a53.o
 .text.asm.errata_a53_855873_wa
                0x0000000043005cd8       0x1c /media/data_nvme/git/uboot/u-boot/build/mt7986/release/bl31/cortex_a53.o
 .text.asm.check_errata_855873
                0x0000000043005cf4        0x8 /media/data_nvme/git/uboot/u-boot/build/mt7986/release/bl31/cortex_a53.o
 .text.asm.cortex_a53_reset_func
                0x0000000043005cfc       0x38 /media/data_nvme/git/uboot/u-boot/build/mt7986/release/bl31/cortex_a53.o
 .text.asm.cortex_a53_core_pwr_dwn
                0x0000000043005d34       0x18 /media/data_nvme/git/uboot/u-boot/build/mt7986/release/bl31/cortex_a53.o
 .text.asm.cortex_a53_cluster_pwr_dwn
                0x0000000043005d4c       0x24 /media/data_nvme/git/uboot/u-boot/build/mt7986/release/bl31/cortex_a53.o
 .text.asm.reset_handler
                0x0000000043005d70       0x20 /media/data_nvme/git/uboot/u-boot/build/mt7986/release/bl31/cpu_helpers.o
                0x0000000043005d70                reset_handler
 .text.asm.prepare_cpu_pwr_dwn
                0x0000000043005d90       0x24 /media/data_nvme/git/uboot/u-boot/build/mt7986/release/bl31/cpu_helpers.o
                0x0000000043005d90                prepare_cpu_pwr_dwn
 .text.asm.init_cpu_ops
                0x0000000043005db4       0x20 /media/data_nvme/git/uboot/u-boot/build/mt7986/release/bl31/cpu_helpers.o
                0x0000000043005db4                init_cpu_ops
 .text.asm.get_cpu_ops_ptr
                0x0000000043005dd4       0x40 /media/data_nvme/git/uboot/u-boot/build/mt7986/release/bl31/cpu_helpers.o
                0x0000000043005dd4                get_cpu_ops_ptr
 .text.asm.cpu_get_rev_var
                0x0000000043005e14       0x10 /media/data_nvme/git/uboot/u-boot/build/mt7986/release/bl31/cpu_helpers.o
                0x0000000043005e14                cpu_get_rev_var
 .text.asm.cpu_rev_var_ls
                0x0000000043005e24       0x14 /media/data_nvme/git/uboot/u-boot/build/mt7986/release/bl31/cpu_helpers.o
                0x0000000043005e24                cpu_rev_var_ls
 .text.asm.cpu_rev_var_hs
                0x0000000043005e38       0x14 /media/data_nvme/git/uboot/u-boot/build/mt7986/release/bl31/cpu_helpers.o
                0x0000000043005e38                cpu_rev_var_hs
 .text.asm.check_wa_cve_2017_5715
                0x0000000043005e4c       0x20 /media/data_nvme/git/uboot/u-boot/build/mt7986/release/bl31/cpu_helpers.o
                0x0000000043005e4c                check_wa_cve_2017_5715
 .text.asm.check_smccc_arch_wa3_applies
                0x0000000043005e6c       0x20 /media/data_nvme/git/uboot/u-boot/build/mt7986/release/bl31/cpu_helpers.o
                0x0000000043005e6c                check_smccc_arch_wa3_applies
 .text.asm.el1_sysregs_context_restore
                0x0000000043005e8c       0xac /media/data_nvme/git/uboot/u-boot/build/mt7986/release/bl31/context.o
                0x0000000043005e8c                el1_sysregs_context_restore
 .text.asm.prepare_el3_entry
                0x0000000043005f38       0x68 /media/data_nvme/git/uboot/u-boot/build/mt7986/release/bl31/context.o
                0x0000000043005f38                prepare_el3_entry
 .text.asm.restore_gp_pmcr_pauth_regs
                0x0000000043005fa0       0x50 /media/data_nvme/git/uboot/u-boot/build/mt7986/release/bl31/context.o
                0x0000000043005fa0                restore_gp_pmcr_pauth_regs
 .text.asm.el3_exit
                0x0000000043005ff0       0x54 /media/data_nvme/git/uboot/u-boot/build/mt7986/release/bl31/context.o
                0x0000000043005ff0                el3_exit
 .text.asm.init_cpu_data_ptr
                0x0000000043006044       0x14 /media/data_nvme/git/uboot/u-boot/build/mt7986/release/bl31/cpu_data.o
                0x0000000043006044                init_cpu_data_ptr
 .text.asm._cpu_data_by_index
                0x0000000043006058       0x18 /media/data_nvme/git/uboot/u-boot/build/mt7986/release/bl31/cpu_data.o
                0x0000000043006058                _cpu_data_by_index
 .text.asm.spin_lock
                0x0000000043006070       0x20 /media/data_nvme/git/uboot/u-boot/build/mt7986/release/bl31/spinlock.o
                0x0000000043006070                spin_lock
 .text.asm.spin_unlock
                0x0000000043006090        0x8 /media/data_nvme/git/uboot/u-boot/build/mt7986/release/bl31/spinlock.o
                0x0000000043006090                spin_unlock
 .text.asm.psci_do_pwrdown_cache_maintenance
                0x0000000043006098       0x3c /media/data_nvme/git/uboot/u-boot/build/mt7986/release/bl31/psci_helpers.o
                0x0000000043006098                psci_do_pwrdown_cache_maintenance
 .text.asm.psci_do_pwrup_cache_maintenance
                0x00000000430060d4       0x34 /media/data_nvme/git/uboot/u-boot/build/mt7986/release/bl31/psci_helpers.o
                0x00000000430060d4                psci_do_pwrup_cache_maintenance
 .text.asm.psci_power_down_wfi
                0x0000000043006108        0xc /media/data_nvme/git/uboot/u-boot/build/mt7986/release/bl31/psci_helpers.o
                0x0000000043006108                psci_power_down_wfi
 .text.asm.enable_mmu_direct_el3
                0x0000000043006114       0x58 /media/data_nvme/git/uboot/u-boot/build/mt7986/release/bl31/enable_mmu.o
                0x0000000043006114                enable_mmu_direct_el3
 .text.asm.plat_get_my_stack
                0x000000004300616c       0x1c /media/data_nvme/git/uboot/u-boot/build/mt7986/release/bl31/platform_mp_stack.o
                0x000000004300616c                plat_get_my_stack
 .text.asm.plat_set_my_stack
                0x0000000043006188       0x10 /media/data_nvme/git/uboot/u-boot/build/mt7986/release/bl31/platform_mp_stack.o
                0x0000000043006188                plat_set_my_stack
 .text.asm.console_hsuart_init
                0x0000000043006198       0xb8 /media/data_nvme/git/uboot/u-boot/build/mt7986/release/bl31/hsuart.o
                0x0000000043006198                console_hsuart_init
 .text.asm.console_hsuart_core_getc
                0x0000000043006250       0x18 /media/data_nvme/git/uboot/u-boot/build/mt7986/release/bl31/hsuart.o
                0x0000000043006250                console_hsuart_core_getc
 .text.asm.console_hsuart_core_putc
                0x0000000043006268       0x38 /media/data_nvme/git/uboot/u-boot/build/mt7986/release/bl31/hsuart.o
                0x0000000043006268                console_hsuart_core_putc
 .text.asm.console_hsuart_core_flush
                0x00000000430062a0       0x18 /media/data_nvme/git/uboot/u-boot/build/mt7986/release/bl31/hsuart.o
                0x00000000430062a0                console_hsuart_core_flush
 .text.asm.console_hsuart_getc
                0x00000000430062b8        0x8 /media/data_nvme/git/uboot/u-boot/build/mt7986/release/bl31/hsuart.o
 .text.asm.console_hsuart_putc
                0x00000000430062c0        0x8 /media/data_nvme/git/uboot/u-boot/build/mt7986/release/bl31/hsuart.o
 .text.asm.console_hsuart_flush
                0x00000000430062c8        0x8 /media/data_nvme/git/uboot/u-boot/build/mt7986/release/bl31/hsuart.o
 .text.asm.console_hsuart_register
                0x00000000430062d0       0x58 /media/data_nvme/git/uboot/u-boot/build/mt7986/release/bl31/hsuart.o
                0x00000000430062d0                console_hsuart_register
 .text.asm.read_cpuectlr
                0x0000000043006328        0x8 /media/data_nvme/git/uboot/u-boot/build/mt7986/release/bl31/plat_helpers.o
                0x0000000043006328                read_cpuectlr
 .text.asm.write_cpuectlr
                0x0000000043006330        0x8 /media/data_nvme/git/uboot/u-boot/build/mt7986/release/bl31/plat_helpers.o
                0x0000000043006330                write_cpuectlr
 .text.asm.plat_my_core_pos
                0x0000000043006338       0x14 /media/data_nvme/git/uboot/u-boot/build/mt7986/release/bl31/plat_helpers.o
                0x0000000043006338                plat_my_core_pos
 .text.asm.plat_crash_console_init
                0x000000004300634c       0x20 /media/data_nvme/git/uboot/u-boot/build/mt7986/release/bl31/plat_helpers.o
                0x000000004300634c                plat_crash_console_init
 .text.asm.plat_crash_console_putc
                0x000000004300636c        0xc /media/data_nvme/git/uboot/u-boot/build/mt7986/release/bl31/plat_helpers.o
                0x000000004300636c                plat_crash_console_putc
 .text.asm.plat_crash_console_flush
                0x0000000043006378        0xc /media/data_nvme/git/uboot/u-boot/build/mt7986/release/bl31/plat_helpers.o
                0x0000000043006378                plat_crash_console_flush
 .text.asm.asm_print_str
                0x0000000043006384       0x18 /media/data_nvme/git/uboot/u-boot/build/mt7986/release/bl31/debug.o
                0x0000000043006384                asm_print_str
 .text.asm.asm_print_hex
                0x000000004300639c       0x30 /media/data_nvme/git/uboot/u-boot/build/mt7986/release/bl31/debug.o
                0x000000004300639c                asm_print_hex
                0x00000000430063a0                asm_print_hex_bits
 .text.asm.asm_print_newline
                0x00000000430063cc        0x8 /media/data_nvme/git/uboot/u-boot/build/mt7986/release/bl31/debug.o
                0x00000000430063cc                asm_print_newline
 .text.asm.elx_panic
                0x00000000430063d4        0x4 /media/data_nvme/git/uboot/u-boot/build/mt7986/release/bl31/debug.o
                0x00000000430063d4                elx_panic
 .text.asm.el3_panic
                0x00000000430063d8       0x30 /media/data_nvme/git/uboot/u-boot/build/mt7986/release/bl31/debug.o
                0x00000000430063d8                el3_panic
 .text.asm.flush_dcache_range
                0x0000000043006408       0x38 /media/data_nvme/git/uboot/u-boot/build/mt7986/release/bl31/cache_helpers.o
                0x0000000043006408                flush_dcache_range
 .text.asm.clean_dcache_range
                0x0000000043006440       0x38 /media/data_nvme/git/uboot/u-boot/build/mt7986/release/bl31/cache_helpers.o
                0x0000000043006440                clean_dcache_range
 .text.asm.inv_dcache_range
                0x0000000043006478       0x38 /media/data_nvme/git/uboot/u-boot/build/mt7986/release/bl31/cache_helpers.o
                0x0000000043006478                inv_dcache_range
 .text.asm.do_dcsw_op
                0x00000000430064b0       0xfc /media/data_nvme/git/uboot/u-boot/build/mt7986/release/bl31/cache_helpers.o
 .text.asm.dcsw_op_all
                0x00000000430065ac       0x14 /media/data_nvme/git/uboot/u-boot/build/mt7986/release/bl31/cache_helpers.o
                0x00000000430065ac                dcsw_op_all
 .text.asm.dcsw_op_level1
                0x00000000430065c0       0x10 /media/data_nvme/git/uboot/u-boot/build/mt7986/release/bl31/cache_helpers.o
                0x00000000430065c0                dcsw_op_level1
 .text.asm.dcsw_op_level2
                0x00000000430065d0       0x10 /media/data_nvme/git/uboot/u-boot/build/mt7986/release/bl31/cache_helpers.o
                0x00000000430065d0                dcsw_op_level2
 .text.asm.zeromem
                0x00000000430065e0        0x8 /media/data_nvme/git/uboot/u-boot/build/mt7986/release/bl31/misc_helpers.o
                0x00000000430065e0                zeromem
 .text.asm.zeromem_dczva
                0x00000000430065e8       0xe8 /media/data_nvme/git/uboot/u-boot/build/mt7986/release/bl31/misc_helpers.o
                0x00000000430065e8                zero_normalmem
 .text.asm.plat_reset_handler
                0x00000000430066d0        0x4 /media/data_nvme/git/uboot/u-boot/build/mt7986/release/bl31/platform_helpers.o
                0x00000000430066d0                plat_reset_handler
 .text.asm.plat_disable_acp
                0x00000000430066d4        0x4 /media/data_nvme/git/uboot/u-boot/build/mt7986/release/bl31/platform_helpers.o
                0x00000000430066d4                plat_disable_acp
 .text.asm.plat_panic_handler
                0x00000000430066d8        0x8 /media/data_nvme/git/uboot/u-boot/build/mt7986/release/bl31/platform_helpers.o
                0x00000000430066d8                plat_panic_handler
 .text.asm.bl31_plat_enable_mmu
                0x00000000430066e0        0x4 /media/data_nvme/git/uboot/u-boot/build/mt7986/release/bl31/platform_helpers.o
                0x00000000430066e0                bl31_plat_enable_mmu
 .text.asm.plat_handle_double_fault
                0x00000000430066e4        0x4 /media/data_nvme/git/uboot/u-boot/build/mt7986/release/bl31/platform_helpers.o
                0x00000000430066e4                plat_handle_double_fault
 .text.asm.plat_handle_el3_ea
                0x00000000430066e8        0x4 /media/data_nvme/git/uboot/u-boot/build/mt7986/release/bl31/platform_helpers.o
                0x00000000430066e8                plat_handle_el3_ea
 .text.efuse_wait.constprop.2
                0x00000000430066ec       0x5c plat/mediatek/mt7986/drivers/efuse/release/efuse_cmd.o
 .text.efuse_bpkey_clear
                0x0000000043006748       0x14 plat/mediatek/mt7986/drivers/efuse/release/efuse_cmd.o
 .text.efuse_reinit
                0x000000004300675c       0x20 plat/mediatek/mt7986/drivers/efuse/release/efuse_cmd.o
 .text.check_version
                0x000000004300677c      0x118 plat/mediatek/mt7986/drivers/efuse/release/efuse_cmd.o
                0x000000004300677c                check_version
 .text.efuse_read
                0x0000000043006894      0x108 plat/mediatek/mt7986/drivers/efuse/release/efuse_cmd.o
                0x0000000043006894                efuse_read
 .text.efuse_write
                0x000000004300699c      0x2f8 plat/mediatek/mt7986/drivers/efuse/release/efuse_cmd.o
                0x000000004300699c                efuse_write
 .text.memcpy   0x0000000043006c94       0x20 /media/data_nvme/git/uboot/u-boot/build/mt7986/release/lib/libc.a(memcpy.o)
                0x0000000043006c94                memcpy
 .text.memmove  0x0000000043006cb4       0x34 /media/data_nvme/git/uboot/u-boot/build/mt7986/release/lib/libc.a(memmove.o)
                0x0000000043006cb4                memmove
 .text.memset   0x0000000043006ce8       0x78 /media/data_nvme/git/uboot/u-boot/build/mt7986/release/lib/libc.a(memset.o)
                0x0000000043006ce8                memset
 .text.unsigned_num_print.part.0
                0x0000000043006d60       0xd0 /media/data_nvme/git/uboot/u-boot/build/mt7986/release/lib/libc.a(printf.o)
 .text.vprintf  0x0000000043006e30      0x444 /media/data_nvme/git/uboot/u-boot/build/mt7986/release/lib/libc.a(printf.o)
                0x0000000043006e30                vprintf
 *(SORT_BY_ALIGNMENT(.rodata*))
 *fill*         0x0000000043007274        0x4 
 .rodata.psci_args.0
                0x0000000043007278       0x10 /media/data_nvme/git/uboot/u-boot/build/mt7986/release/bl31/bl31_main.o
 .rodata.plat_mmap
                0x0000000043007288      0x208 /media/data_nvme/git/uboot/u-boot/build/mt7986/release/bl31/platform_common.o
                0x0000000043007288                plat_mmap
 .rodata.plat_plat_pm_ops
                0x0000000043007490       0xb0 /media/data_nvme/git/uboot/u-boot/build/mt7986/release/bl31/plat_pm.o
 .rodata.plat_prefix_str
                0x0000000043007540       0x28 /media/data_nvme/git/uboot/u-boot/build/mt7986/release/bl31/plat_log_common.o
 .rodata.efuse_info_set
                0x0000000043007568      0x4a0 plat/mediatek/mt7986/drivers/efuse/release/efuse_cmd.o
 .rodata.psci_smc_handler
                0x0000000043007a08       0x2c /media/data_nvme/git/uboot/u-boot/build/mt7986/release/bl31/psci_main.o
 .rodata.mediatek_plat_sip_handler
                0x0000000043007a34        0x5 /media/data_nvme/git/uboot/u-boot/build/mt7986/release/bl31/plat_sip_calls.o
 *fill*         0x0000000043007a39        0x3 
 .rodata.vprintf
                0x0000000043007a3c       0x30 /media/data_nvme/git/uboot/u-boot/build/mt7986/release/lib/libc.a(printf.o)
 .rodata.CSWTCH.20
                0x0000000043007a6c        0x8 /media/data_nvme/git/uboot/u-boot/build/mt7986/release/bl31/mtspmc.o
 .rodata.build_message
                0x0000000043007a74       0x1e /media/data_nvme/git/uboot/u-boot/build/mt7986/release/bl31/build_message.o
                0x0000000043007a74                build_message
 .rodata.version_string
                0x0000000043007a92       0x2e /media/data_nvme/git/uboot/u-boot/build/mt7986/release/bl31/build_message.o
                0x0000000043007a92                version_string
 .rodata.bl31_prepare_next_image_entry.str1.1
                0x0000000043007ac0       0x50 /media/data_nvme/git/uboot/u-boot/build/mt7986/release/bl31/bl31_main.o
 .rodata.bl31_main.str1.1
                0x0000000043007b10        0xb /media/data_nvme/git/uboot/u-boot/build/mt7986/release/bl31/bl31_main.o
 .rodata.runtime_svc_init.str1.1
                0x0000000043007b1b       0x50 /media/data_nvme/git/uboot/u-boot/build/mt7986/release/bl31/runtime_svc.o
 .rodata.cm_setup_context.str1.1
                0x0000000043007b6b       0x19 /media/data_nvme/git/uboot/u-boot/build/mt7986/release/bl31/context_mgmt.o
 .rodata.psci_warmboot_entrypoint.str1.1
                0x0000000043007b84       0x22 /media/data_nvme/git/uboot/u-boot/build/mt7986/release/bl31/psci_common.o
 .rodata.psci_cpu_suspend.str1.1
                0x0000000043007ba6       0x33 /media/data_nvme/git/uboot/u-boot/build/mt7986/release/bl31/psci_main.o
 .rodata.mmap_add_region_ctx.str1.1
                0x0000000043007bd9       0x2b /media/data_nvme/git/uboot/u-boot/build/mt7986/release/bl31/xlat_tables_core.o
 .rodata.init_xlat_tables_ctx.str1.1
                0x0000000043007c04       0x4f /media/data_nvme/git/uboot/u-boot/build/mt7986/release/bl31/xlat_tables_core.o
 .rodata.CSWTCH.13
                0x0000000043007c53        0x4 /media/data_nvme/git/uboot/u-boot/build/mt7986/release/bl31/plat_gicv3.o
 .rodata.mtk_efuse_get_len.str1.1
                0x0000000043007c57       0x25 /media/data_nvme/git/uboot/u-boot/build/mt7986/release/bl31/mtk_efuse.o
 .rodata.mtk_efuse_read.str1.1
                0x0000000043007c7c       0x27 /media/data_nvme/git/uboot/u-boot/build/mt7986/release/bl31/mtk_efuse.o
 .rodata.mtk_efuse_write.str1.1
                0x0000000043007ca3       0x28 /media/data_nvme/git/uboot/u-boot/build/mt7986/release/bl31/mtk_efuse.o
 .rodata.__func__.0
                0x0000000043007ccb       0x10 /media/data_nvme/git/uboot/u-boot/build/mt7986/release/bl31/mtk_efuse.o
 .rodata.__func__.1
                0x0000000043007cdb        0xf /media/data_nvme/git/uboot/u-boot/build/mt7986/release/bl31/mtk_efuse.o
 .rodata.__func__.2
                0x0000000043007cea       0x12 /media/data_nvme/git/uboot/u-boot/build/mt7986/release/bl31/mtk_efuse.o
 .rodata.gpt_soc_data
                0x0000000043007cfc        0xc /media/data_nvme/git/uboot/u-boot/build/mt7986/release/bl31/mt_gpt.o
 .rodata.str1.1
                0x0000000043007d08       0x11 /media/data_nvme/git/uboot/u-boot/build/mt7986/release/bl31/mtk_sip_svc_legacy.o
 .rodata.set_module_apc.str1.1
                0x0000000043007d19       0x5f /media/data_nvme/git/uboot/u-boot/build/mt7986/release/bl31/devapc.o
 .rodata.INFRA_AO_SYS0_Devices
                0x0000000043007d78      0x730 /media/data_nvme/git/uboot/u-boot/build/mt7986/release/bl31/devapc.o
 .rodata.__func__.0
                0x00000000430084a8        0xf /media/data_nvme/git/uboot/u-boot/build/mt7986/release/bl31/devapc.o
 .rodata.plat_mtk_system_reset2.str1.1
                0x00000000430084b7       0x2b /media/data_nvme/git/uboot/u-boot/build/mt7986/release/bl31/plat_pm.o
 .rodata.plat_system_off.str1.1
                0x00000000430084e2       0x29 /media/data_nvme/git/uboot/u-boot/build/mt7986/release/bl31/plat_pm.o
 .rodata.mediatek_plat_sip_handler.str1.1
                0x000000004300850b       0x1b /media/data_nvme/git/uboot/u-boot/build/mt7986/release/bl31/plat_sip_calls.o
 .rodata.__func__.0
                0x0000000043008526       0x1a /media/data_nvme/git/uboot/u-boot/build/mt7986/release/bl31/plat_sip_calls.o
 .rodata.mtk_power_domain_tree_desc
                0x0000000043008540        0x4 /media/data_nvme/git/uboot/u-boot/build/mt7986/release/bl31/plat_topology.o
                0x0000000043008540                mtk_power_domain_tree_desc
 .rodata.str1.1
                0x0000000043008544        0xd /media/data_nvme/git/uboot/u-boot/build/mt7986/release/bl31/arm_arch_svc_setup.o
 .rodata.str1.1
                0x0000000043008551        0x8 /media/data_nvme/git/uboot/u-boot/build/mt7986/release/bl31/std_svc_setup.o
 .rodata.str1.1
                0x0000000043008559       0x32 /media/data_nvme/git/uboot/u-boot/build/mt7986/release/bl31/plat_log_common.o
 .rodata.get_el_str.str1.1
                0x000000004300858b        0xc /media/data_nvme/git/uboot/u-boot/build/mt7986/release/bl31/plat_common.o
 .rodata.plat_default_ea_handler.str1.1
                0x0000000043008597       0x5a /media/data_nvme/git/uboot/u-boot/build/mt7986/release/bl31/plat_common.o
                                         0x5c (size before relaxing)
 .rodata.errata_entries
                0x00000000430085f1        0x0 /media/data_nvme/git/uboot/u-boot/build/mt7986/release/bl31/aem_generic.o
 .rodata.errata_entries
                0x00000000430085f1        0x0 /media/data_nvme/git/uboot/u-boot/build/mt7986/release/bl31/cortex_a53.o
 .rodata.panic_str
                0x00000000430085f1       0x11 /media/data_nvme/git/uboot/u-boot/build/mt7986/release/bl31/debug.o
 .rodata.check_version.str1.1
                0x0000000043008602       0x10 plat/mediatek/mt7986/drivers/efuse/release/efuse_cmd.o
 .rodata.efuse_read.str1.1
                0x0000000043008612       0x25 plat/mediatek/mt7986/drivers/efuse/release/efuse_cmd.o
 .rodata.efuse_write.str1.1
                0x0000000043008637       0x27 plat/mediatek/mt7986/drivers/efuse/release/efuse_cmd.o
 .rodata.vprintf.str1.1
                0x000000004300865e        0x3 /media/data_nvme/git/uboot/u-boot/build/mt7986/release/lib/libc.a(printf.o)
                0x0000000043008668                . = ALIGN (0x8)
 *fill*         0x0000000043008661        0x7 
                0x0000000043008668                __RT_SVC_DESCS_START__ = .
 *(SORT_BY_ALIGNMENT(.rt_svc_descs))
 .rt_svc_descs  0x0000000043008668       0x20 /media/data_nvme/git/uboot/u-boot/build/mt7986/release/bl31/mtk_sip_svc_legacy.o
 .rt_svc_descs  0x0000000043008688       0x20 /media/data_nvme/git/uboot/u-boot/build/mt7986/release/bl31/arm_arch_svc_setup.o
 .rt_svc_descs  0x00000000430086a8       0x20 /media/data_nvme/git/uboot/u-boot/build/mt7986/release/bl31/std_svc_setup.o
                0x00000000430086c8                __RT_SVC_DESCS_END__ = .
                0x00000000430086c8                . = ALIGN (0x8)
                0x00000000430086c8                __FCONF_POPULATOR_START__ = .
 *(SORT_BY_ALIGNMENT(.fconf_populator))
                0x00000000430086c8                __FCONF_POPULATOR_END__ = .
                0x00000000430086c8                . = ALIGN (0x8)
                0x00000000430086c8                __PMF_SVC_DESCS_START__ = .
 *(SORT_BY_ALIGNMENT(.pmf_svc_descs))
                0x00000000430086c8                __PMF_SVC_DESCS_END__ = .
                0x00000000430086c8                . = ALIGN (0x8)
                0x00000000430086c8                __PARSER_LIB_DESCS_START__ = .
 *(SORT_BY_ALIGNMENT(.img_parser_lib_descs))
                0x00000000430086c8                __PARSER_LIB_DESCS_END__ = .
                0x00000000430086c8                . = ALIGN (0x8)
                0x00000000430086c8                __CPU_OPS_START__ = .
 *(SORT_BY_ALIGNMENT(.cpu_ops))
 .cpu_ops       0x00000000430086c8       0xa0 /media/data_nvme/git/uboot/u-boot/build/mt7986/release/bl31/aem_generic.o
 .cpu_ops       0x0000000043008768       0x50 /media/data_nvme/git/uboot/u-boot/build/mt7986/release/bl31/cortex_a53.o
                0x00000000430087b8                __CPU_OPS_END__ = .
                0x00000000430087b8                . = ALIGN (0x8)
                0x00000000430087b8                __GOT_START__ = .
 *(SORT_BY_ALIGNMENT(.got))
                0x00000000430087b8                __GOT_END__ = .
                0x00000000430087b8                . = ALIGN (0x8)
                0x00000000430087b8                __pubsub_psci_cpu_on_finish_start = .
 *(SORT_BY_ALIGNMENT(.__pubsub_psci_cpu_on_finish))
                0x00000000430087b8                __pubsub_psci_cpu_on_finish_end = .
                0x00000000430087b8                __pubsub_psci_suspend_pwrdown_start_start = .
 *(SORT_BY_ALIGNMENT(.__pubsub_psci_suspend_pwrdown_start))
                0x00000000430087b8                __pubsub_psci_suspend_pwrdown_start_end = .
                0x00000000430087b8                __pubsub_psci_suspend_pwrdown_finish_start = .
 *(SORT_BY_ALIGNMENT(.__pubsub_psci_suspend_pwrdown_finish))
                0x00000000430087b8                __pubsub_psci_suspend_pwrdown_finish_end = .
                0x00000000430087b8                __pubsub_cm_entering_secure_world_start = .
 *(SORT_BY_ALIGNMENT(.__pubsub_cm_entering_secure_world))
 .__pubsub_cm_entering_secure_world
                0x00000000430087b8        0x8 /media/data_nvme/git/uboot/u-boot/build/mt7986/release/bl31/spe.o
                0x00000000430087b8                __cb_func_spe_drain_buffers_hookcm_entering_secure_world
                0x00000000430087c0                __pubsub_cm_entering_secure_world_end = .
                0x00000000430087c0                __pubsub_cm_exited_secure_world_start = .
 *(SORT_BY_ALIGNMENT(.__pubsub_cm_exited_secure_world))
                0x00000000430087c0                __pubsub_cm_exited_secure_world_end = .
                0x00000000430087c0                __pubsub_cm_entering_normal_world_start = .
 *(SORT_BY_ALIGNMENT(.__pubsub_cm_entering_normal_world))
                0x00000000430087c0                __pubsub_cm_entering_normal_world_end = .
                0x00000000430087c0                __pubsub_cm_exited_normal_world_start = .
 *(SORT_BY_ALIGNMENT(.__pubsub_cm_exited_normal_world))
                0x00000000430087c0                __pubsub_cm_exited_normal_world_end = .
 *(SORT_BY_ALIGNMENT(.vectors))
 *fill*         0x00000000430087c0       0x40 
 .vectors       0x0000000043008800      0x800 /media/data_nvme/git/uboot/u-boot/build/mt7986/release/bl31/runtime_exceptions.o
                0x0000000043008800                sync_exception_sp_el0
                0x0000000043008800                runtime_exceptions
                0x0000000043008880                irq_sp_el0
                0x0000000043008900                fiq_sp_el0
                0x0000000043008980                serror_sp_el0
                0x0000000043008a00                sync_exception_sp_elx
                0x0000000043008a80                irq_sp_elx
                0x0000000043008b00                fiq_sp_elx
                0x0000000043008b80                serror_sp_elx
                0x0000000043008c00                sync_exception_aarch64
                0x0000000043008c80                irq_aarch64
                0x0000000043008d00                fiq_aarch64
                0x0000000043008d80                serror_aarch64
                0x0000000043008e00                sync_exception_aarch32
                0x0000000043008e80                irq_aarch32
                0x0000000043008f00                fiq_aarch32
                0x0000000043008f80                serror_aarch32
                0x0000000043009000                __RO_END_UNALIGNED__ = .
                0x0000000043009000                . = ALIGN (0x1000)
                0x0000000043009000                __RO_END__ = .
                0x0000000000000001                ASSERT ((__CPU_OPS_END__ > __CPU_OPS_START__), cpu_ops not defined for this platform.)
                0x0000000043009000                __RW_START__ = .

.iplt           0x0000000043009000        0x0
 .iplt          0x0000000043009000        0x0 /media/data_nvme/git/uboot/u-boot/build/mt7986/release/bl31/bl31_context_mgmt.o

.data           0x0000000043009000       0xd1
                0x0000000043009000                __DATA_START__ = .
 *(SORT_BY_ALIGNMENT(.data*))
 .data.tf_xlat_ctx
                0x0000000043009000       0x70 /media/data_nvme/git/uboot/u-boot/build/mt7986/release/bl31/xlat_tables_context.o
 .data.gpt4     0x0000000043009070       0x28 /media/data_nvme/git/uboot/u-boot/build/mt7986/release/bl31/timer.o
 .data.mt_gicv3_data
                0x0000000043009098       0x30 /media/data_nvme/git/uboot/u-boot/build/mt7986/release/bl31/plat_mt_gic.o
                0x0000000043009098                mt_gicv3_data
 .data.next_image_type
                0x00000000430090c8        0x4 /media/data_nvme/git/uboot/u-boot/build/mt7986/release/bl31/bl31_main.o
 .data.max_log_level
                0x00000000430090cc        0x4 /media/data_nvme/git/uboot/u-boot/build/mt7986/release/bl31/tf_log.o
 .data.console_state
                0x00000000430090d0        0x1 /media/data_nvme/git/uboot/u-boot/build/mt7986/release/bl31/multi_console.o
                0x00000000430090d1                __DATA_END__ = .

.igot.plt       0x00000000430090d8        0x0
 .igot.plt      0x00000000430090d8        0x0 /media/data_nvme/git/uboot/u-boot/build/mt7986/release/bl31/bl31_context_mgmt.o

.rela.dyn       0x00000000430090d8        0x0
                0x00000000430090d8                __RELA_START__ = .
 *(SORT_BY_ALIGNMENT(.rela*))
 .rela.iplt     0x00000000430090d8        0x0 /media/data_nvme/git/uboot/u-boot/build/mt7986/release/bl31/bl31_context_mgmt.o
 .rela.text.runtime_svc_init
                0x00000000430090d8        0x0 /media/data_nvme/git/uboot/u-boot/build/mt7986/release/bl31/bl31_context_mgmt.o
 .rela.text.cm_el1_sysregs_context_restore
                0x00000000430090d8        0x0 /media/data_nvme/git/uboot/u-boot/build/mt7986/release/bl31/bl31_context_mgmt.o
 .rela.text.psci_cpu_on_finish
                0x00000000430090d8        0x0 /media/data_nvme/git/uboot/u-boot/build/mt7986/release/bl31/bl31_context_mgmt.o
 .rela.text.psci_cpu_suspend_start
                0x00000000430090d8        0x0 /media/data_nvme/git/uboot/u-boot/build/mt7986/release/bl31/bl31_context_mgmt.o
 .rela.text.psci_cpu_suspend_finish
                0x00000000430090d8        0x0 /media/data_nvme/git/uboot/u-boot/build/mt7986/release/bl31/bl31_context_mgmt.o
 .rela.text.bl31_plat_arch_setup
                0x00000000430090d8        0x0 /media/data_nvme/git/uboot/u-boot/build/mt7986/release/bl31/bl31_context_mgmt.o
 .rela.text.asm.bl31_entrypoint
                0x00000000430090d8        0x0 /media/data_nvme/git/uboot/u-boot/build/mt7986/release/bl31/bl31_context_mgmt.o
 .rela.text.asm.sync_exception_handler
                0x00000000430090d8        0x0 /media/data_nvme/git/uboot/u-boot/build/mt7986/release/bl31/bl31_context_mgmt.o
 .rela.text.asm.get_cpu_ops_ptr
                0x00000000430090d8        0x0 /media/data_nvme/git/uboot/u-boot/build/mt7986/release/bl31/bl31_context_mgmt.o
                0x00000000430090d8                __RELA_END__ = .

.stacks         0x0000000043009100     0x2000
                0x0000000043009100                __STACKS_START__ = .
 *(SORT_BY_ALIGNMENT(.tzfw_normal_stacks))
 .tzfw_normal_stacks
                0x0000000043009100     0x2000 /media/data_nvme/git/uboot/u-boot/build/mt7986/release/bl31/platform_mp_stack.o
                0x000000004300b100                __STACKS_END__ = .

.bss            0x000000004300b100     0x12a0
                0x000000004300b100                __BSS_START__ = .
 *(SORT_BY_ALIGNMENT(.bss*))
 .bss.percpu_data
                0x000000004300b100      0x100 /media/data_nvme/git/uboot/u-boot/build/mt7986/release/bl31/cpu_data_array.o
                0x000000004300b100                percpu_data
 .bss.psci_ns_context
                0x000000004300b200      0x900 /media/data_nvme/git/uboot/u-boot/build/mt7986/release/bl31/psci_setup.o
 .bss.bl32_init
                0x000000004300bb00        0x8 /media/data_nvme/git/uboot/u-boot/build/mt7986/release/bl31/bl31_main.o
 .bss.intr_type_descs
                0x000000004300bb08       0x60 /media/data_nvme/git/uboot/u-boot/build/mt7986/release/bl31/interrupt_mgmt.o
 .bss.gicv3_driver_data
                0x000000004300bb68        0x8 /media/data_nvme/git/uboot/u-boot/build/mt7986/release/bl31/gicv3_main.o
                0x000000004300bb68                gicv3_driver_data
 .bss.timer_ops
                0x000000004300bb70        0x8 /media/data_nvme/git/uboot/u-boot/build/mt7986/release/bl31/delay_timer.o
 .bss.psci_cpu_pd_nodes
                0x000000004300bb78       0x40 /media/data_nvme/git/uboot/u-boot/build/mt7986/release/bl31/psci_common.o
                0x000000004300bb78                psci_cpu_pd_nodes
 .bss.psci_plat_pm_ops
                0x000000004300bbb8        0x8 /media/data_nvme/git/uboot/u-boot/build/mt7986/release/bl31/psci_common.o
                0x000000004300bbb8                psci_plat_pm_ops
 .bss.psci_spd_pm
                0x000000004300bbc0        0x8 /media/data_nvme/git/uboot/u-boot/build/mt7986/release/bl31/psci_common.o
                0x000000004300bbc0                psci_spd_pm
 .bss.mmu_cfg_params
                0x000000004300bbc8       0x18 /media/data_nvme/git/uboot/u-boot/build/mt7986/release/bl31/xlat_tables_context.o
                0x000000004300bbc8                mmu_cfg_params
 .bss.tf_mmap   0x000000004300bbe0      0x2a8 /media/data_nvme/git/uboot/u-boot/build/mt7986/release/bl31/xlat_tables_context.o
 .bss.k_info    0x000000004300be88       0x28 /media/data_nvme/git/uboot/u-boot/build/mt7986/release/bl31/mtk_bl31_boot_next_legacy.o
 .bss.bl32_ep_info
                0x000000004300beb0       0x58 /media/data_nvme/git/uboot/u-boot/build/mt7986/release/bl31/bl31_plat_setup.o
 .bss.bl33_ep_info
                0x000000004300bf08       0x58 /media/data_nvme/git/uboot/u-boot/build/mt7986/release/bl31/bl31_plat_setup.o
 .bss.console.0
                0x000000004300bf60       0x30 /media/data_nvme/git/uboot/u-boot/build/mt7986/release/bl31/bl31_plat_setup.o
 .bss.ops       0x000000004300bf90       0x10 /media/data_nvme/git/uboot/u-boot/build/mt7986/release/bl31/timer.o
 .bss.rdistif_base_addrs
                0x000000004300bfa0       0x20 /media/data_nvme/git/uboot/u-boot/build/mt7986/release/bl31/plat_mt_gic.o
                0x000000004300bfa0                rdistif_base_addrs
 .bss.console.0
                0x000000004300bfc0       0x30 /media/data_nvme/git/uboot/u-boot/build/mt7986/release/bl31/plat_pm.o
 .bss.dormant_data
                0x000000004300bff0      0x140 /media/data_nvme/git/uboot/u-boot/build/mt7986/release/bl31/plat_pm.o
 .bss.secure_entrypoint
                0x000000004300c130        0x8 /media/data_nvme/git/uboot/u-boot/build/mt7986/release/bl31/plat_pm.o
 .bss.console_list
                0x000000004300c138        0x8 /media/data_nvme/git/uboot/u-boot/build/mt7986/release/bl31/multi_console.o
                0x000000004300c138                console_list
 .bss.psci_plat_core_count
                0x000000004300c140        0x4 /media/data_nvme/git/uboot/u-boot/build/mt7986/release/bl31/psci_common.o
                0x000000004300c140                psci_plat_core_count
 .bss.psci_caps
                0x000000004300c144        0x4 /media/data_nvme/git/uboot/u-boot/build/mt7986/release/bl31/psci_setup.o
                0x000000004300c144                psci_caps
 .bss.tf_mapped_regions
                0x000000004300c148       0x24 /media/data_nvme/git/uboot/u-boot/build/mt7986/release/bl31/xlat_tables_context.o
 .bss.mtk_efuse_field
                0x000000004300c16c      0x12c /media/data_nvme/git/uboot/u-boot/build/mt7986/release/bl31/mtk_efuse.o
 .bss.cpu_bitmask
                0x000000004300c298        0x4 /media/data_nvme/git/uboot/u-boot/build/mt7986/release/bl31/mtspmc.o
                0x000000004300c298                cpu_bitmask
 .bss.efuse_buffer.1
                0x000000004300c29c       0x20 /media/data_nvme/git/uboot/u-boot/build/mt7986/release/bl31/plat_sip_calls.o
 .bss.rt_svc_descs_indices
                0x000000004300c2bc       0x80 /media/data_nvme/git/uboot/u-boot/build/mt7986/release/bl31/runtime_svc.o
                0x000000004300c2bc                rt_svc_descs_indices
 .bss.psci_req_local_pwr_states
                0x000000004300c33c        0x8 /media/data_nvme/git/uboot/u-boot/build/mt7986/release/bl31/psci_common.o
 .bss.kernel_boot_once_flag.0
                0x000000004300c344        0x1 /media/data_nvme/git/uboot/u-boot/build/mt7986/release/bl31/mtk_bl31_boot_next_legacy.o
 *(SORT_BY_ALIGNMENT(COMMON))
                0x000000004300c380                . = ALIGN (0x40)
 *fill*         0x000000004300c345       0x3b 
                0x000000004300c380                __PMF_TIMESTAMP_START__ = .
 *(SORT_BY_ALIGNMENT(.pmf_timestamp_array))
                0x000000004300c380                . = ALIGN (0x40)
                0x000000004300c380                __PMF_PERCPU_TIMESTAMP_END__ = .
                0x0000000000000000                __PERCPU_TIMESTAMP_SIZE__ = ABSOLUTE ((. - __PMF_TIMESTAMP_START__))
                0x000000004300c380                . = (. + (__PERCPU_TIMESTAMP_SIZE__ * 0x3))
                0x000000004300c380                __PMF_TIMESTAMP_END__ = .
                0x000000004300c380                . = ALIGN (0x10)
                0x000000004300c380                __BASE_XLAT_TABLE_START__ = .
 *(SORT_BY_ALIGNMENT(.base_xlat_table))
 .base_xlat_table
                0x000000004300c380       0x20 /media/data_nvme/git/uboot/u-boot/build/mt7986/release/bl31/xlat_tables_context.o
                0x000000004300c3a0                __BASE_XLAT_TABLE_END__ = .
                0x000000004300c3a0                __BSS_END__ = .

.xlat_table     0x000000004300d000     0x9000
                0x000000004300d000                __XLAT_TABLE_START__ = .
 *(SORT_BY_ALIGNMENT(.xlat_table))
 .xlat_table    0x000000004300d000     0x9000 /media/data_nvme/git/uboot/u-boot/build/mt7986/release/bl31/xlat_tables_context.o
                0x0000000043016000                __XLAT_TABLE_END__ = .

.coherent_ram   0x0000000043016000     0x1000
                0x0000000043016000                __COHERENT_RAM_START__ = .
 *(SORT_BY_ALIGNMENT(.bakery_lock))
 .bakery_lock   0x0000000043016000       0x20 /media/data_nvme/git/uboot/u-boot/build/mt7986/release/bl31/psci_common.o
                0x0000000043016000                psci_locks
 *(SORT_BY_ALIGNMENT(.tzfw_coherent_mem))
 .tzfw_coherent_mem
                0x0000000043016020       0x40 /media/data_nvme/git/uboot/u-boot/build/mt7986/release/bl31/psci_common.o
                0x0000000043016020                psci_non_cpu_pd_nodes
                0x0000000043016060                __COHERENT_RAM_END_UNALIGNED__ = .
                0x0000000043017000                . = ALIGN (0x1000)
 *fill*         0x0000000043016060      0xfa0 
                0x0000000043017000                __COHERENT_RAM_END__ = .
                0x0000000043017000                __RW_END__ = .
                0x0000000043017000                __BL31_END__ = .
                0x0000000000000001                ASSERT ((. <= 0x43030000), BL31 image has exceeded its limit.)
                0x0000000043017000                RAM_REGION_END = .

/DISCARD/
 *(SORT_BY_ALIGNMENT(.dynsym) SORT_BY_ALIGNMENT(.dynstr) SORT_BY_ALIGNMENT(.hash) SORT_BY_ALIGNMENT(.gnu.hash))
LOAD /media/data_nvme/git/uboot/u-boot/build/mt7986/release/bl31/build_message.o
LOAD /media/data_nvme/git/uboot/u-boot/build/mt7986/release/bl31/bl31_context_mgmt.o
LOAD /media/data_nvme/git/uboot/u-boot/build/mt7986/release/bl31/bl31_main.o
LOAD /media/data_nvme/git/uboot/u-boot/build/mt7986/release/bl31/bl31_traps.o
LOAD /media/data_nvme/git/uboot/u-boot/build/mt7986/release/bl31/interrupt_mgmt.o
LOAD /media/data_nvme/git/uboot/u-boot/build/mt7986/release/bl31/runtime_svc.o
LOAD /media/data_nvme/git/uboot/u-boot/build/mt7986/release/bl31/cci.o
LOAD /media/data_nvme/git/uboot/u-boot/build/mt7986/release/bl31/arm_gicv3_common.o
LOAD /media/data_nvme/git/uboot/u-boot/build/mt7986/release/bl31/gic-x00.o
LOAD /media/data_nvme/git/uboot/u-boot/build/mt7986/release/bl31/gicdv3_helpers.o
LOAD /media/data_nvme/git/uboot/u-boot/build/mt7986/release/bl31/gicrv3_helpers.o
LOAD /media/data_nvme/git/uboot/u-boot/build/mt7986/release/bl31/gicv3_helpers.o
LOAD /media/data_nvme/git/uboot/u-boot/build/mt7986/release/bl31/gicv3_main.o
LOAD /media/data_nvme/git/uboot/u-boot/build/mt7986/release/bl31/delay_timer.o
LOAD /media/data_nvme/git/uboot/u-boot/build/mt7986/release/bl31/generic_delay_timer.o
LOAD /media/data_nvme/git/uboot/u-boot/build/mt7986/release/bl31/errata_report.o
LOAD /media/data_nvme/git/uboot/u-boot/build/mt7986/release/bl31/context_mgmt.o
LOAD /media/data_nvme/git/uboot/u-boot/build/mt7986/release/bl31/cpu_data_array.o
LOAD /media/data_nvme/git/uboot/u-boot/build/mt7986/release/bl31/spe.o
LOAD /media/data_nvme/git/uboot/u-boot/build/mt7986/release/bl31/bakery_lock_coherent.o
LOAD /media/data_nvme/git/uboot/u-boot/build/mt7986/release/bl31/psci_common.o
LOAD /media/data_nvme/git/uboot/u-boot/build/mt7986/release/bl31/psci_main.o
LOAD /media/data_nvme/git/uboot/u-boot/build/mt7986/release/bl31/psci_mem_protect.o
LOAD /media/data_nvme/git/uboot/u-boot/build/mt7986/release/bl31/psci_off.o
LOAD /media/data_nvme/git/uboot/u-boot/build/mt7986/release/bl31/psci_on.o
LOAD /media/data_nvme/git/uboot/u-boot/build/mt7986/release/bl31/psci_setup.o
LOAD /media/data_nvme/git/uboot/u-boot/build/mt7986/release/bl31/psci_suspend.o
LOAD /media/data_nvme/git/uboot/u-boot/build/mt7986/release/bl31/psci_system_off.o
LOAD /media/data_nvme/git/uboot/u-boot/build/mt7986/release/bl31/xlat_tables_arch.o
LOAD /media/data_nvme/git/uboot/u-boot/build/mt7986/release/bl31/xlat_tables_context.o
LOAD /media/data_nvme/git/uboot/u-boot/build/mt7986/release/bl31/xlat_tables_core.o
LOAD /media/data_nvme/git/uboot/u-boot/build/mt7986/release/bl31/xlat_tables_utils.o
LOAD /media/data_nvme/git/uboot/u-boot/build/mt7986/release/bl31/plat_gicv3.o
LOAD /media/data_nvme/git/uboot/u-boot/build/mt7986/release/bl31/mtk_efuse.o
LOAD /media/data_nvme/git/uboot/u-boot/build/mt7986/release/bl31/mt_gpt.o
LOAD /media/data_nvme/git/uboot/u-boot/build/mt7986/release/bl31/mtk_bl31_boot_next_legacy.o
LOAD /media/data_nvme/git/uboot/u-boot/build/mt7986/release/bl31/mtk_plat_common.o
LOAD /media/data_nvme/git/uboot/u-boot/build/mt7986/release/bl31/mtk_sip_svc_legacy.o
LOAD /media/data_nvme/git/uboot/u-boot/build/mt7986/release/bl31/platform_common.o
LOAD /media/data_nvme/git/uboot/u-boot/build/mt7986/release/bl31/bl31_plat_setup.o
LOAD /media/data_nvme/git/uboot/u-boot/build/mt7986/release/bl31/devapc.o
LOAD /media/data_nvme/git/uboot/u-boot/build/mt7986/release/bl31/emi_mpu.o
LOAD /media/data_nvme/git/uboot/u-boot/build/mt7986/release/bl31/mtspmc.o
LOAD /media/data_nvme/git/uboot/u-boot/build/mt7986/release/bl31/timer.o
LOAD /media/data_nvme/git/uboot/u-boot/build/mt7986/release/bl31/mtk_wdt.o
LOAD /media/data_nvme/git/uboot/u-boot/build/mt7986/release/bl31/plat_mt_gic.o
LOAD /media/data_nvme/git/uboot/u-boot/build/mt7986/release/bl31/plat_pm.o
LOAD /media/data_nvme/git/uboot/u-boot/build/mt7986/release/bl31/plat_sip_calls.o
LOAD /media/data_nvme/git/uboot/u-boot/build/mt7986/release/bl31/plat_topology.o
LOAD /media/data_nvme/git/uboot/u-boot/build/mt7986/release/bl31/arm_arch_svc_setup.o
LOAD /media/data_nvme/git/uboot/u-boot/build/mt7986/release/bl31/std_svc_setup.o
LOAD /media/data_nvme/git/uboot/u-boot/build/mt7986/release/bl31/bl_common.o
LOAD /media/data_nvme/git/uboot/u-boot/build/mt7986/release/bl31/tf_log.o
LOAD /media/data_nvme/git/uboot/u-boot/build/mt7986/release/bl31/multi_console.o
LOAD /media/data_nvme/git/uboot/u-boot/build/mt7986/release/bl31/pmuv3.o
LOAD /media/data_nvme/git/uboot/u-boot/build/mt7986/release/bl31/plat_bl_common.o
LOAD /media/data_nvme/git/uboot/u-boot/build/mt7986/release/bl31/plat_log_common.o
LOAD /media/data_nvme/git/uboot/u-boot/build/mt7986/release/bl31/plat_common.o
LOAD /media/data_nvme/git/uboot/u-boot/build/mt7986/release/bl31/popcountdi2.o
LOAD /media/data_nvme/git/uboot/u-boot/build/mt7986/release/bl31/popcountsi2.o
LOAD /media/data_nvme/git/uboot/u-boot/build/mt7986/release/bl31/bl31_entrypoint.o
LOAD /media/data_nvme/git/uboot/u-boot/build/mt7986/release/bl31/crash_reporting.o
LOAD /media/data_nvme/git/uboot/u-boot/build/mt7986/release/bl31/ea_delegate.o
LOAD /media/data_nvme/git/uboot/u-boot/build/mt7986/release/bl31/runtime_exceptions.o
LOAD /media/data_nvme/git/uboot/u-boot/build/mt7986/release/bl31/aem_generic.o
LOAD /media/data_nvme/git/uboot/u-boot/build/mt7986/release/bl31/cortex_a53.o
LOAD /media/data_nvme/git/uboot/u-boot/build/mt7986/release/bl31/cpu_helpers.o
LOAD /media/data_nvme/git/uboot/u-boot/build/mt7986/release/bl31/dsu_helpers.o
LOAD /media/data_nvme/git/uboot/u-boot/build/mt7986/release/bl31/wa_cve_2017_5715_bpiall.o
LOAD /media/data_nvme/git/uboot/u-boot/build/mt7986/release/bl31/wa_cve_2017_5715_mmu.o
LOAD /media/data_nvme/git/uboot/u-boot/build/mt7986/release/bl31/context.o
LOAD /media/data_nvme/git/uboot/u-boot/build/mt7986/release/bl31/cpu_data.o
LOAD /media/data_nvme/git/uboot/u-boot/build/mt7986/release/bl31/spinlock.o
LOAD /media/data_nvme/git/uboot/u-boot/build/mt7986/release/bl31/psci_helpers.o
LOAD /media/data_nvme/git/uboot/u-boot/build/mt7986/release/bl31/runtime_errata.o
LOAD /media/data_nvme/git/uboot/u-boot/build/mt7986/release/bl31/enable_mmu.o
LOAD /media/data_nvme/git/uboot/u-boot/build/mt7986/release/bl31/platform_mp_stack.o
LOAD /media/data_nvme/git/uboot/u-boot/build/mt7986/release/bl31/hsuart.o
LOAD /media/data_nvme/git/uboot/u-boot/build/mt7986/release/bl31/plat_helpers.o
LOAD /media/data_nvme/git/uboot/u-boot/build/mt7986/release/bl31/debug.o
LOAD /media/data_nvme/git/uboot/u-boot/build/mt7986/release/bl31/cache_helpers.o
LOAD /media/data_nvme/git/uboot/u-boot/build/mt7986/release/bl31/misc_helpers.o
LOAD /media/data_nvme/git/uboot/u-boot/build/mt7986/release/bl31/platform_helpers.o
LOAD plat/mediatek/mt7986/drivers/dram/release/dram.o
LOAD plat/mediatek/mt7986/drivers/efuse/release/efuse_cmd.o
LOAD /media/data_nvme/git/uboot/u-boot/build/mt7986/release/lib/libfdt.a
LOAD /media/data_nvme/git/uboot/u-boot/build/mt7986/release/lib/libc.a
OUTPUT(/media/data_nvme/git/uboot/u-boot/build/mt7986/release/bl31/bl31.elf elf64-littleaarch64)
LOAD linker stubs

.debug_info     0x0000000000000000    0x24d96
 .debug_info    0x0000000000000000       0xae /media/data_nvme/git/uboot/u-boot/build/mt7986/release/bl31/build_message.o
 .debug_info    0x00000000000000ae      0x517 /media/data_nvme/git/uboot/u-boot/build/mt7986/release/bl31/bl31_context_mgmt.o
 .debug_info    0x00000000000005c5      0x868 /media/data_nvme/git/uboot/u-boot/build/mt7986/release/bl31/bl31_main.o
 .debug_info    0x0000000000000e2d      0x23c /media/data_nvme/git/uboot/u-boot/build/mt7986/release/bl31/bl31_traps.o
 .debug_info    0x0000000000001069      0x7c8 /media/data_nvme/git/uboot/u-boot/build/mt7986/release/bl31/interrupt_mgmt.o
 .debug_info    0x0000000000001831      0x7a3 /media/data_nvme/git/uboot/u-boot/build/mt7986/release/bl31/runtime_svc.o
 .debug_info    0x0000000000001fd4      0x21f /media/data_nvme/git/uboot/u-boot/build/mt7986/release/bl31/gic-x00.o
 .debug_info    0x00000000000021f3     0x116a /media/data_nvme/git/uboot/u-boot/build/mt7986/release/bl31/gicdv3_helpers.o
 .debug_info    0x000000000000335d     0x134f /media/data_nvme/git/uboot/u-boot/build/mt7986/release/bl31/gicv3_helpers.o
 .debug_info    0x00000000000046ac     0x4a0c /media/data_nvme/git/uboot/u-boot/build/mt7986/release/bl31/gicv3_main.o
 .debug_info    0x00000000000090b8      0x219 /media/data_nvme/git/uboot/u-boot/build/mt7986/release/bl31/delay_timer.o
 .debug_info    0x00000000000092d1      0x104 /media/data_nvme/git/uboot/u-boot/build/mt7986/release/bl31/errata_report.o
 .debug_info    0x00000000000093d5     0x1a22 /media/data_nvme/git/uboot/u-boot/build/mt7986/release/bl31/context_mgmt.o
 .debug_info    0x000000000000adf7      0x205 /media/data_nvme/git/uboot/u-boot/build/mt7986/release/bl31/cpu_data_array.o
 .debug_info    0x000000000000affc      0x4ad /media/data_nvme/git/uboot/u-boot/build/mt7986/release/bl31/spe.o
 .debug_info    0x000000000000b4a9      0x5dc /media/data_nvme/git/uboot/u-boot/build/mt7986/release/bl31/bakery_lock_coherent.o
 .debug_info    0x000000000000ba85     0x2384 /media/data_nvme/git/uboot/u-boot/build/mt7986/release/bl31/psci_common.o
 .debug_info    0x000000000000de09     0x14c5 /media/data_nvme/git/uboot/u-boot/build/mt7986/release/bl31/psci_main.o
 .debug_info    0x000000000000f2ce      0x4fd /media/data_nvme/git/uboot/u-boot/build/mt7986/release/bl31/psci_mem_protect.o
 .debug_info    0x000000000000f7cb      0xa95 /media/data_nvme/git/uboot/u-boot/build/mt7986/release/bl31/psci_off.o
 .debug_info    0x0000000000010260      0xe6b /media/data_nvme/git/uboot/u-boot/build/mt7986/release/bl31/psci_on.o
 .debug_info    0x00000000000110cb      0xf8b /media/data_nvme/git/uboot/u-boot/build/mt7986/release/bl31/psci_setup.o
 .debug_info    0x0000000000012056      0xfff /media/data_nvme/git/uboot/u-boot/build/mt7986/release/bl31/psci_suspend.o
 .debug_info    0x0000000000013055      0x673 /media/data_nvme/git/uboot/u-boot/build/mt7986/release/bl31/psci_system_off.o
 .debug_info    0x00000000000136c8      0xbd9 /media/data_nvme/git/uboot/u-boot/build/mt7986/release/bl31/xlat_tables_arch.o
 .debug_info    0x00000000000142a1      0xa81 /media/data_nvme/git/uboot/u-boot/build/mt7986/release/bl31/xlat_tables_context.o
 .debug_info    0x0000000000014d22     0x1834 /media/data_nvme/git/uboot/u-boot/build/mt7986/release/bl31/xlat_tables_core.o