Archive member included to satisfy reference by file (symbol)

/media/data_nvme/git/uboot/u-boot/build/mt7988/release/lib/libfdt.a(fdt.o)
                              /media/data_nvme/git/uboot/u-boot/build/mt7988/release/bl2/mtk_spi.o (fdt_first_subnode)
/media/data_nvme/git/uboot/u-boot/build/mt7988/release/lib/libfdt.a(fdt_ro.o)
                              /media/data_nvme/git/uboot/u-boot/build/mt7988/release/bl2/mtk_spi.o (fdt_getprop)
/media/data_nvme/git/uboot/u-boot/build/mt7988/release/lib/libc.a(memchr.o)
                              /media/data_nvme/git/uboot/u-boot/build/mt7988/release/lib/libfdt.a(fdt_ro.o) (memchr)
/media/data_nvme/git/uboot/u-boot/build/mt7988/release/lib/libc.a(memcmp.o)
                              /media/data_nvme/git/uboot/u-boot/build/mt7988/release/bl2/io_fip.o (memcmp)
/media/data_nvme/git/uboot/u-boot/build/mt7988/release/lib/libc.a(memcpy.o)
                              /media/data_nvme/git/uboot/u-boot/build/mt7988/release/bl2/desc_image_load.o (memcpy)
/media/data_nvme/git/uboot/u-boot/build/mt7988/release/lib/libc.a(memmove.o)
                              /media/data_nvme/git/uboot/u-boot/build/mt7988/release/bl2/xz_dec_lzma2.o (memmove)
/media/data_nvme/git/uboot/u-boot/build/mt7988/release/lib/libc.a(memset.o)
                              /media/data_nvme/git/uboot/u-boot/build/mt7988/release/bl2/tf_unxz.o (memset)
/media/data_nvme/git/uboot/u-boot/build/mt7988/release/lib/libc.a(printf.o)
                              /media/data_nvme/git/uboot/u-boot/build/mt7988/release/bl2/emicfg.o (vprintf)
/media/data_nvme/git/uboot/u-boot/build/mt7988/release/lib/libc.a(strcmp.o)
                              /media/data_nvme/git/uboot/u-boot/build/mt7988/release/bl2/partition.o (strcmp)
/media/data_nvme/git/uboot/u-boot/build/mt7988/release/lib/libc.a(strlen.o)
                              /media/data_nvme/git/uboot/u-boot/build/mt7988/release/lib/libfdt.a(fdt.o) (strlen)
/media/data_nvme/git/uboot/u-boot/build/mt7988/release/lib/libc.a(strnlen.o)
                              /media/data_nvme/git/uboot/u-boot/build/mt7988/release/lib/libfdt.a(fdt_ro.o) (strnlen)
/media/data_nvme/git/uboot/u-boot/build/mt7988/release/lib/libc.a(strrchr.o)
                              /media/data_nvme/git/uboot/u-boot/build/mt7988/release/lib/libfdt.a(fdt_ro.o) (strrchr)

Discarded input sections

 .text          0x0000000000000000        0x0 /media/data_nvme/git/uboot/u-boot/build/mt7988/release/bl2/build_message.o
 .data          0x0000000000000000        0x0 /media/data_nvme/git/uboot/u-boot/build/mt7988/release/bl2/build_message.o
 .bss           0x0000000000000000        0x0 /media/data_nvme/git/uboot/u-boot/build/mt7988/release/bl2/build_message.o
 .rodata.version
                0x0000000000000000        0x4 /media/data_nvme/git/uboot/u-boot/build/mt7988/release/bl2/build_message.o
 .text          0x0000000000000000        0x0 /media/data_nvme/git/uboot/u-boot/build/mt7988/release/bl2/bl2_arch_setup.o
 .data          0x0000000000000000        0x0 /media/data_nvme/git/uboot/u-boot/build/mt7988/release/bl2/bl2_arch_setup.o
 .bss           0x0000000000000000        0x0 /media/data_nvme/git/uboot/u-boot/build/mt7988/release/bl2/bl2_arch_setup.o
 .eh_frame      0x0000000000000000       0x28 /media/data_nvme/git/uboot/u-boot/build/mt7988/release/bl2/bl2_arch_setup.o
 .text          0x0000000000000000        0x0 /media/data_nvme/git/uboot/u-boot/build/mt7988/release/bl2/bl2_image_load_v2.o
 .data          0x0000000000000000        0x0 /media/data_nvme/git/uboot/u-boot/build/mt7988/release/bl2/bl2_image_load_v2.o
 .bss           0x0000000000000000        0x0 /media/data_nvme/git/uboot/u-boot/build/mt7988/release/bl2/bl2_image_load_v2.o
 .eh_frame      0x0000000000000000       0x50 /media/data_nvme/git/uboot/u-boot/build/mt7988/release/bl2/bl2_image_load_v2.o
 .text          0x0000000000000000        0x0 /media/data_nvme/git/uboot/u-boot/build/mt7988/release/bl2/bl2_main.o
 .data          0x0000000000000000        0x0 /media/data_nvme/git/uboot/u-boot/build/mt7988/release/bl2/bl2_main.o
 .bss           0x0000000000000000        0x0 /media/data_nvme/git/uboot/u-boot/build/mt7988/release/bl2/bl2_main.o
 .eh_frame      0x0000000000000000       0x58 /media/data_nvme/git/uboot/u-boot/build/mt7988/release/bl2/bl2_main.o
 .text          0x0000000000000000        0x0 /media/data_nvme/git/uboot/u-boot/build/mt7988/release/bl2/desc_image_load.o
 .data          0x0000000000000000        0x0 /media/data_nvme/git/uboot/u-boot/build/mt7988/release/bl2/desc_image_load.o
 .bss           0x0000000000000000        0x0 /media/data_nvme/git/uboot/u-boot/build/mt7988/release/bl2/desc_image_load.o
 .text.populate_next_bl_params_config
                0x0000000000000000       0xa8 /media/data_nvme/git/uboot/u-boot/build/mt7988/release/bl2/desc_image_load.o
 .text.bl31_params_parse_helper
[...]
Memory Configuration

Name             Origin             Length             Attributes
RAM              0x0000000000201000 0x000000000007f000 xrw
*default*        0x0000000000000000 0xffffffffffffffff

Linker script and memory map

                0x0000000000201000                RAM_REGION_START = ORIGIN (RAM)
                0x000000000007f000                RAM_REGION_LENGTH = LENGTH (RAM)
                0x0000000000201000                . = 0x201000
                0x0000000000000001                ASSERT ((. == ALIGN (0x1000)), BL2_BASE address is not aligned on a page boundary.)

.ro             0x0000000000201000    0x3b000
                0x0000000000201000                __RO_START__ = .
                0x0000000000201000                __TEXT_RESIDENT_START__ = .
 *bl2_el3_entrypoint.o(SORT_BY_ALIGNMENT(.text*))
 .text.asm.bl2_entrypoint
                0x0000000000201000      0x104 /media/data_nvme/git/uboot/u-boot/build/mt7988/release/bl2/bl2_el3_entrypoint.o
                0x0000000000201000                bl2_entrypoint
 *(SORT_BY_ALIGNMENT(.text.asm.*))
 .text.asm.bl2_run_next_image
                0x0000000000201104       0x38 /media/data_nvme/git/uboot/u-boot/build/mt7988/release/bl2/bl2_run_next_image.o
                0x0000000000201104                bl2_run_next_image
 .text.asm.errata_a73_852427_wa
                0x000000000020113c       0x20 /media/data_nvme/git/uboot/u-boot/build/mt7988/release/bl2/cortex_a73.o
 .text.asm.check_errata_852427
                0x000000000020115c        0x8 /media/data_nvme/git/uboot/u-boot/build/mt7988/release/bl2/cortex_a73.o
 .text.asm.errata_a73_855423_wa
                0x0000000000201164       0x20 /media/data_nvme/git/uboot/u-boot/build/mt7988/release/bl2/cortex_a73.o
 .text.asm.check_errata_855423
                0x0000000000201184        0x8 /media/data_nvme/git/uboot/u-boot/build/mt7988/release/bl2/cortex_a73.o
 .text.asm.cortex_a73_reset_func
                0x000000000020118c       0x40 /media/data_nvme/git/uboot/u-boot/build/mt7988/release/bl2/cortex_a73.o
 .text.asm.check_errata_cve_2017_5715
                0x00000000002011cc       0x20 /media/data_nvme/git/uboot/u-boot/build/mt7988/release/bl2/cortex_a73.o
 .text.asm.check_smccc_arch_workaround_3
                0x00000000002011ec        0x8 /media/data_nvme/git/uboot/u-boot/build/mt7988/release/bl2/cortex_a73.o
 .text.asm.reset_handler
                0x00000000002011f4       0x20 /media/data_nvme/git/uboot/u-boot/build/mt7988/release/bl2/cpu_helpers.o
                0x00000000002011f4                reset_handler
 .text.asm.get_cpu_ops_ptr
                0x0000000000201214       0x40 /media/data_nvme/git/uboot/u-boot/build/mt7988/release/bl2/cpu_helpers.o
                0x0000000000201214                get_cpu_ops_ptr
 .text.asm.cpu_get_rev_var
                0x0000000000201254       0x10 /media/data_nvme/git/uboot/u-boot/build/mt7988/release/bl2/cpu_helpers.o
                0x0000000000201254                cpu_get_rev_var
 .text.asm.cpu_rev_var_ls
                0x0000000000201264       0x14 /media/data_nvme/git/uboot/u-boot/build/mt7988/release/bl2/cpu_helpers.o
                0x0000000000201264                cpu_rev_var_ls
 .text.asm.plat_set_my_stack
                0x0000000000201278       0x10 /media/data_nvme/git/uboot/u-boot/build/mt7988/release/bl2/platform_up_stack.o
                0x0000000000201278                plat_set_my_stack
 .text.asm.console_hsuart_init
                0x0000000000201288       0xb8 /media/data_nvme/git/uboot/u-boot/build/mt7988/release/bl2/hsuart.o
                0x0000000000201288                console_hsuart_init
 .text.asm.console_hsuart_core_getc
                0x0000000000201340       0x18 /media/data_nvme/git/uboot/u-boot/build/mt7988/release/bl2/hsuart.o
                0x0000000000201340                console_hsuart_core_getc
 .text.asm.console_hsuart_core_putc
                0x0000000000201358       0x38 /media/data_nvme/git/uboot/u-boot/build/mt7988/release/bl2/hsuart.o
                0x0000000000201358                console_hsuart_core_putc
 .text.asm.console_hsuart_core_flush
                0x0000000000201390       0x18 /media/data_nvme/git/uboot/u-boot/build/mt7988/release/bl2/hsuart.o
                0x0000000000201390                console_hsuart_core_flush
 .text.asm.console_hsuart_getc
                0x00000000002013a8        0x8 /media/data_nvme/git/uboot/u-boot/build/mt7988/release/bl2/hsuart.o
 .text.asm.console_hsuart_putc
                0x00000000002013b0        0x8 /media/data_nvme/git/uboot/u-boot/build/mt7988/release/bl2/hsuart.o
 .text.asm.console_hsuart_flush
                0x00000000002013b8        0x8 /media/data_nvme/git/uboot/u-boot/build/mt7988/release/bl2/hsuart.o
 .text.asm.console_hsuart_register
                0x00000000002013c0       0x58 /media/data_nvme/git/uboot/u-boot/build/mt7988/release/bl2/hsuart.o
                0x00000000002013c0                console_hsuart_register
 .text.asm.plat_secondary_cold_boot_setup
                0x0000000000201418        0x4 /media/data_nvme/git/uboot/u-boot/build/mt7988/release/bl2/plat_helpers.o
                0x0000000000201418                plat_secondary_cold_boot_setup
 .text.asm.plat_crash_console_init
                0x000000000020141c       0x1c /media/data_nvme/git/uboot/u-boot/build/mt7988/release/bl2/plat_helpers.o
                0x000000000020141c                plat_crash_console_init
 .text.asm.plat_crash_console_putc
                0x0000000000201438        0x8 /media/data_nvme/git/uboot/u-boot/build/mt7988/release/bl2/plat_helpers.o
                0x0000000000201438                plat_crash_console_putc
 .text.asm.plat_crash_console_flush
                0x0000000000201440        0x8 /media/data_nvme/git/uboot/u-boot/build/mt7988/release/bl2/plat_helpers.o
                0x0000000000201440                plat_crash_console_flush
 .text.asm.asm_print_str
                0x0000000000201448       0x18 /media/data_nvme/git/uboot/u-boot/build/mt7988/release/bl2/debug.o
                0x0000000000201448                asm_print_str
 .text.asm.asm_print_hex
                0x0000000000201460       0x30 /media/data_nvme/git/uboot/u-boot/build/mt7988/release/bl2/debug.o
                0x0000000000201460                asm_print_hex
                0x0000000000201464                asm_print_hex_bits
 .text.asm.asm_print_newline
                0x0000000000201490        0x8 /media/data_nvme/git/uboot/u-boot/build/mt7988/release/bl2/debug.o
                0x0000000000201490                asm_print_newline
 .text.asm.el3_panic
                0x0000000000201498       0x30 /media/data_nvme/git/uboot/u-boot/build/mt7988/release/bl2/debug.o
                0x0000000000201498                el3_panic
 .text.asm.flush_dcache_range
                0x00000000002014c8       0x38 /media/data_nvme/git/uboot/u-boot/build/mt7988/release/bl2/cache_helpers.o
                0x00000000002014c8                flush_dcache_range
 .text.asm.inv_dcache_range
                0x0000000000201500       0x38 /media/data_nvme/git/uboot/u-boot/build/mt7988/release/bl2/cache_helpers.o
                0x0000000000201500                inv_dcache_range
 .text.asm.zeromem
                0x0000000000201538        0x8 /media/data_nvme/git/uboot/u-boot/build/mt7988/release/bl2/misc_helpers.o
                0x0000000000201538                zeromem
 .text.asm.zeromem_dczva
                0x0000000000201540       0xe8 /media/data_nvme/git/uboot/u-boot/build/mt7988/release/bl2/misc_helpers.o
                0x0000000000201540                zero_normalmem
 .text.asm.disable_mmu_el3
                0x0000000000201628       0x1c /media/data_nvme/git/uboot/u-boot/build/mt7988/release/bl2/misc_helpers.o
                0x0000000000201628                disable_mmu_el3
 .text.asm.disable_mmu_icache_el3
                0x0000000000201644        0x8 /media/data_nvme/git/uboot/u-boot/build/mt7988/release/bl2/misc_helpers.o
                0x0000000000201644                disable_mmu_icache_el3
 .text.asm.plat_report_exception
                0x000000000020164c        0x4 /media/data_nvme/git/uboot/u-boot/build/mt7988/release/bl2/platform_helpers.o
                0x000000000020164c                plat_report_exception
 .text.asm.plat_reset_handler
                0x0000000000201650        0x4 /media/data_nvme/git/uboot/u-boot/build/mt7988/release/bl2/platform_helpers.o
                0x0000000000201650                plat_reset_handler
 .text.asm.plat_panic_handler
                0x0000000000201654        0x8 /media/data_nvme/git/uboot/u-boot/build/mt7988/release/bl2/platform_helpers.o
                0x0000000000201654                plat_panic_handler
                0x000000000020165c                __TEXT_RESIDENT_END__ = .
 *(SORT_BY_ALIGNMENT(.text*))
 .text.bl2_arch_setup
                0x000000000020165c        0xc /media/data_nvme/git/uboot/u-boot/build/mt7988/release/bl2/bl2_arch_setup.o
                0x000000000020165c                bl2_arch_setup
 .text.mtk_ar_update_bl_ar_ver
                0x0000000000201668        0x8 /media/data_nvme/git/uboot/u-boot/build/mt7988/release/bl2/bl2_image_load_v2.o
                0x0000000000201668                mtk_ar_update_bl_ar_ver
 .text.bl2_load_images
                0x0000000000201670      0x110 /media/data_nvme/git/uboot/u-boot/build/mt7988/release/bl2/bl2_image_load_v2.o
                0x0000000000201670                bl2_load_images
 .text.bl2_el3_setup
                0x0000000000201780       0x14 /media/data_nvme/git/uboot/u-boot/build/mt7988/release/bl2/bl2_main.o
                0x0000000000201780                bl2_el3_setup
 .text.bl2_main
                0x0000000000201794       0x6c /media/data_nvme/git/uboot/u-boot/build/mt7988/release/bl2/bl2_main.o
                0x0000000000201794                bl2_main
 .text.flush_bl_params_desc_args
                0x0000000000201800       0x30 /media/data_nvme/git/uboot/u-boot/build/mt7988/release/bl2/desc_image_load.o
                0x0000000000201800                flush_bl_params_desc_args
 .text.flush_bl_params_desc
                0x0000000000201830       0x1c /media/data_nvme/git/uboot/u-boot/build/mt7988/release/bl2/desc_image_load.o
                0x0000000000201830                flush_bl_params_desc
 .text.get_bl_params_node_index
                0x000000000020184c       0x4c /media/data_nvme/git/uboot/u-boot/build/mt7988/release/bl2/desc_image_load.o
                0x000000000020184c                get_bl_params_node_index
 .text.get_bl_mem_params_node
                0x0000000000201898       0x30 /media/data_nvme/git/uboot/u-boot/build/mt7988/release/bl2/desc_image_load.o
                0x0000000000201898                get_bl_mem_params_node
 .text.get_bl_load_info_from_mem_params_desc
                0x00000000002018c8       0x74 /media/data_nvme/git/uboot/u-boot/build/mt7988/release/bl2/desc_image_load.o
                0x00000000002018c8                get_bl_load_info_from_mem_params_desc
 .text.get_next_bl_params_from_mem_params_desc
                0x000000000020193c       0xd8 /media/data_nvme/git/uboot/u-boot/build/mt7988/release/bl2/desc_image_load.o
                0x000000000020193c                get_next_bl_params_from_mem_params_desc
 .text.image_decompress_init
                0x0000000000201a14       0x1c /media/data_nvme/git/uboot/u-boot/build/mt7988/release/bl2/image_decompress.o
                0x0000000000201a14                image_decompress_init
 .text.image_decompress_prepare
                0x0000000000201a30       0x3c /media/data_nvme/git/uboot/u-boot/build/mt7988/release/bl2/image_decompress.o
                0x0000000000201a30                image_decompress_prepare
 .text.image_decompress
                0x0000000000201a6c       0xa8 /media/data_nvme/git/uboot/u-boot/build/mt7988/release/bl2/image_decompress.o
                0x0000000000201a6c                image_decompress
 .text.tf_crc32
                0x0000000000201b14       0x28 /media/data_nvme/git/uboot/u-boot/build/mt7988/release/bl2/tf_crc32.o
                0x0000000000201b14                tf_crc32
 .text.udelay   0x0000000000201b3c       0x68 /media/data_nvme/git/uboot/u-boot/build/mt7988/release/bl2/delay_timer.o
                0x0000000000201b3c                udelay
 .text.mdelay   0x0000000000201ba4        0xc /media/data_nvme/git/uboot/u-boot/build/mt7988/release/bl2/delay_timer.o
                0x0000000000201ba4                mdelay
 .text.timer_init
                0x0000000000201bb0        0xc /media/data_nvme/git/uboot/u-boot/build/mt7988/release/bl2/delay_timer.o
                0x0000000000201bb0                timer_init
 .text.get_timer_value
                0x0000000000201bbc        0xc /media/data_nvme/git/uboot/u-boot/build/mt7988/release/bl2/generic_delay_timer.o
 .text.generic_delay_timer_init_args
                0x0000000000201bc8       0x20 /media/data_nvme/git/uboot/u-boot/build/mt7988/release/bl2/generic_delay_timer.o
                0x0000000000201bc8                generic_delay_timer_init_args
 .text.generic_delay_timer_init
                0x0000000000201be8       0x44 /media/data_nvme/git/uboot/u-boot/build/mt7988/release/bl2/generic_delay_timer.o
                0x0000000000201be8                generic_delay_timer_init
 .text.gpio_init
                0x0000000000201c2c        0xc /media/data_nvme/git/uboot/u-boot/build/mt7988/release/bl2/gpio.o
                0x0000000000201c2c                gpio_init
 .text.device_type_block
                0x0000000000201c38        0x8 /media/data_nvme/git/uboot/u-boot/build/mt7988/release/bl2/io_block.o
                0x0000000000201c38                device_type_block
 .text.block_open
                0x0000000000201c40       0x1c /media/data_nvme/git/uboot/u-boot/build/mt7988/release/bl2/io_block.o
 .text.block_seek
                0x0000000000201c5c       0x30 /media/data_nvme/git/uboot/u-boot/build/mt7988/release/bl2/io_block.o
 .text.block_close
                0x0000000000201c8c        0xc /media/data_nvme/git/uboot/u-boot/build/mt7988/release/bl2/io_block.o
 .text.block_write
                0x0000000000201c98      0x15c /media/data_nvme/git/uboot/u-boot/build/mt7988/release/bl2/io_block.o
 .text.block_read
                0x0000000000201df4       0xfc /media/data_nvme/git/uboot/u-boot/build/mt7988/release/bl2/io_block.o
 .text.block_dev_close
                0x0000000000201ef0       0x64 /media/data_nvme/git/uboot/u-boot/build/mt7988/release/bl2/io_block.o
 .text.block_dev_open
                0x0000000000201f54       0x60 /media/data_nvme/git/uboot/u-boot/build/mt7988/release/bl2/io_block.o
 .text.register_io_dev_block
                0x0000000000201fb4       0x38 /media/data_nvme/git/uboot/u-boot/build/mt7988/release/bl2/io_block.o
                0x0000000000201fb4                register_io_dev_block
 .text.device_type_fip
                0x0000000000201fec        0x8 /media/data_nvme/git/uboot/u-boot/build/mt7988/release/bl2/io_fip.o
 .text.fip_file_len
                0x0000000000201ff4       0x14 /media/data_nvme/git/uboot/u-boot/build/mt7988/release/bl2/io_fip.o
 .text.fip_file_close
                0x0000000000202008       0x3c /media/data_nvme/git/uboot/u-boot/build/mt7988/release/bl2/io_fip.o
 .text.fip_dev_init
                0x0000000000202044       0xb4 /media/data_nvme/git/uboot/u-boot/build/mt7988/release/bl2/io_fip.o
 .text.fip_file_read
                0x00000000002020f8       0xb8 /media/data_nvme/git/uboot/u-boot/build/mt7988/release/bl2/io_fip.o
 .text.fip_dev_open
                0x00000000002021b0       0x60 /media/data_nvme/git/uboot/u-boot/build/mt7988/release/bl2/io_fip.o
 .text.fip_file_open
                0x0000000000202210       0xf4 /media/data_nvme/git/uboot/u-boot/build/mt7988/release/bl2/io_fip.o
 .text.fip_dev_close
                0x0000000000202304       0x5c /media/data_nvme/git/uboot/u-boot/build/mt7988/release/bl2/io_fip.o
 .text.register_io_dev_fip
                0x0000000000202360       0x38 /media/data_nvme/git/uboot/u-boot/build/mt7988/release/bl2/io_fip.o
                0x0000000000202360                register_io_dev_fip
 .text.free_entity.isra.0
                0x0000000000202398       0x44 /media/data_nvme/git/uboot/u-boot/build/mt7988/release/bl2/io_storage.o
 .text.io_register_device
                0x00000000002023dc       0x28 /media/data_nvme/git/uboot/u-boot/build/mt7988/release/bl2/io_storage.o
                0x00000000002023dc                io_register_device
 .text.io_dev_open
                0x0000000000202404       0x18 /media/data_nvme/git/uboot/u-boot/build/mt7988/release/bl2/io_storage.o
                0x0000000000202404                io_dev_open
 .text.io_dev_init
                0x000000000020241c       0x1c /media/data_nvme/git/uboot/u-boot/build/mt7988/release/bl2/io_storage.o
                0x000000000020241c                io_dev_init
 .text.io_dev_close
                0x0000000000202438       0x1c /media/data_nvme/git/uboot/u-boot/build/mt7988/release/bl2/io_storage.o
                0x0000000000202438                io_dev_close
 .text.io_open  0x0000000000202454       0xd4 /media/data_nvme/git/uboot/u-boot/build/mt7988/release/bl2/io_storage.o
                0x0000000000202454                io_open
 .text.io_seek  0x0000000000202528       0x20 /media/data_nvme/git/uboot/u-boot/build/mt7988/release/bl2/io_storage.o
                0x0000000000202528                io_seek
 .text.io_size  0x0000000000202548       0x20 /media/data_nvme/git/uboot/u-boot/build/mt7988/release/bl2/io_storage.o
                0x0000000000202548                io_size
 .text.io_read  0x0000000000202568       0x20 /media/data_nvme/git/uboot/u-boot/build/mt7988/release/bl2/io_storage.o
                0x0000000000202568                io_read
 .text.io_close
                0x0000000000202588       0x48 /media/data_nvme/git/uboot/u-boot/build/mt7988/release/bl2/io_storage.o
                0x0000000000202588                io_close
 .text.mmc_send_cmd
                0x00000000002025d0       0xf0 /media/data_nvme/git/uboot/u-boot/build/mt7988/release/bl2/mmc.o
 .text.mmc_device_state
                0x00000000002026c0       0x74 /media/data_nvme/git/uboot/u-boot/build/mt7988/release/bl2/mmc.o
 .text.sd_switch.constprop.0
                0x0000000000202734       0x9c /media/data_nvme/git/uboot/u-boot/build/mt7988/release/bl2/mmc.o
 .text.mmc_read_blocks
                0x00000000002027d0      0x124 /media/data_nvme/git/uboot/u-boot/build/mt7988/release/bl2/mmc.o
                0x00000000002027d0                mmc_read_blocks
 .text.mmc_init
                0x00000000002028f4      0x5f8 /media/data_nvme/git/uboot/u-boot/build/mt7988/release/bl2/mmc.o
                0x00000000002028f4                mmc_init
 .text.parse_gpt_entry
                0x0000000000202eec       0xcc /media/data_nvme/git/uboot/u-boot/build/mt7988/release/bl2/gpt.o
                0x0000000000202eec                parse_gpt_entry
 .text.load_partition_table
                0x0000000000202fb8      0x298 /media/data_nvme/git/uboot/u-boot/build/mt7988/release/bl2/partition.o
                0x0000000000202fb8                load_partition_table
 .text.get_partition_entry
                0x0000000000203250       0x78 /media/data_nvme/git/uboot/u-boot/build/mt7988/release/bl2/partition.o
                0x0000000000203250                get_partition_entry
 .text.partition_init
                0x00000000002032c8        0x4 /media/data_nvme/git/uboot/u-boot/build/mt7988/release/bl2/partition.o
                0x00000000002032c8                partition_init
 .text.xz_malloc
                0x00000000002032cc       0x68 /media/data_nvme/git/uboot/u-boot/build/mt7988/release/bl2/tf_unxz.o
                0x00000000002032cc                xz_malloc
 .text.unxz     0x0000000000203334      0x13c /media/data_nvme/git/uboot/u-boot/build/mt7988/release/bl2/tf_unxz.o
                0x0000000000203334                unxz
 .text.xz_crc32_init
                0x0000000000203470       0x44 /media/data_nvme/git/uboot/u-boot/build/mt7988/release/bl2/xz_crc32.o
                0x0000000000203470                xz_crc32_init
 .text.xz_crc32
                0x00000000002034b4       0x3c /media/data_nvme/git/uboot/u-boot/build/mt7988/release/bl2/xz_crc32.o
                0x00000000002034b4                xz_crc32
 .text.dict_repeat
                0x00000000002034f0       0xac /media/data_nvme/git/uboot/u-boot/build/mt7988/release/bl2/xz_dec_lzma2.o
 .text.lzma_len
                0x000000000020359c      0x1d4 /media/data_nvme/git/uboot/u-boot/build/mt7988/release/bl2/xz_dec_lzma2.o
 .text.lzma_main
                0x0000000000203770      0x8c8 /media/data_nvme/git/uboot/u-boot/build/mt7988/release/bl2/xz_dec_lzma2.o
 .text.xz_dec_lzma2_run
                0x0000000000204038      0x668 /media/data_nvme/git/uboot/u-boot/build/mt7988/release/bl2/xz_dec_lzma2.o
                0x0000000000204038                xz_dec_lzma2_run
 .text.xz_dec_lzma2_create
                0x00000000002046a0       0x34 /media/data_nvme/git/uboot/u-boot/build/mt7988/release/bl2/xz_dec_lzma2.o
                0x00000000002046a0                xz_dec_lzma2_create
 .text.xz_dec_lzma2_reset
                0x00000000002046d4       0x4c /media/data_nvme/git/uboot/u-boot/build/mt7988/release/bl2/xz_dec_lzma2.o
                0x00000000002046d4                xz_dec_lzma2_reset
 .text.xz_dec_lzma2_end
                0x0000000000204720        0x4 /media/data_nvme/git/uboot/u-boot/build/mt7988/release/bl2/xz_dec_lzma2.o
                0x0000000000204720                xz_dec_lzma2_end
 .text.get_unaligned_le32
                0x0000000000204724       0x20 /media/data_nvme/git/uboot/u-boot/build/mt7988/release/bl2/xz_dec_stream.o
 .text.dec_vli  0x0000000000204744       0x78 /media/data_nvme/git/uboot/u-boot/build/mt7988/release/bl2/xz_dec_stream.o
 .text.index_update
                0x00000000002047bc       0x48 /media/data_nvme/git/uboot/u-boot/build/mt7988/release/bl2/xz_dec_stream.o
 .text.fill_temp
                0x0000000000204804       0x94 /media/data_nvme/git/uboot/u-boot/build/mt7988/release/bl2/xz_dec_stream.o
 .text.xz_dec_reset
                0x0000000000204898       0x50 /media/data_nvme/git/uboot/u-boot/build/mt7988/release/bl2/xz_dec_stream.o
                0x0000000000204898                xz_dec_reset
 .text.xz_dec_run
                0x00000000002048e8      0x700 /media/data_nvme/git/uboot/u-boot/build/mt7988/release/bl2/xz_dec_stream.o
                0x00000000002048e8                xz_dec_run
 .text.xz_dec_init
                0x0000000000204fe8       0x64 /media/data_nvme/git/uboot/u-boot/build/mt7988/release/bl2/xz_dec_stream.o
                0x0000000000204fe8                xz_dec_init
 .text.xz_dec_end
                0x000000000020504c       0x10 /media/data_nvme/git/uboot/u-boot/build/mt7988/release/bl2/xz_dec_stream.o
                0x000000000020504c                xz_dec_end
 .text.mtk_mmc_gpt_image_setup
                0x000000000020505c       0x6c /media/data_nvme/git/uboot/u-boot/build/mt7988/release/bl2/bl2_boot_mmc.o
                0x000000000020505c                mtk_mmc_gpt_image_setup
 .text.mtk_fip_image_setup
                0x00000000002050c8       0x74 /media/data_nvme/git/uboot/u-boot/build/mt7988/release/bl2/bl2_boot_mmc.o
                0x00000000002050c8                mtk_fip_image_setup
 .text.check_gpt_dev
                0x000000000020513c       0x10 /media/data_nvme/git/uboot/u-boot/build/mt7988/release/bl2/bl2_plat_setup.o
 .text.check_boot_dev
                0x000000000020514c       0x10 /media/data_nvme/git/uboot/u-boot/build/mt7988/release/bl2/bl2_plat_setup.o
 .text.check_fip
                0x000000000020515c       0x48 /media/data_nvme/git/uboot/u-boot/build/mt7988/release/bl2/bl2_plat_setup.o
 .text.plat_get_image_source
                0x00000000002051a4       0x68 /media/data_nvme/git/uboot/u-boot/build/mt7988/release/bl2/bl2_plat_setup.o
                0x00000000002051a4                plat_get_image_source
 .text.bl2_plat_preload_setup
                0x000000000020520c       0x14 /media/data_nvme/git/uboot/u-boot/build/mt7988/release/bl2/bl2_plat_setup.o
                0x000000000020520c                bl2_plat_preload_setup
 .text.bl2_plat_handle_pre_image_load
                0x0000000000205220       0x2c /media/data_nvme/git/uboot/u-boot/build/mt7988/release/bl2/bl2_plat_setup.o
                0x0000000000205220                bl2_plat_handle_pre_image_load
 .text.bl2_plat_handle_post_image_load
                0x000000000020524c       0x38 /media/data_nvme/git/uboot/u-boot/build/mt7988/release/bl2/bl2_plat_setup.o
                0x000000000020524c                bl2_plat_handle_post_image_load
 .text.plat_get_bl_image_load_info
                0x0000000000205284        0x4 /media/data_nvme/git/uboot/u-boot/build/mt7988/release/bl2/bl2_plat_setup.o
                0x0000000000205284                plat_get_bl_image_load_info
 .text.plat_get_next_bl_params
                0x0000000000205288        0x4 /media/data_nvme/git/uboot/u-boot/build/mt7988/release/bl2/bl2_plat_setup.o
                0x0000000000205288                plat_get_next_bl_params
 .text.plat_flush_next_bl_params
                0x000000000020528c        0x4 /media/data_nvme/git/uboot/u-boot/build/mt7988/release/bl2/bl2_plat_setup.o
                0x000000000020528c                plat_flush_next_bl_params
 .text.platform_mem_init
                0x0000000000205290        0x4 /media/data_nvme/git/uboot/u-boot/build/mt7988/release/bl2/bl2_plat_setup.o
                0x0000000000205290                platform_mem_init
 .text.bl2_el3_early_platform_setup
                0x0000000000205294       0x24 /media/data_nvme/git/uboot/u-boot/build/mt7988/release/bl2/bl2_plat_setup.o
                0x0000000000205294                bl2_el3_early_platform_setup
 .text.bl2_platform_setup
                0x00000000002052b8       0x8c /media/data_nvme/git/uboot/u-boot/build/mt7988/release/bl2/bl2_plat_setup.o
                0x00000000002052b8                bl2_platform_setup
 .text.msdc_card_busy
                0x0000000000205344       0x18 /media/data_nvme/git/uboot/u-boot/build/mt7988/release/bl2/mtk-sd.o
 .text.mtk_mmc_prepare
                0x000000000020535c       0x58 /media/data_nvme/git/uboot/u-boot/build/mt7988/release/bl2/mtk-sd.o
 .text.mtk_mmc_write
                0x00000000002053b4        0x8 /media/data_nvme/git/uboot/u-boot/build/mt7988/release/bl2/mtk-sd.o
 .text.mtk_mmc_read
                0x00000000002053bc      0x17c /media/data_nvme/git/uboot/u-boot/build/mt7988/release/bl2/mtk-sd.o
 .text.msdc_ops_set_ios
                0x0000000000205538      0x1a8 /media/data_nvme/git/uboot/u-boot/build/mt7988/release/bl2/mtk-sd.o
 .text.msdc_reset_hw.constprop.0
                0x00000000002056e0       0x20 /media/data_nvme/git/uboot/u-boot/build/mt7988/release/bl2/mtk-sd.o
 .text.msdc_init_hw
                0x0000000000205700      0x228 /media/data_nvme/git/uboot/u-boot/build/mt7988/release/bl2/mtk-sd.o
 .text.mtk_mmc_send_cmd
                0x0000000000205928      0x224 /media/data_nvme/git/uboot/u-boot/build/mt7988/release/bl2/mtk-sd.o
 .text.mtk_mmc_init
                0x0000000000205b4c       0x54 /media/data_nvme/git/uboot/u-boot/build/mt7988/release/bl2/mtk-sd.o
                0x0000000000205b4c                mtk_mmc_init
 .text.mtk_plat_mmc_setup
                0x0000000000205ba0      0x104 /media/data_nvme/git/uboot/u-boot/build/mt7988/release/bl2/bl2_dev_mmc.o
                0x0000000000205ba0                mtk_plat_mmc_setup
 .text.mtk_disable_GDU
                0x0000000000205ca4       0x14 /media/data_nvme/git/uboot/u-boot/build/mt7988/release/bl2/bl2_plat_init.o
 .text.mtk_disable_PGD
                0x0000000000205cb8       0x1c /media/data_nvme/git/uboot/u-boot/build/mt7988/release/bl2/bl2_plat_init.o
 .text.mtk_wed_init
                0x0000000000205cd4       0x2c /media/data_nvme/git/uboot/u-boot/build/mt7988/release/bl2/bl2_plat_init.o
 .text.mtk_infra_ao_init
                0x0000000000205d00       0x10 /media/data_nvme/git/uboot/u-boot/build/mt7988/release/bl2/bl2_plat_init.o
 .text.mtk_i2p5g_phy_init
                0x0000000000205d10       0x18 /media/data_nvme/git/uboot/u-boot/build/mt7988/release/bl2/bl2_plat_init.o
 .text.mt7988_i2c_init
                0x0000000000205d28        0x4 /media/data_nvme/git/uboot/u-boot/build/mt7988/release/bl2/bl2_plat_init.o
 .text.mtk_pcie_init
                0x0000000000205d2c       0xd0 /media/data_nvme/git/uboot/u-boot/build/mt7988/release/bl2/bl2_plat_init.o
 .text.mtk_print_cpu
                0x0000000000205dfc       0x10 /media/data_nvme/git/uboot/u-boot/build/mt7988/release/bl2/bl2_plat_init.o
 .text.mt7988_pll_init
                0x0000000000205e0c       0x18 /media/data_nvme/git/uboot/u-boot/build/mt7988/release/bl2/bl2_plat_init.o
 .text.mtk_wdt_init
                0x0000000000205e24       0x18 /media/data_nvme/git/uboot/u-boot/build/mt7988/release/bl2/bl2_plat_init.o
 .text.mtk_eip197_init
                0x0000000000205e3c        0x4 /media/data_nvme/git/uboot/u-boot/build/mt7988/release/bl2/bl2_plat_init.o
 .text.bl2_el3_plat_arch_setup
                0x0000000000205e40       0x14 /media/data_nvme/git/uboot/u-boot/build/mt7988/release/bl2/bl2_plat_init.o
                0x0000000000205e40                bl2_el3_plat_arch_setup
 .text.plat_is_my_cpu_primary
                0x0000000000205e54        0x8 /media/data_nvme/git/uboot/u-boot/build/mt7988/release/bl2/bl2_plat_init.o
                0x0000000000205e54                plat_is_my_cpu_primary
 .text.mtk_mem_init
                0x0000000000205e5c       0x30 /media/data_nvme/git/uboot/u-boot/build/mt7988/release/bl2/emicfg.o
                0x0000000000205e5c                mtk_mem_init
 .text.mtk_mem_dbg_print
                0x0000000000205e8c       0x60 /media/data_nvme/git/uboot/u-boot/build/mt7988/release/bl2/emicfg.o
                0x0000000000205e8c                mtk_mem_dbg_print
 .text.mt_set_pinmux_mode_chip
                0x0000000000205eec       0x48 /media/data_nvme/git/uboot/u-boot/build/mt7988/release/bl2/mt7988_gpio.o
 .text.mt_gpio_find_reg_addr
                0x0000000000205f34       0x38 /media/data_nvme/git/uboot/u-boot/build/mt7988/release/bl2/mt7988_gpio.o
 .text.mt_gpio_set_pull_chip
                0x0000000000205f6c       0xd8 /media/data_nvme/git/uboot/u-boot/build/mt7988/release/bl2/mt7988_gpio.o
 .text.mt_set_gpio_dir
                0x0000000000206044       0x34 /media/data_nvme/git/uboot/u-boot/build/mt7988/release/bl2/mt7988_gpio.o
                0x0000000000206044                mt_set_gpio_dir
 .text.mt_get_gpio_dir
                0x0000000000206078       0x28 /media/data_nvme/git/uboot/u-boot/build/mt7988/release/bl2/mt7988_gpio.o
                0x0000000000206078                mt_get_gpio_dir
 .text.mt_set_gpio_pull
                0x00000000002060a0       0x2c /media/data_nvme/git/uboot/u-boot/build/mt7988/release/bl2/mt7988_gpio.o
                0x00000000002060a0                mt_set_gpio_pull
 .text.mt_get_gpio_pull
                0x00000000002060cc       0x9c /media/data_nvme/git/uboot/u-boot/build/mt7988/release/bl2/mt7988_gpio.o
                0x00000000002060cc                mt_get_gpio_pull
 .text.mt_set_gpio_out
                0x0000000000206168       0x30 /media/data_nvme/git/uboot/u-boot/build/mt7988/release/bl2/mt7988_gpio.o
                0x0000000000206168                mt_set_gpio_out
 .text.mt_get_gpio_in
                0x0000000000206198       0x28 /media/data_nvme/git/uboot/u-boot/build/mt7988/release/bl2/mt7988_gpio.o
                0x0000000000206198                mt_get_gpio_in
 .text.mt_set_pinmux_mode
                0x00000000002061c0        0x4 /media/data_nvme/git/uboot/u-boot/build/mt7988/release/bl2/mt7988_gpio.o
                0x00000000002061c0                mt_set_pinmux_mode
 .text.mt_get_pinmux_mode
                0x00000000002061c4       0x24 /media/data_nvme/git/uboot/u-boot/build/mt7988/release/bl2/mt7988_gpio.o
                0x00000000002061c4                mt_get_pinmux_mode
 .text.mtk_pin_init
                0x00000000002061e8        0xc /media/data_nvme/git/uboot/u-boot/build/mt7988/release/bl2/mt7988_gpio.o
                0x00000000002061e8                mtk_pin_init
 .text.mt7988_set_default_pinmux
                0x00000000002061f4       0x60 /media/data_nvme/git/uboot/u-boot/build/mt7988/release/bl2/mt7988_gpio.o
                0x00000000002061f4                mt7988_set_default_pinmux
 .text.mtk_pll_init
                0x0000000000206254      0x4e0 /media/data_nvme/git/uboot/u-boot/build/mt7988/release/bl2/pll.o
                0x0000000000206254                mtk_pll_init
 .text.plat_get_syscnt_freq2
                0x0000000000206734       0x24 /media/data_nvme/git/uboot/u-boot/build/mt7988/release/bl2/cpuxgpt.o
                0x0000000000206734                plat_get_syscnt_freq2
 .text.plat_mt_cpuxgpt_init
                0x0000000000206758       0x38 /media/data_nvme/git/uboot/u-boot/build/mt7988/release/bl2/cpuxgpt.o
                0x0000000000206758                plat_mt_cpuxgpt_init
 .text.plat_mt_cpuxgpt_pll_update_sync
                0x0000000000206790       0x24 /media/data_nvme/git/uboot/u-boot/build/mt7988/release/bl2/cpuxgpt.o
                0x0000000000206790                plat_mt_cpuxgpt_pll_update_sync
 .text.mtk_wdt_control
                0x00000000002067b4       0x50 /media/data_nvme/git/uboot/u-boot/build/mt7988/release/bl2/mtk_wdt.o
                0x00000000002067b4                mtk_wdt_control
 .text.mtk_wdt_print_status
                0x0000000000206804       0xc8 /media/data_nvme/git/uboot/u-boot/build/mt7988/release/bl2/mtk_wdt.o
                0x0000000000206804                mtk_wdt_print_status
 .text.load_auth_image
                0x00000000002068cc       0xec /media/data_nvme/git/uboot/u-boot/build/mt7988/release/bl2/bl_common.o
                0x00000000002068cc                load_auth_image
 .text.print_entry_point_info
                0x00000000002069b8        0x4 /media/data_nvme/git/uboot/u-boot/build/mt7988/release/bl2/bl_common.o
                0x00000000002069b8                print_entry_point_info
 .text.tf_log   0x00000000002069bc       0x94 /media/data_nvme/git/uboot/u-boot/build/mt7988/release/bl2/tf_log.o
                0x00000000002069bc                tf_log
 .text.console_is_registered
                0x0000000000206a50       0x2c /media/data_nvme/git/uboot/u-boot/build/mt7988/release/bl2/multi_console.o
                0x0000000000206a50                console_is_registered
 .text.console_register
                0x0000000000206a7c       0x34 /media/data_nvme/git/uboot/u-boot/build/mt7988/release/bl2/multi_console.o
                0x0000000000206a7c                console_register
 .text.console_putc
                0x0000000000206ab0       0x9c /media/data_nvme/git/uboot/u-boot/build/mt7988/release/bl2/multi_console.o
                0x0000000000206ab0                console_putc
 .text.putchar  0x0000000000206b4c       0x28 /media/data_nvme/git/uboot/u-boot/build/mt7988/release/bl2/multi_console.o
                0x0000000000206b4c                putchar
 .text.console_flush
                0x0000000000206b74       0x54 /media/data_nvme/git/uboot/u-boot/build/mt7988/release/bl2/multi_console.o
                0x0000000000206b74                console_flush
 .text.bl2_el3_plat_prepare_exit
                0x0000000000206bc8        0x4 /media/data_nvme/git/uboot/u-boot/build/mt7988/release/bl2/plat_bl_common.o
                0x0000000000206bc8                bl2_el3_plat_prepare_exit
 .text.plat_error_handler
                0x0000000000206bcc        0x8 /media/data_nvme/git/uboot/u-boot/build/mt7988/release/bl2/plat_bl_common.o
                0x0000000000206bcc                plat_error_handler
 .text.plat_try_next_boot_source
                0x0000000000206bd4        0x8 /media/data_nvme/git/uboot/u-boot/build/mt7988/release/bl2/plat_bl_common.o
                0x0000000000206bd4                plat_try_next_boot_source
 .text.plat_log_get_prefix
                0x0000000000206bdc       0x30 /media/data_nvme/git/uboot/u-boot/build/mt7988/release/bl2/plat_log_common.o
                0x0000000000206bdc                plat_log_get_prefix
 .text.complex_mem_test
                0x0000000000206c0c      0x6dc plat/mediatek/mt7988/drivers/dram/release/dram.o
                0x0000000000206c0c                complex_mem_test
 .text.mtk_mem_init_real
                0x00000000002072e8      0x12c plat/mediatek/mt7988/drivers/dram/release/dram.o
                0x00000000002072e8                mtk_mem_init_real
 .text.Roundup_Operation
                0x0000000000207414       0x40 plat/mediatek/mt7988/drivers/dram/release/dram.o
                0x0000000000207414                Roundup_Operation
 .text.PC3_DRAM_INIT_CWL_MRfield_config
                0x0000000000207454       0xd8 plat/mediatek/mt7988/drivers/dram/release/dram.o
                0x0000000000207454                PC3_DRAM_INIT_CWL_MRfield_config
 .text.PC3_DRAM_INIT_CL_MRfield_config
                0x000000000020752c       0xb0 plat/mediatek/mt7988/drivers/dram/release/dram.o
                0x000000000020752c                PC3_DRAM_INIT_CL_MRfield_config
 .text.PC3_DRAM_config
                0x00000000002075dc       0xfc plat/mediatek/mt7988/drivers/dram/release/dram.o
                0x00000000002075dc                PC3_DRAM_config
 .text.Get_WL_by_MR_PC3
                0x00000000002076d8       0x6c plat/mediatek/mt7988/drivers/dram/release/dram.o
                0x00000000002076d8                Get_WL_by_MR_PC3
 .text.Get_RL_by_MR_PC3
                0x0000000000207744       0xe0 plat/mediatek/mt7988/drivers/dram/release/dram.o
                0x0000000000207744                Get_RL_by_MR_PC3
 .text.PC4_WR_INIT_MRfiled_config
                0x0000000000207824       0xfc plat/mediatek/mt7988/drivers/dram/release/dram.o
                0x0000000000207824                PC4_WR_INIT_MRfiled_config
 .text.PC4_WR_INIT_TCCDL_config
                0x0000000000207920       0x78 plat/mediatek/mt7988/drivers/dram/release/dram.o
                0x0000000000207920                PC4_WR_INIT_TCCDL_config
 .text.PC4_DRAM_INIT_CWL_MRfield_config
                0x0000000000207998       0xb0 plat/mediatek/mt7988/drivers/dram/release/dram.o
                0x0000000000207998                PC4_DRAM_INIT_CWL_MRfield_config
 .text.PC4_DRAM_INIT_CL_MRfield_config
                0x0000000000207a48       0xc4 plat/mediatek/mt7988/drivers/dram/release/dram.o
                0x0000000000207a48                PC4_DRAM_INIT_CL_MRfield_config
 .text.Get_WL_by_MR_PC4
                0x0000000000207b0c       0x78 plat/mediatek/mt7988/drivers/dram/release/dram.o
                0x0000000000207b0c                Get_WL_by_MR_PC4
 .text.PC4_DRAM_config
                0x0000000000207b84      0x11c plat/mediatek/mt7988/drivers/dram/release/dram.o
                0x0000000000207b84                PC4_DRAM_config
 .text.Get_RL_by_MR_PC4
                0x0000000000207ca0       0x78 plat/mediatek/mt7988/drivers/dram/release/dram.o
                0x0000000000207ca0                Get_RL_by_MR_PC4
 .text.DdrUpdateACTiming
                0x0000000000207d18     0x15ec plat/mediatek/mt7988/drivers/dram/release/dram.o
                0x0000000000207d18                DdrUpdateACTiming
 .text.DramcDumpDebugInfo
                0x0000000000209304      0x118 plat/mediatek/mt7988/drivers/dram/release/dram.o
                0x0000000000209304                DramcDumpDebugInfo
 .text.vSetDFSTable
                0x000000000020941c        0x8 plat/mediatek/mt7988/drivers/dram/release/dram.o
                0x000000000020941c                vSetDFSTable
 .text.vSetDFSFreqSelByTable
                0x0000000000209424       0x2c plat/mediatek/mt7988/drivers/dram/release/dram.o
                0x0000000000209424                vSetDFSFreqSelByTable
 .text.vInitMappingFreqArray
                0x0000000000209450       0x38 plat/mediatek/mt7988/drivers/dram/release/dram.o
                0x0000000000209450                vInitMappingFreqArray
 .text.get_FreqTbl_by_shuffleIndex
                0x0000000000209488       0x30 plat/mediatek/mt7988/drivers/dram/release/dram.o
                0x0000000000209488                get_FreqTbl_by_shuffleIndex
 .text.mtk_drm_get_debug_ctl
                0x00000000002094b8       0x24 plat/mediatek/mt7988/drivers/dram/release/dram.o
 .text.drm_dram_reserved
                0x00000000002094dc       0xc8 plat/mediatek/mt7988/drivers/dram/release/dram.o
                0x00000000002094dc                drm_dram_reserved
 .text.drm_is_reserve_ddr_enabled
                0x00000000002095a4       0x14 plat/mediatek/mt7988/drivers/dram/release/dram.o
                0x00000000002095a4                drm_is_reserve_ddr_enabled
 .text.drm_is_dram_slf
                0x00000000002095b8       0x44 plat/mediatek/mt7988/drivers/dram/release/dram.o
                0x00000000002095b8                drm_is_dram_slf
 .text.drm_wait_for_reg_update_done
                0x00000000002095fc       0xa4 plat/mediatek/mt7988/drivers/dram/release/dram.o
                0x00000000002095fc                drm_wait_for_reg_update_done
 .text.drm_update_reg
                0x00000000002096a0      0x108 plat/mediatek/mt7988/drivers/dram/release/dram.o
                0x00000000002096a0                drm_update_reg
 .text.drm_is_reserve_ddr_mode_success
                0x00000000002097a8       0x40 plat/mediatek/mt7988/drivers/dram/release/dram.o
                0x00000000002097a8                drm_is_reserve_ddr_mode_success
 .text.drm_release_rg_dramc_conf_iso
                0x00000000002097e8       0x48 plat/mediatek/mt7988/drivers/dram/release/dram.o
                0x00000000002097e8                drm_release_rg_dramc_conf_iso
 .text.drm_release_rg_dramc_iso
                0x0000000000209830       0x14 plat/mediatek/mt7988/drivers/dram/release/dram.o
                0x0000000000209830                drm_release_rg_dramc_iso
 .text.drm_release_rg_dramc_sref
                0x0000000000209844       0x14 plat/mediatek/mt7988/drivers/dram/release/dram.o
                0x0000000000209844                drm_release_rg_dramc_sref
 .text.drm_is_dvfsrc_success
                0x0000000000209858       0x34 plat/mediatek/mt7988/drivers/dram/release/dram.o
                0x0000000000209858                drm_is_dvfsrc_success
 .text.drm_is_dvfsrc_enable
                0x000000000020988c       0x14 plat/mediatek/mt7988/drivers/dram/release/dram.o
                0x000000000020988c                drm_is_dvfsrc_enable
 .text.mtk_drm_init
                0x00000000002098a0      0x108 plat/mediatek/mt7988/drivers/dram/release/dram.o
                0x00000000002098a0                mtk_drm_init
 .text.set_mtk_drm_to_default
                0x00000000002099a8       0xb4 plat/mediatek/mt7988/drivers/dram/release/dram.o
                0x00000000002099a8                set_mtk_drm_to_default
 .text.EnableCommonDCMNonShuffle
                0x0000000000209a5c      0x1fc plat/mediatek/mt7988/drivers/dram/release/dram.o
                0x0000000000209a5c                EnableCommonDCMNonShuffle
 .text.EnableCommonDCMShuffle
                0x0000000000209c58       0xa4 plat/mediatek/mt7988/drivers/dram/release/dram.o
                0x0000000000209c58                EnableCommonDCMShuffle
 .text.EnableDramcPhyDCMNonShuffle
                0x0000000000209cfc      0x550 plat/mediatek/mt7988/drivers/dram/release/dram.o
                0x0000000000209cfc                EnableDramcPhyDCMNonShuffle
 .text.EnableDramcPhyDCMShuffle
                0x000000000020a24c      0x198 plat/mediatek/mt7988/drivers/dram/release/dram.o
                0x000000000020a24c                EnableDramcPhyDCMShuffle
 .text.EnableDramcPhyDCM
                0x000000000020a3e4       0x54 plat/mediatek/mt7988/drivers/dram/release/dram.o
                0x000000000020a3e4                EnableDramcPhyDCM
 .text.EnableRxDcmDPhy
                0x000000000020a438       0x1c plat/mediatek/mt7988/drivers/dram/release/dram.o
                0x000000000020a438                EnableRxDcmDPhy
 .text.DRM_DDR34_SWZQ
                0x000000000020a454      0x128 plat/mediatek/mt7988/drivers/dram/release/dram.o
                0x000000000020a454                DRM_DDR34_SWZQ
 .text.MD32_init
                0x000000000020a57c       0xc8 plat/mediatek/mt7988/drivers/dram/release/dram.o
                0x000000000020a57c                MD32_init
 .text.ASVA5_8_CSCA_Pull_Down_EN
                0x000000000020a644       0xc4 plat/mediatek/mt7988/drivers/dram/release/dram.o
                0x000000000020a644                ASVA5_8_CSCA_Pull_Down_EN
 .text.ASVA5_8_CSCA_Pull_Down_DIS
                0x000000000020a708       0x68 plat/mediatek/mt7988/drivers/dram/release/dram.o
                0x000000000020a708                ASVA5_8_CSCA_Pull_Down_DIS
 .text.wait_SREFx
                0x000000000020a770       0x44 plat/mediatek/mt7988/drivers/dram/release/dram.o
                0x000000000020a770                wait_SREFx
 .text.dump_last_dramc
                0x000000000020a7b4      0x228 plat/mediatek/mt7988/drivers/dram/release/dram.o
                0x000000000020a7b4                dump_last_dramc
 .text.dump_gating_error_rg
                0x000000000020a9dc      0x1f8 plat/mediatek/mt7988/drivers/dram/release/dram.o
                0x000000000020a9dc                dump_gating_error_rg
 .text.Dramc_DDR_Reserved_Mode_setting
                0x000000000020abd4      0x880 plat/mediatek/mt7988/drivers/dram/release/dram.o
                0x000000000020abd4                Dramc_DDR_Reserved_Mode_setting
 .text.Dramc_DDR_Reserved_Mode_BeforeSR
                0x000000000020b454      0x268 plat/mediatek/mt7988/drivers/dram/release/dram.o
                0x000000000020b454                Dramc_DDR_Reserved_Mode_BeforeSR
 .text.Dramc_DDR_Reserved_Mode_AfterSR
                0x000000000020b6bc      0x248 plat/mediatek/mt7988/drivers/dram/release/dram.o
                0x000000000020b6bc                Dramc_DDR_Reserved_Mode_AfterSR
 .text.Patch_ReK
                0x000000000020b904       0xc4 plat/mediatek/mt7988/drivers/dram/release/dram.o
                0x000000000020b904                Patch_ReK
 .text.Before_Init_DRAM_While_Reserve_Mode_fail
                0x000000000020b9c8       0x40 plat/mediatek/mt7988/drivers/dram/release/dram.o
                0x000000000020b9c8                Before_Init_DRAM_While_Reserve_Mode_fail
 .text.ANA_TOP_FUNCTION_CFG
                0x000000000020ba08      0x134 plat/mediatek/mt7988/drivers/dram/release/dram.o
                0x000000000020ba08                ANA_TOP_FUNCTION_CFG
 .text.ANA_CLK_DIV_config
                0x000000000020bb3c      0x7d4 plat/mediatek/mt7988/drivers/dram/release/dram.o
                0x000000000020bb3c                ANA_CLK_DIV_config
 .text.DRAMC_SUBSYS_PRE_CONFIG
                0x000000000020c310      0x3a0 plat/mediatek/mt7988/drivers/dram/release/dram.o
                0x000000000020c310                DRAMC_SUBSYS_PRE_CONFIG
 .text.FMeter   0x000000000020c6b0       0xd4 plat/mediatek/mt7988/drivers/dram/release/dram.o
 .text.mdl_setting
                0x000000000020c784       0x38 plat/mediatek/mt7988/drivers/dram/release/dram.o
                0x000000000020c784                mdl_setting
 .text.dramc_set_vcore_voltage
                0x000000000020c7bc        0x8 plat/mediatek/mt7988/drivers/dram/release/dram.o
                0x000000000020c7bc                dramc_set_vcore_voltage
 .text.dramc_get_vcore_voltage
                0x000000000020c7c4        0x8 plat/mediatek/mt7988/drivers/dram/release/dram.o
                0x000000000020c7c4                dramc_get_vcore_voltage
 .text.dramc_get_vdram_voltage
                0x000000000020c7cc        0x8 plat/mediatek/mt7988/drivers/dram/release/dram.o
                0x000000000020c7cc                dramc_get_vdram_voltage
 .text.dramc_get_vddq_voltage
                0x000000000020c7d4        0x8 plat/mediatek/mt7988/drivers/dram/release/dram.o
                0x000000000020c7d4                dramc_get_vddq_voltage
 .text.dramc_get_vmddr_voltage
                0x000000000020c7dc        0x8 plat/mediatek/mt7988/drivers/dram/release/dram.o
                0x000000000020c7dc                dramc_get_vmddr_voltage
 .text.dramc_get_vio18_voltage
                0x000000000020c7e4        0x8 plat/mediatek/mt7988/drivers/dram/release/dram.o
                0x000000000020c7e4                dramc_get_vio18_voltage
 .text.release_dram
                0x000000000020c7ec       0x5c plat/mediatek/mt7988/drivers/dram/release/dram.o
                0x000000000020c7ec                release_dram
 .text.check_ddr_reserve_status
                0x000000000020c848      0x1bc plat/mediatek/mt7988/drivers/dram/release/dram.o
                0x000000000020c848                check_ddr_reserve_status
 .text.get_dram_channel_nr
                0x000000000020ca04        0x4 plat/mediatek/mt7988/drivers/dram/release/dram.o
                0x000000000020ca04                get_dram_channel_nr
 .text.get_dram_rank_nr
                0x000000000020ca08       0x18 plat/mediatek/mt7988/drivers/dram/release/dram.o
                0x000000000020ca08                get_dram_rank_nr
 .text.mt_set_emi
                0x000000000020ca20       0xa0 plat/mediatek/mt7988/drivers/dram/release/dram.o
                0x000000000020ca20                mt_set_emi
 .text.dram_auto_detect_size
                0x000000000020cac0      0x244 plat/mediatek/mt7988/drivers/dram/release/dram.o
                0x000000000020cac0                dram_auto_detect_size
 .text.set_emi_cona_by_size
                0x000000000020cd04      0x2c0 plat/mediatek/mt7988/drivers/dram/release/dram.o
                0x000000000020cd04                set_emi_cona_by_size
 .text.doe_get_config
                0x000000000020cfc4        0x8 plat/mediatek/mt7988/drivers/dram/release/dram.o
                0x000000000020cfc4                doe_get_config
 .text.DDRPhyFreqMeter
                0x000000000020cfcc      0x110 plat/mediatek/mt7988/drivers/dram/release/dram.o
                0x000000000020cfcc                DDRPhyFreqMeter
 .text.reset_dramc_ddrphy
                0x000000000020d0dc       0xf4 plat/mediatek/mt7988/drivers/dram/release/dram.o
                0x000000000020d0dc                reset_dramc_ddrphy
 .text.DramcRestoreMixedRG_Single
                0x000000000020d1d0       0xd0 plat/mediatek/mt7988/drivers/dram/release/dram.o
 .text.DramcBackupMixedRG_Single
                0x000000000020d2a0       0xc0 plat/mediatek/mt7988/drivers/dram/release/dram.o
 .text.CKE_FIX_ON
                0x000000000020d360       0x3c plat/mediatek/mt7988/drivers/dram/release/dram.o
                0x000000000020d360                CKE_FIX_ON
 .text.CKE_FIX_OFF
                0x000000000020d39c       0x3c plat/mediatek/mt7988/drivers/dram/release/dram.o
                0x000000000020d39c                CKE_FIX_OFF
 .text.SetClkFreeRun
                0x000000000020d3d8       0xc0 plat/mediatek/mt7988/drivers/dram/release/dram.o
                0x000000000020d3d8                SetClkFreeRun
 .text.is_ddr3_family
                0x000000000020d498       0x10 plat/mediatek/mt7988/drivers/dram/release/dram.o
                0x000000000020d498                is_ddr3_family
 .text.is_ddr4_family
                0x000000000020d4a8       0x10 plat/mediatek/mt7988/drivers/dram/release/dram.o
                0x000000000020d4a8                is_ddr4_family
 .text.is_16bit_DATA_WIDTH
                0x000000000020d4b8       0x30 plat/mediatek/mt7988/drivers/dram/release/dram.o
                0x000000000020d4b8                is_16bit_DATA_WIDTH
 .text.is_32bit_DATA_WIDTH
                0x000000000020d4e8       0x28 plat/mediatek/mt7988/drivers/dram/release/dram.o
                0x000000000020d4e8                is_32bit_DATA_WIDTH
 .text.GetDramcBroadcast
                0x000000000020d510       0x1c plat/mediatek/mt7988/drivers/dram/release/dram.o
                0x000000000020d510                GetDramcBroadcast
 .text.DramcBroadcastOnOff
                0x000000000020d52c       0x2c plat/mediatek/mt7988/drivers/dram/release/dram.o
                0x000000000020d52c                DramcBroadcastOnOff
 .text.vSetPHY2ChannelMapping
                0x000000000020d558        0xc plat/mediatek/mt7988/drivers/dram/release/dram.o
                0x000000000020d558                vSetPHY2ChannelMapping
 .text.vGetPHY2ChannelMapping
                0x000000000020d564        0x8 plat/mediatek/mt7988/drivers/dram/release/dram.o
                0x000000000020d564                vGetPHY2ChannelMapping
 .text.vSetChannelNumber
                0x000000000020d56c        0x4 plat/mediatek/mt7988/drivers/dram/release/dram.o
                0x000000000020d56c                vSetChannelNumber
 .text.vSetRank
                0x000000000020d570        0xc plat/mediatek/mt7988/drivers/dram/release/dram.o
                0x000000000020d570                vSetRank
 .text.u1GetRank
                0x000000000020d57c        0x8 plat/mediatek/mt7988/drivers/dram/release/dram.o
                0x000000000020d57c                u1GetRank
 .text.vSetRankNumber
                0x000000000020d584       0x2c plat/mediatek/mt7988/drivers/dram/release/dram.o
                0x000000000020d584                vSetRankNumber
 .text.setFreqGroup
                0x000000000020d5b0       0xec plat/mediatek/mt7988/drivers/dram/release/dram.o
                0x000000000020d5b0                setFreqGroup
 .text.vGet_DDR_Loop_Mode
                0x000000000020d69c        0xc plat/mediatek/mt7988/drivers/dram/release/dram.o
                0x000000000020d69c                vGet_DDR_Loop_Mode
 .text.vGet_Div_Mode
                0x000000000020d6a8        0xc plat/mediatek/mt7988/drivers/dram/release/dram.o
                0x000000000020d6a8                vGet_Div_Mode
 .text.vGet_Current_ShuLevel
                0x000000000020d6b4        0xc plat/mediatek/mt7988/drivers/dram/release/dram.o
                0x000000000020d6b4                vGet_Current_ShuLevel
 .text.Get_Vref_Calibration_OnOff
                0x000000000020d6c0        0xc plat/mediatek/mt7988/drivers/dram/release/dram.o
                0x000000000020d6c0                Get_Vref_Calibration_OnOff
 .text.vGet_Dram_CBT_Mode
                0x000000000020d6cc       0x34 plat/mediatek/mt7988/drivers/dram/release/dram.o
                0x000000000020d6cc                vGet_Dram_CBT_Mode
 .text.vPrintCalibrationBasicInfo
                0x000000000020d700       0x54 plat/mediatek/mt7988/drivers/dram/release/dram.o
                0x000000000020d700                vPrintCalibrationBasicInfo
 .text.GetFreqBySel
                0x000000000020d754       0x4c plat/mediatek/mt7988/drivers/dram/release/dram.o
                0x000000000020d754                GetFreqBySel
 .text.GetDataRateByFreq
                0x000000000020d7a0      0x128 plat/mediatek/mt7988/drivers/dram/release/dram.o
                0x000000000020d7a0                GetDataRateByFreq
 .text.DDRPhyFreqSel
                0x000000000020d8c8       0x74 plat/mediatek/mt7988/drivers/dram/release/dram.o
                0x000000000020d8c8                DDRPhyFreqSel
 .text.GetEyeScanEnable
                0x000000000020d93c        0x8 plat/mediatek/mt7988/drivers/dram/release/dram.o
                0x000000000020d93c                GetEyeScanEnable
 .text.CKEFixOnOff
                0x000000000020d944      0x138 plat/mediatek/mt7988/drivers/dram/release/dram.o
                0x000000000020d944                CKEFixOnOff
 .text.vAutoRefreshSwitch
                0x000000000020da7c       0xe4 plat/mediatek/mt7988/drivers/dram/release/dram.o
                0x000000000020da7c                vAutoRefreshSwitch
 .text.vCKERankCtrl
                0x000000000020db60       0x94 plat/mediatek/mt7988/drivers/dram/release/dram.o
                0x000000000020db60                vCKERankCtrl
 .text.DramcSetRWOFOEN
                0x000000000020dbf4       0x6c plat/mediatek/mt7988/drivers/dram/release/dram.o
                0x000000000020dbf4                DramcSetRWOFOEN
 .text.DramcSetRankEngine2
                0x000000000020dc60       0x54 plat/mediatek/mt7988/drivers/dram/release/dram.o
                0x000000000020dc60                DramcSetRankEngine2
 .text.DramcEngine2SetPat
                0x000000000020dcb4      0x1dc plat/mediatek/mt7988/drivers/dram/release/dram.o
                0x000000000020dcb4                DramcEngine2SetPat
 .text.DramcEngine2CheckComplete
                0x000000000020de90      0x154 plat/mediatek/mt7988/drivers/dram/release/dram.o
                0x000000000020de90                DramcEngine2CheckComplete
 .text.DramcEngine2Compare
                0x000000000020dfe4       0xd8 plat/mediatek/mt7988/drivers/dram/release/dram.o
                0x000000000020dfe4                DramcEngine2Compare
 .text.DramcEngine2Init
                0x000000000020e0bc      0x14c plat/mediatek/mt7988/drivers/dram/release/dram.o
                0x000000000020e0bc                DramcEngine2Init
 .text.DramcEngine2Run
                0x000000000020e208       0xb8 plat/mediatek/mt7988/drivers/dram/release/dram.o
                0x000000000020e208                DramcEngine2Run
 .text.DramcEngine2End
                0x000000000020e2c0       0x50 plat/mediatek/mt7988/drivers/dram/release/dram.o
                0x000000000020e2c0                DramcEngine2End
 .text.TA2_Test_Run_Time_HW_Set_Column_Num
                0x000000000020e310       0x7c plat/mediatek/mt7988/drivers/dram/release/dram.o
                0x000000000020e310                TA2_Test_Run_Time_HW_Set_Column_Num
 .text.TA2_Test_Run_Time_HW_Presetting
                0x000000000020e38c      0x1e4 plat/mediatek/mt7988/drivers/dram/release/dram.o
                0x000000000020e38c                TA2_Test_Run_Time_HW_Presetting
 .text.TA2_Test_Run_Time_Pat_Setting
                0x000000000020e570       0xa0 plat/mediatek/mt7988/drivers/dram/release/dram.o
                0x000000000020e570                TA2_Test_Run_Time_Pat_Setting
 .text.TA2_Test_Run_Time_HW_Write
                0x000000000020e610       0x74 plat/mediatek/mt7988/drivers/dram/release/dram.o
                0x000000000020e610                TA2_Test_Run_Time_HW_Write
 .text.TA2_Show_Cnt
                0x000000000020e684       0xa8 plat/mediatek/mt7988/drivers/dram/release/dram.o
                0x000000000020e684                TA2_Show_Cnt
 .text.TA2_Test_Run_Time_HW_Status
                0x000000000020e72c       0xe8 plat/mediatek/mt7988/drivers/dram/release/dram.o
                0x000000000020e72c                TA2_Test_Run_Time_HW_Status
 .text.TA2_Test_Run_Time_HW
                0x000000000020e814       0x60 plat/mediatek/mt7988/drivers/dram/release/dram.o
                0x000000000020e814                TA2_Test_Run_Time_HW
 .text.DramcTriggerRTSWCMD
                0x000000000020e874      0x29c plat/mediatek/mt7988/drivers/dram/release/dram.o
                0x000000000020e874                DramcTriggerRTSWCMD
 .text.DramcModeRegWriteByRank_RTSWCMD_MRW
                0x000000000020eb10       0x5c plat/mediatek/mt7988/drivers/dram/release/dram.o
                0x000000000020eb10                DramcModeRegWriteByRank_RTSWCMD_MRW
 .text.DramcModeRegWriteByRank
                0x000000000020eb6c       0x58 plat/mediatek/mt7988/drivers/dram/release/dram.o
                0x000000000020eb6c                DramcModeRegWriteByRank
 .text.u1NeedSkipDPMRG
                0x000000000020ebc4       0x3c plat/mediatek/mt7988/drivers/dram/release/dram.o
                0x000000000020ebc4                u1NeedSkipDPMRG
 .text.DramcBackupRegisters_Single
                0x000000000020ec00       0x88 plat/mediatek/mt7988/drivers/dram/release/dram.o
 .text.DramcRestoreRegisters_Single
                0x000000000020ec88       0x8c plat/mediatek/mt7988/drivers/dram/release/dram.o
 .text.DramcBackupMixedRG
                0x000000000020ed14       0xb0 plat/mediatek/mt7988/drivers/dram/release/dram.o
                0x000000000020ed14                DramcBackupMixedRG
 .text.DramcRestoreMixedRG
                0x000000000020edc4       0xb4 plat/mediatek/mt7988/drivers/dram/release/dram.o
                0x000000000020edc4                DramcRestoreMixedRG
 .text.DramcBackupRegisters
                0x000000000020ee78       0xb0 plat/mediatek/mt7988/drivers/dram/release/dram.o
                0x000000000020ee78                DramcBackupRegisters
 .text.DramcRestoreRegisters
                0x000000000020ef28       0xb4 plat/mediatek/mt7988/drivers/dram/release/dram.o
                0x000000000020ef28                DramcRestoreRegisters
 .text.DDRPhyGetRealFreq
                0x000000000020efdc       0x60 plat/mediatek/mt7988/drivers/dram/release/dram.o
                0x000000000020efdc                DDRPhyGetRealFreq
 .text.emi_init
                0x000000000020f03c     0x1498 plat/mediatek/mt7988/drivers/dram/release/dram.o
 .text.get_cen_emi_cona
                0x00000000002104d4       0x14 plat/mediatek/mt7988/drivers/dram/release/dram.o
                0x00000000002104d4                get_cen_emi_cona
 .text.get_chn_emi_cona
                0x00000000002104e8       0x14 plat/mediatek/mt7988/drivers/dram/release/dram.o
                0x00000000002104e8                get_chn_emi_cona
 .text.get_channel_nr_by_emi
                0x00000000002104fc       0x20 plat/mediatek/mt7988/drivers/dram/release/dram.o
                0x00000000002104fc                get_channel_nr_by_emi
 .text.get_dram_rank_size_by_EMI_CONA
                0x000000000021051c      0x1d0 plat/mediatek/mt7988/drivers/dram/release/dram.o
                0x000000000021051c                get_dram_rank_size_by_EMI_CONA
 .text.phy_addr_to_dram_addr
                0x00000000002106ec      0x18c plat/mediatek/mt7988/drivers/dram/release/dram.o
                0x00000000002106ec                phy_addr_to_dram_addr
 .text.emi_config_default_dram_size
                0x0000000000210878      0x12c plat/mediatek/mt7988/drivers/dram/release/dram.o
                0x0000000000210878                emi_config_default_dram_size
 .text.mem_init_emi
                0x00000000002109a4      0x1a0 plat/mediatek/mt7988/drivers/dram/release/dram.o
                0x00000000002109a4                mem_init_emi
 .text.u4ByteSwapOfst
                0x0000000000210b44       0x54 plat/mediatek/mt7988/drivers/dram/release/dram.o
 .text.__meta_set
                0x0000000000210b98       0x48 plat/mediatek/mt7988/drivers/dram/release/dram.o
                0x0000000000210b98                __meta_set
 .text.__meta_restore
                0x0000000000210be0       0x94 plat/mediatek/mt7988/drivers/dram/release/dram.o
                0x0000000000210be0                __meta_restore
 .text.__meta_backup
                0x0000000000210c74       0xe8 plat/mediatek/mt7988/drivers/dram/release/dram.o
                0x0000000000210c74                __meta_backup
 .text.__meta_backup_and_set
                0x0000000000210d5c       0x3c plat/mediatek/mt7988/drivers/dram/release/dram.o
                0x0000000000210d5c                __meta_backup_and_set
 .text.__meta_advance
                0x0000000000210d98       0x2c plat/mediatek/mt7988/drivers/dram/release/dram.o
                0x0000000000210d98                __meta_advance
 .text.__meta_get
                0x0000000000210dc4       0x8c plat/mediatek/mt7988/drivers/dram/release/dram.o
                0x0000000000210dc4                __meta_get
 .text.u4PhyAoByteSwap
                0x0000000000210e50       0xbc plat/mediatek/mt7988/drivers/dram/release/dram.o
                0x0000000000210e50                u4PhyAoByteSwap
 .text.u4RegBaseAddrTranslate
                0x0000000000210f0c      0x164 plat/mediatek/mt7988/drivers/dram/release/dram.o
                0x0000000000210f0c                u4RegBaseAddrTranslate
 .text.u4Dram_Register_Read
                0x0000000000211070       0x28 plat/mediatek/mt7988/drivers/dram/release/dram.o
                0x0000000000211070                u4Dram_Register_Read
 .text.vIO32WriteMsk
                0x0000000000211098       0x68 plat/mediatek/mt7988/drivers/dram/release/dram.o
                0x0000000000211098                vIO32WriteMsk
 .text.vIO32WriteMsk_All
                0x0000000000211100       0xb4 plat/mediatek/mt7988/drivers/dram/release/dram.o
                0x0000000000211100                vIO32WriteMsk_All
 .text.vPhyByteIO32WriteMsk
                0x00000000002111b4       0x78 plat/mediatek/mt7988/drivers/dram/release/dram.o
                0x00000000002111b4                vPhyByteIO32WriteMsk
 .text.vPhyByteIO32WriteMsk_All
                0x000000000021122c       0xc4 plat/mediatek/mt7988/drivers/dram/release/dram.o
                0x000000000021122c                vPhyByteIO32WriteMsk_All
 .text.vPhyByteReadFldAlign
                0x00000000002112f0       0x9c plat/mediatek/mt7988/drivers/dram/release/dram.o
                0x00000000002112f0                vPhyByteReadFldAlign
 .text.vPhyByteWriteFldAlign
                0x000000000021138c      0x11c plat/mediatek/mt7988/drivers/dram/release/dram.o
                0x000000000021138c                vPhyByteWriteFldAlign
 .text.print_HW_ZQCAL_config
                0x00000000002114a8       0x84 plat/mediatek/mt7988/drivers/dram/release/dram.o
                0x00000000002114a8                print_HW_ZQCAL_config
 .text.DRAMC_HW_FUNC_ZQCAL_config
                0x000000000021152c       0x48 plat/mediatek/mt7988/drivers/dram/release/dram.o
                0x000000000021152c                DRAMC_HW_FUNC_ZQCAL_config
 .text.DIG_HW_NONSHUF_ZQCAL_CFG
                0x0000000000211574       0xbc plat/mediatek/mt7988/drivers/dram/release/dram.o
                0x0000000000211574                DIG_HW_NONSHUF_ZQCAL_CFG
 .text.DIG_HW_SHUF_ZQCAL_CFG
                0x0000000000211630       0x78 plat/mediatek/mt7988/drivers/dram/release/dram.o
                0x0000000000211630                DIG_HW_SHUF_ZQCAL_CFG
 .text.DIG_HW_NONSHUF_ZQCAL_SWITCH
                0x00000000002116a8       0x68 plat/mediatek/mt7988/drivers/dram/release/dram.o
                0x00000000002116a8                DIG_HW_NONSHUF_ZQCAL_SWITCH
 .text.print_HW_IMPCAL_config
                0x0000000000211710      0x154 plat/mediatek/mt7988/drivers/dram/release/dram.o
                0x0000000000211710                print_HW_IMPCAL_config
 .text.DRAMC_HW_FUNC_IMPCAL_config
                0x0000000000211864       0x90 plat/mediatek/mt7988/drivers/dram/release/dram.o
                0x0000000000211864                DRAMC_HW_FUNC_IMPCAL_config
 .text.DIG_HW_NONSHUF_IMPCAL_CFG
                0x00000000002118f4      0x128 plat/mediatek/mt7988/drivers/dram/release/dram.o
                0x00000000002118f4                DIG_HW_NONSHUF_IMPCAL_CFG
 .text.DIG_HW_SHUF_IMPCAL_CFG
                0x0000000000211a1c      0x3e0 plat/mediatek/mt7988/drivers/dram/release/dram.o
                0x0000000000211a1c                DIG_HW_SHUF_IMPCAL_CFG
 .text.DIG_HW_NONSHUF_IMPCAL_SWITCH
                0x0000000000211dfc       0x54 plat/mediatek/mt7988/drivers/dram/release/dram.o
                0x0000000000211dfc                DIG_HW_NONSHUF_IMPCAL_SWITCH
 .text.DIG_HW_NONSHUF_DQSG_SWITCH
                0x0000000000211e50       0x84 plat/mediatek/mt7988/drivers/dram/release/dram.o
                0x0000000000211e50                DIG_HW_NONSHUF_DQSG_SWITCH
 .text.DIG_HW_ATTRIBUTE_INIT
                0x0000000000211ed4       0x48 plat/mediatek/mt7988/drivers/dram/release/dram.o
                0x0000000000211ed4                DIG_HW_ATTRIBUTE_INIT
 .text.DIG_HW_NONSHU_MISC_FIX
                0x0000000000211f1c       0xcc plat/mediatek/mt7988/drivers/dram/release/dram.o
                0x0000000000211f1c                DIG_HW_NONSHU_MISC_FIX
 .text.DIG_HW_NONSHUF_CFG
                0x0000000000211fe8       0x7c plat/mediatek/mt7988/drivers/dram/release/dram.o
                0x0000000000211fe8                DIG_HW_NONSHUF_CFG
 .text.DIG_HW_SHUF_CFG
                0x0000000000212064       0x64 plat/mediatek/mt7988/drivers/dram/release/dram.o
                0x0000000000212064                DIG_HW_SHUF_CFG
 .text.DIG_HW_NONSHUF_SWITCH
                0x00000000002120c8       0x68 plat/mediatek/mt7988/drivers/dram/release/dram.o
                0x00000000002120c8                DIG_HW_NONSHUF_SWITCH
 .text.DIG_HW_SHUF_SWITCH
                0x0000000000212130        0x4 plat/mediatek/mt7988/drivers/dram/release/dram.o
                0x0000000000212130                DIG_HW_SHUF_SWITCH
 .text.MD32_initializaton_ch
                0x0000000000212134      0x81c plat/mediatek/mt7988/drivers/dram/release/dram.o
                0x0000000000212134                MD32_initializaton_ch
 .text.MD32_initializaton
                0x0000000000212950       0xc4 plat/mediatek/mt7988/drivers/dram/release/dram.o
                0x0000000000212950                MD32_initializaton
 .text.get_max_val
                0x0000000000212a14       0x2c plat/mediatek/mt7988/drivers/dram/release/dram.o
                0x0000000000212a14                get_max_val
 .text.get_min_val
                0x0000000000212a40       0x2c plat/mediatek/mt7988/drivers/dram/release/dram.o
                0x0000000000212a40                get_min_val
 .text.print_RX_path_config
                0x0000000000212a6c      0x314 plat/mediatek/mt7988/drivers/dram/release/dram.o
                0x0000000000212a6c                print_RX_path_config
 .text.print_RX_path_rg_val
                0x0000000000212d80      0x444 plat/mediatek/mt7988/drivers/dram/release/dram.o
                0x0000000000212d80                print_RX_path_rg_val
 .text.get_RX_path_config
                0x00000000002131c4      0x458 plat/mediatek/mt7988/drivers/dram/release/dram.o
                0x00000000002131c4                get_RX_path_config
 .text.calculate_RX_path_rg_val
                0x000000000021361c      0x8e4 plat/mediatek/mt7988/drivers/dram/release/dram.o
                0x000000000021361c                calculate_RX_path_rg_val
 .text.RX_PATH_auto_gen_and_set
                0x0000000000213f00      0x658 plat/mediatek/mt7988/drivers/dram/release/dram.o
                0x0000000000213f00                RX_PATH_auto_gen_and_set
 .text.ANA_PLL_shuffle_Config
                0x0000000000214558      0x338 plat/mediatek/mt7988/drivers/dram/release/dram.o
                0x0000000000214558                ANA_PLL_shuffle_Config
 .text.ANA_CLK_DIV_config_setting
                0x0000000000214890      0xb7c plat/mediatek/mt7988/drivers/dram/release/dram.o
                0x0000000000214890                ANA_CLK_DIV_config_setting
 .text.ANA_DLL_non_shuffle_config
                0x000000000021540c      0x258 plat/mediatek/mt7988/drivers/dram/release/dram.o
                0x000000000021540c                ANA_DLL_non_shuffle_config
 .text.ANA_DLL_shuffle_Config
                0x0000000000215664      0x654 plat/mediatek/mt7988/drivers/dram/release/dram.o
                0x0000000000215664                ANA_DLL_shuffle_Config
 .text.ANA_ARPI_shuffle_config
                0x0000000000215cb8      0x26c plat/mediatek/mt7988/drivers/dram/release/dram.o
                0x0000000000215cb8                ANA_ARPI_shuffle_config
 .text.ANA_TX_nonshuffle_config
                0x0000000000215f24     0x401c plat/mediatek/mt7988/drivers/dram/release/dram.o
                0x0000000000215f24                ANA_TX_nonshuffle_config
 .text.ANA_TX_shuffle_config
                0x0000000000219f40      0x4e4 plat/mediatek/mt7988/drivers/dram/release/dram.o
                0x0000000000219f40                ANA_TX_shuffle_config
 .text.ANA_RX_shuffle_config
                0x000000000021a424      0x248 plat/mediatek/mt7988/drivers/dram/release/dram.o
                0x000000000021a424                ANA_RX_shuffle_config
 .text.ANA_RX_nonshuffle_config
                0x000000000021a66c      0x2cc plat/mediatek/mt7988/drivers/dram/release/dram.o
                0x000000000021a66c                ANA_RX_nonshuffle_config
 .text.RESETB_PULL_DN
                0x000000000021a938      0x13c plat/mediatek/mt7988/drivers/dram/release/dram.o
                0x000000000021a938                RESETB_PULL_DN
 .text.SUSPEND_ON
                0x000000000021aa74      0x10c plat/mediatek/mt7988/drivers/dram/release/dram.o
                0x000000000021aa74                SUSPEND_ON
 .text.SPM_control
                0x000000000021ab80      0x1b0 plat/mediatek/mt7988/drivers/dram/release/dram.o
                0x000000000021ab80                SPM_control
 .text.ANA_OPEN_LOOP_MODE_config
                0x000000000021ad30      0x13c plat/mediatek/mt7988/drivers/dram/release/dram.o
                0x000000000021ad30                ANA_OPEN_LOOP_MODE_config
 .text.DIG_DCM_nonshuffle_config
                0x000000000021ae6c       0x44 plat/mediatek/mt7988/drivers/dram/release/dram.o
                0x000000000021ae6c                DIG_DCM_nonshuffle_config
 .text.DIG_PHY_SHU_MISC_CG_CTRL
                0x000000000021aeb0       0x1c plat/mediatek/mt7988/drivers/dram/release/dram.o
                0x000000000021aeb0                DIG_PHY_SHU_MISC_CG_CTRL
 .text.ANA_IMP_configure
                0x000000000021aecc       0x6c plat/mediatek/mt7988/drivers/dram/release/dram.o
                0x000000000021aecc                ANA_IMP_configure
 .text.ANA_CLOCK_SWITCH_WITH_MD32
                0x000000000021af38      0x228 plat/mediatek/mt7988/drivers/dram/release/dram.o
                0x000000000021af38                ANA_CLOCK_SWITCH_WITH_MD32
 .text.ANA_CLOCK_SWITCH
                0x000000000021b160      0x300 plat/mediatek/mt7988/drivers/dram/release/dram.o
                0x000000000021b160                ANA_CLOCK_SWITCH
 .text.ANA_Config_nonshuffle
                0x000000000021b460       0x70 plat/mediatek/mt7988/drivers/dram/release/dram.o
                0x000000000021b460                ANA_Config_nonshuffle
 .text.ANA_Config_shuffle
                0x000000000021b4d0       0xa0 plat/mediatek/mt7988/drivers/dram/release/dram.o
                0x000000000021b4d0                ANA_Config_shuffle
 .text.ANA_PHY_Config
                0x000000000021b570       0x30 plat/mediatek/mt7988/drivers/dram/release/dram.o
                0x000000000021b570                ANA_PHY_Config
 .text.ANA_PLL_sequence
                0x000000000021b5a0      0x464 plat/mediatek/mt7988/drivers/dram/release/dram.o
                0x000000000021b5a0                ANA_PLL_sequence
 .text.ANA_MIDPI_WITH_MD32
                0x000000000021ba04      0x148 plat/mediatek/mt7988/drivers/dram/release/dram.o
                0x000000000021ba04                ANA_MIDPI_WITH_MD32
 .text.ANA_MIDPI_sequence
                0x000000000021bb4c      0x714 plat/mediatek/mt7988/drivers/dram/release/dram.o
                0x000000000021bb4c                ANA_MIDPI_sequence
 .text.ANA_DLL_WITH_MD32
                0x000000000021c260      0x118 plat/mediatek/mt7988/drivers/dram/release/dram.o
                0x000000000021c260                ANA_DLL_WITH_MD32
 .text.ANA_DLL_sequence
                0x000000000021c378      0x52c plat/mediatek/mt7988/drivers/dram/release/dram.o
                0x000000000021c378                ANA_DLL_sequence
 .text.ANA_ClockOff_Sequence
                0x000000000021c8a4      0x400 plat/mediatek/mt7988/drivers/dram/release/dram.o
                0x000000000021c8a4                ANA_ClockOff_Sequence
 .text.ANA_init_DRM
                0x000000000021cca4       0x7c plat/mediatek/mt7988/drivers/dram/release/dram.o
                0x000000000021cca4                ANA_init_DRM
 .text.ANA_init_sequence
                0x000000000021cd20       0x74 plat/mediatek/mt7988/drivers/dram/release/dram.o
                0x000000000021cd20                ANA_init_sequence
 .text.ANA_init
                0x000000000021cd94       0x78 plat/mediatek/mt7988/drivers/dram/release/dram.o
                0x000000000021cd94                ANA_init
 .text.DIG_PHY_config
                0x000000000021ce0c      0x3fc plat/mediatek/mt7988/drivers/dram/release/dram.o
                0x000000000021ce0c                DIG_PHY_config
 .text.GATING_MODE_CFG
                0x000000000021d208      0x140 plat/mediatek/mt7988/drivers/dram/release/dram.o
                0x000000000021d208                GATING_MODE_CFG
 .text.DPHY_GAT_TRACK_Config
                0x000000000021d348      0x7dc plat/mediatek/mt7988/drivers/dram/release/dram.o
                0x000000000021d348                DPHY_GAT_TRACK_Config
 .text.DIG_CONFIG_NONSHUF_DCM
                0x000000000021db24      0x5c8 plat/mediatek/mt7988/drivers/dram/release/dram.o
                0x000000000021db24                DIG_CONFIG_NONSHUF_DCM
 .text.DDRPHY_PICG_Config
                0x000000000021e0ec       0x60 plat/mediatek/mt7988/drivers/dram/release/dram.o
                0x000000000021e0ec                DDRPHY_PICG_Config
 .text.DIG_NONSHU_CONFIG_JAGUAR
                0x000000000021e14c      0x270 plat/mediatek/mt7988/drivers/dram/release/dram.o
                0x000000000021e14c                DIG_NONSHU_CONFIG_JAGUAR
 .text.DRAMC_COMMON_Config
                0x000000000021e3bc      0xb18 plat/mediatek/mt7988/drivers/dram/release/dram.o
                0x000000000021e3bc                DRAMC_COMMON_Config
 .text.IO_Release
                0x000000000021eed4      0x188 plat/mediatek/mt7988/drivers/dram/release/dram.o
                0x000000000021eed4                IO_Release
 .text.DVFS_PRE_config
                0x000000000021f05c      0x3b8 plat/mediatek/mt7988/drivers/dram/release/dram.o
                0x000000000021f05c                DVFS_PRE_config
 .text.PERBIT_4BIT_PINUXSWAP_CONFIG
                0x000000000021f414      0x378 plat/mediatek/mt7988/drivers/dram/release/dram.o
                0x000000000021f414                PERBIT_4BIT_PINUXSWAP_CONFIG
 .text.PINMUX_BYTE_SWAP_CONFIG
                0x000000000021f78c      0x21c plat/mediatek/mt7988/drivers/dram/release/dram.o
                0x000000000021f78c                PINMUX_BYTE_SWAP_CONFIG
 .text.DIG_STATIC_SETTING
                0x000000000021f9a8       0x9c plat/mediatek/mt7988/drivers/dram/release/dram.o
                0x000000000021f9a8                DIG_STATIC_SETTING
 .text.DIG_CONFIG_SHUF_ALG_TXCA
                0x000000000021fa44      0x24c plat/mediatek/mt7988/drivers/dram/release/dram.o
                0x000000000021fa44                DIG_CONFIG_SHUF_ALG_TXCA
 .text.DIG_CONFIG_SHUF_MISC_FIX
                0x000000000021fc90      0xd6c plat/mediatek/mt7988/drivers/dram/release/dram.o
                0x000000000021fc90                DIG_CONFIG_SHUF_MISC_FIX
 .text.DIG_CONFIG_SHUF_DCM
                0x00000000002209fc      0x468 plat/mediatek/mt7988/drivers/dram/release/dram.o
                0x00000000002209fc                DIG_CONFIG_SHUF_DCM
 .text.DIG_CONFIG_SHUF_PRECAL
                0x0000000000220e64      0x134 plat/mediatek/mt7988/drivers/dram/release/dram.o
                0x0000000000220e64                DIG_CONFIG_SHUF_PRECAL
 .text.DIG_CONFIG_SHUF_DBI
                0x0000000000220f98      0x110 plat/mediatek/mt7988/drivers/dram/release/dram.o
                0x0000000000220f98                DIG_CONFIG_SHUF_DBI
 .text.DIG_CONFIG_SHUF_DVFSWLRL
                0x00000000002210a8       0xb4 plat/mediatek/mt7988/drivers/dram/release/dram.o
                0x00000000002210a8                DIG_CONFIG_SHUF_DVFSWLRL
 .text.DIG_SHU_CONFIG_JAGUAR
                0x000000000022115c      0x3c8 plat/mediatek/mt7988/drivers/dram/release/dram.o
                0x000000000022115c                DIG_SHU_CONFIG_JAGUAR
 .text.DIG_CONFIG_DVFS_DEPENDENCE
                0x0000000000221524       0xb8 plat/mediatek/mt7988/drivers/dram/release/dram.o
                0x0000000000221524                DIG_CONFIG_DVFS_DEPENDENCE
 .text.DIG_CONFIG_SHUF
                0x00000000002215dc      0x118 plat/mediatek/mt7988/drivers/dram/release/dram.o
                0x00000000002215dc                DIG_CONFIG_SHUF
 .text.DramcDUTTopSet
                0x00000000002216f4      0x2b0 plat/mediatek/mt7988/drivers/dram/release/dram.o
                0x00000000002216f4                DramcDUTTopSet
 .text.DramcDUTShuSet
                0x00000000002219a4       0xfc plat/mediatek/mt7988/drivers/dram/release/dram.o
                0x00000000002219a4                DramcDUTShuSet
 .text.DramcHWFuncSet
                0x0000000000221aa0       0x28 plat/mediatek/mt7988/drivers/dram/release/dram.o
                0x0000000000221aa0                DramcHWFuncSet
 .text.get_dq_ca_p2s_latency
                0x0000000000221ac8      0x11c plat/mediatek/mt7988/drivers/dram/release/dram.o
                0x0000000000221ac8                get_dq_ca_p2s_latency
 .text.get_dqsien_p2s_latency
                0x0000000000221be4       0xe0 plat/mediatek/mt7988/drivers/dram/release/dram.o
                0x0000000000221be4                get_dqsien_p2s_latency
 .text.get_oe_p2s_latency
                0x0000000000221cc4       0x80 plat/mediatek/mt7988/drivers/dram/release/dram.o
                0x0000000000221cc4                get_oe_p2s_latency
 .text.A_div_B_RU
                0x0000000000221d44       0x20 plat/mediatek/mt7988/drivers/dram/release/dram.o
                0x0000000000221d44                A_div_B_RU
 .text.print_TX_path_config
                0x0000000000221d64      0x3c8 plat/mediatek/mt7988/drivers/dram/release/dram.o
                0x0000000000221d64                print_TX_path_config
 .text.print_TX_path_attribution
                0x000000000022212c      0x524 plat/mediatek/mt7988/drivers/dram/release/dram.o
                0x000000000022212c                print_TX_path_attribution
 .text.get_TX_path_config
                0x0000000000222650      0x4e0 plat/mediatek/mt7988/drivers/dram/release/dram.o
                0x0000000000222650                get_TX_path_config
 .text.calculate_TX_path_rg_val
                0x0000000000222b30      0xf88 plat/mediatek/mt7988/drivers/dram/release/dram.o
                0x0000000000222b30                calculate_TX_path_rg_val
 .text.TX_PATH_config
                0x0000000000223ab8      0x988 plat/mediatek/mt7988/drivers/dram/release/dram.o
                0x0000000000223ab8                TX_PATH_config
 .text.TX_PATH_auto_gen_and_set
                0x0000000000224440      0x12c plat/mediatek/mt7988/drivers/dram/release/dram.o
                0x0000000000224440                TX_PATH_auto_gen_and_set
 .text.vSetVcoreByFreq
                0x000000000022456c       0xcc plat/mediatek/mt7988/drivers/dram/release/dram.o
                0x000000000022456c                vSetVcoreByFreq
 .text.Test_Broadcast_Feature
                0x0000000000224638      0x19c plat/mediatek/mt7988/drivers/dram/release/dram.o
                0x0000000000224638                Test_Broadcast_Feature
 .text.vDramCPUReadWriteTestAfterCalibration
                0x00000000002247d4      0x124 plat/mediatek/mt7988/drivers/dram/release/dram.o
                0x00000000002247d4                vDramCPUReadWriteTestAfterCalibration
 .text.DramRankNumberDetection
                0x00000000002248f8       0x94 plat/mediatek/mt7988/drivers/dram/release/dram.o
                0x00000000002248f8                DramRankNumberDetection
 .text.vCalibration_Flow_For_MDL
                0x000000000022498c       0x9c plat/mediatek/mt7988/drivers/dram/release/dram.o
                0x000000000022498c                vCalibration_Flow_For_MDL
 .text.vDramCalibrationAllChannel
                0x0000000000224a28      0x1d4 plat/mediatek/mt7988/drivers/dram/release/dram.o
                0x0000000000224a28                vDramCalibrationAllChannel
 .text.Get_MDL_Used_Flag
                0x0000000000224bfc        0xc plat/mediatek/mt7988/drivers/dram/release/dram.o
                0x0000000000224bfc                Get_MDL_Used_Flag
 .text.Init_DramcSwImpedanceCal
                0x0000000000224c08       0x34 plat/mediatek/mt7988/drivers/dram/release/dram.o
                0x0000000000224c08                Init_DramcSwImpedanceCal
 .text.Init_Dram_Ctx_By_Type
                0x0000000000224c3c       0xc0 plat/mediatek/mt7988/drivers/dram/release/dram.o
                0x0000000000224c3c                Init_Dram_Ctx_By_Type
 .text.mt_get_dram_pinmux_from_hw_trap
                0x0000000000224cfc       0x44 plat/mediatek/mt7988/drivers/dram/release/dram.o
                0x0000000000224cfc                mt_get_dram_pinmux_from_hw_trap
 .text.Set_DRAM_Pinmux_Sel
                0x0000000000224d40      0x184 plat/mediatek/mt7988/drivers/dram/release/dram.o
                0x0000000000224d40                Set_DRAM_Pinmux_Sel
 .text.dump_dramc_ctx
                0x0000000000224ec4      0x134 plat/mediatek/mt7988/drivers/dram/release/dram.o
                0x0000000000224ec4                dump_dramc_ctx
 .text.Init_DRAM
                0x0000000000224ff8      0x1e4 plat/mediatek/mt7988/drivers/dram/release/dram.o
                0x0000000000224ff8                Init_DRAM
 .text.DDR3_SWZQ
                0x00000000002251dc        0x4 plat/mediatek/mt7988/drivers/dram/release/dram.o
                0x00000000002251dc                DDR3_SWZQ
 .text.PC3_dram_init_single_rank
                0x00000000002251e0      0x1c0 plat/mediatek/mt7988/drivers/dram/release/dram.o
                0x00000000002251e0                PC3_dram_init_single_rank
 .text.PC3_DRAM_INIT
                0x00000000002253a0      0x16c plat/mediatek/mt7988/drivers/dram/release/dram.o
                0x00000000002253a0                PC3_DRAM_INIT
 .text.DDR4_SWZQ
                0x000000000022550c        0x4 plat/mediatek/mt7988/drivers/dram/release/dram.o
                0x000000000022550c                DDR4_SWZQ
 .text.PC4_dram_init_single_rank
                0x0000000000225510      0x2d0 plat/mediatek/mt7988/drivers/dram/release/dram.o
                0x0000000000225510                PC4_dram_init_single_rank
 .text.PC4_DRAM_INIT
                0x00000000002257e0      0x16c plat/mediatek/mt7988/drivers/dram/release/dram.o
                0x00000000002257e0                PC4_DRAM_INIT
 .text.Global_Option_Init
                0x000000000022594c       0x90 plat/mediatek/mt7988/drivers/dram/release/dram.o
                0x000000000022594c                Global_Option_Init
 .text.MPLLInit
                0x00000000002259dc       0xac plat/mediatek/mt7988/drivers/dram/release/dram.o
                0x00000000002259dc                MPLLInit
 .text.XRTRTR_SHU_Setting
                0x0000000000225a88        0x4 plat/mediatek/mt7988/drivers/dram/release/dram.o
                0x0000000000225a88                XRTRTR_SHU_Setting
 .text.vSet_Dram_Vrefca_Source
                0x0000000000225a8c       0x5c plat/mediatek/mt7988/drivers/dram/release/dram.o
                0x0000000000225a8c                vSet_Dram_Vrefca_Source
 .text.vReplaceDVInit
                0x0000000000225ae8      0x89c plat/mediatek/mt7988/drivers/dram/release/dram.o
                0x0000000000225ae8                vReplaceDVInit
 .text.DV_InitialSettings
                0x0000000000226384       0x48 plat/mediatek/mt7988/drivers/dram/release/dram.o
                0x0000000000226384                DV_InitialSettings
 .text.SA_InitialSettings2
                0x00000000002263cc       0x74 plat/mediatek/mt7988/drivers/dram/release/dram.o
                0x00000000002263cc                SA_InitialSettings2
 .text.SetCKE2RankIndependent
                0x0000000000226440       0x30 plat/mediatek/mt7988/drivers/dram/release/dram.o
                0x0000000000226440                SetCKE2RankIndependent
 .text.DramcShuTrackingDcmEnBySRAM
                0x0000000000226470       0x48 plat/mediatek/mt7988/drivers/dram/release/dram.o
                0x0000000000226470                DramcShuTrackingDcmEnBySRAM
 .text.DramcEnablePerBankRefresh
                0x00000000002264b8        0x4 plat/mediatek/mt7988/drivers/dram/release/dram.o
                0x00000000002264b8                DramcEnablePerBankRefresh
 .text.DramcRefreshRateDeBounceEnable
                0x00000000002264bc       0x10 plat/mediatek/mt7988/drivers/dram/release/dram.o
                0x00000000002264bc                DramcRefreshRateDeBounceEnable
 .text.DramcModifiedRefreshMode
                0x00000000002264cc       0x40 plat/mediatek/mt7988/drivers/dram/release/dram.o
                0x00000000002264cc                DramcModifiedRefreshMode
 .text.DramcCKEDebounce
                0x000000000022650c       0x90 plat/mediatek/mt7988/drivers/dram/release/dram.o
                0x000000000022650c                DramcCKEDebounce
 .text.TXPICGSetting
                0x000000000022659c      0x310 plat/mediatek/mt7988/drivers/dram/release/dram.o
                0x000000000022659c                TXPICGSetting
 .text.RXPICGSetting
                0x00000000002268ac      0x188 plat/mediatek/mt7988/drivers/dram/release/dram.o
                0x00000000002268ac                RXPICGSetting
 .text.TXPICGNewModeEnable
                0x0000000000226a34       0x14 plat/mediatek/mt7988/drivers/dram/release/dram.o
                0x0000000000226a34                TXPICGNewModeEnable
 .text.DramcRunTimeConfig
                0x0000000000226a48      0x268 plat/mediatek/mt7988/drivers/dram/release/dram.o
                0x0000000000226a48                DramcRunTimeConfig
 .text.RODTSettings
                0x0000000000226cb0      0x2c0 plat/mediatek/mt7988/drivers/dram/release/dram.o
                0x0000000000226cb0                RODTSettings
 .text.DQSSTBSettings
                0x0000000000226f70       0xa0 plat/mediatek/mt7988/drivers/dram/release/dram.o
                0x0000000000226f70                DQSSTBSettings
 .text.SetMck8xLowPwrOption
                0x0000000000227010       0x18 plat/mediatek/mt7988/drivers/dram/release/dram.o
                0x0000000000227010                SetMck8xLowPwrOption
 .text.PC3_UpdateInitialSettings
                0x0000000000227028      0x1c8 plat/mediatek/mt7988/drivers/dram/release/dram.o
                0x0000000000227028                PC3_UpdateInitialSettings
 .text.PC4_UpdateInitialSettings
                0x00000000002271f0      0x194 plat/mediatek/mt7988/drivers/dram/release/dram.o
                0x00000000002271f0                PC4_UpdateInitialSettings
 .text.SA_InitialSettings1
                0x0000000000227384       0x8c plat/mediatek/mt7988/drivers/dram/release/dram.o
                0x0000000000227384                SA_InitialSettings1
 .text.DFSInitForCalibration
                0x0000000000227410      0x11c plat/mediatek/mt7988/drivers/dram/release/dram.o
                0x0000000000227410                DFSInitForCalibration
 .text.SetRxDqDelay
                0x000000000022752c       0x78 plat/mediatek/mt7988/drivers/dram/release/dram.o
 .text.vImpCalVrefSel
                0x00000000002275a4       0x84 plat/mediatek/mt7988/drivers/dram/release/dram.o
 .text.update_cs_delay
                0x0000000000227628       0xfc plat/mediatek/mt7988/drivers/dram/release/dram.o
 .text.update_cmd_delay
                0x0000000000227724      0x1a8 plat/mediatek/mt7988/drivers/dram/release/dram.o
 .text.TXSetDelayReg_DQ
                0x00000000002278cc      0x1a4 plat/mediatek/mt7988/drivers/dram/release/dram.o
 .text.TXSetDelayReg_DQM
                0x0000000000227a70      0x1a4 plat/mediatek/mt7988/drivers/dram/release/dram.o
 .text.vSetCalibrationResult
                0x0000000000227c14       0x8c plat/mediatek/mt7988/drivers/dram/release/dram.o
                0x0000000000227c14                vSetCalibrationResult
 .text.vPrintCalibrationResult
                0x0000000000227ca0      0x1bc plat/mediatek/mt7988/drivers/dram/release/dram.o
                0x0000000000227ca0                vPrintCalibrationResult
 .text.vInitGlobalVariablesByCondition
                0x0000000000227e5c       0x14 plat/mediatek/mt7988/drivers/dram/release/dram.o
                0x0000000000227e5c                vInitGlobalVariablesByCondition
 .text.vBeforeCalibration
                0x0000000000227e70      0x39c plat/mediatek/mt7988/drivers/dram/release/dram.o
                0x0000000000227e70                vBeforeCalibration
 .text.vAfterCalibration
                0x000000000022820c       0x54 plat/mediatek/mt7988/drivers/dram/release/dram.o
                0x000000000022820c                vAfterCalibration
 .text.O1PathOnOff
                0x0000000000228260      0x1e4 plat/mediatek/mt7988/drivers/dram/release/dram.o
                0x0000000000228260                O1PathOnOff
 .text.u1IsPhaseMode
                0x0000000000228444       0x38 plat/mediatek/mt7988/drivers/dram/release/dram.o
                0x0000000000228444                u1IsPhaseMode
 .text.DramcZQCalibration
                0x000000000022847c       0x58 plat/mediatek/mt7988/drivers/dram/release/dram.o
                0x000000000022847c                DramcZQCalibration
 .text.u1MCK2UI_DivShift
                0x00000000002284d4       0x20 plat/mediatek/mt7988/drivers/dram/release/dram.o
                0x00000000002284d4                u1MCK2UI_DivShift
 .text._LoopAryToDelay
                0x00000000002284f4      0x22c plat/mediatek/mt7988/drivers/dram/release/dram.o
 .text.PCDDR_ShiftDQSUI
                0x0000000000228720       0x7c plat/mediatek/mt7988/drivers/dram/release/dram.o
                0x0000000000228720                PCDDR_ShiftDQSUI
 .text.PCDDR_ShiftDQS_OENUI
                0x000000000022879c       0x7c plat/mediatek/mt7988/drivers/dram/release/dram.o
                0x000000000022879c                PCDDR_ShiftDQS_OENUI
 .text.ShiftDQUI
                0x0000000000228818       0x7c plat/mediatek/mt7988/drivers/dram/release/dram.o
                0x0000000000228818                ShiftDQUI
 .text.ShiftDQUI_AllRK
                0x0000000000228894       0x7c plat/mediatek/mt7988/drivers/dram/release/dram.o
                0x0000000000228894                ShiftDQUI_AllRK
 .text.ShiftDQ_OENUI
                0x0000000000228910       0x7c plat/mediatek/mt7988/drivers/dram/release/dram.o