Archive member included to satisfy reference by file (symbol)

/media/data_nvme/git/uboot/u-boot/build/mt7622/release/lib/libc.a(memcpy.o)
                              /media/data_nvme/git/uboot/u-boot/build/mt7622/release/bl31/context_mgmt.o (memcpy)
/media/data_nvme/git/uboot/u-boot/build/mt7622/release/lib/libc.a(memmove.o)
                              /media/data_nvme/git/uboot/u-boot/build/mt7622/release/bl31/xlat_tables_common.o (memmove)
/media/data_nvme/git/uboot/u-boot/build/mt7622/release/lib/libc.a(memset.o)
                              /media/data_nvme/git/uboot/u-boot/build/mt7622/release/bl31/runtime_svc.o (memset)
/media/data_nvme/git/uboot/u-boot/build/mt7622/release/lib/libc.a(printf.o)
                              /media/data_nvme/git/uboot/u-boot/build/mt7622/release/bl31/tf_log.o (vprintf)

Discarded input sections

 .text          0x0000000000000000        0x0 /media/data_nvme/git/uboot/u-boot/build/mt7622/release/bl31/build_message.o
 .data          0x0000000000000000        0x0 /media/data_nvme/git/uboot/u-boot/build/mt7622/release/bl31/build_message.o
 .bss           0x0000000000000000        0x0 /media/data_nvme/git/uboot/u-boot/build/mt7622/release/bl31/build_message.o
 .rodata.version
                0x0000000000000000        0x4 /media/data_nvme/git/uboot/u-boot/build/mt7622/release/bl31/build_message.o
 .text          0x0000000000000000        0x0 /media/data_nvme/git/uboot/u-boot/build/mt7622/release/bl31/bl31_context_mgmt.o
 .data          0x0000000000000000        0x0 /media/data_nvme/git/uboot/u-boot/build/mt7622/release/bl31/bl31_context_mgmt.o
 .bss           0x0000000000000000        0x0 /media/data_nvme/git/uboot/u-boot/build/mt7622/release/bl31/bl31_context_mgmt.o
 .text.cm_set_context
                0x0000000000000000       0x14 /media/data_nvme/git/uboot/u-boot/build/mt7622/release/bl31/bl31_context_mgmt.o
 .eh_frame      0x0000000000000000       0x88 /media/data_nvme/git/uboot/u-boot/build/mt7622/release/bl31/bl31_context_mgmt.o
 .text          0x0000000000000000        0x0 /media/data_nvme/git/uboot/u-boot/build/mt7622/release/bl31/bl31_main.o
 .data          0x0000000000000000        0x0 /media/data_nvme/git/uboot/u-boot/build/mt7622/release/bl31/bl31_main.o
 .bss           0x0000000000000000        0x0 /media/data_nvme/git/uboot/u-boot/build/mt7622/release/bl31/bl31_main.o
 .text.bl31_lib_init
                0x0000000000000000        0x4 /media/data_nvme/git/uboot/u-boot/build/mt7622/release/bl31/bl31_main.o
 .text.bl31_set_next_image_type
                0x0000000000000000        0xc /media/data_nvme/git/uboot/u-boot/build/mt7622/release/bl31/bl31_main.o
 .text.bl31_get_next_image_type
                0x0000000000000000        0xc /media/data_nvme/git/uboot/u-boot/build/mt7622/release/bl31/bl31_main.o
 .text.bl31_register_bl32_init
                0x0000000000000000        0xc /media/data_nvme/git/uboot/u-boot/build/mt7622/release/bl31/bl31_main.o
 .eh_frame      0x0000000000000000       0xf0 /media/data_nvme/git/uboot/u-boot/build/mt7622/release/bl31/bl31_main.o
 .text          0x0000000000000000        0x0 /media/data_nvme/git/uboot/u-boot/build/mt7622/release/bl31/bl31_traps.o
 .data          0x0000000000000000        0x0 /media/data_nvme/git/uboot/u-boot/build/mt7622/release/bl31/bl31_traps.o
 .bss           0x0000000000000000        0x0 /media/data_nvme/git/uboot/u-boot/build/mt7622/release/bl31/bl31_traps.o
 .eh_frame      0x0000000000000000       0x28 /media/data_nvme/git/uboot/u-boot/build/mt7622/release/bl31/bl31_traps.o
 .text          0x0000000000000000        0x0 /media/data_nvme/git/uboot/u-boot/build/mt7622/release/bl31/interrupt_mgmt.o
 .data          0x0000000000000000        0x0 /media/data_nvme/git/uboot/u-boot/build/mt7622/release/bl31/interrupt_mgmt.o
 .bss           0x0000000000000000        0x0 /media/data_nvme/git/uboot/u-boot/build/mt7622/release/bl31/interrupt_mgmt.o
 .text.set_scr_el3_from_rm
                0x0000000000000000       0x84 /media/data_nvme/git/uboot/u-boot/build/mt7622/release/bl31/interrupt_mgmt.o
 .text.set_routing_model
                0x0000000000000000       0x98 /media/data_nvme/git/uboot/u-boot/build/mt7622/release/bl31/interrupt_mgmt.o
 .text.disable_intr_rm_local
                0x0000000000000000       0x34 /media/data_nvme/git/uboot/u-boot/build/mt7622/release/bl31/interrupt_mgmt.o
 .text.enable_intr_rm_local
                0x0000000000000000       0x50 /media/data_nvme/git/uboot/u-boot/build/mt7622/release/bl31/interrupt_mgmt.o
 .text.register_interrupt_type_handler
                0x0000000000000000       0x68 /media/data_nvme/git/uboot/u-boot/build/mt7622/release/bl31/interrupt_mgmt.o
 .eh_frame      0x0000000000000000      0x110 /media/data_nvme/git/uboot/u-boot/build/mt7622/release/bl31/interrupt_mgmt.o
 .text          0x0000000000000000        0x0 /media/data_nvme/git/uboot/u-boot/build/mt7622/release/bl31/runtime_svc.o
[...]
Memory Configuration

Name             Origin             Length             Attributes
RAM              0x0000000043001000 0x000000000001f000 xrw
*default*        0x0000000000000000 0xffffffffffffffff

Linker script and memory map

                0x0000000043001000                RAM_REGION_START = ORIGIN (RAM)
                0x000000000001f000                RAM_REGION_LENGTH = LENGTH (RAM)
                0x0000000043001000                . = 0x43001000
                0x0000000000000001                ASSERT ((. == ALIGN (0x1000)), BL31_BASE address is not aligned on a page boundary.)
                0x0000000043001000                __BL31_START__ = .

.ro             0x0000000043001000     0xa000
                0x0000000043001000                __RO_START__ = .
 *bl31_entrypoint.o(SORT_BY_ALIGNMENT(.text*))
 .text.asm.bl31_entrypoint
                0x0000000043001000      0x114 /media/data_nvme/git/uboot/u-boot/build/mt7622/release/bl31/bl31_entrypoint.o
                0x0000000043001000                bl31_entrypoint
 .text.asm.bl31_warm_entrypoint
                0x0000000043001114       0x90 /media/data_nvme/git/uboot/u-boot/build/mt7622/release/bl31/bl31_entrypoint.o
                0x0000000043001114                bl31_warm_entrypoint
 *(SORT_BY_ALIGNMENT(.text*))
 .text.cm_get_context
                0x00000000430011a4       0x14 /media/data_nvme/git/uboot/u-boot/build/mt7622/release/bl31/bl31_context_mgmt.o
                0x00000000430011a4                cm_get_context
 .text.cm_get_context_by_index
                0x00000000430011b8       0x2c /media/data_nvme/git/uboot/u-boot/build/mt7622/release/bl31/bl31_context_mgmt.o
                0x00000000430011b8                cm_get_context_by_index
 .text.cm_set_context_by_index
                0x00000000430011e4       0x30 /media/data_nvme/git/uboot/u-boot/build/mt7622/release/bl31/bl31_context_mgmt.o
                0x00000000430011e4                cm_set_context_by_index
 .text.get_arm_std_svc_args
                0x0000000043001214        0xc /media/data_nvme/git/uboot/u-boot/build/mt7622/release/bl31/bl31_main.o
                0x0000000043001214                get_arm_std_svc_args
 .text.bl31_setup
                0x0000000043001220       0x14 /media/data_nvme/git/uboot/u-boot/build/mt7622/release/bl31/bl31_main.o
                0x0000000043001220                bl31_setup
 .text.bl31_prepare_next_image_entry
                0x0000000043001234       0x74 /media/data_nvme/git/uboot/u-boot/build/mt7622/release/bl31/bl31_main.o
                0x0000000043001234                bl31_prepare_next_image_entry
 .text.bl31_main
                0x00000000430012a8       0x68 /media/data_nvme/git/uboot/u-boot/build/mt7622/release/bl31/bl31_main.o
                0x00000000430012a8                bl31_main
 .text.handle_sysreg_trap
                0x0000000043001310        0x8 /media/data_nvme/git/uboot/u-boot/build/mt7622/release/bl31/bl31_traps.o
                0x0000000043001310                handle_sysreg_trap
 .text.get_scr_el3_from_routing_model
                0x0000000043001318       0x30 /media/data_nvme/git/uboot/u-boot/build/mt7622/release/bl31/interrupt_mgmt.o
                0x0000000043001318                get_scr_el3_from_routing_model
 .text.get_interrupt_type_handler
                0x0000000043001348       0x24 /media/data_nvme/git/uboot/u-boot/build/mt7622/release/bl31/interrupt_mgmt.o
                0x0000000043001348                get_interrupt_type_handler
 .text.runtime_svc_init
                0x000000004300136c      0x130 /media/data_nvme/git/uboot/u-boot/build/mt7622/release/bl31/runtime_svc.o
                0x000000004300136c                runtime_svc_init
 .text.cci_init
                0x000000004300149c       0x14 /media/data_nvme/git/uboot/u-boot/build/mt7622/release/bl31/cci.o
                0x000000004300149c                cci_init
 .text.cci_enable_snoop_dvm_reqs
                0x00000000430014b0       0x3c /media/data_nvme/git/uboot/u-boot/build/mt7622/release/bl31/cci.o
                0x00000000430014b0                cci_enable_snoop_dvm_reqs
 .text.cci_disable_snoop_dvm_reqs
                0x00000000430014ec       0x3c /media/data_nvme/git/uboot/u-boot/build/mt7622/release/bl31/cci.o
                0x00000000430014ec                cci_disable_snoop_dvm_reqs
 .text.gicd_read_igroupr
                0x0000000043001528       0x14 /media/data_nvme/git/uboot/u-boot/build/mt7622/release/bl31/gic_common.o
                0x0000000043001528                gicd_read_igroupr
 .text.gicd_read_icfgr
                0x000000004300153c       0x14 /media/data_nvme/git/uboot/u-boot/build/mt7622/release/bl31/gic_common.o
                0x000000004300153c                gicd_read_icfgr
 .text.gicd_write_igroupr
                0x0000000043001550       0x14 /media/data_nvme/git/uboot/u-boot/build/mt7622/release/bl31/gic_common.o
                0x0000000043001550                gicd_write_igroupr
 .text.gicd_write_isenabler
                0x0000000043001564       0x14 /media/data_nvme/git/uboot/u-boot/build/mt7622/release/bl31/gic_common.o
                0x0000000043001564                gicd_write_isenabler
 .text.gicd_write_icenabler
                0x0000000043001578       0x14 /media/data_nvme/git/uboot/u-boot/build/mt7622/release/bl31/gic_common.o
                0x0000000043001578                gicd_write_icenabler
 .text.gicd_write_ipriorityr
                0x000000004300158c       0x10 /media/data_nvme/git/uboot/u-boot/build/mt7622/release/bl31/gic_common.o
                0x000000004300158c                gicd_write_ipriorityr
 .text.gicd_write_icfgr
                0x000000004300159c       0x14 /media/data_nvme/git/uboot/u-boot/build/mt7622/release/bl31/gic_common.o
                0x000000004300159c                gicd_write_icfgr
 .text.gicd_clr_igroupr
                0x00000000430015b0       0x30 /media/data_nvme/git/uboot/u-boot/build/mt7622/release/bl31/gic_common.o
                0x00000000430015b0                gicd_clr_igroupr
 .text.gicd_set_isenabler
                0x00000000430015e0        0xc /media/data_nvme/git/uboot/u-boot/build/mt7622/release/bl31/gic_common.o
                0x00000000430015e0                gicd_set_isenabler
 .text.gicd_set_ipriorityr
                0x00000000430015ec       0x14 /media/data_nvme/git/uboot/u-boot/build/mt7622/release/bl31/gic_common.o
                0x00000000430015ec                gicd_set_ipriorityr
 .text.gicd_set_icfgr
                0x0000000043001600       0x40 /media/data_nvme/git/uboot/u-boot/build/mt7622/release/bl31/gic_common.o
                0x0000000043001600                gicd_set_icfgr
 .text.gicv2_get_cpuif_id
                0x0000000043001640        0xc /media/data_nvme/git/uboot/u-boot/build/mt7622/release/bl31/gicv2_helpers.o
                0x0000000043001640                gicv2_get_cpuif_id
 .text.gicv2_spis_configure_defaults
                0x000000004300164c       0x9c /media/data_nvme/git/uboot/u-boot/build/mt7622/release/bl31/gicv2_helpers.o
                0x000000004300164c                gicv2_spis_configure_defaults
 .text.gicv2_secure_spis_configure_props
                0x00000000430016e8       0xa4 /media/data_nvme/git/uboot/u-boot/build/mt7622/release/bl31/gicv2_helpers.o
                0x00000000430016e8                gicv2_secure_spis_configure_props
 .text.gicv2_secure_ppi_sgi_setup_props
                0x000000004300178c       0xe4 /media/data_nvme/git/uboot/u-boot/build/mt7622/release/bl31/gicv2_helpers.o
                0x000000004300178c                gicv2_secure_ppi_sgi_setup_props
 .text.gicv2_cpuif_enable
                0x0000000043001870       0x20 /media/data_nvme/git/uboot/u-boot/build/mt7622/release/bl31/gicv2_main.o
                0x0000000043001870                gicv2_cpuif_enable
 .text.gicv2_cpuif_disable
                0x0000000043001890       0x20 /media/data_nvme/git/uboot/u-boot/build/mt7622/release/bl31/gicv2_main.o
                0x0000000043001890                gicv2_cpuif_disable
 .text.gicv2_pcpu_distif_init
                0x00000000430018b0       0x48 /media/data_nvme/git/uboot/u-boot/build/mt7622/release/bl31/gicv2_main.o
                0x00000000430018b0                gicv2_pcpu_distif_init
 .text.gicv2_distif_init
                0x00000000430018f8       0x58 /media/data_nvme/git/uboot/u-boot/build/mt7622/release/bl31/gicv2_main.o
                0x00000000430018f8                gicv2_distif_init
 .text.gicv2_driver_init
                0x0000000043001950       0x3c /media/data_nvme/git/uboot/u-boot/build/mt7622/release/bl31/gicv2_main.o
                0x0000000043001950                gicv2_driver_init
 .text.gicv2_get_pending_interrupt_type
                0x000000004300198c       0x18 /media/data_nvme/git/uboot/u-boot/build/mt7622/release/bl31/gicv2_main.o
                0x000000004300198c                gicv2_get_pending_interrupt_type
 .text.gicv2_set_pe_target_mask
                0x00000000430019a4       0x64 /media/data_nvme/git/uboot/u-boot/build/mt7622/release/bl31/gicv2_main.o
                0x00000000430019a4                gicv2_set_pe_target_mask
 .text.udelay   0x0000000043001a08       0x68 /media/data_nvme/git/uboot/u-boot/build/mt7622/release/bl31/delay_timer.o
                0x0000000043001a08                udelay
 .text.mdelay   0x0000000043001a70        0xc /media/data_nvme/git/uboot/u-boot/build/mt7622/release/bl31/delay_timer.o
                0x0000000043001a70                mdelay
 .text.timer_init
                0x0000000043001a7c        0xc /media/data_nvme/git/uboot/u-boot/build/mt7622/release/bl31/delay_timer.o
                0x0000000043001a7c                timer_init
 .text.get_timer_value
                0x0000000043001a88        0xc /media/data_nvme/git/uboot/u-boot/build/mt7622/release/bl31/generic_delay_timer.o
 .text.generic_delay_timer_init_args
                0x0000000043001a94       0x20 /media/data_nvme/git/uboot/u-boot/build/mt7622/release/bl31/generic_delay_timer.o
                0x0000000043001a94                generic_delay_timer_init_args
 .text.generic_delay_timer_init
                0x0000000043001ab4       0x44 /media/data_nvme/git/uboot/u-boot/build/mt7622/release/bl31/generic_delay_timer.o
                0x0000000043001ab4                generic_delay_timer_init
 .text.print_errata_status
                0x0000000043001af8        0x4 /media/data_nvme/git/uboot/u-boot/build/mt7622/release/bl31/errata_report.o
                0x0000000043001af8                print_errata_status
 .text.cm_init  0x0000000043001afc        0x4 /media/data_nvme/git/uboot/u-boot/build/mt7622/release/bl31/context_mgmt.o
                0x0000000043001afc                cm_init
 .text.cm_setup_context
                0x0000000043001b00      0x164 /media/data_nvme/git/uboot/u-boot/build/mt7622/release/bl31/context_mgmt.o
                0x0000000043001b00                cm_setup_context
 .text.cm_manage_extensions_el3
                0x0000000043001c64        0x4 /media/data_nvme/git/uboot/u-boot/build/mt7622/release/bl31/context_mgmt.o
                0x0000000043001c64                cm_manage_extensions_el3
 .text.cm_init_context_by_index
                0x0000000043001c68       0x30 /media/data_nvme/git/uboot/u-boot/build/mt7622/release/bl31/context_mgmt.o
                0x0000000043001c68                cm_init_context_by_index
 .text.cm_init_my_context
                0x0000000043001c98       0x30 /media/data_nvme/git/uboot/u-boot/build/mt7622/release/bl31/context_mgmt.o
                0x0000000043001c98                cm_init_my_context
 .text.cm_el1_sysregs_context_restore
                0x0000000043001cc8       0x7c /media/data_nvme/git/uboot/u-boot/build/mt7622/release/bl31/context_mgmt.o
                0x0000000043001cc8                cm_el1_sysregs_context_restore
 .text.cm_set_next_eret_context
                0x0000000043001d44       0x20 /media/data_nvme/git/uboot/u-boot/build/mt7622/release/bl31/context_mgmt.o
                0x0000000043001d44                cm_set_next_eret_context
 .text.cm_prepare_el3_exit
                0x0000000043001d64       0xcc /media/data_nvme/git/uboot/u-boot/build/mt7622/release/bl31/context_mgmt.o
                0x0000000043001d64                cm_prepare_el3_exit
 .text.cm_prepare_el3_exit_ns
                0x0000000043001e30        0x8 /media/data_nvme/git/uboot/u-boot/build/mt7622/release/bl31/context_mgmt.o
                0x0000000043001e30                cm_prepare_el3_exit_ns
 .text.spe_drain_buffers_hook
                0x0000000043001e38       0x24 /media/data_nvme/git/uboot/u-boot/build/mt7622/release/bl31/spe.o
 .text.spe_enable
                0x0000000043001e5c       0x34 /media/data_nvme/git/uboot/u-boot/build/mt7622/release/bl31/spe.o
                0x0000000043001e5c                spe_enable
 .text.bakery_lock_get
                0x0000000043001e90       0xac /media/data_nvme/git/uboot/u-boot/build/mt7622/release/bl31/bakery_lock_coherent.o
                0x0000000043001e90                bakery_lock_get
 .text.bakery_lock_release
                0x0000000043001f3c       0x34 /media/data_nvme/git/uboot/u-boot/build/mt7622/release/bl31/bakery_lock_coherent.o
                0x0000000043001f3c                bakery_lock_release
 .text.psci_set_req_local_pwr_state
                0x0000000043001f70       0x34 /media/data_nvme/git/uboot/u-boot/build/mt7622/release/bl31/psci_common.o
 .text.psci_validate_power_state
                0x0000000043001fa4       0x28 /media/data_nvme/git/uboot/u-boot/build/mt7622/release/bl31/psci_common.o
                0x0000000043001fa4                psci_validate_power_state
 .text.psci_query_sys_suspend_pwrstate
                0x0000000043001fcc       0x14 /media/data_nvme/git/uboot/u-boot/build/mt7622/release/bl31/psci_common.o
                0x0000000043001fcc                psci_query_sys_suspend_pwrstate
 .text.psci_is_last_on_cpu
                0x0000000043001fe0       0x70 /media/data_nvme/git/uboot/u-boot/build/mt7622/release/bl31/psci_common.o
                0x0000000043001fe0                psci_is_last_on_cpu
 .text.psci_init_req_local_pwr_states
                0x0000000043002050       0x3c /media/data_nvme/git/uboot/u-boot/build/mt7622/release/bl31/psci_common.o
                0x0000000043002050                psci_init_req_local_pwr_states
 .text.psci_get_target_local_pwr_states
                0x000000004300208c       0x90 /media/data_nvme/git/uboot/u-boot/build/mt7622/release/bl31/psci_common.o
                0x000000004300208c                psci_get_target_local_pwr_states
 .text.psci_set_target_local_pwr_states
                0x000000004300211c       0x84 /media/data_nvme/git/uboot/u-boot/build/mt7622/release/bl31/psci_common.o
                0x000000004300211c                psci_set_target_local_pwr_states
 .text.psci_get_parent_pwr_domain_nodes
                0x00000000430021a0       0x48 /media/data_nvme/git/uboot/u-boot/build/mt7622/release/bl31/psci_common.o
                0x00000000430021a0                psci_get_parent_pwr_domain_nodes
 .text.psci_set_pwr_domains_to_run
                0x00000000430021e8       0x8c /media/data_nvme/git/uboot/u-boot/build/mt7622/release/bl31/psci_common.o
                0x00000000430021e8                psci_set_pwr_domains_to_run
 .text.psci_do_state_coordination
                0x0000000043002274      0x118 /media/data_nvme/git/uboot/u-boot/build/mt7622/release/bl31/psci_common.o
                0x0000000043002274                psci_do_state_coordination
 .text.psci_find_max_off_lvl
                0x000000004300238c       0x3c /media/data_nvme/git/uboot/u-boot/build/mt7622/release/bl31/psci_common.o
                0x000000004300238c                psci_find_max_off_lvl
 .text.psci_find_target_suspend_lvl
                0x00000000430023c8       0x34 /media/data_nvme/git/uboot/u-boot/build/mt7622/release/bl31/psci_common.o
                0x00000000430023c8                psci_find_target_suspend_lvl
 .text.psci_acquire_pwr_domain_locks
                0x00000000430023fc       0x6c /media/data_nvme/git/uboot/u-boot/build/mt7622/release/bl31/psci_common.o
                0x00000000430023fc                psci_acquire_pwr_domain_locks
 .text.psci_release_pwr_domain_locks
                0x0000000043002468       0x58 /media/data_nvme/git/uboot/u-boot/build/mt7622/release/bl31/psci_common.o
                0x0000000043002468                psci_release_pwr_domain_locks
 .text.psci_validate_mpidr
                0x00000000430024c0       0x20 /media/data_nvme/git/uboot/u-boot/build/mt7622/release/bl31/psci_common.o
                0x00000000430024c0                psci_validate_mpidr
 .text.psci_validate_entry_point
                0x00000000430024e0       0xf4 /media/data_nvme/git/uboot/u-boot/build/mt7622/release/bl31/psci_common.o
                0x00000000430024e0                psci_validate_entry_point
 .text.psci_warmboot_entrypoint
                0x00000000430025d4       0xc8 /media/data_nvme/git/uboot/u-boot/build/mt7622/release/bl31/psci_common.o
                0x00000000430025d4                psci_warmboot_entrypoint
 .text.psci_spd_migrate_info
                0x000000004300269c       0x24 /media/data_nvme/git/uboot/u-boot/build/mt7622/release/bl31/psci_common.o
                0x000000004300269c                psci_spd_migrate_info
 .text.psci_print_power_domain_map
                0x00000000430026c0        0x4 /media/data_nvme/git/uboot/u-boot/build/mt7622/release/bl31/psci_common.o
                0x00000000430026c0                psci_print_power_domain_map
 .text.psci_pwrdown_cpu
                0x00000000430026c4        0x4 /media/data_nvme/git/uboot/u-boot/build/mt7622/release/bl31/psci_common.o
                0x00000000430026c4                psci_pwrdown_cpu
 .text.psci_cpu_on
                0x00000000430026c8       0x5c /media/data_nvme/git/uboot/u-boot/build/mt7622/release/bl31/psci_main.o
                0x00000000430026c8                psci_cpu_on
 .text.psci_cpu_suspend
                0x0000000043002724       0xf0 /media/data_nvme/git/uboot/u-boot/build/mt7622/release/bl31/psci_main.o
                0x0000000043002724                psci_cpu_suspend
 .text.psci_system_suspend
                0x0000000043002814       0x74 /media/data_nvme/git/uboot/u-boot/build/mt7622/release/bl31/psci_main.o
                0x0000000043002814                psci_system_suspend
 .text.psci_cpu_off
                0x0000000043002888        0x8 /media/data_nvme/git/uboot/u-boot/build/mt7622/release/bl31/psci_main.o
                0x0000000043002888                psci_cpu_off
 .text.psci_affinity_info
                0x0000000043002890       0x58 /media/data_nvme/git/uboot/u-boot/build/mt7622/release/bl31/psci_main.o
                0x0000000043002890                psci_affinity_info
 .text.psci_migrate
                0x00000000430028e8       0x7c /media/data_nvme/git/uboot/u-boot/build/mt7622/release/bl31/psci_main.o
                0x00000000430028e8                psci_migrate
 .text.psci_migrate_info_type
                0x0000000043002964       0x18 /media/data_nvme/git/uboot/u-boot/build/mt7622/release/bl31/psci_main.o
                0x0000000043002964                psci_migrate_info_type
 .text.psci_migrate_info_up_cpu
                0x000000004300297c       0x28 /media/data_nvme/git/uboot/u-boot/build/mt7622/release/bl31/psci_main.o
                0x000000004300297c                psci_migrate_info_up_cpu
 .text.psci_node_hw_state
                0x00000000430029a4       0x58 /media/data_nvme/git/uboot/u-boot/build/mt7622/release/bl31/psci_main.o
                0x00000000430029a4                psci_node_hw_state
 .text.psci_features
                0x00000000430029fc       0x68 /media/data_nvme/git/uboot/u-boot/build/mt7622/release/bl31/psci_main.o
                0x00000000430029fc                psci_features
 .text.psci_smc_handler
                0x0000000043002a64      0x14c /media/data_nvme/git/uboot/u-boot/build/mt7622/release/bl31/psci_main.o
                0x0000000043002a64                psci_smc_handler
 .text.psci_mem_protect
                0x0000000043002bb0       0x5c /media/data_nvme/git/uboot/u-boot/build/mt7622/release/bl31/psci_mem_protect.o
                0x0000000043002bb0                psci_mem_protect
 .text.psci_mem_chk_range
                0x0000000043002c0c       0x48 /media/data_nvme/git/uboot/u-boot/build/mt7622/release/bl31/psci_mem_protect.o
                0x0000000043002c0c                psci_mem_chk_range
 .text.psci_do_cpu_off
                0x0000000043002c54      0x138 /media/data_nvme/git/uboot/u-boot/build/mt7622/release/bl31/psci_off.o
                0x0000000043002c54                psci_do_cpu_off
 .text.psci_cpu_on_start
                0x0000000043002d8c      0x160 /media/data_nvme/git/uboot/u-boot/build/mt7622/release/bl31/psci_on.o
                0x0000000043002d8c                psci_cpu_on_start
 .text.psci_cpu_on_finish
                0x0000000043002eec       0xd4 /media/data_nvme/git/uboot/u-boot/build/mt7622/release/bl31/psci_on.o
                0x0000000043002eec                psci_cpu_on_finish
 .text.psci_arch_setup
                0x0000000043002fc0       0x20 /media/data_nvme/git/uboot/u-boot/build/mt7622/release/bl31/psci_setup.o
                0x0000000043002fc0                psci_arch_setup
 .text.psci_setup
                0x0000000043002fe0      0x334 /media/data_nvme/git/uboot/u-boot/build/mt7622/release/bl31/psci_setup.o
                0x0000000043002fe0                psci_setup
 .text.psci_cpu_suspend_start
                0x0000000043003314      0x1c0 /media/data_nvme/git/uboot/u-boot/build/mt7622/release/bl31/psci_suspend.o
                0x0000000043003314                psci_cpu_suspend_start
 .text.psci_cpu_suspend_finish
                0x00000000430034d4       0xa0 /media/data_nvme/git/uboot/u-boot/build/mt7622/release/bl31/psci_suspend.o
                0x00000000430034d4                psci_cpu_suspend_finish
 .text.psci_system_off
                0x0000000043003574       0x38 /media/data_nvme/git/uboot/u-boot/build/mt7622/release/bl31/psci_system_off.o
                0x0000000043003574                psci_system_off
 .text.psci_system_reset
                0x00000000430035ac       0x38 /media/data_nvme/git/uboot/u-boot/build/mt7622/release/bl31/psci_system_off.o
                0x00000000430035ac                psci_system_reset
 .text.psci_system_reset2
                0x00000000430035e4       0xa4 /media/data_nvme/git/uboot/u-boot/build/mt7622/release/bl31/psci_system_off.o
                0x00000000430035e4                psci_system_reset2
 .text.xlat_arch_current_el
                0x0000000043003688        0xc /media/data_nvme/git/uboot/u-boot/build/mt7622/release/bl31/xlat_tables.o
                0x0000000043003688                xlat_arch_current_el
 .text.xlat_arch_get_xn_desc
                0x0000000043003694       0x14 /media/data_nvme/git/uboot/u-boot/build/mt7622/release/bl31/xlat_tables.o
                0x0000000043003694                xlat_arch_get_xn_desc
 .text.init_xlat_tables
                0x00000000430036a8       0x84 /media/data_nvme/git/uboot/u-boot/build/mt7622/release/bl31/xlat_tables.o
                0x00000000430036a8                init_xlat_tables
 .text.enable_mmu_el3
                0x000000004300372c       0x7c /media/data_nvme/git/uboot/u-boot/build/mt7622/release/bl31/xlat_tables.o
                0x000000004300372c                enable_mmu_el3
 .text.enable_mmu_direct_el3
                0x00000000430037a8        0x4 /media/data_nvme/git/uboot/u-boot/build/mt7622/release/bl31/xlat_tables.o
                0x00000000430037a8                enable_mmu_direct_el3
 .text.init_xlation_table_inner
                0x00000000430037ac      0x1e4 /media/data_nvme/git/uboot/u-boot/build/mt7622/release/bl31/xlat_tables_common.o
 .text.print_mmap
                0x0000000043003990        0x4 /media/data_nvme/git/uboot/u-boot/build/mt7622/release/bl31/xlat_tables_common.o
                0x0000000043003990                print_mmap
 .text.mmap_add_region
                0x0000000043003994       0xe8 /media/data_nvme/git/uboot/u-boot/build/mt7622/release/bl31/xlat_tables_common.o
                0x0000000043003994                mmap_add_region
 .text.mmap_add
                0x0000000043003a7c       0x3c /media/data_nvme/git/uboot/u-boot/build/mt7622/release/bl31/xlat_tables_common.o
                0x0000000043003a7c                mmap_add
 .text.init_xlation_table
                0x0000000043003ab8       0x94 /media/data_nvme/git/uboot/u-boot/build/mt7622/release/bl31/xlat_tables_common.o
                0x0000000043003ab8                init_xlation_table
 .text.plat_arm_gic_init
                0x0000000043003b4c       0x20 /media/data_nvme/git/uboot/u-boot/build/mt7622/release/bl31/arm_gicv2.o
                0x0000000043003b4c                plat_arm_gic_init
 .text.plat_ic_get_pending_interrupt_type
                0x0000000043003b6c       0x30 /media/data_nvme/git/uboot/u-boot/build/mt7622/release/bl31/plat_gicv2.o
                0x0000000043003b6c                plat_ic_get_pending_interrupt_type
 .text.mtk_efuse_get_len
                0x0000000043003b9c       0x78 /media/data_nvme/git/uboot/u-boot/build/mt7622/release/bl31/mtk_efuse.o
                0x0000000043003b9c                mtk_efuse_get_len
 .text.mtk_efuse_send_data
                0x0000000043003c14       0x48 /media/data_nvme/git/uboot/u-boot/build/mt7622/release/bl31/mtk_efuse.o
                0x0000000043003c14                mtk_efuse_send_data
 .text.mtk_efuse_get_data
                0x0000000043003c5c       0x48 /media/data_nvme/git/uboot/u-boot/build/mt7622/release/bl31/mtk_efuse.o
                0x0000000043003c5c                mtk_efuse_get_data
 .text.mtk_efuse_read
                0x0000000043003ca4       0xc8 /media/data_nvme/git/uboot/u-boot/build/mt7622/release/bl31/mtk_efuse.o
                0x0000000043003ca4                mtk_efuse_read
 .text.mtk_efuse_write
                0x0000000043003d6c       0xcc /media/data_nvme/git/uboot/u-boot/build/mt7622/release/bl31/mtk_efuse.o
                0x0000000043003d6c                mtk_efuse_write
 .text.plat_get_spsr_for_bl33_entry
                0x0000000043003e38        0x8 /media/data_nvme/git/uboot/u-boot/build/mt7622/release/bl31/mtk_bl31_boot_next_legacy.o
                0x0000000043003e38                plat_get_spsr_for_bl33_entry
 .text.plat_is_smccc_feature_available
                0x0000000043003e40       0x14 /media/data_nvme/git/uboot/u-boot/build/mt7622/release/bl31/mtk_plat_common.o
                0x0000000043003e40                plat_is_smccc_feature_available
 .text.plat_get_soc_version
                0x0000000043003e54        0xc /media/data_nvme/git/uboot/u-boot/build/mt7622/release/bl31/mtk_plat_common.o
                0x0000000043003e54                plat_get_soc_version
 .text.plat_get_soc_revision
                0x0000000043003e60        0x8 /media/data_nvme/git/uboot/u-boot/build/mt7622/release/bl31/mtk_plat_common.o
                0x0000000043003e60                plat_get_soc_revision
 .text.mediatek_sip_handler
                0x0000000043003e68       0x70 /media/data_nvme/git/uboot/u-boot/build/mt7622/release/bl31/mtk_sip_svc_legacy.o
                0x0000000043003e68                mediatek_sip_handler
 .text.sip_smc_handler
                0x0000000043003ed8       0x7c /media/data_nvme/git/uboot/u-boot/build/mt7622/release/bl31/mtk_sip_svc_legacy.o
                0x0000000043003ed8                sip_smc_handler
 .text.plat_configure_mmu_el3
                0x0000000043003f54       0x7c /media/data_nvme/git/uboot/u-boot/build/mt7622/release/bl31/platform_common.o
                0x0000000043003f54                plat_configure_mmu_el3
 .text.plat_get_syscnt_freq2
                0x0000000043003fd0        0x8 /media/data_nvme/git/uboot/u-boot/build/mt7622/release/bl31/platform_common.o
                0x0000000043003fd0                plat_get_syscnt_freq2
 .text.plat_cci_init
                0x0000000043003fd8       0x34 /media/data_nvme/git/uboot/u-boot/build/mt7622/release/bl31/platform_common.o
                0x0000000043003fd8                plat_cci_init
 .text.plat_cci_enable
                0x000000004300400c        0xc /media/data_nvme/git/uboot/u-boot/build/mt7622/release/bl31/platform_common.o
                0x000000004300400c                plat_cci_enable
 .text.plat_cci_disable
                0x0000000043004018        0xc /media/data_nvme/git/uboot/u-boot/build/mt7622/release/bl31/platform_common.o
                0x0000000043004018                plat_cci_disable
 .text.bl31_plat_get_next_image_ep_info
                0x0000000043004024       0x28 /media/data_nvme/git/uboot/u-boot/build/mt7622/release/bl31/bl31_plat_setup.o
                0x0000000043004024                bl31_plat_get_next_image_ep_info
 .text.bl31_early_platform_setup2
                0x000000004300404c       0x90 /media/data_nvme/git/uboot/u-boot/build/mt7622/release/bl31/bl31_plat_setup.o
                0x000000004300404c                bl31_early_platform_setup2
 .text.bl31_platform_setup
                0x00000000430040dc       0x58 /media/data_nvme/git/uboot/u-boot/build/mt7622/release/bl31/bl31_plat_setup.o
                0x00000000430040dc                bl31_platform_setup
 .text.bl31_plat_arch_setup
                0x0000000043004134       0x40 /media/data_nvme/git/uboot/u-boot/build/mt7622/release/bl31/bl31_plat_setup.o
                0x0000000043004134                bl31_plat_arch_setup
 .text.wait_for_state_idle.constprop.0
                0x0000000043004174       0x8c /media/data_nvme/git/uboot/u-boot/build/mt7622/release/bl31/pmic_wrap.o
 .text.pwrap_read
                0x0000000043004200       0xe4 /media/data_nvme/git/uboot/u-boot/build/mt7622/release/bl31/pmic_wrap.o
                0x0000000043004200                pwrap_read
 .text.pwrap_write
                0x00000000430042e4       0x94 /media/data_nvme/git/uboot/u-boot/build/mt7622/release/bl31/pmic_wrap.o
                0x00000000430042e4                pwrap_write
 .text.Write_trigger
                0x0000000043004378       0x68 /media/data_nvme/git/uboot/u-boot/build/mt7622/release/bl31/rtc.o
 .text.rtc_bbpu_power_down
                0x00000000430043e0       0x4c /media/data_nvme/git/uboot/u-boot/build/mt7622/release/bl31/rtc.o
                0x00000000430043e0                rtc_bbpu_power_down
 .text.mtcmos_power_on.constprop.0
                0x000000004300442c       0xe4 /media/data_nvme/git/uboot/u-boot/build/mt7622/release/bl31/mtcmos.o
 .text.mtcmos_little_cpu_on
                0x0000000043004510       0xd4 /media/data_nvme/git/uboot/u-boot/build/mt7622/release/bl31/mtcmos.o
                0x0000000043004510                mtcmos_little_cpu_on
 .text.mtcmos_non_cpu_ctrl
                0x00000000430045e4       0x48 /media/data_nvme/git/uboot/u-boot/build/mt7622/release/bl31/mtcmos.o
                0x00000000430045e4                mtcmos_non_cpu_ctrl
 .text.spm_lock_get
                0x000000004300462c        0xc /media/data_nvme/git/uboot/u-boot/build/mt7622/release/bl31/spm.o
                0x000000004300462c                spm_lock_get
 .text.spm_lock_release
                0x0000000043004638        0xc /media/data_nvme/git/uboot/u-boot/build/mt7622/release/bl31/spm.o
                0x0000000043004638                spm_lock_release
 .text.is_mcdi_ready
                0x0000000043004644        0xc /media/data_nvme/git/uboot/u-boot/build/mt7622/release/bl31/spm.o
                0x0000000043004644                is_mcdi_ready
 .text.is_hotplug_ready
                0x0000000043004650        0xc /media/data_nvme/git/uboot/u-boot/build/mt7622/release/bl31/spm.o
                0x0000000043004650                is_hotplug_ready
 .text.set_mcdi_ready
                0x000000004300465c       0x18 /media/data_nvme/git/uboot/u-boot/build/mt7622/release/bl31/spm.o
                0x000000004300465c                set_mcdi_ready
 .text.set_suspend_ready
                0x0000000043004674       0x18 /media/data_nvme/git/uboot/u-boot/build/mt7622/release/bl31/spm.o
                0x0000000043004674                set_suspend_ready
 .text.clear_all_ready
                0x000000004300468c       0x14 /media/data_nvme/git/uboot/u-boot/build/mt7622/release/bl31/spm.o
                0x000000004300468c                clear_all_ready
 .text.spm_reset_and_init_pcm
                0x00000000430046a0       0x7c /media/data_nvme/git/uboot/u-boot/build/mt7622/release/bl31/spm.o
                0x00000000430046a0                spm_reset_and_init_pcm
 .text.spm_init_pcm_register
                0x000000004300471c       0x4c /media/data_nvme/git/uboot/u-boot/build/mt7622/release/bl31/spm.o
                0x000000004300471c                spm_init_pcm_register
 .text.spm_set_power_control
                0x0000000043004768      0x128 /media/data_nvme/git/uboot/u-boot/build/mt7622/release/bl31/spm.o
                0x0000000043004768                spm_set_power_control
 .text.spm_set_wakeup_event
                0x0000000043004890       0x68 /media/data_nvme/git/uboot/u-boot/build/mt7622/release/bl31/spm.o
                0x0000000043004890                spm_set_wakeup_event
 .text.spm_get_wakeup_status
                0x00000000430048f8       0xa4 /media/data_nvme/git/uboot/u-boot/build/mt7622/release/bl31/spm.o
                0x00000000430048f8                spm_get_wakeup_status
 .text.spm_init_event_vector
                0x000000004300499c       0x54 /media/data_nvme/git/uboot/u-boot/build/mt7622/release/bl31/spm.o
                0x000000004300499c                spm_init_event_vector
 .text.spm_kick_im_to_fetch
                0x00000000430049f0       0xb8 /media/data_nvme/git/uboot/u-boot/build/mt7622/release/bl31/spm.o
                0x00000000430049f0                spm_kick_im_to_fetch
 .text.spm_set_sysclk_settle
                0x0000000043004aa8       0x14 /media/data_nvme/git/uboot/u-boot/build/mt7622/release/bl31/spm.o
                0x0000000043004aa8                spm_set_sysclk_settle
 .text.spm_kick_pcm_to_run
                0x0000000043004abc       0xe4 /media/data_nvme/git/uboot/u-boot/build/mt7622/release/bl31/spm.o
                0x0000000043004abc                spm_kick_pcm_to_run
 .text.spm_clean_after_wakeup
                0x0000000043004ba0       0x6c /media/data_nvme/git/uboot/u-boot/build/mt7622/release/bl31/spm.o
                0x0000000043004ba0                spm_clean_after_wakeup
 .text.spm_output_wake_reason
                0x0000000043004c0c       0x94 /media/data_nvme/git/uboot/u-boot/build/mt7622/release/bl31/spm.o
                0x0000000043004c0c                spm_output_wake_reason
 .text.spm_clear_hotplug
                0x0000000043004ca0       0x40 /media/data_nvme/git/uboot/u-boot/build/mt7622/release/bl31/spm_hotplug.o
                0x0000000043004ca0                spm_clear_hotplug
 .text.spm_mcdi_prepare_for_off_state
                0x0000000043004ce0      0x12c /media/data_nvme/git/uboot/u-boot/build/mt7622/release/bl31/spm_mcdi.o
                0x0000000043004ce0                spm_mcdi_prepare_for_off_state
 .text.spm_mcdi_finish_for_on_state
                0x0000000043004e0c       0xa4 /media/data_nvme/git/uboot/u-boot/build/mt7622/release/bl31/spm_mcdi.o
                0x0000000043004e0c                spm_mcdi_finish_for_on_state
 .text.spm_system_suspend
                0x0000000043004eb0       0x78 /media/data_nvme/git/uboot/u-boot/build/mt7622/release/bl31/spm_suspend.o
                0x0000000043004eb0                spm_system_suspend
 .text.spm_system_suspend_finish
                0x0000000043004f28       0x34 /media/data_nvme/git/uboot/u-boot/build/mt7622/release/bl31/spm_suspend.o
                0x0000000043004f28                spm_system_suspend_finish
 .text.generic_timer_backup
                0x0000000043004f5c       0x34 /media/data_nvme/git/uboot/u-boot/build/mt7622/release/bl31/cpuxgpt.o
                0x0000000043004f5c                generic_timer_backup
 .text.mtk_wdt_soft_reset
                0x0000000043004f90       0x38 /media/data_nvme/git/uboot/u-boot/build/mt7622/release/bl31/mtk_wdt.o
                0x0000000043004f90                mtk_wdt_soft_reset
 .text.mtk_antirollback_check_mtk_ar_table_parms
                0x0000000043004fc8       0x40 /media/data_nvme/git/uboot/u-boot/build/mt7622/release/bl31/mtk_ar_table.o
 .text.mtk_antirollback_get_efuse_ar_ver
                0x0000000043005008       0xa4 /media/data_nvme/git/uboot/u-boot/build/mt7622/release/bl31/mtk_ar_table.o
 .text.mtk_antirollback_get_fit_ar_ver
                0x00000000430050ac       0x68 /media/data_nvme/git/uboot/u-boot/build/mt7622/release/bl31/mtk_ar_table.o
                0x00000000430050ac                mtk_antirollback_get_fit_ar_ver
 .text.mtk_antirollback_update_efuse_ar_ver
                0x0000000043005114      0x100 /media/data_nvme/git/uboot/u-boot/build/mt7622/release/bl31/mtk_ar_table.o
                0x0000000043005114                mtk_antirollback_update_efuse_ar_ver
 .text.plat_mt_gic_driver_init
                0x0000000043005214        0xc /media/data_nvme/git/uboot/u-boot/build/mt7622/release/bl31/plat_mt_gic.o
                0x0000000043005214                plat_mt_gic_driver_init
 .text.plat_mt_gic_init
                0x0000000043005220       0x54 /media/data_nvme/git/uboot/u-boot/build/mt7622/release/bl31/plat_mt_gic.o
                0x0000000043005220                plat_mt_gic_init
 .text.plat_cpu_standby
                0x0000000043005274       0x24 /media/data_nvme/git/uboot/u-boot/build/mt7622/release/bl31/plat_pm.o
 .text.plat_get_sys_suspend_power_state
                0x0000000043005298       0x14 /media/data_nvme/git/uboot/u-boot/build/mt7622/release/bl31/plat_pm.o
 .text.plat_validate_power_state
                0x00000000430052ac       0x58 /media/data_nvme/git/uboot/u-boot/build/mt7622/release/bl31/plat_pm.o
 .text.plat_mtk_system_reset
                0x0000000043005304       0x24 /media/data_nvme/git/uboot/u-boot/build/mt7622/release/bl31/plat_pm.o
 .text.plat_system_off
                0x0000000043005328       0x24 /media/data_nvme/git/uboot/u-boot/build/mt7622/release/bl31/plat_pm.o
 .text.plat_power_domain_suspend_finish
                0x000000004300534c       0xdc /media/data_nvme/git/uboot/u-boot/build/mt7622/release/bl31/plat_pm.o
 .text.plat_power_domain_suspend
                0x0000000043005428       0xf8 /media/data_nvme/git/uboot/u-boot/build/mt7622/release/bl31/plat_pm.o
 .text.plat_power_domain_off
                0x0000000043005520       0x54 /media/data_nvme/git/uboot/u-boot/build/mt7622/release/bl31/plat_pm.o
 .text.plat_power_domain_on
                0x0000000043005574       0x44 /media/data_nvme/git/uboot/u-boot/build/mt7622/release/bl31/plat_pm.o
 .text.mtk_system_pwr_domain_resume
                0x00000000430055b8       0x38 /media/data_nvme/git/uboot/u-boot/build/mt7622/release/bl31/plat_pm.o
                0x00000000430055b8                mtk_system_pwr_domain_resume
 .text.plat_power_domain_on_finish
                0x00000000430055f0       0x74 /media/data_nvme/git/uboot/u-boot/build/mt7622/release/bl31/plat_pm.o
 .text.plat_setup_psci_ops
                0x0000000043005664       0x1c /media/data_nvme/git/uboot/u-boot/build/mt7622/release/bl31/plat_pm.o
                0x0000000043005664                plat_setup_psci_ops
 .text.plat_get_target_pwr_state
                0x0000000043005680       0x28 /media/data_nvme/git/uboot/u-boot/build/mt7622/release/bl31/plat_pm.o
                0x0000000043005680                plat_get_target_pwr_state
 .text.mt_sip_set_authorized_sreg
                0x00000000430056a8       0x2c /media/data_nvme/git/uboot/u-boot/build/mt7622/release/bl31/plat_sip_calls.o
                0x00000000430056a8                mt_sip_set_authorized_sreg
 .text.mediatek_plat_sip_handler
                0x00000000430056d4      0x1f0 /media/data_nvme/git/uboot/u-boot/build/mt7622/release/bl31/plat_sip_calls.o
                0x00000000430056d4                mediatek_plat_sip_handler
 .text.plat_get_power_domain_tree_desc
                0x00000000430058c4        0xc /media/data_nvme/git/uboot/u-boot/build/mt7622/release/bl31/plat_topology.o
                0x00000000430058c4                plat_get_power_domain_tree_desc
 .text.plat_core_pos_by_mpidr
                0x00000000430058d0       0x38 /media/data_nvme/git/uboot/u-boot/build/mt7622/release/bl31/plat_topology.o
                0x00000000430058d0                plat_core_pos_by_mpidr
 .text.trace_power_flow
                0x0000000043005908        0x4 /media/data_nvme/git/uboot/u-boot/build/mt7622/release/bl31/power_tracer.o
                0x0000000043005908                trace_power_flow
 .text.disable_scu
                0x000000004300590c       0x18 /media/data_nvme/git/uboot/u-boot/build/mt7622/release/bl31/scu.o
                0x000000004300590c                disable_scu
 .text.enable_scu
                0x0000000043005924       0x18 /media/data_nvme/git/uboot/u-boot/build/mt7622/release/bl31/scu.o
                0x0000000043005924                enable_scu
 .text.arm_arch_svc_smc_handler
                0x000000004300593c      0x13c /media/data_nvme/git/uboot/u-boot/build/mt7622/release/bl31/arm_arch_svc_setup.o
 .text.std_svc_smc_handler
                0x0000000043005a78       0xb4 /media/data_nvme/git/uboot/u-boot/build/mt7622/release/bl31/std_svc_setup.o
 .text.std_svc_setup
                0x0000000043005b2c       0x24 /media/data_nvme/git/uboot/u-boot/build/mt7622/release/bl31/std_svc_setup.o
 .text.print_entry_point_info
                0x0000000043005b50        0x4 /media/data_nvme/git/uboot/u-boot/build/mt7622/release/bl31/bl_common.o
                0x0000000043005b50                print_entry_point_info
 .text.tf_log   0x0000000043005b54       0x94 /media/data_nvme/git/uboot/u-boot/build/mt7622/release/bl31/tf_log.o
                0x0000000043005b54                tf_log
 .text.tf_log_newline
                0x0000000043005be8       0x20 /media/data_nvme/git/uboot/u-boot/build/mt7622/release/bl31/tf_log.o
                0x0000000043005be8                tf_log_newline
 .text.console_is_registered
                0x0000000043005c08       0x2c /media/data_nvme/git/uboot/u-boot/build/mt7622/release/bl31/multi_console.o
                0x0000000043005c08                console_is_registered
 .text.console_register
                0x0000000043005c34       0x34 /media/data_nvme/git/uboot/u-boot/build/mt7622/release/bl31/multi_console.o
                0x0000000043005c34                console_register
 .text.console_switch_state
                0x0000000043005c68        0xc /media/data_nvme/git/uboot/u-boot/build/mt7622/release/bl31/multi_console.o
                0x0000000043005c68                console_switch_state
 .text.console_putc
                0x0000000043005c74       0x9c /media/data_nvme/git/uboot/u-boot/build/mt7622/release/bl31/multi_console.o
                0x0000000043005c74                console_putc
 .text.putchar  0x0000000043005d10       0x28 /media/data_nvme/git/uboot/u-boot/build/mt7622/release/bl31/multi_console.o
                0x0000000043005d10                putchar
 .text.console_flush
                0x0000000043005d38       0x54 /media/data_nvme/git/uboot/u-boot/build/mt7622/release/bl31/multi_console.o
                0x0000000043005d38                console_flush
 .text.pmuv3_enable
                0x0000000043005d8c        0x4 /media/data_nvme/git/uboot/u-boot/build/mt7622/release/bl31/pmuv3.o
                0x0000000043005d8c                pmuv3_enable
 .text.pmuv3_disable_el3
                0x0000000043005d90       0x3c /media/data_nvme/git/uboot/u-boot/build/mt7622/release/bl31/pmuv3.o
                0x0000000043005d90                pmuv3_disable_el3
 .text.pmuv3_init_el2_unused
                0x0000000043005dcc       0x2c /media/data_nvme/git/uboot/u-boot/build/mt7622/release/bl31/pmuv3.o
                0x0000000043005dcc                pmuv3_init_el2_unused
 .text.plat_log_get_prefix
                0x0000000043005df8       0x30 /media/data_nvme/git/uboot/u-boot/build/mt7622/release/bl31/plat_log_common.o
                0x0000000043005df8                plat_log_get_prefix
 .text.bl31_plat_runtime_setup
                0x0000000043005e28        0x8 /media/data_nvme/git/uboot/u-boot/build/mt7622/release/bl31/plat_common.o
                0x0000000043005e28                bl31_plat_runtime_setup
 .text.get_el_str
                0x0000000043005e30       0x34 /media/data_nvme/git/uboot/u-boot/build/mt7622/release/bl31/plat_common.o
                0x0000000043005e30                get_el_str
 .text.plat_default_ea_handler
                0x0000000043005e64       0x68 /media/data_nvme/git/uboot/u-boot/build/mt7622/release/bl31/plat_common.o
                0x0000000043005e64                plat_ea_handler
                0x0000000043005e64                plat_default_ea_handler
 .text.asm.report_unhandled_exception
                0x0000000043005ecc        0x4 /media/data_nvme/git/uboot/u-boot/build/mt7622/release/bl31/crash_reporting.o
                0x0000000043005ecc                report_unhandled_exception
                0x0000000043005ecc                report_unhandled_interrupt
 .text.asm.handle_lower_el_sync_ea
                0x0000000043005ed0       0x6c /media/data_nvme/git/uboot/u-boot/build/mt7622/release/bl31/ea_delegate.o
                0x0000000043005ed0                handle_lower_el_sync_ea
 .text.asm.handle_lower_el_async_ea
                0x0000000043005f3c       0x18 /media/data_nvme/git/uboot/u-boot/build/mt7622/release/bl31/ea_delegate.o
                0x0000000043005f3c                handle_lower_el_async_ea
 .text.asm.delegate_sync_ea
                0x0000000043005f54        0x4 /media/data_nvme/git/uboot/u-boot/build/mt7622/release/bl31/ea_delegate.o
 .text.asm.delegate_async_ea
                0x0000000043005f58        0x4 /media/data_nvme/git/uboot/u-boot/build/mt7622/release/bl31/ea_delegate.o
 .text.asm.ea_proceed
                0x0000000043005f5c       0x68 /media/data_nvme/git/uboot/u-boot/build/mt7622/release/bl31/ea_delegate.o
 .text.asm.sync_exception_handler
                0x0000000043005fc4       0xe0 /media/data_nvme/git/uboot/u-boot/build/mt7622/release/bl31/runtime_exceptions.o
 .text.asm.aem_generic_core_pwr_dwn
                0x00000000430060a4       0x34 /media/data_nvme/git/uboot/u-boot/build/mt7622/release/bl31/aem_generic.o
 .text.asm.aem_generic_cluster_pwr_dwn
                0x00000000430060d8       0x18 /media/data_nvme/git/uboot/u-boot/build/mt7622/release/bl31/aem_generic.o
 .text.asm.cortex_a53_disable_dcache
                0x00000000430060f0       0x14 /media/data_nvme/git/uboot/u-boot/build/mt7622/release/bl31/cortex_a53.o
 .text.asm.cortex_a53_disable_smp
                0x0000000043006104       0x18 /media/data_nvme/git/uboot/u-boot/build/mt7622/release/bl31/cortex_a53.o
 .text.asm.errata_a53_826319_wa
                0x000000004300611c       0x20 /media/data_nvme/git/uboot/u-boot/build/mt7622/release/bl31/cortex_a53.o
 .text.asm.check_errata_826319
                0x000000004300613c        0x8 /media/data_nvme/git/uboot/u-boot/build/mt7622/release/bl31/cortex_a53.o
 .text.asm.a53_disable_non_temporal_hint
                0x0000000043006144       0x1c /media/data_nvme/git/uboot/u-boot/build/mt7622/release/bl31/cortex_a53.o
 .text.asm.check_errata_disable_non_temporal_hint
                0x0000000043006160        0x8 /media/data_nvme/git/uboot/u-boot/build/mt7622/release/bl31/cortex_a53.o
 .text.asm.errata_a53_855873_wa
                0x0000000043006168       0x1c /media/data_nvme/git/uboot/u-boot/build/mt7622/release/bl31/cortex_a53.o
 .text.asm.check_errata_855873
                0x0000000043006184        0x8 /media/data_nvme/git/uboot/u-boot/build/mt7622/release/bl31/cortex_a53.o
 .text.asm.cortex_a53_reset_func
                0x000000004300618c       0x38 /media/data_nvme/git/uboot/u-boot/build/mt7622/release/bl31/cortex_a53.o
 .text.asm.cortex_a53_core_pwr_dwn
                0x00000000430061c4       0x18 /media/data_nvme/git/uboot/u-boot/build/mt7622/release/bl31/cortex_a53.o
 .text.asm.cortex_a53_cluster_pwr_dwn
                0x00000000430061dc       0x24 /media/data_nvme/git/uboot/u-boot/build/mt7622/release/bl31/cortex_a53.o
 .text.asm.reset_handler
                0x0000000043006200       0x20 /media/data_nvme/git/uboot/u-boot/build/mt7622/release/bl31/cpu_helpers.o
                0x0000000043006200                reset_handler
 .text.asm.prepare_cpu_pwr_dwn
                0x0000000043006220       0x24 /media/data_nvme/git/uboot/u-boot/build/mt7622/release/bl31/cpu_helpers.o
                0x0000000043006220                prepare_cpu_pwr_dwn
 .text.asm.init_cpu_ops
                0x0000000043006244       0x20 /media/data_nvme/git/uboot/u-boot/build/mt7622/release/bl31/cpu_helpers.o
                0x0000000043006244                init_cpu_ops
 .text.asm.get_cpu_ops_ptr
                0x0000000043006264       0x40 /media/data_nvme/git/uboot/u-boot/build/mt7622/release/bl31/cpu_helpers.o
                0x0000000043006264                get_cpu_ops_ptr
 .text.asm.cpu_get_rev_var
                0x00000000430062a4       0x10 /media/data_nvme/git/uboot/u-boot/build/mt7622/release/bl31/cpu_helpers.o
                0x00000000430062a4                cpu_get_rev_var
 .text.asm.cpu_rev_var_ls
                0x00000000430062b4       0x14 /media/data_nvme/git/uboot/u-boot/build/mt7622/release/bl31/cpu_helpers.o
                0x00000000430062b4                cpu_rev_var_ls
 .text.asm.cpu_rev_var_hs
                0x00000000430062c8       0x14 /media/data_nvme/git/uboot/u-boot/build/mt7622/release/bl31/cpu_helpers.o
                0x00000000430062c8                cpu_rev_var_hs
 .text.asm.check_wa_cve_2017_5715
                0x00000000430062dc       0x20 /media/data_nvme/git/uboot/u-boot/build/mt7622/release/bl31/cpu_helpers.o
                0x00000000430062dc                check_wa_cve_2017_5715
 .text.asm.check_smccc_arch_wa3_applies
                0x00000000430062fc       0x20 /media/data_nvme/git/uboot/u-boot/build/mt7622/release/bl31/cpu_helpers.o
                0x00000000430062fc                check_smccc_arch_wa3_applies
 .text.asm.el1_sysregs_context_restore
                0x000000004300631c       0xac /media/data_nvme/git/uboot/u-boot/build/mt7622/release/bl31/context.o
                0x000000004300631c                el1_sysregs_context_restore
 .text.asm.prepare_el3_entry
                0x00000000430063c8       0x68 /media/data_nvme/git/uboot/u-boot/build/mt7622/release/bl31/context.o
                0x00000000430063c8                prepare_el3_entry
 .text.asm.restore_gp_pmcr_pauth_regs
                0x0000000043006430       0x50 /media/data_nvme/git/uboot/u-boot/build/mt7622/release/bl31/context.o
                0x0000000043006430                restore_gp_pmcr_pauth_regs
 .text.asm.el3_exit
                0x0000000043006480       0x54 /media/data_nvme/git/uboot/u-boot/build/mt7622/release/bl31/context.o
                0x0000000043006480                el3_exit
 .text.asm.init_cpu_data_ptr
                0x00000000430064d4       0x14 /media/data_nvme/git/uboot/u-boot/build/mt7622/release/bl31/cpu_data.o
                0x00000000430064d4                init_cpu_data_ptr
 .text.asm._cpu_data_by_index
                0x00000000430064e8       0x18 /media/data_nvme/git/uboot/u-boot/build/mt7622/release/bl31/cpu_data.o
                0x00000000430064e8                _cpu_data_by_index
 .text.asm.spin_lock
                0x0000000043006500       0x20 /media/data_nvme/git/uboot/u-boot/build/mt7622/release/bl31/spinlock.o
                0x0000000043006500                spin_lock
 .text.asm.spin_unlock
                0x0000000043006520        0x8 /media/data_nvme/git/uboot/u-boot/build/mt7622/release/bl31/spinlock.o
                0x0000000043006520                spin_unlock
 .text.asm.psci_do_pwrdown_cache_maintenance
                0x0000000043006528       0x3c /media/data_nvme/git/uboot/u-boot/build/mt7622/release/bl31/psci_helpers.o
                0x0000000043006528                psci_do_pwrdown_cache_maintenance
 .text.asm.psci_do_pwrup_cache_maintenance
                0x0000000043006564       0x34 /media/data_nvme/git/uboot/u-boot/build/mt7622/release/bl31/psci_helpers.o
                0x0000000043006564                psci_do_pwrup_cache_maintenance
 .text.asm.psci_power_down_wfi
                0x0000000043006598        0xc /media/data_nvme/git/uboot/u-boot/build/mt7622/release/bl31/psci_helpers.o
                0x0000000043006598                psci_power_down_wfi
 .text.asm.plat_get_my_stack
                0x00000000430065a4       0x1c /media/data_nvme/git/uboot/u-boot/build/mt7622/release/bl31/platform_mp_stack.o
                0x00000000430065a4                plat_get_my_stack
 .text.asm.plat_set_my_stack
                0x00000000430065c0       0x10 /media/data_nvme/git/uboot/u-boot/build/mt7622/release/bl31/platform_mp_stack.o
                0x00000000430065c0                plat_set_my_stack
 .text.asm.console_hsuart_init
                0x00000000430065d0       0xb8 /media/data_nvme/git/uboot/u-boot/build/mt7622/release/bl31/hsuart.o
                0x00000000430065d0                console_hsuart_init
 .text.asm.console_hsuart_core_getc
                0x0000000043006688       0x18 /media/data_nvme/git/uboot/u-boot/build/mt7622/release/bl31/hsuart.o
                0x0000000043006688                console_hsuart_core_getc
 .text.asm.console_hsuart_core_putc
                0x00000000430066a0       0x38 /media/data_nvme/git/uboot/u-boot/build/mt7622/release/bl31/hsuart.o
                0x00000000430066a0                console_hsuart_core_putc
 .text.asm.console_hsuart_core_flush
                0x00000000430066d8       0x18 /media/data_nvme/git/uboot/u-boot/build/mt7622/release/bl31/hsuart.o
                0x00000000430066d8                console_hsuart_core_flush
 .text.asm.console_hsuart_getc
                0x00000000430066f0        0x8 /media/data_nvme/git/uboot/u-boot/build/mt7622/release/bl31/hsuart.o
 .text.asm.console_hsuart_putc
                0x00000000430066f8        0x8 /media/data_nvme/git/uboot/u-boot/build/mt7622/release/bl31/hsuart.o
 .text.asm.console_hsuart_flush
                0x0000000043006700        0x8 /media/data_nvme/git/uboot/u-boot/build/mt7622/release/bl31/hsuart.o
 .text.asm.console_hsuart_register
                0x0000000043006708       0x58 /media/data_nvme/git/uboot/u-boot/build/mt7622/release/bl31/hsuart.o
                0x0000000043006708                console_hsuart_register
 .text.asm.plat_my_core_pos
                0x0000000043006760       0x14 /media/data_nvme/git/uboot/u-boot/build/mt7622/release/bl31/plat_helpers.o
                0x0000000043006760                plat_my_core_pos
 .text.asm.plat_crash_console_init
                0x0000000043006774       0x20 /media/data_nvme/git/uboot/u-boot/build/mt7622/release/bl31/plat_helpers.o
                0x0000000043006774                plat_crash_console_init
 .text.asm.plat_crash_console_putc
                0x0000000043006794        0xc /media/data_nvme/git/uboot/u-boot/build/mt7622/release/bl31/plat_helpers.o
                0x0000000043006794                plat_crash_console_putc
 .text.asm.plat_crash_console_flush
                0x00000000430067a0        0xc /media/data_nvme/git/uboot/u-boot/build/mt7622/release/bl31/plat_helpers.o
                0x00000000430067a0                plat_crash_console_flush
 .text.asm.asm_print_str
                0x00000000430067ac       0x18 /media/data_nvme/git/uboot/u-boot/build/mt7622/release/bl31/debug.o
                0x00000000430067ac                asm_print_str
 .text.asm.asm_print_hex
                0x00000000430067c4       0x30 /media/data_nvme/git/uboot/u-boot/build/mt7622/release/bl31/debug.o
                0x00000000430067c4                asm_print_hex
                0x00000000430067c8                asm_print_hex_bits
 .text.asm.asm_print_newline
                0x00000000430067f4        0x8 /media/data_nvme/git/uboot/u-boot/build/mt7622/release/bl31/debug.o
                0x00000000430067f4                asm_print_newline
 .text.asm.elx_panic
                0x00000000430067fc        0x4 /media/data_nvme/git/uboot/u-boot/build/mt7622/release/bl31/debug.o
                0x00000000430067fc                elx_panic
 .text.asm.el3_panic
                0x0000000043006800       0x30 /media/data_nvme/git/uboot/u-boot/build/mt7622/release/bl31/debug.o
                0x0000000043006800                el3_panic
 .text.asm.flush_dcache_range
                0x0000000043006830       0x38 /media/data_nvme/git/uboot/u-boot/build/mt7622/release/bl31/cache_helpers.o
                0x0000000043006830                flush_dcache_range
 .text.asm.clean_dcache_range
                0x0000000043006868       0x38 /media/data_nvme/git/uboot/u-boot/build/mt7622/release/bl31/cache_helpers.o
                0x0000000043006868                clean_dcache_range
 .text.asm.inv_dcache_range
                0x00000000430068a0       0x38 /media/data_nvme/git/uboot/u-boot/build/mt7622/release/bl31/cache_helpers.o
                0x00000000430068a0                inv_dcache_range
 .text.asm.do_dcsw_op
                0x00000000430068d8       0xfc /media/data_nvme/git/uboot/u-boot/build/mt7622/release/bl31/cache_helpers.o
 .text.asm.dcsw_op_all
                0x00000000430069d4       0x14 /media/data_nvme/git/uboot/u-boot/build/mt7622/release/bl31/cache_helpers.o
                0x00000000430069d4                dcsw_op_all
 .text.asm.dcsw_op_level1
                0x00000000430069e8       0x10 /media/data_nvme/git/uboot/u-boot/build/mt7622/release/bl31/cache_helpers.o
                0x00000000430069e8                dcsw_op_level1
 .text.asm.dcsw_op_level2
                0x00000000430069f8       0x10 /media/data_nvme/git/uboot/u-boot/build/mt7622/release/bl31/cache_helpers.o
                0x00000000430069f8                dcsw_op_level2
 .text.asm.zeromem
                0x0000000043006a08        0x8 /media/data_nvme/git/uboot/u-boot/build/mt7622/release/bl31/misc_helpers.o
                0x0000000043006a08                zeromem
 .text.asm.zeromem_dczva
                0x0000000043006a10       0xe8 /media/data_nvme/git/uboot/u-boot/build/mt7622/release/bl31/misc_helpers.o
                0x0000000043006a10                zero_normalmem
 .text.asm.plat_reset_handler
                0x0000000043006af8        0x4 /media/data_nvme/git/uboot/u-boot/build/mt7622/release/bl31/platform_helpers.o
                0x0000000043006af8                plat_reset_handler
 .text.asm.plat_disable_acp
                0x0000000043006afc        0x4 /media/data_nvme/git/uboot/u-boot/build/mt7622/release/bl31/platform_helpers.o
                0x0000000043006afc                plat_disable_acp
 .text.asm.plat_panic_handler
                0x0000000043006b00        0x8 /media/data_nvme/git/uboot/u-boot/build/mt7622/release/bl31/platform_helpers.o
                0x0000000043006b00                plat_panic_handler
 .text.asm.bl31_plat_enable_mmu
                0x0000000043006b08        0x4 /media/data_nvme/git/uboot/u-boot/build/mt7622/release/bl31/platform_helpers.o
                0x0000000043006b08                bl31_plat_enable_mmu
 .text.asm.plat_handle_double_fault
                0x0000000043006b0c        0x4 /media/data_nvme/git/uboot/u-boot/build/mt7622/release/bl31/platform_helpers.o
                0x0000000043006b0c                plat_handle_double_fault
 .text.asm.plat_handle_el3_ea
                0x0000000043006b10        0x4 /media/data_nvme/git/uboot/u-boot/build/mt7622/release/bl31/platform_helpers.o
                0x0000000043006b10                plat_handle_el3_ea
 .text.efuse_wait.constprop.4
                0x0000000043006b14       0x90 plat/mediatek/mt7622/drivers/efuse/release/efuse_cmd.o
 .text.efuse_read
                0x0000000043006ba4      0x10c plat/mediatek/mt7622/drivers/efuse/release/efuse_cmd.o
                0x0000000043006ba4                efuse_read
 .text.efuse_write
                0x0000000043006cb0      0x468 plat/mediatek/mt7622/drivers/efuse/release/efuse_cmd.o
                0x0000000043006cb0                efuse_write
 .text.memcpy   0x0000000043007118       0x20 /media/data_nvme/git/uboot/u-boot/build/mt7622/release/lib/libc.a(memcpy.o)
                0x0000000043007118                memcpy
 .text.memmove  0x0000000043007138       0x34 /media/data_nvme/git/uboot/u-boot/build/mt7622/release/lib/libc.a(memmove.o)
                0x0000000043007138                memmove
 .text.memset   0x000000004300716c       0x78 /media/data_nvme/git/uboot/u-boot/build/mt7622/release/lib/libc.a(memset.o)
                0x000000004300716c                memset
 .text.unsigned_num_print.part.0
                0x00000000430071e4       0xd0 /media/data_nvme/git/uboot/u-boot/build/mt7622/release/lib/libc.a(printf.o)
 .text.vprintf  0x00000000430072b4      0x444 /media/data_nvme/git/uboot/u-boot/build/mt7622/release/lib/libc.a(printf.o)
                0x00000000430072b4                vprintf
 *(SORT_BY_ALIGNMENT(.rodata*))
 .rodata.psci_args.0
                0x00000000430076f8       0x10 /media/data_nvme/git/uboot/u-boot/build/mt7622/release/bl31/bl31_main.o
 .rodata.plat_mmap
                0x0000000043007708       0x80 /media/data_nvme/git/uboot/u-boot/build/mt7622/release/bl31/platform_common.o
                0x0000000043007708                plat_mmap
 .rodata.mcdi_pcm
                0x0000000043007788       0x38 /media/data_nvme/git/uboot/u-boot/build/mt7622/release/bl31/spm_mcdi.o
 .rodata.suspend_pcm_ca7
                0x00000000430077c0       0x38 /media/data_nvme/git/uboot/u-boot/build/mt7622/release/bl31/spm_suspend.o
 .rodata.mt_gic_data
                0x00000000430077f8       0x30 /media/data_nvme/git/uboot/u-boot/build/mt7622/release/bl31/plat_mt_gic.o
                0x00000000430077f8                mt_gic_data
 .rodata.plat_plat_pm_ops
                0x0000000043007828       0xb0 /media/data_nvme/git/uboot/u-boot/build/mt7622/release/bl31/plat_pm.o
 .rodata.plat_prefix_str
                0x00000000430078d8       0x28 /media/data_nvme/git/uboot/u-boot/build/mt7622/release/bl31/plat_log_common.o
 .rodata.efuse_info_set
                0x0000000043007900      0x440 plat/mediatek/mt7622/drivers/efuse/release/efuse_cmd.o
 .rodata.psci_smc_handler
                0x0000000043007d40       0x2c /media/data_nvme/git/uboot/u-boot/build/mt7622/release/bl31/psci_main.o
 .rodata.cci_map
                0x0000000043007d6c        0x8 /media/data_nvme/git/uboot/u-boot/build/mt7622/release/bl31/platform_common.o
 .rodata.spm_mcdi_prepare_for_off_state
                0x0000000043007d74        0x4 /media/data_nvme/git/uboot/u-boot/build/mt7622/release/bl31/spm_mcdi.o
 .rodata.spm_mcdi_finish_for_on_state
                0x0000000043007d78        0x4 /media/data_nvme/git/uboot/u-boot/build/mt7622/release/bl31/spm_mcdi.o
 .rodata.mcdi_binary
                0x0000000043007d7c      0xfa4 /media/data_nvme/git/uboot/u-boot/build/mt7622/release/bl31/spm_mcdi.o
 .rodata.suspend_binary_ca7
                0x0000000043008d20      0xd3c /media/data_nvme/git/uboot/u-boot/build/mt7622/release/bl31/spm_suspend.o
 .rodata.mediatek_plat_sip_handler
                0x0000000043009a5c        0x4 /media/data_nvme/git/uboot/u-boot/build/mt7622/release/bl31/plat_sip_calls.o
 .rodata.vprintf
                0x0000000043009a60       0x30 /media/data_nvme/git/uboot/u-boot/build/mt7622/release/lib/libc.a(printf.o)
 .rodata.build_message
                0x0000000043009a90       0x1e /media/data_nvme/git/uboot/u-boot/build/mt7622/release/bl31/build_message.o
                0x0000000043009a90                build_message
 .rodata.version_string
                0x0000000043009aae       0x2e /media/data_nvme/git/uboot/u-boot/build/mt7622/release/bl31/build_message.o
                0x0000000043009aae                version_string
 .rodata.bl31_prepare_next_image_entry.str1.1
                0x0000000043009adc       0x50 /media/data_nvme/git/uboot/u-boot/build/mt7622/release/bl31/bl31_main.o
 .rodata.bl31_main.str1.1
                0x0000000043009b2c        0xb /media/data_nvme/git/uboot/u-boot/build/mt7622/release/bl31/bl31_main.o
 .rodata.runtime_svc_init.str1.1
                0x0000000043009b37       0x50 /media/data_nvme/git/uboot/u-boot/build/mt7622/release/bl31/runtime_svc.o
 .rodata.cm_setup_context.str1.1
                0x0000000043009b87       0x19 /media/data_nvme/git/uboot/u-boot/build/mt7622/release/bl31/context_mgmt.o
 .rodata.psci_warmboot_entrypoint.str1.1
                0x0000000043009ba0       0x22 /media/data_nvme/git/uboot/u-boot/build/mt7622/release/bl31/psci_common.o
 .rodata.psci_cpu_suspend.str1.1
                0x0000000043009bc2       0x33 /media/data_nvme/git/uboot/u-boot/build/mt7622/release/bl31/psci_main.o
 .rodata.mtk_efuse_get_len.str1.1
                0x0000000043009bf5       0x25 /media/data_nvme/git/uboot/u-boot/build/mt7622/release/bl31/mtk_efuse.o
 .rodata.mtk_efuse_read.str1.1
                0x0000000043009c1a       0x27 /media/data_nvme/git/uboot/u-boot/build/mt7622/release/bl31/mtk_efuse.o
 .rodata.mtk_efuse_write.str1.1
                0x0000000043009c41       0x28 /media/data_nvme/git/uboot/u-boot/build/mt7622/release/bl31/mtk_efuse.o
 .rodata.__func__.0
                0x0000000043009c69       0x10 /media/data_nvme/git/uboot/u-boot/build/mt7622/release/bl31/mtk_efuse.o
 .rodata.__func__.1
                0x0000000043009c79        0xf /media/data_nvme/git/uboot/u-boot/build/mt7622/release/bl31/mtk_efuse.o
 .rodata.__func__.2
                0x0000000043009c88       0x12 /media/data_nvme/git/uboot/u-boot/build/mt7622/release/bl31/mtk_efuse.o
 .rodata.str1.1
                0x0000000043009c9a       0x11 /media/data_nvme/git/uboot/u-boot/build/mt7622/release/bl31/mtk_sip_svc_legacy.o
 .rodata.wait_for_state_idle.constprop.0.str1.1
                0x0000000043009cab       0x59 /media/data_nvme/git/uboot/u-boot/build/mt7622/release/bl31/pmic_wrap.o
 .rodata.pwrap_read.str1.1
                0x0000000043009d04       0x1c /media/data_nvme/git/uboot/u-boot/build/mt7622/release/bl31/pmic_wrap.o
 .rodata.Write_trigger.str1.1
                0x0000000043009d20       0x1c /media/data_nvme/git/uboot/u-boot/build/mt7622/release/bl31/rtc.o
 .rodata.spm_output_wake_reason.str1.1
                0x0000000043009d3c       0x38 /media/data_nvme/git/uboot/u-boot/build/mt7622/release/bl31/spm.o
 .rodata.str1.1
                0x0000000043009d74       0x1c /media/data_nvme/git/uboot/u-boot/build/mt7622/release/bl31/spm_mcdi.o
 .rodata.str1.1
                0x0000000043009d90       0x18 /media/data_nvme/git/uboot/u-boot/build/mt7622/release/bl31/spm_suspend.o
 .rodata.mtk_antirollback_check_mtk_ar_table_parms.str1.1
                0x0000000043009da8       0x84 /media/data_nvme/git/uboot/u-boot/build/mt7622/release/bl31/mtk_ar_table.o
 .rodata.mtk_antirollback_get_efuse_ar_ver.str1.1
                0x0000000043009e2c       0x1f /media/data_nvme/git/uboot/u-boot/build/mt7622/release/bl31/mtk_ar_table.o
 .rodata.mtk_antirollback_get_bl2_ar_ver.str1.1
                0x0000000043009e4b       0x1d /media/data_nvme/git/uboot/u-boot/build/mt7622/release/bl31/mtk_ar_table.o
 .rodata.mtk_antirollback_update_efuse_ar_ver.str1.1
                0x0000000043009e68       0x60 /media/data_nvme/git/uboot/u-boot/build/mt7622/release/bl31/mtk_ar_table.o
 .rodata.__func__.0
                0x0000000043009ec8       0x25 /media/data_nvme/git/uboot/u-boot/build/mt7622/release/bl31/mtk_ar_table.o
 .rodata.__func__.1
                0x0000000043009eed       0x22 /media/data_nvme/git/uboot/u-boot/build/mt7622/release/bl31/mtk_ar_table.o
 .rodata.__func__.2
                0x0000000043009f0f       0x25 /media/data_nvme/git/uboot/u-boot/build/mt7622/release/bl31/mtk_ar_table.o
 .rodata.__func__.3
                0x0000000043009f34       0x20 /media/data_nvme/git/uboot/u-boot/build/mt7622/release/bl31/mtk_ar_table.o
 .rodata.__func__.6
                0x0000000043009f54       0x22 /media/data_nvme/git/uboot/u-boot/build/mt7622/release/bl31/mtk_ar_table.o
 .rodata.__func__.7
                0x0000000043009f76       0x2a /media/data_nvme/git/uboot/u-boot/build/mt7622/release/bl31/mtk_ar_table.o
 .rodata.plat_mtk_system_reset.str1.1
                0x0000000043009fa0       0x2b /media/data_nvme/git/uboot/u-boot/build/mt7622/release/bl31/plat_pm.o
 .rodata.plat_system_off.str1.1
                0x0000000043009fcb       0x29 /media/data_nvme/git/uboot/u-boot/build/mt7622/release/bl31/plat_pm.o
 .rodata.mediatek_plat_sip_handler.str1.1
                0x0000000043009ff4       0x1b /media/data_nvme/git/uboot/u-boot/build/mt7622/release/bl31/plat_sip_calls.o
 .rodata.__func__.0
                0x000000004300a00f       0x1a /media/data_nvme/git/uboot/u-boot/build/mt7622/release/bl31/plat_sip_calls.o
 .rodata.mtk_power_domain_tree_desc
                0x000000004300a029        0x4 /media/data_nvme/git/uboot/u-boot/build/mt7622/release/bl31/plat_topology.o
                0x000000004300a029                mtk_power_domain_tree_desc
 .rodata.str1.1
                0x000000004300a02d        0xd /media/data_nvme/git/uboot/u-boot/build/mt7622/release/bl31/arm_arch_svc_setup.o
 .rodata.str1.1
                0x000000004300a03a        0x8 /media/data_nvme/git/uboot/u-boot/build/mt7622/release/bl31/std_svc_setup.o
 .rodata.str1.1
                0x000000004300a042       0x32 /media/data_nvme/git/uboot/u-boot/build/mt7622/release/bl31/plat_log_common.o
 .rodata.get_el_str.str1.1
                0x000000004300a074        0xc /media/data_nvme/git/uboot/u-boot/build/mt7622/release/bl31/plat_common.o
 .rodata.plat_default_ea_handler.str1.1
                0x000000004300a080       0x5a /media/data_nvme/git/uboot/u-boot/build/mt7622/release/bl31/plat_common.o
                                         0x5c (size before relaxing)
 .rodata.errata_entries
                0x000000004300a0da        0x0 /media/data_nvme/git/uboot/u-boot/build/mt7622/release/bl31/aem_generic.o
 .rodata.errata_entries
                0x000000004300a0da        0x0 /media/data_nvme/git/uboot/u-boot/build/mt7622/release/bl31/cortex_a53.o
 .rodata.panic_str
                0x000000004300a0da       0x11 /media/data_nvme/git/uboot/u-boot/build/mt7622/release/bl31/debug.o
 .rodata.str1.1
                0x000000004300a0eb      0x2b1 plat/mediatek/mt7622/drivers/efuse/release/efuse_cmd.o
 .rodata.vprintf.str1.1
                0x000000004300a39c        0x3 /media/data_nvme/git/uboot/u-boot/build/mt7622/release/lib/libc.a(printf.o)
                0x000000004300a3a0                . = ALIGN (0x8)
 *fill*         0x000000004300a39f        0x1 
                0x000000004300a3a0                __RT_SVC_DESCS_START__ = .
 *(SORT_BY_ALIGNMENT(.rt_svc_descs))
 .rt_svc_descs  0x000000004300a3a0       0x20 /media/data_nvme/git/uboot/u-boot/build/mt7622/release/bl31/mtk_sip_svc_legacy.o
 .rt_svc_descs  0x000000004300a3c0       0x20 /media/data_nvme/git/uboot/u-boot/build/mt7622/release/bl31/arm_arch_svc_setup.o
 .rt_svc_descs  0x000000004300a3e0       0x20 /media/data_nvme/git/uboot/u-boot/build/mt7622/release/bl31/std_svc_setup.o
                0x000000004300a400                __RT_SVC_DESCS_END__ = .
                0x000000004300a400                . = ALIGN (0x8)
                0x000000004300a400                __FCONF_POPULATOR_START__ = .
 *(SORT_BY_ALIGNMENT(.fconf_populator))
                0x000000004300a400                __FCONF_POPULATOR_END__ = .
                0x000000004300a400                . = ALIGN (0x8)
                0x000000004300a400                __PMF_SVC_DESCS_START__ = .
 *(SORT_BY_ALIGNMENT(.pmf_svc_descs))
                0x000000004300a400                __PMF_SVC_DESCS_END__ = .
                0x000000004300a400                . = ALIGN (0x8)
                0x000000004300a400                __PARSER_LIB_DESCS_START__ = .
 *(SORT_BY_ALIGNMENT(.img_parser_lib_descs))
                0x000000004300a400                __PARSER_LIB_DESCS_END__ = .
                0x000000004300a400                . = ALIGN (0x8)
                0x000000004300a400                __CPU_OPS_START__ = .
 *(SORT_BY_ALIGNMENT(.cpu_ops))
 .cpu_ops       0x000000004300a400       0xa0 /media/data_nvme/git/uboot/u-boot/build/mt7622/release/bl31/aem_generic.o
 .cpu_ops       0x000000004300a4a0       0x50 /media/data_nvme/git/uboot/u-boot/build/mt7622/release/bl31/cortex_a53.o
                0x000000004300a4f0                __CPU_OPS_END__ = .
                0x000000004300a4f0                . = ALIGN (0x8)
                0x000000004300a4f0                __GOT_START__ = .
 *(SORT_BY_ALIGNMENT(.got))
                0x000000004300a4f0                __GOT_END__ = .
                0x000000004300a4f0                . = ALIGN (0x8)
                0x000000004300a4f0                __pubsub_psci_cpu_on_finish_start = .
 *(SORT_BY_ALIGNMENT(.__pubsub_psci_cpu_on_finish))
                0x000000004300a4f0                __pubsub_psci_cpu_on_finish_end = .
                0x000000004300a4f0                __pubsub_psci_suspend_pwrdown_start_start = .
 *(SORT_BY_ALIGNMENT(.__pubsub_psci_suspend_pwrdown_start))
                0x000000004300a4f0                __pubsub_psci_suspend_pwrdown_start_end = .
                0x000000004300a4f0                __pubsub_psci_suspend_pwrdown_finish_start = .
 *(SORT_BY_ALIGNMENT(.__pubsub_psci_suspend_pwrdown_finish))
                0x000000004300a4f0                __pubsub_psci_suspend_pwrdown_finish_end = .
                0x000000004300a4f0                __pubsub_cm_entering_secure_world_start = .
 *(SORT_BY_ALIGNMENT(.__pubsub_cm_entering_secure_world))
 .__pubsub_cm_entering_secure_world
                0x000000004300a4f0        0x8 /media/data_nvme/git/uboot/u-boot/build/mt7622/release/bl31/spe.o
                0x000000004300a4f0                __cb_func_spe_drain_buffers_hookcm_entering_secure_world
                0x000000004300a4f8                __pubsub_cm_entering_secure_world_end = .
                0x000000004300a4f8                __pubsub_cm_exited_secure_world_start = .
 *(SORT_BY_ALIGNMENT(.__pubsub_cm_exited_secure_world))
                0x000000004300a4f8                __pubsub_cm_exited_secure_world_end = .
                0x000000004300a4f8                __pubsub_cm_entering_normal_world_start = .
 *(SORT_BY_ALIGNMENT(.__pubsub_cm_entering_normal_world))
                0x000000004300a4f8                __pubsub_cm_entering_normal_world_end = .
                0x000000004300a4f8                __pubsub_cm_exited_normal_world_start = .
 *(SORT_BY_ALIGNMENT(.__pubsub_cm_exited_normal_world))
                0x000000004300a4f8                __pubsub_cm_exited_normal_world_end = .
 *(SORT_BY_ALIGNMENT(.vectors))
 *fill*         0x000000004300a4f8      0x308 
 .vectors       0x000000004300a800      0x800 /media/data_nvme/git/uboot/u-boot/build/mt7622/release/bl31/runtime_exceptions.o
                0x000000004300a800                sync_exception_sp_el0
                0x000000004300a800                runtime_exceptions
                0x000000004300a880                irq_sp_el0
                0x000000004300a900                fiq_sp_el0
                0x000000004300a980                serror_sp_el0
                0x000000004300aa00                sync_exception_sp_elx
                0x000000004300aa80                irq_sp_elx
                0x000000004300ab00                fiq_sp_elx
                0x000000004300ab80                serror_sp_elx
                0x000000004300ac00                sync_exception_aarch64
                0x000000004300ac80                irq_aarch64
                0x000000004300ad00                fiq_aarch64
                0x000000004300ad80                serror_aarch64
                0x000000004300ae00                sync_exception_aarch32
                0x000000004300ae80                irq_aarch32
                0x000000004300af00                fiq_aarch32
                0x000000004300af80                serror_aarch32
                0x000000004300b000                __RO_END_UNALIGNED__ = .
                0x000000004300b000                . = ALIGN (0x1000)
                0x000000004300b000                __RO_END__ = .
                0x0000000000000001                ASSERT ((__CPU_OPS_END__ > __CPU_OPS_START__), cpu_ops not defined for this platform.)
                0x000000004300b000                __RW_START__ = .

.iplt           0x000000004300b000        0x0
 .iplt          0x000000004300b000        0x0 /media/data_nvme/git/uboot/u-boot/build/mt7622/release/bl31/bl31_context_mgmt.o

.data           0x000000004300b000       0xdd
                0x000000004300b000                __DATA_START__ = .
 *(SORT_BY_ALIGNMENT(.data*))
 .data.next_image_type
                0x000000004300b000        0x4 /media/data_nvme/git/uboot/u-boot/build/mt7622/release/bl31/bl31_main.o
 .data.scp_domain_mt7622
                0x000000004300b004       0x3c /media/data_nvme/git/uboot/u-boot/build/mt7622/release/bl31/mtcmos.o
 .data.mcdi_ctrl
                0x000000004300b040       0x4c /media/data_nvme/git/uboot/u-boot/build/mt7622/release/bl31/spm_mcdi.o
 .data.spm_ctrl
                0x000000004300b08c       0x4c /media/data_nvme/git/uboot/u-boot/build/mt7622/release/bl31/spm_suspend.o
 .data.max_log_level
                0x000000004300b0d8        0x4 /media/data_nvme/git/uboot/u-boot/build/mt7622/release/bl31/tf_log.o
 .data.console_state
                0x000000004300b0dc        0x1 /media/data_nvme/git/uboot/u-boot/build/mt7622/release/bl31/multi_console.o
                0x000000004300b0dd                __DATA_END__ = .

.igot.plt       0x000000004300b0e0        0x0
 .igot.plt      0x000000004300b0e0        0x0 /media/data_nvme/git/uboot/u-boot/build/mt7622/release/bl31/bl31_context_mgmt.o

tzfw_coherent_mem
                0x000000004300b0e0        0xc
 tzfw_coherent_mem
                0x000000004300b0e0        0xc /media/data_nvme/git/uboot/u-boot/build/mt7622/release/bl31/spm.o

.rela.dyn       0x000000004300b0f0        0x0
                0x000000004300b0f0                __RELA_START__ = .
 *(SORT_BY_ALIGNMENT(.rela*))
 .rela.iplt     0x000000004300b0f0        0x0 /media/data_nvme/git/uboot/u-boot/build/mt7622/release/bl31/bl31_context_mgmt.o
 .rela.text.runtime_svc_init
                0x000000004300b0f0        0x0 /media/data_nvme/git/uboot/u-boot/build/mt7622/release/bl31/bl31_context_mgmt.o
 .rela.text.cm_el1_sysregs_context_restore
                0x000000004300b0f0        0x0 /media/data_nvme/git/uboot/u-boot/build/mt7622/release/bl31/bl31_context_mgmt.o
 .rela.text.psci_cpu_on_finish
                0x000000004300b0f0        0x0 /media/data_nvme/git/uboot/u-boot/build/mt7622/release/bl31/bl31_context_mgmt.o
 .rela.text.psci_cpu_suspend_start
                0x000000004300b0f0        0x0 /media/data_nvme/git/uboot/u-boot/build/mt7622/release/bl31/bl31_context_mgmt.o
 .rela.text.psci_cpu_suspend_finish
                0x000000004300b0f0        0x0 /media/data_nvme/git/uboot/u-boot/build/mt7622/release/bl31/bl31_context_mgmt.o
 .rela.text.bl31_platform_setup
                0x000000004300b0f0        0x0 /media/data_nvme/git/uboot/u-boot/build/mt7622/release/bl31/bl31_context_mgmt.o
 .rela.text.bl31_plat_arch_setup
                0x000000004300b0f0        0x0 /media/data_nvme/git/uboot/u-boot/build/mt7622/release/bl31/bl31_context_mgmt.o
 .rela.text.asm.bl31_entrypoint
                0x000000004300b0f0        0x0 /media/data_nvme/git/uboot/u-boot/build/mt7622/release/bl31/bl31_context_mgmt.o
 .rela.text.asm.sync_exception_handler
                0x000000004300b0f0        0x0 /media/data_nvme/git/uboot/u-boot/build/mt7622/release/bl31/bl31_context_mgmt.o
 .rela.text.asm.get_cpu_ops_ptr
                0x000000004300b0f0        0x0 /media/data_nvme/git/uboot/u-boot/build/mt7622/release/bl31/bl31_context_mgmt.o
                0x000000004300b0f0                __RELA_END__ = .

.stacks         0x000000004300b100     0x1000
                0x000000004300b100                __STACKS_START__ = .
 *(SORT_BY_ALIGNMENT(.tzfw_normal_stacks))
 .tzfw_normal_stacks
                0x000000004300b100     0x1000 /media/data_nvme/git/uboot/u-boot/build/mt7622/release/bl31/platform_mp_stack.o
                0x000000004300c100                __STACKS_END__ = .

.bss            0x000000004300c100      0xc00
                0x000000004300c100                __BSS_START__ = .
 *(SORT_BY_ALIGNMENT(.bss*))
 .bss.percpu_data
                0x000000004300c100       0x80 /media/data_nvme/git/uboot/u-boot/build/mt7622/release/bl31/cpu_data_array.o
                0x000000004300c100                percpu_data
 .bss.base_xlation_table
                0x000000004300c180       0x20 /media/data_nvme/git/uboot/u-boot/build/mt7622/release/bl31/xlat_tables.o
 .bss.psci_ns_context
                0x000000004300c1a0      0x480 /media/data_nvme/git/uboot/u-boot/build/mt7622/release/bl31/psci_setup.o
 .bss.bl32_init
                0x000000004300c620        0x8 /media/data_nvme/git/uboot/u-boot/build/mt7622/release/bl31/bl31_main.o
 .bss.intr_type_descs
                0x000000004300c628       0x60 /media/data_nvme/git/uboot/u-boot/build/mt7622/release/bl31/interrupt_mgmt.o
 .bss.cci_base  0x000000004300c688        0x8 /media/data_nvme/git/uboot/u-boot/build/mt7622/release/bl31/cci.o
 .bss.cci_slave_if_map
                0x000000004300c690        0x8 /media/data_nvme/git/uboot/u-boot/build/mt7622/release/bl31/cci.o
 .bss.driver_data
                0x000000004300c698        0x8 /media/data_nvme/git/uboot/u-boot/build/mt7622/release/bl31/gicv2_main.o
 .bss.timer_ops
                0x000000004300c6a0        0x8 /media/data_nvme/git/uboot/u-boot/build/mt7622/release/bl31/delay_timer.o
 .bss.ops       0x000000004300c6a8       0x10 /media/data_nvme/git/uboot/u-boot/build/mt7622/release/bl31/generic_delay_timer.o
 .bss.psci_cpu_pd_nodes
                0x000000004300c6b8       0x20 /media/data_nvme/git/uboot/u-boot/build/mt7622/release/bl31/psci_common.o
                0x000000004300c6b8                psci_cpu_pd_nodes
 .bss.psci_plat_pm_ops
                0x000000004300c6d8        0x8 /media/data_nvme/git/uboot/u-boot/build/mt7622/release/bl31/psci_common.o
                0x000000004300c6d8                psci_plat_pm_ops
 .bss.psci_spd_pm
                0x000000004300c6e0        0x8 /media/data_nvme/git/uboot/u-boot/build/mt7622/release/bl31/psci_common.o
                0x000000004300c6e0                psci_spd_pm
 .bss.tcr_ps_bits
                0x000000004300c6e8        0x8 /media/data_nvme/git/uboot/u-boot/build/mt7622/release/bl31/xlat_tables.o
 .bss.ap1_mask  0x000000004300c6f0        0x8 /media/data_nvme/git/uboot/u-boot/build/mt7622/release/bl31/xlat_tables_common.o
 .bss.execute_never_mask
                0x000000004300c6f8        0x8 /media/data_nvme/git/uboot/u-boot/build/mt7622/release/bl31/xlat_tables_common.o
 .bss.mmap      0x000000004300c700      0x220 /media/data_nvme/git/uboot/u-boot/build/mt7622/release/bl31/xlat_tables_common.o
 .bss.xlat_max_pa
                0x000000004300c920        0x8 /media/data_nvme/git/uboot/u-boot/build/mt7622/release/bl31/xlat_tables_common.o
 .bss.xlat_max_va
                0x000000004300c928        0x8 /media/data_nvme/git/uboot/u-boot/build/mt7622/release/bl31/xlat_tables_common.o
 .bss.bl32_ep_info
                0x000000004300c930       0x58 /media/data_nvme/git/uboot/u-boot/build/mt7622/release/bl31/bl31_plat_setup.o
 .bss.bl33_ep_info
                0x000000004300c988       0x58 /media/data_nvme/git/uboot/u-boot/build/mt7622/release/bl31/bl31_plat_setup.o
 .bss.console.0
                0x000000004300c9e0       0x30 /media/data_nvme/git/uboot/u-boot/build/mt7622/release/bl31/bl31_plat_setup.o
 .bss.mtk_ar_table
                0x000000004300ca10        0x8 /media/data_nvme/git/uboot/u-boot/build/mt7622/release/bl31/mtk_ar_table.o
                0x000000004300ca10                mtk_ar_table
 .bss.console.0
                0x000000004300ca18       0x30 /media/data_nvme/git/uboot/u-boot/build/mt7622/release/bl31/plat_pm.o
 .bss.dormant_data
                0x000000004300ca48       0xa0 /media/data_nvme/git/uboot/u-boot/build/mt7622/release/bl31/plat_pm.o
 .bss.secure_entrypoint
                0x000000004300cae8        0x8 /media/data_nvme/git/uboot/u-boot/build/mt7622/release/bl31/plat_pm.o
 .bss.console_list
                0x000000004300caf0        0x8 /media/data_nvme/git/uboot/u-boot/build/mt7622/release/bl31/multi_console.o
                0x000000004300caf0                console_list
 .bss.psci_plat_core_count
                0x000000004300caf8        0x4 /media/data_nvme/git/uboot/u-boot/build/mt7622/release/bl31/psci_common.o
                0x000000004300caf8                psci_plat_core_count
 .bss.psci_caps
                0x000000004300cafc        0x4 /media/data_nvme/git/uboot/u-boot/build/mt7622/release/bl31/psci_setup.o
                0x000000004300cafc                psci_caps
 .bss.next_xlat
                0x000000004300cb00        0x4 /media/data_nvme/git/uboot/u-boot/build/mt7622/release/bl31/xlat_tables_common.o
 .bss.mtk_efuse_field
                0x000000004300cb04      0x12c /media/data_nvme/git/uboot/u-boot/build/mt7622/release/bl31/mtk_efuse.o
 .bss.spm_wake_reason
                0x000000004300cc30        0x4 /media/data_nvme/git/uboot/u-boot/build/mt7622/release/bl31/spm_suspend.o
                0x000000004300cc30                spm_wake_reason
 .bss.efuse_buffer.1
                0x000000004300cc34       0x20 /media/data_nvme/git/uboot/u-boot/build/mt7622/release/bl31/plat_sip_calls.o
 .bss.rt_svc_descs_indices
                0x000000004300cc54       0x80 /media/data_nvme/git/uboot/u-boot/build/mt7622/release/bl31/runtime_svc.o
                0x000000004300cc54                rt_svc_descs_indices
 .bss.psci_req_local_pwr_states
                0x000000004300ccd4        0x4 /media/data_nvme/git/uboot/u-boot/build/mt7622/release/bl31/psci_common.o
 *(SORT_BY_ALIGNMENT(COMMON))
                0x000000004300cd00                . = ALIGN (0x40)
 *fill*         0x000000004300ccd8       0x28 
                0x000000004300cd00                __PMF_TIMESTAMP_START__ = .
 *(SORT_BY_ALIGNMENT(.pmf_timestamp_array))
                0x000000004300cd00                . = ALIGN (0x40)
                0x000000004300cd00                __PMF_PERCPU_TIMESTAMP_END__ = .
                0x0000000000000000                __PERCPU_TIMESTAMP_SIZE__ = ABSOLUTE ((. - __PMF_TIMESTAMP_START__))
                0x000000004300cd00                . = (. + (__PERCPU_TIMESTAMP_SIZE__ * 0x1))
                0x000000004300cd00                __PMF_TIMESTAMP_END__ = .
                0x000000004300cd00                . = ALIGN (0x10)
                0x000000004300cd00                __BASE_XLAT_TABLE_START__ = .
 *(SORT_BY_ALIGNMENT(.base_xlat_table))
                0x000000004300cd00                __BASE_XLAT_TABLE_END__ = .
                0x000000004300cd00                __BSS_END__ = .

.xlat_table     0x000000004300d000     0x4000
                0x000000004300d000                __XLAT_TABLE_START__ = .
 *(SORT_BY_ALIGNMENT(.xlat_table))
 .xlat_table    0x000000004300d000     0x4000 /media/data_nvme/git/uboot/u-boot/build/mt7622/release/bl31/xlat_tables_common.o
                0x0000000043011000                __XLAT_TABLE_END__ = .

.coherent_ram   0x0000000043011000     0x1000
                0x0000000043011000                __COHERENT_RAM_START__ = .
 *(SORT_BY_ALIGNMENT(.bakery_lock))
 .bakery_lock   0x0000000043011000        0x8 /media/data_nvme/git/uboot/u-boot/build/mt7622/release/bl31/psci_common.o
                0x0000000043011000                psci_locks
 .bakery_lock   0x0000000043011008        0x4 /media/data_nvme/git/uboot/u-boot/build/mt7622/release/bl31/spm.o
                0x0000000043011008                spm_lock
 *(SORT_BY_ALIGNMENT(.tzfw_coherent_mem))
 .tzfw_coherent_mem
                0x000000004301100c       0x20 /media/data_nvme/git/uboot/u-boot/build/mt7622/release/bl31/psci_common.o
                0x000000004301100c                psci_non_cpu_pd_nodes
                0x000000004301102c                __COHERENT_RAM_END_UNALIGNED__ = .
                0x0000000043012000                . = ALIGN (0x1000)
 *fill*         0x000000004301102c      0xfd4 
                0x0000000043012000                __COHERENT_RAM_END__ = .
                0x0000000043012000                __RW_END__ = .
                0x0000000043012000                __BL31_END__ = .
                0x0000000000000001                ASSERT ((. <= 0x43020000), BL31 image has exceeded its limit.)
                0x0000000043012000                RAM_REGION_END = .

/DISCARD/
 *(SORT_BY_ALIGNMENT(.dynsym) SORT_BY_ALIGNMENT(.dynstr) SORT_BY_ALIGNMENT(.hash) SORT_BY_ALIGNMENT(.gnu.hash))
LOAD /media/data_nvme/git/uboot/u-boot/build/mt7622/release/bl31/build_message.o
LOAD /media/data_nvme/git/uboot/u-boot/build/mt7622/release/bl31/bl31_context_mgmt.o
LOAD /media/data_nvme/git/uboot/u-boot/build/mt7622/release/bl31/bl31_main.o
LOAD /media/data_nvme/git/uboot/u-boot/build/mt7622/release/bl31/bl31_traps.o
LOAD /media/data_nvme/git/uboot/u-boot/build/mt7622/release/bl31/interrupt_mgmt.o
LOAD /media/data_nvme/git/uboot/u-boot/build/mt7622/release/bl31/runtime_svc.o
LOAD /media/data_nvme/git/uboot/u-boot/build/mt7622/release/bl31/cci.o
LOAD /media/data_nvme/git/uboot/u-boot/build/mt7622/release/bl31/gic_common.o
LOAD /media/data_nvme/git/uboot/u-boot/build/mt7622/release/bl31/gicv2_helpers.o
LOAD /media/data_nvme/git/uboot/u-boot/build/mt7622/release/bl31/gicv2_main.o
LOAD /media/data_nvme/git/uboot/u-boot/build/mt7622/release/bl31/delay_timer.o
LOAD /media/data_nvme/git/uboot/u-boot/build/mt7622/release/bl31/generic_delay_timer.o
LOAD /media/data_nvme/git/uboot/u-boot/build/mt7622/release/bl31/errata_report.o
LOAD /media/data_nvme/git/uboot/u-boot/build/mt7622/release/bl31/context_mgmt.o
LOAD /media/data_nvme/git/uboot/u-boot/build/mt7622/release/bl31/cpu_data_array.o
LOAD /media/data_nvme/git/uboot/u-boot/build/mt7622/release/bl31/spe.o
LOAD /media/data_nvme/git/uboot/u-boot/build/mt7622/release/bl31/bakery_lock_coherent.o
LOAD /media/data_nvme/git/uboot/u-boot/build/mt7622/release/bl31/psci_common.o
LOAD /media/data_nvme/git/uboot/u-boot/build/mt7622/release/bl31/psci_main.o
LOAD /media/data_nvme/git/uboot/u-boot/build/mt7622/release/bl31/psci_mem_protect.o
LOAD /media/data_nvme/git/uboot/u-boot/build/mt7622/release/bl31/psci_off.o
LOAD /media/data_nvme/git/uboot/u-boot/build/mt7622/release/bl31/psci_on.o
LOAD /media/data_nvme/git/uboot/u-boot/build/mt7622/release/bl31/psci_setup.o
LOAD /media/data_nvme/git/uboot/u-boot/build/mt7622/release/bl31/psci_suspend.o
LOAD /media/data_nvme/git/uboot/u-boot/build/mt7622/release/bl31/psci_system_off.o
LOAD /media/data_nvme/git/uboot/u-boot/build/mt7622/release/bl31/xlat_tables.o
LOAD /media/data_nvme/git/uboot/u-boot/build/mt7622/release/bl31/xlat_tables_common.o
LOAD /media/data_nvme/git/uboot/u-boot/build/mt7622/release/bl31/arm_gicv2.o
LOAD /media/data_nvme/git/uboot/u-boot/build/mt7622/release/bl31/plat_gicv2.o
LOAD /media/data_nvme/git/uboot/u-boot/build/mt7622/release/bl31/mtk_efuse.o
LOAD /media/data_nvme/git/uboot/u-boot/build/mt7622/release/bl31/mtk_bl31_boot_next_legacy.o
LOAD /media/data_nvme/git/uboot/u-boot/build/mt7622/release/bl31/mtk_plat_common.o
LOAD /media/data_nvme/git/uboot/u-boot/build/mt7622/release/bl31/mtk_sip_svc_legacy.o
LOAD /media/data_nvme/git/uboot/u-boot/build/mt7622/release/bl31/platform_common.o
LOAD /media/data_nvme/git/uboot/u-boot/build/mt7622/release/bl31/bl31_plat_setup.o
LOAD /media/data_nvme/git/uboot/u-boot/build/mt7622/release/bl31/pmic_wrap.o
LOAD /media/data_nvme/git/uboot/u-boot/build/mt7622/release/bl31/rtc.o
LOAD /media/data_nvme/git/uboot/u-boot/build/mt7622/release/bl31/mtcmos.o
LOAD /media/data_nvme/git/uboot/u-boot/build/mt7622/release/bl31/spm.o
LOAD /media/data_nvme/git/uboot/u-boot/build/mt7622/release/bl31/spm_hotplug.o
LOAD /media/data_nvme/git/uboot/u-boot/build/mt7622/release/bl31/spm_mcdi.o
LOAD /media/data_nvme/git/uboot/u-boot/build/mt7622/release/bl31/spm_suspend.o
LOAD /media/data_nvme/git/uboot/u-boot/build/mt7622/release/bl31/cpuxgpt.o
LOAD /media/data_nvme/git/uboot/u-boot/build/mt7622/release/bl31/mtk_wdt.o
LOAD /media/data_nvme/git/uboot/u-boot/build/mt7622/release/bl31/mtk_ar_table.o
LOAD /media/data_nvme/git/uboot/u-boot/build/mt7622/release/bl31/plat_mt_gic.o
LOAD /media/data_nvme/git/uboot/u-boot/build/mt7622/release/bl31/plat_pm.o
LOAD /media/data_nvme/git/uboot/u-boot/build/mt7622/release/bl31/plat_sip_calls.o
LOAD /media/data_nvme/git/uboot/u-boot/build/mt7622/release/bl31/plat_topology.o
LOAD /media/data_nvme/git/uboot/u-boot/build/mt7622/release/bl31/power_tracer.o
LOAD /media/data_nvme/git/uboot/u-boot/build/mt7622/release/bl31/scu.o
LOAD /media/data_nvme/git/uboot/u-boot/build/mt7622/release/bl31/arm_arch_svc_setup.o
LOAD /media/data_nvme/git/uboot/u-boot/build/mt7622/release/bl31/std_svc_setup.o
LOAD /media/data_nvme/git/uboot/u-boot/build/mt7622/release/bl31/bl_common.o
LOAD /media/data_nvme/git/uboot/u-boot/build/mt7622/release/bl31/tf_log.o
LOAD /media/data_nvme/git/uboot/u-boot/build/mt7622/release/bl31/multi_console.o
LOAD /media/data_nvme/git/uboot/u-boot/build/mt7622/release/bl31/pmuv3.o
LOAD /media/data_nvme/git/uboot/u-boot/build/mt7622/release/bl31/plat_bl_common.o
LOAD /media/data_nvme/git/uboot/u-boot/build/mt7622/release/bl31/plat_log_common.o
LOAD /media/data_nvme/git/uboot/u-boot/build/mt7622/release/bl31/plat_common.o
LOAD /media/data_nvme/git/uboot/u-boot/build/mt7622/release/bl31/popcountdi2.o
LOAD /media/data_nvme/git/uboot/u-boot/build/mt7622/release/bl31/popcountsi2.o
LOAD /media/data_nvme/git/uboot/u-boot/build/mt7622/release/bl31/bl31_entrypoint.o
LOAD /media/data_nvme/git/uboot/u-boot/build/mt7622/release/bl31/crash_reporting.o
LOAD /media/data_nvme/git/uboot/u-boot/build/mt7622/release/bl31/ea_delegate.o
LOAD /media/data_nvme/git/uboot/u-boot/build/mt7622/release/bl31/runtime_exceptions.o
LOAD /media/data_nvme/git/uboot/u-boot/build/mt7622/release/bl31/aem_generic.o
LOAD /media/data_nvme/git/uboot/u-boot/build/mt7622/release/bl31/cortex_a53.o