Archive member included to satisfy reference by file (symbol)

/media/data_nvme/git/uboot/u-boot/build/rk3568/release/lib/libc.a(memchr.o)
                              /media/data_nvme/git/uboot/u-boot/build/rk3568/release/bl31/fdt_ro.o (memchr)
/media/data_nvme/git/uboot/u-boot/build/rk3568/release/lib/libc.a(memcmp.o)
                              /media/data_nvme/git/uboot/u-boot/build/rk3568/release/bl31/fdt.o (memcmp)
/media/data_nvme/git/uboot/u-boot/build/rk3568/release/lib/libc.a(memcpy.o)
                              /media/data_nvme/git/uboot/u-boot/build/rk3568/release/bl31/context_mgmt.o (memcpy)
/media/data_nvme/git/uboot/u-boot/build/rk3568/release/lib/libc.a(memmove.o)
                              /media/data_nvme/git/uboot/u-boot/build/rk3568/release/bl31/fdt.o (memmove)
/media/data_nvme/git/uboot/u-boot/build/rk3568/release/lib/libc.a(memset.o)
                              /media/data_nvme/git/uboot/u-boot/build/rk3568/release/bl31/runtime_svc.o (memset)
/media/data_nvme/git/uboot/u-boot/build/rk3568/release/lib/libc.a(printf.o)
                              /media/data_nvme/git/uboot/u-boot/build/rk3568/release/bl31/tf_log.o (vprintf)
/media/data_nvme/git/uboot/u-boot/build/rk3568/release/lib/libc.a(strchr.o)
                              /media/data_nvme/git/uboot/u-boot/build/rk3568/release/bl31/params_setup.o (strchr)
/media/data_nvme/git/uboot/u-boot/build/rk3568/release/lib/libc.a(strlen.o)
                              /media/data_nvme/git/uboot/u-boot/build/rk3568/release/bl31/fdt.o (strlen)
/media/data_nvme/git/uboot/u-boot/build/rk3568/release/lib/libc.a(strncmp.o)
                              /media/data_nvme/git/uboot/u-boot/build/rk3568/release/bl31/params_setup.o (strncmp)
/media/data_nvme/git/uboot/u-boot/build/rk3568/release/lib/libc.a(strnlen.o)
                              /media/data_nvme/git/uboot/u-boot/build/rk3568/release/bl31/fdt_ro.o (strnlen)
/media/data_nvme/git/uboot/u-boot/build/rk3568/release/lib/libc.a(strrchr.o)
                              /media/data_nvme/git/uboot/u-boot/build/rk3568/release/bl31/fdt_ro.o (strrchr)

Discarded input sections

 .text          0x0000000000000000        0x0 /media/data_nvme/git/uboot/u-boot/build/rk3568/release/bl31/build_message.o
 .data          0x0000000000000000        0x0 /media/data_nvme/git/uboot/u-boot/build/rk3568/release/bl31/build_message.o
 .bss           0x0000000000000000        0x0 /media/data_nvme/git/uboot/u-boot/build/rk3568/release/bl31/build_message.o
 .rodata.version
                0x0000000000000000        0x4 /media/data_nvme/git/uboot/u-boot/build/rk3568/release/bl31/build_message.o
 .text          0x0000000000000000        0x0 /media/data_nvme/git/uboot/u-boot/build/rk3568/release/bl31/bl31_context_mgmt.o
 .data          0x0000000000000000        0x0 /media/data_nvme/git/uboot/u-boot/build/rk3568/release/bl31/bl31_context_mgmt.o
 .bss           0x0000000000000000        0x0 /media/data_nvme/git/uboot/u-boot/build/rk3568/release/bl31/bl31_context_mgmt.o
 .text.cm_set_context
                0x0000000000000000       0x14 /media/data_nvme/git/uboot/u-boot/build/rk3568/release/bl31/bl31_context_mgmt.o
 .eh_frame      0x0000000000000000       0x88 /media/data_nvme/git/uboot/u-boot/build/rk3568/release/bl31/bl31_context_mgmt.o
 .text          0x0000000000000000        0x0 /media/data_nvme/git/uboot/u-boot/build/rk3568/release/bl31/bl31_main.o
 .data          0x0000000000000000        0x0 /media/data_nvme/git/uboot/u-boot/build/rk3568/release/bl31/bl31_main.o
 .bss           0x0000000000000000        0x0 /media/data_nvme/git/uboot/u-boot/build/rk3568/release/bl31/bl31_main.o
 .text.bl31_lib_init
                0x0000000000000000        0x4 /media/data_nvme/git/uboot/u-boot/build/rk3568/release/bl31/bl31_main.o
 .text.bl31_set_next_image_type
                0x0000000000000000        0xc /media/data_nvme/git/uboot/u-boot/build/rk3568/release/bl31/bl31_main.o
 .text.bl31_get_next_image_type
                0x0000000000000000        0xc /media/data_nvme/git/uboot/u-boot/build/rk3568/release/bl31/bl31_main.o
 .text.bl31_register_bl32_init
                0x0000000000000000        0xc /media/data_nvme/git/uboot/u-boot/build/rk3568/release/bl31/bl31_main.o
 .eh_frame      0x0000000000000000       0xf0 /media/data_nvme/git/uboot/u-boot/build/rk3568/release/bl31/bl31_main.o
 .text          0x0000000000000000        0x0 /media/data_nvme/git/uboot/u-boot/build/rk3568/release/bl31/bl31_traps.o
 .data          0x0000000000000000        0x0 /media/data_nvme/git/uboot/u-boot/build/rk3568/release/bl31/bl31_traps.o
 .bss           0x0000000000000000        0x0 /media/data_nvme/git/uboot/u-boot/build/rk3568/release/bl31/bl31_traps.o
 .eh_frame      0x0000000000000000       0x28 /media/data_nvme/git/uboot/u-boot/build/rk3568/release/bl31/bl31_traps.o
 .text          0x0000000000000000        0x0 /media/data_nvme/git/uboot/u-boot/build/rk3568/release/bl31/interrupt_mgmt.o
[...]
Memory Configuration

Name             Origin             Length             Attributes
RAM              0x0000000000040000 0x00000000000c0000 xrw
PMUSRAM          0x00000000fdcd0000 0x0000000000002000 xrw
*default*        0x0000000000000000 0xffffffffffffffff

Linker script and memory map

                0x00000000fdcd0000                . = 0xfdcd0000

.pmusram        0x00000000fdcd0000       0x70
                0x0000000000000001                ASSERT ((. == ALIGN (0x10000)), .pmusram.entry request 64K aligned.)
 *(SORT_BY_ALIGNMENT(.pmusram.entry))
 .pmusram.entry
                0x00000000fdcd0000       0x48 /media/data_nvme/git/uboot/u-boot/build/rk3568/release/bl31/cpus_on_fixed_addr.o
                0x00000000fdcd0000                pmu_cpuson_entrypoint
                0x00000000fdcd0048                __bl31_pmusram_text_start = .
 *(SORT_BY_ALIGNMENT(.pmusram.text))
 *(SORT_BY_ALIGNMENT(.pmusram.rodata))
                0x00000000fdcd0048                __bl31_pmusram_text_end = .
                0x00000000fdcd0048                __bl31_pmusram_data_start = .
 *(SORT_BY_ALIGNMENT(.pmusram.data))
 .pmusram.data  0x00000000fdcd0048       0x28 /media/data_nvme/git/uboot/u-boot/build/rk3568/release/bl31/cpus_on_fixed_addr.o
                0x00000000fdcd0048                sys_sleep_flag_sram
                0x00000000fdcd0070                __bl31_pmusram_data_end = .
                0x0000000000040000                RAM_REGION_START = ORIGIN (RAM)
                0x00000000000c0000                RAM_REGION_LENGTH = LENGTH (RAM)

.iplt           0x00000000fdcd0070        0x0
 .iplt          0x00000000fdcd0070        0x0 /media/data_nvme/git/uboot/u-boot/build/rk3568/release/bl31/bl31_context_mgmt.o
                0x0000000000040000                . = 0x40000
                0x0000000000000001                ASSERT ((. == ALIGN (0x1000)), BL31_BASE address is not aligned on a page boundary.)
                0x0000000000040000                __BL31_START__ = .

.ro             0x0000000000040000    0x18000
                0x0000000000040000                __RO_START__ = .
 *bl31_entrypoint.o(SORT_BY_ALIGNMENT(.text*))
 .text.asm.bl31_entrypoint
                0x0000000000040000       0xfc /media/data_nvme/git/uboot/u-boot/build/rk3568/release/bl31/bl31_entrypoint.o
                0x0000000000040000                bl31_entrypoint
 .text.asm.bl31_warm_entrypoint
                0x00000000000400fc       0x80 /media/data_nvme/git/uboot/u-boot/build/rk3568/release/bl31/bl31_entrypoint.o
                0x00000000000400fc                bl31_warm_entrypoint
 *(SORT_BY_ALIGNMENT(.text*))
 *fill*         0x000000000004017c     0xfe84 
 .text.asm.platform_cpu_warmboot
                0x0000000000050000       0x48 /media/data_nvme/git/uboot/u-boot/build/rk3568/release/bl31/plat_helpers.o
                0x0000000000050000                platform_cpu_warmboot
 .text.cm_get_context
                0x0000000000050048       0x14 /media/data_nvme/git/uboot/u-boot/build/rk3568/release/bl31/bl31_context_mgmt.o
                0x0000000000050048                cm_get_context
 .text.cm_get_context_by_index
                0x000000000005005c       0x2c /media/data_nvme/git/uboot/u-boot/build/rk3568/release/bl31/bl31_context_mgmt.o
                0x000000000005005c                cm_get_context_by_index
 .text.cm_set_context_by_index
                0x0000000000050088       0x30 /media/data_nvme/git/uboot/u-boot/build/rk3568/release/bl31/bl31_context_mgmt.o
                0x0000000000050088                cm_set_context_by_index
 .text.get_arm_std_svc_args
                0x00000000000500b8        0xc /media/data_nvme/git/uboot/u-boot/build/rk3568/release/bl31/bl31_main.o
                0x00000000000500b8                get_arm_std_svc_args
 .text.bl31_setup
                0x00000000000500c4       0x14 /media/data_nvme/git/uboot/u-boot/build/rk3568/release/bl31/bl31_main.o
                0x00000000000500c4                bl31_setup
 .text.bl31_prepare_next_image_entry
                0x00000000000500d8       0x74 /media/data_nvme/git/uboot/u-boot/build/rk3568/release/bl31/bl31_main.o
                0x00000000000500d8                bl31_prepare_next_image_entry
 .text.bl31_main
                0x000000000005014c       0x68 /media/data_nvme/git/uboot/u-boot/build/rk3568/release/bl31/bl31_main.o
                0x000000000005014c                bl31_main
 .text.handle_sysreg_trap
                0x00000000000501b4        0x8 /media/data_nvme/git/uboot/u-boot/build/rk3568/release/bl31/bl31_traps.o
                0x00000000000501b4                handle_sysreg_trap
 .text.get_scr_el3_from_routing_model
                0x00000000000501bc       0x30 /media/data_nvme/git/uboot/u-boot/build/rk3568/release/bl31/interrupt_mgmt.o
                0x00000000000501bc                get_scr_el3_from_routing_model
 .text.get_interrupt_type_handler
                0x00000000000501ec       0x24 /media/data_nvme/git/uboot/u-boot/build/rk3568/release/bl31/interrupt_mgmt.o
                0x00000000000501ec                get_interrupt_type_handler
 .text.runtime_svc_init
                0x0000000000050210      0x130 /media/data_nvme/git/uboot/u-boot/build/rk3568/release/bl31/runtime_svc.o
                0x0000000000050210                runtime_svc_init
 .text.gicr_wait_group_not_in_transit
                0x0000000000050340       0x14 /media/data_nvme/git/uboot/u-boot/build/rk3568/release/bl31/gic-x00.o
 .text.gicv3_redists_need_power_mgmt
                0x0000000000050354       0x38 /media/data_nvme/git/uboot/u-boot/build/rk3568/release/bl31/gic-x00.o
 .text.gicv3_rdistif_on
                0x000000000005038c       0x44 /media/data_nvme/git/uboot/u-boot/build/rk3568/release/bl31/gic-x00.o
                0x000000000005038c                gicv3_rdistif_on
 .text.gicv3_apply_errata_wa_2384374
                0x00000000000503d0       0x24 /media/data_nvme/git/uboot/u-boot/build/rk3568/release/bl31/gic-x00.o
                0x00000000000503d0                gicv3_apply_errata_wa_2384374
 .text.gicv3_check_erratas_applies
                0x00000000000503f4       0x54 /media/data_nvme/git/uboot/u-boot/build/rk3568/release/bl31/gic-x00.o
                0x00000000000503f4                gicv3_check_erratas_applies
 .text.gicd_set_icfgr
                0x0000000000050448       0x34 /media/data_nvme/git/uboot/u-boot/build/rk3568/release/bl31/gicdv3_helpers.o
                0x0000000000050448                gicd_set_icfgr
 .text.gicd_clr_igroupr
                0x000000000005047c       0x24 /media/data_nvme/git/uboot/u-boot/build/rk3568/release/bl31/gicdv3_helpers.o
                0x000000000005047c                gicd_clr_igroupr
 .text.gicd_set_igrpmodr
                0x00000000000504a0       0x24 /media/data_nvme/git/uboot/u-boot/build/rk3568/release/bl31/gicdv3_helpers.o
                0x00000000000504a0                gicd_set_igrpmodr
 .text.gicd_clr_igrpmodr
                0x00000000000504c4       0x24 /media/data_nvme/git/uboot/u-boot/build/rk3568/release/bl31/gicdv3_helpers.o
                0x00000000000504c4                gicd_clr_igrpmodr
 .text.gicd_set_isenabler
                0x00000000000504e8       0x1c /media/data_nvme/git/uboot/u-boot/build/rk3568/release/bl31/gicdv3_helpers.o
                0x00000000000504e8                gicd_set_isenabler
 .text.gicd_set_ipriorityr
                0x0000000000050504       0x14 /media/data_nvme/git/uboot/u-boot/build/rk3568/release/bl31/gicdv3_helpers.o
                0x0000000000050504                gicd_set_ipriorityr
 .text.gicd_write_icfgr
                0x0000000000050518       0x14 /media/data_nvme/git/uboot/u-boot/build/rk3568/release/bl31/gicdv3_helpers.o
                0x0000000000050518                gicd_write_icfgr
 .text.gicd_write_igroupr
                0x000000000005052c       0x14 /media/data_nvme/git/uboot/u-boot/build/rk3568/release/bl31/gicdv3_helpers.o
                0x000000000005052c                gicd_write_igroupr
 .text.gicd_write_ipriorityr
                0x0000000000050540       0x10 /media/data_nvme/git/uboot/u-boot/build/rk3568/release/bl31/gicdv3_helpers.o
                0x0000000000050540                gicd_write_ipriorityr
 .text.gicr_write_ipriorityr
                0x0000000000050550       0x14 /media/data_nvme/git/uboot/u-boot/build/rk3568/release/bl31/gicrv3_helpers.o
                0x0000000000050550                gicr_write_ipriorityr
 .text.gicr_set_ipriorityr
                0x0000000000050564       0x18 /media/data_nvme/git/uboot/u-boot/build/rk3568/release/bl31/gicrv3_helpers.o
                0x0000000000050564                gicr_set_ipriorityr
 .text.gicr_clr_igroupr
                0x000000000005057c       0x28 /media/data_nvme/git/uboot/u-boot/build/rk3568/release/bl31/gicrv3_helpers.o
                0x000000000005057c                gicr_clr_igroupr
 .text.gicr_set_igrpmodr
                0x00000000000505a4       0x28 /media/data_nvme/git/uboot/u-boot/build/rk3568/release/bl31/gicrv3_helpers.o
                0x00000000000505a4                gicr_set_igrpmodr
 .text.gicr_clr_igrpmodr
                0x00000000000505cc       0x28 /media/data_nvme/git/uboot/u-boot/build/rk3568/release/bl31/gicrv3_helpers.o
                0x00000000000505cc                gicr_clr_igrpmodr
 .text.gicr_set_isenabler
                0x00000000000505f4       0x20 /media/data_nvme/git/uboot/u-boot/build/rk3568/release/bl31/gicrv3_helpers.o
                0x00000000000505f4                gicr_set_isenabler
 .text.gicr_set_icfgr
                0x0000000000050614       0x38 /media/data_nvme/git/uboot/u-boot/build/rk3568/release/bl31/gicrv3_helpers.o
                0x0000000000050614                gicr_set_icfgr
 .text.gicv3_rdistif_mark_core_awake
                0x000000000005064c       0x1c /media/data_nvme/git/uboot/u-boot/build/rk3568/release/bl31/gicv3_helpers.o
                0x000000000005064c                gicv3_rdistif_mark_core_awake
 .text.gicv3_rdistif_mark_core_asleep
                0x0000000000050668       0x1c /media/data_nvme/git/uboot/u-boot/build/rk3568/release/bl31/gicv3_helpers.o
                0x0000000000050668                gicv3_rdistif_mark_core_asleep
 .text.gicv3_rdistif_base_addrs_probe
                0x0000000000050684       0x6c /media/data_nvme/git/uboot/u-boot/build/rk3568/release/bl31/gicv3_helpers.o
                0x0000000000050684                gicv3_rdistif_base_addrs_probe
 .text.gicv3_get_spi_limit
                0x00000000000506f0       0x1c /media/data_nvme/git/uboot/u-boot/build/rk3568/release/bl31/gicv3_helpers.o
                0x00000000000506f0                gicv3_get_spi_limit
 .text.gicv3_spis_config_defaults
                0x000000000005070c       0x98 /media/data_nvme/git/uboot/u-boot/build/rk3568/release/bl31/gicv3_helpers.o
                0x000000000005070c                gicv3_spis_config_defaults
 .text.gicv3_secure_spis_config_props
                0x00000000000507a4       0xf0 /media/data_nvme/git/uboot/u-boot/build/rk3568/release/bl31/gicv3_helpers.o
                0x00000000000507a4                gicv3_secure_spis_config_props
 .text.gicv3_ppi_sgi_config_defaults
                0x0000000000050894       0x70 /media/data_nvme/git/uboot/u-boot/build/rk3568/release/bl31/gicv3_helpers.o
                0x0000000000050894                gicv3_ppi_sgi_config_defaults
 .text.gicv3_secure_ppi_sgi_config_props
                0x0000000000050904       0xcc /media/data_nvme/git/uboot/u-boot/build/rk3568/release/bl31/gicv3_helpers.o
                0x0000000000050904                gicv3_secure_ppi_sgi_config_props
 .text.gicv3_get_component_prodid_rev
                0x00000000000509d0       0x18 /media/data_nvme/git/uboot/u-boot/build/rk3568/release/bl31/gicv3_helpers.o
                0x00000000000509d0                gicv3_get_component_prodid_rev
 .text.gicd_wait_for_pending_write
                0x00000000000509e8        0xc /media/data_nvme/git/uboot/u-boot/build/rk3568/release/bl31/gicv3_main.o
 .text.gicv3_driver_init
                0x00000000000509f4       0x4c /media/data_nvme/git/uboot/u-boot/build/rk3568/release/bl31/gicv3_main.o
                0x00000000000509f4                gicv3_driver_init
 .text.gicv3_distif_init
                0x0000000000050a40       0x84 /media/data_nvme/git/uboot/u-boot/build/rk3568/release/bl31/gicv3_main.o
                0x0000000000050a40                gicv3_distif_init
 .text.gicv3_rdistif_init
                0x0000000000050ac4       0x90 /media/data_nvme/git/uboot/u-boot/build/rk3568/release/bl31/gicv3_main.o
                0x0000000000050ac4                gicv3_rdistif_init
 .text.gicv3_cpuif_enable
                0x0000000000050b54       0x90 /media/data_nvme/git/uboot/u-boot/build/rk3568/release/bl31/gicv3_main.o
                0x0000000000050b54                gicv3_cpuif_enable
 .text.gicv3_cpuif_disable
                0x0000000000050be4       0x60 /media/data_nvme/git/uboot/u-boot/build/rk3568/release/bl31/gicv3_main.o
                0x0000000000050be4                gicv3_cpuif_disable
 .text.gicv3_get_pending_interrupt_type
                0x0000000000050c44        0xc /media/data_nvme/git/uboot/u-boot/build/rk3568/release/bl31/gicv3_main.o
                0x0000000000050c44                gicv3_get_pending_interrupt_type
 .text.timer_init
                0x0000000000050c50        0xc /media/data_nvme/git/uboot/u-boot/build/rk3568/release/bl31/delay_timer.o
                0x0000000000050c50                timer_init
 .text.get_timer_value
                0x0000000000050c5c        0xc /media/data_nvme/git/uboot/u-boot/build/rk3568/release/bl31/generic_delay_timer.o
 .text.generic_delay_timer_init_args
                0x0000000000050c68       0x20 /media/data_nvme/git/uboot/u-boot/build/rk3568/release/bl31/generic_delay_timer.o
                0x0000000000050c68                generic_delay_timer_init_args
 .text.generic_delay_timer_init
                0x0000000000050c88       0x44 /media/data_nvme/git/uboot/u-boot/build/rk3568/release/bl31/generic_delay_timer.o
                0x0000000000050c88                generic_delay_timer_init
 .text.print_errata_status
                0x0000000000050ccc        0x4 /media/data_nvme/git/uboot/u-boot/build/rk3568/release/bl31/errata_report.o
                0x0000000000050ccc                print_errata_status
 .text.cm_init  0x0000000000050cd0        0x4 /media/data_nvme/git/uboot/u-boot/build/rk3568/release/bl31/context_mgmt.o
                0x0000000000050cd0                cm_init
 .text.cm_setup_context
                0x0000000000050cd4      0x184 /media/data_nvme/git/uboot/u-boot/build/rk3568/release/bl31/context_mgmt.o
                0x0000000000050cd4                cm_setup_context
 .text.cm_manage_extensions_el3
                0x0000000000050e58        0x4 /media/data_nvme/git/uboot/u-boot/build/rk3568/release/bl31/context_mgmt.o
                0x0000000000050e58                cm_manage_extensions_el3
 .text.cm_init_context_by_index
                0x0000000000050e5c       0x30 /media/data_nvme/git/uboot/u-boot/build/rk3568/release/bl31/context_mgmt.o
                0x0000000000050e5c                cm_init_context_by_index
 .text.cm_init_my_context
                0x0000000000050e8c       0x30 /media/data_nvme/git/uboot/u-boot/build/rk3568/release/bl31/context_mgmt.o
                0x0000000000050e8c                cm_init_my_context
 .text.cm_el1_sysregs_context_restore
                0x0000000000050ebc       0x7c /media/data_nvme/git/uboot/u-boot/build/rk3568/release/bl31/context_mgmt.o
                0x0000000000050ebc                cm_el1_sysregs_context_restore
 .text.cm_set_next_eret_context
                0x0000000000050f38       0x20 /media/data_nvme/git/uboot/u-boot/build/rk3568/release/bl31/context_mgmt.o
                0x0000000000050f38                cm_set_next_eret_context
 .text.cm_prepare_el3_exit
                0x0000000000050f58       0xe4 /media/data_nvme/git/uboot/u-boot/build/rk3568/release/bl31/context_mgmt.o
                0x0000000000050f58                cm_prepare_el3_exit
 .text.cm_prepare_el3_exit_ns
                0x000000000005103c        0x8 /media/data_nvme/git/uboot/u-boot/build/rk3568/release/bl31/context_mgmt.o
                0x000000000005103c                cm_prepare_el3_exit_ns
 .text.spe_drain_buffers_hook
                0x0000000000051044       0x24 /media/data_nvme/git/uboot/u-boot/build/rk3568/release/bl31/spe.o
 .text.spe_enable
                0x0000000000051068       0x34 /media/data_nvme/git/uboot/u-boot/build/rk3568/release/bl31/spe.o
                0x0000000000051068                spe_enable
 .text.sve_enable
                0x000000000005109c       0x20 /media/data_nvme/git/uboot/u-boot/build/rk3568/release/bl31/sve.o
                0x000000000005109c                sve_enable
 .text.sve_disable
                0x00000000000510bc       0x18 /media/data_nvme/git/uboot/u-boot/build/rk3568/release/bl31/sve.o
                0x00000000000510bc                sve_disable
 .text.fdt32_ld
                0x00000000000510d4       0x24 /media/data_nvme/git/uboot/u-boot/build/rk3568/release/bl31/fdt.o
 .text.fdt_ro_probe_
                0x00000000000510f8       0xac /media/data_nvme/git/uboot/u-boot/build/rk3568/release/bl31/fdt.o
                0x00000000000510f8                fdt_ro_probe_
 .text.fdt_offset_ptr
                0x00000000000511a4       0x88 /media/data_nvme/git/uboot/u-boot/build/rk3568/release/bl31/fdt.o
                0x00000000000511a4                fdt_offset_ptr
 .text.fdt_next_tag
                0x000000000005122c      0x144 /media/data_nvme/git/uboot/u-boot/build/rk3568/release/bl31/fdt.o
                0x000000000005122c                fdt_next_tag
 .text.fdt_check_node_offset_
                0x0000000000051370       0x40 /media/data_nvme/git/uboot/u-boot/build/rk3568/release/bl31/fdt.o
                0x0000000000051370                fdt_check_node_offset_
 .text.fdt_check_prop_offset_
                0x00000000000513b0       0x40 /media/data_nvme/git/uboot/u-boot/build/rk3568/release/bl31/fdt.o
                0x00000000000513b0                fdt_check_prop_offset_
 .text.fdt_next_node
                0x00000000000513f0       0xb0 /media/data_nvme/git/uboot/u-boot/build/rk3568/release/bl31/fdt.o
                0x00000000000513f0                fdt_next_node
 .text.fdt_move
                0x00000000000514a0       0x5c /media/data_nvme/git/uboot/u-boot/build/rk3568/release/bl31/fdt.o
                0x00000000000514a0                fdt_move
 .text.fdt32_ld
                0x00000000000514fc       0x24 /media/data_nvme/git/uboot/u-boot/build/rk3568/release/bl31/fdt_ro.o
 .text.fdt_mem_rsv
                0x0000000000051520       0x58 /media/data_nvme/git/uboot/u-boot/build/rk3568/release/bl31/fdt_ro.o
 .text.nextprop_
                0x0000000000051578       0x64 /media/data_nvme/git/uboot/u-boot/build/rk3568/release/bl31/fdt_ro.o
 .text.fdt64_ld_.isra.0
                0x00000000000515dc        0x8 /media/data_nvme/git/uboot/u-boot/build/rk3568/release/bl31/fdt_ro.o
 .text.fdt32_ld_.isra.0
                0x00000000000515e4        0x8 /media/data_nvme/git/uboot/u-boot/build/rk3568/release/bl31/fdt_ro.o
 .text.fdt_get_property_by_offset_
                0x00000000000515ec       0x68 /media/data_nvme/git/uboot/u-boot/build/rk3568/release/bl31/fdt_ro.o
 .text.fdt_get_string
                0x0000000000051654      0x114 /media/data_nvme/git/uboot/u-boot/build/rk3568/release/bl31/fdt_ro.o
                0x0000000000051654                fdt_get_string
 .text.fdt_num_mem_rsv
                0x0000000000051768       0x44 /media/data_nvme/git/uboot/u-boot/build/rk3568/release/bl31/fdt_ro.o
                0x0000000000051768                fdt_num_mem_rsv
 .text.fdt_get_name
                0x00000000000517ac       0xac /media/data_nvme/git/uboot/u-boot/build/rk3568/release/bl31/fdt_ro.o
                0x00000000000517ac                fdt_get_name
 .text.fdt_subnode_offset_namelen
                0x0000000000051858       0xe8 /media/data_nvme/git/uboot/u-boot/build/rk3568/release/bl31/fdt_ro.o
                0x0000000000051858                fdt_subnode_offset_namelen
 .text.fdt_first_property_offset
                0x0000000000051940       0x38 /media/data_nvme/git/uboot/u-boot/build/rk3568/release/bl31/fdt_ro.o
                0x0000000000051940                fdt_first_property_offset
 .text.fdt_next_property_offset
                0x0000000000051978       0x38 /media/data_nvme/git/uboot/u-boot/build/rk3568/release/bl31/fdt_ro.o
                0x0000000000051978                fdt_next_property_offset
 .text.fdt_get_property_namelen_
                0x00000000000519b0       0xd8 /media/data_nvme/git/uboot/u-boot/build/rk3568/release/bl31/fdt_ro.o
 .text.fdt_getprop_namelen
                0x0000000000051a88       0x6c /media/data_nvme/git/uboot/u-boot/build/rk3568/release/bl31/fdt_ro.o
                0x0000000000051a88                fdt_getprop_namelen
 .text.fdt_getprop
                0x0000000000051af4       0x4c /media/data_nvme/git/uboot/u-boot/build/rk3568/release/bl31/fdt_ro.o
                0x0000000000051af4                fdt_getprop
 .text.fdt_get_alias_namelen
                0x0000000000051b40       0x64 /media/data_nvme/git/uboot/u-boot/build/rk3568/release/bl31/fdt_ro.o
                0x0000000000051b40                fdt_get_alias_namelen
 .text.fdt_path_offset_namelen
                0x0000000000051ba4      0x100 /media/data_nvme/git/uboot/u-boot/build/rk3568/release/bl31/fdt_ro.o
                0x0000000000051ba4                fdt_path_offset_namelen
 .text.fdt_path_offset
                0x0000000000051ca4       0x34 /media/data_nvme/git/uboot/u-boot/build/rk3568/release/bl31/fdt_ro.o
                0x0000000000051ca4                fdt_path_offset
 .text.cpu_to_fdt32
                0x0000000000051cd8        0x8 /media/data_nvme/git/uboot/u-boot/build/rk3568/release/bl31/fdt_rw.o
 .text.fdt32_ld
                0x0000000000051ce0       0x24 /media/data_nvme/git/uboot/u-boot/build/rk3568/release/bl31/fdt_rw.o
 .text.fdt_blocks_misordered_
                0x0000000000051d04       0x88 /media/data_nvme/git/uboot/u-boot/build/rk3568/release/bl31/fdt_rw.o
 .text.fdt_packblocks_
                0x0000000000051d8c       0xd0 /media/data_nvme/git/uboot/u-boot/build/rk3568/release/bl31/fdt_rw.o
 .text.fdt_open_into
                0x0000000000051e5c      0x1c0 /media/data_nvme/git/uboot/u-boot/build/rk3568/release/bl31/fdt_rw.o
                0x0000000000051e5c                fdt_open_into
 .text.psci_set_req_local_pwr_state
                0x000000000005201c       0x34 /media/data_nvme/git/uboot/u-boot/build/rk3568/release/bl31/psci_common.o
 .text.psci_validate_power_state
                0x0000000000052050       0x28 /media/data_nvme/git/uboot/u-boot/build/rk3568/release/bl31/psci_common.o
                0x0000000000052050                psci_validate_power_state
 .text.psci_query_sys_suspend_pwrstate
                0x0000000000052078       0x14 /media/data_nvme/git/uboot/u-boot/build/rk3568/release/bl31/psci_common.o
                0x0000000000052078                psci_query_sys_suspend_pwrstate
 .text.psci_is_last_on_cpu
                0x000000000005208c       0x70 /media/data_nvme/git/uboot/u-boot/build/rk3568/release/bl31/psci_common.o
                0x000000000005208c                psci_is_last_on_cpu
 .text.psci_init_req_local_pwr_states
                0x00000000000520fc       0x58 /media/data_nvme/git/uboot/u-boot/build/rk3568/release/bl31/psci_common.o
                0x00000000000520fc                psci_init_req_local_pwr_states
 .text.psci_get_target_local_pwr_states
                0x0000000000052154       0x90 /media/data_nvme/git/uboot/u-boot/build/rk3568/release/bl31/psci_common.o
                0x0000000000052154                psci_get_target_local_pwr_states
 .text.psci_set_target_local_pwr_states
                0x00000000000521e4       0x74 /media/data_nvme/git/uboot/u-boot/build/rk3568/release/bl31/psci_common.o
                0x00000000000521e4                psci_set_target_local_pwr_states
 .text.psci_get_parent_pwr_domain_nodes
                0x0000000000052258       0x48 /media/data_nvme/git/uboot/u-boot/build/rk3568/release/bl31/psci_common.o
                0x0000000000052258                psci_get_parent_pwr_domain_nodes
 .text.psci_set_pwr_domains_to_run
                0x00000000000522a0       0x80 /media/data_nvme/git/uboot/u-boot/build/rk3568/release/bl31/psci_common.o
                0x00000000000522a0                psci_set_pwr_domains_to_run
 .text.psci_do_state_coordination
                0x0000000000052320      0x118 /media/data_nvme/git/uboot/u-boot/build/rk3568/release/bl31/psci_common.o
                0x0000000000052320                psci_do_state_coordination
 .text.psci_find_max_off_lvl
                0x0000000000052438       0x3c /media/data_nvme/git/uboot/u-boot/build/rk3568/release/bl31/psci_common.o
                0x0000000000052438                psci_find_max_off_lvl
 .text.psci_find_target_suspend_lvl
                0x0000000000052474       0x34 /media/data_nvme/git/uboot/u-boot/build/rk3568/release/bl31/psci_common.o
                0x0000000000052474                psci_find_target_suspend_lvl
 .text.psci_acquire_pwr_domain_locks
                0x00000000000524a8       0x6c /media/data_nvme/git/uboot/u-boot/build/rk3568/release/bl31/psci_common.o
                0x00000000000524a8                psci_acquire_pwr_domain_locks
 .text.psci_release_pwr_domain_locks
                0x0000000000052514       0x58 /media/data_nvme/git/uboot/u-boot/build/rk3568/release/bl31/psci_common.o
                0x0000000000052514                psci_release_pwr_domain_locks
 .text.psci_validate_mpidr
                0x000000000005256c       0x20 /media/data_nvme/git/uboot/u-boot/build/rk3568/release/bl31/psci_common.o
                0x000000000005256c                psci_validate_mpidr
 .text.psci_validate_entry_point
                0x000000000005258c       0xf4 /media/data_nvme/git/uboot/u-boot/build/rk3568/release/bl31/psci_common.o
                0x000000000005258c                psci_validate_entry_point
 .text.psci_warmboot_entrypoint
                0x0000000000052680       0xc8 /media/data_nvme/git/uboot/u-boot/build/rk3568/release/bl31/psci_common.o
                0x0000000000052680                psci_warmboot_entrypoint
 .text.psci_spd_migrate_info
                0x0000000000052748       0x24 /media/data_nvme/git/uboot/u-boot/build/rk3568/release/bl31/psci_common.o
                0x0000000000052748                psci_spd_migrate_info
 .text.psci_print_power_domain_map
                0x000000000005276c        0x4 /media/data_nvme/git/uboot/u-boot/build/rk3568/release/bl31/psci_common.o
                0x000000000005276c                psci_print_power_domain_map
 .text.psci_pwrdown_cpu
                0x0000000000052770        0x4 /media/data_nvme/git/uboot/u-boot/build/rk3568/release/bl31/psci_common.o
                0x0000000000052770                psci_pwrdown_cpu
 .text.psci_cpu_on
                0x0000000000052774       0x5c /media/data_nvme/git/uboot/u-boot/build/rk3568/release/bl31/psci_main.o
                0x0000000000052774                psci_cpu_on
 .text.psci_cpu_suspend
                0x00000000000527d0       0xf0 /media/data_nvme/git/uboot/u-boot/build/rk3568/release/bl31/psci_main.o
                0x00000000000527d0                psci_cpu_suspend
 .text.psci_system_suspend
                0x00000000000528c0       0x74 /media/data_nvme/git/uboot/u-boot/build/rk3568/release/bl31/psci_main.o
                0x00000000000528c0                psci_system_suspend
 .text.psci_cpu_off
                0x0000000000052934        0x8 /media/data_nvme/git/uboot/u-boot/build/rk3568/release/bl31/psci_main.o
                0x0000000000052934                psci_cpu_off
 .text.psci_affinity_info
                0x000000000005293c       0x58 /media/data_nvme/git/uboot/u-boot/build/rk3568/release/bl31/psci_main.o
                0x000000000005293c                psci_affinity_info
 .text.psci_migrate
                0x0000000000052994       0x7c /media/data_nvme/git/uboot/u-boot/build/rk3568/release/bl31/psci_main.o
                0x0000000000052994                psci_migrate
 .text.psci_migrate_info_type
                0x0000000000052a10       0x18 /media/data_nvme/git/uboot/u-boot/build/rk3568/release/bl31/psci_main.o
                0x0000000000052a10                psci_migrate_info_type
 .text.psci_migrate_info_up_cpu
                0x0000000000052a28       0x28 /media/data_nvme/git/uboot/u-boot/build/rk3568/release/bl31/psci_main.o
                0x0000000000052a28                psci_migrate_info_up_cpu
 .text.psci_node_hw_state
                0x0000000000052a50       0x58 /media/data_nvme/git/uboot/u-boot/build/rk3568/release/bl31/psci_main.o
                0x0000000000052a50                psci_node_hw_state
 .text.psci_features
                0x0000000000052aa8       0x68 /media/data_nvme/git/uboot/u-boot/build/rk3568/release/bl31/psci_main.o
                0x0000000000052aa8                psci_features
 .text.psci_smc_handler
                0x0000000000052b10      0x14c /media/data_nvme/git/uboot/u-boot/build/rk3568/release/bl31/psci_main.o
                0x0000000000052b10                psci_smc_handler
 .text.psci_mem_protect
                0x0000000000052c5c       0x5c /media/data_nvme/git/uboot/u-boot/build/rk3568/release/bl31/psci_mem_protect.o
                0x0000000000052c5c                psci_mem_protect
 .text.psci_mem_chk_range
                0x0000000000052cb8       0x48 /media/data_nvme/git/uboot/u-boot/build/rk3568/release/bl31/psci_mem_protect.o
                0x0000000000052cb8                psci_mem_chk_range
 .text.psci_do_cpu_off
                0x0000000000052d00      0x114 /media/data_nvme/git/uboot/u-boot/build/rk3568/release/bl31/psci_off.o
                0x0000000000052d00                psci_do_cpu_off
 .text.psci_cpu_on_start
                0x0000000000052e14      0x160 /media/data_nvme/git/uboot/u-boot/build/rk3568/release/bl31/psci_on.o
                0x0000000000052e14                psci_cpu_on_start
 .text.psci_cpu_on_finish
                0x0000000000052f74       0xd0 /media/data_nvme/git/uboot/u-boot/build/rk3568/release/bl31/psci_on.o
                0x0000000000052f74                psci_cpu_on_finish
 .text.psci_arch_setup
                0x0000000000053044       0x20 /media/data_nvme/git/uboot/u-boot/build/rk3568/release/bl31/psci_setup.o
                0x0000000000053044                psci_arch_setup
 .text.psci_setup
                0x0000000000053064      0x314 /media/data_nvme/git/uboot/u-boot/build/rk3568/release/bl31/psci_setup.o
                0x0000000000053064                psci_setup
 .text.psci_cpu_suspend_start
                0x0000000000053378      0x198 /media/data_nvme/git/uboot/u-boot/build/rk3568/release/bl31/psci_suspend.o
                0x0000000000053378                psci_cpu_suspend_start
 .text.psci_cpu_suspend_finish
                0x0000000000053510       0x9c /media/data_nvme/git/uboot/u-boot/build/rk3568/release/bl31/psci_suspend.o
                0x0000000000053510                psci_cpu_suspend_finish
 .text.psci_system_off
                0x00000000000535ac       0x38 /media/data_nvme/git/uboot/u-boot/build/rk3568/release/bl31/psci_system_off.o
                0x00000000000535ac                psci_system_off
 .text.psci_system_reset
                0x00000000000535e4       0x38 /media/data_nvme/git/uboot/u-boot/build/rk3568/release/bl31/psci_system_off.o
                0x00000000000535e4                psci_system_reset
 .text.psci_system_reset2
                0x000000000005361c       0xa4 /media/data_nvme/git/uboot/u-boot/build/rk3568/release/bl31/psci_system_off.o
                0x000000000005361c                psci_system_reset2
 .text.plat_ic_get_pending_interrupt_type
                0x00000000000536c0       0x34 /media/data_nvme/git/uboot/u-boot/build/rk3568/release/bl31/plat_gicv3.o
                0x00000000000536c0                plat_ic_get_pending_interrupt_type
 .text.plat_configure_mmu_el3
                0x00000000000536f4       0x5c /media/data_nvme/git/uboot/u-boot/build/rk3568/release/bl31/platform_common.o
                0x00000000000536f4                plat_configure_mmu_el3
 .text.plat_get_syscnt_freq2
                0x0000000000053750        0xc /media/data_nvme/git/uboot/u-boot/build/rk3568/release/bl31/platform_common.o
                0x0000000000053750                plat_get_syscnt_freq2
 .text.plat_cci_init
                0x000000000005375c        0x4 /media/data_nvme/git/uboot/u-boot/build/rk3568/release/bl31/platform_common.o
                0x000000000005375c                plat_cci_init
 .text.plat_cci_enable
                0x0000000000053760        0x4 /media/data_nvme/git/uboot/u-boot/build/rk3568/release/bl31/platform_common.o
                0x0000000000053760                plat_cci_enable
 .text.plat_cci_disable
                0x0000000000053764        0x4 /media/data_nvme/git/uboot/u-boot/build/rk3568/release/bl31/platform_common.o
                0x0000000000053764                plat_cci_disable
 .text.bl31_plat_get_next_image_ep_info
                0x0000000000053768       0x28 /media/data_nvme/git/uboot/u-boot/build/rk3568/release/bl31/bl31_plat_setup.o
                0x0000000000053768                bl31_plat_get_next_image_ep_info
 .text.bl31_early_platform_setup2
                0x0000000000053790       0x74 /media/data_nvme/git/uboot/u-boot/build/rk3568/release/bl31/bl31_plat_setup.o
                0x0000000000053790                bl31_early_platform_setup2
 .text.bl31_platform_setup
                0x0000000000053804       0x20 /media/data_nvme/git/uboot/u-boot/build/rk3568/release/bl31/bl31_plat_setup.o
                0x0000000000053804                bl31_platform_setup
 .text.bl31_plat_arch_setup
                0x0000000000053824       0x3c /media/data_nvme/git/uboot/u-boot/build/rk3568/release/bl31/bl31_plat_setup.o
                0x0000000000053824                bl31_plat_arch_setup
 .text.rk_aux_param_handler
                0x0000000000053860       0xd8 /media/data_nvme/git/uboot/u-boot/build/rk3568/release/bl31/params_setup.o
 .text.rockchip_get_uart_base
                0x0000000000053938        0xc /media/data_nvme/git/uboot/u-boot/build/rk3568/release/bl31/params_setup.o
                0x0000000000053938                rockchip_get_uart_base
 .text.rockchip_get_uart_baudrate
                0x0000000000053944        0xc /media/data_nvme/git/uboot/u-boot/build/rk3568/release/bl31/params_setup.o
                0x0000000000053944                rockchip_get_uart_baudrate
 .text.rockchip_get_uart_clock
                0x0000000000053950        0xc /media/data_nvme/git/uboot/u-boot/build/rk3568/release/bl31/params_setup.o
                0x0000000000053950                rockchip_get_uart_clock
 .text.params_early_setup
                0x000000000005395c      0x114 /media/data_nvme/git/uboot/u-boot/build/rk3568/release/bl31/params_setup.o
                0x000000000005395c                params_early_setup
 .text.rockchip_validate_power_state
                0x0000000000053a70       0x74 /media/data_nvme/git/uboot/u-boot/build/rk3568/release/bl31/plat_pm.o
                0x0000000000053a70                rockchip_validate_power_state
 .text.rockchip_get_sys_suspend_power_state
                0x0000000000053ae4       0x14 /media/data_nvme/git/uboot/u-boot/build/rk3568/release/bl31/plat_pm.o
                0x0000000000053ae4                rockchip_get_sys_suspend_power_state
 .text.rockchip_cpu_standby
                0x0000000000053af8       0x20 /media/data_nvme/git/uboot/u-boot/build/rk3568/release/bl31/plat_pm.o
                0x0000000000053af8                rockchip_cpu_standby
 .text.rockchip_pwr_domain_on
                0x0000000000053b18        0xc /media/data_nvme/git/uboot/u-boot/build/rk3568/release/bl31/plat_pm.o
                0x0000000000053b18                rockchip_pwr_domain_on
 .text.rockchip_soc_hlvl_pwr_dm_off
                0x0000000000053b24        0x8 /media/data_nvme/git/uboot/u-boot/build/rk3568/release/bl31/plat_pm.o
                0x0000000000053b24                rockchip_soc_hlvl_pwr_dm_off
 .text.rockchip_pwr_domain_off
                0x0000000000053b2c       0x5c /media/data_nvme/git/uboot/u-boot/build/rk3568/release/bl31/plat_pm.o
                0x0000000000053b2c                rockchip_pwr_domain_off
 .text.rockchip_soc_hlvl_pwr_dm_suspend
                0x0000000000053b88        0x8 /media/data_nvme/git/uboot/u-boot/build/rk3568/release/bl31/plat_pm.o
                0x0000000000053b88                rockchip_soc_hlvl_pwr_dm_suspend
 .text.rockchip_pwr_domain_suspend
                0x0000000000053b90       0x88 /media/data_nvme/git/uboot/u-boot/build/rk3568/release/bl31/plat_pm.o
                0x0000000000053b90                rockchip_pwr_domain_suspend
 .text.rockchip_soc_hlvl_pwr_dm_on_finish
                0x0000000000053c18        0x8 /media/data_nvme/git/uboot/u-boot/build/rk3568/release/bl31/plat_pm.o
                0x0000000000053c18                rockchip_soc_hlvl_pwr_dm_on_finish
 .text.rockchip_pwr_domain_on_finish
                0x0000000000053c20       0x54 /media/data_nvme/git/uboot/u-boot/build/rk3568/release/bl31/plat_pm.o
                0x0000000000053c20                rockchip_pwr_domain_on_finish
 .text.rockchip_soc_hlvl_pwr_dm_resume
                0x0000000000053c74        0x8 /media/data_nvme/git/uboot/u-boot/build/rk3568/release/bl31/plat_pm.o
                0x0000000000053c74                rockchip_soc_hlvl_pwr_dm_resume
 .text.rockchip_pwr_domain_suspend_finish
                0x0000000000053c7c       0x7c /media/data_nvme/git/uboot/u-boot/build/rk3568/release/bl31/plat_pm.o
                0x0000000000053c7c                rockchip_pwr_domain_suspend_finish
 .text.rockchip_system_reset
                0x0000000000053cf8        0xc /media/data_nvme/git/uboot/u-boot/build/rk3568/release/bl31/plat_pm.o
 .text.rockchip_soc_system_off
                0x0000000000053d04        0x4 /media/data_nvme/git/uboot/u-boot/build/rk3568/release/bl31/plat_pm.o
                0x0000000000053d04                rockchip_soc_system_off
 .text.rockchip_system_poweroff
                0x0000000000053d08        0xc /media/data_nvme/git/uboot/u-boot/build/rk3568/release/bl31/plat_pm.o
 .text.rockchip_soc_cores_pd_pwr_dn_wfi
                0x0000000000053d14        0xc /media/data_nvme/git/uboot/u-boot/build/rk3568/release/bl31/plat_pm.o
                0x0000000000053d14                rockchip_soc_cores_pd_pwr_dn_wfi
 .text.rockchip_soc_sys_pd_pwr_dn_wfi
                0x0000000000053d20        0xc /media/data_nvme/git/uboot/u-boot/build/rk3568/release/bl31/plat_pm.o
                0x0000000000053d20                rockchip_soc_sys_pd_pwr_dn_wfi
 .text.rockchip_pd_pwr_down_wfi
                0x0000000000053d2c       0x1c /media/data_nvme/git/uboot/u-boot/build/rk3568/release/bl31/plat_pm.o
 .text.plat_setup_psci_ops
                0x0000000000053d48       0x1c /media/data_nvme/git/uboot/u-boot/build/rk3568/release/bl31/plat_pm.o
                0x0000000000053d48                plat_setup_psci_ops
 .text.plat_get_power_domain_tree_desc
                0x0000000000053d64        0xc /media/data_nvme/git/uboot/u-boot/build/rk3568/release/bl31/plat_topology.o
                0x0000000000053d64                plat_get_power_domain_tree_desc
 .text.plat_core_pos_by_mpidr
                0x0000000000053d70       0x14 /media/data_nvme/git/uboot/u-boot/build/rk3568/release/bl31/plat_topology.o
                0x0000000000053d70                plat_core_pos_by_mpidr
 .text.plat_rockchip_mpidr_to_core_pos
                0x0000000000053d84        0x4 /media/data_nvme/git/uboot/u-boot/build/rk3568/release/bl31/rockchip_gicv3.o
 .text.plat_rockchip_gic_driver_init
                0x0000000000053d88        0xc /media/data_nvme/git/uboot/u-boot/build/rk3568/release/bl31/rockchip_gicv3.o
                0x0000000000053d88                plat_rockchip_gic_driver_init
 .text.plat_rockchip_gic_init
                0x0000000000053d94       0x20 /media/data_nvme/git/uboot/u-boot/build/rk3568/release/bl31/rockchip_gicv3.o
                0x0000000000053d94                plat_rockchip_gic_init
 .text.plat_rockchip_gic_cpuif_enable
                0x0000000000053db4       0x14 /media/data_nvme/git/uboot/u-boot/build/rk3568/release/bl31/rockchip_gicv3.o
                0x0000000000053db4                plat_rockchip_gic_cpuif_enable
 .text.plat_rockchip_gic_cpuif_disable
                0x0000000000053dc8       0x14 /media/data_nvme/git/uboot/u-boot/build/rk3568/release/bl31/rockchip_gicv3.o
                0x0000000000053dc8                plat_rockchip_gic_cpuif_disable
 .text.plat_rockchip_gic_pcpu_init
                0x0000000000053ddc       0x14 /media/data_nvme/git/uboot/u-boot/build/rk3568/release/bl31/rockchip_gicv3.o
                0x0000000000053ddc                plat_rockchip_gic_pcpu_init
 .text.rockchip_plat_sip_handler
                0x0000000000053df0       0x40 /media/data_nvme/git/uboot/u-boot/build/rk3568/release/bl31/rockchip_sip_svc.o
                0x0000000000053df0                rockchip_plat_sip_handler
 .text.sip_smc_handler
                0x0000000000053e30       0x88 /media/data_nvme/git/uboot/u-boot/build/rk3568/release/bl31/rockchip_sip_svc.o
                0x0000000000053e30                sip_smc_handler
 .text.cpus_pd_req_enter_wfi
                0x0000000000053eb8       0x20 /media/data_nvme/git/uboot/u-boot/build/rk3568/release/bl31/pmu.o
 .text.rockchip_plat_mmu_el3
                0x0000000000053ed8        0x4 /media/data_nvme/git/uboot/u-boot/build/rk3568/release/bl31/pmu.o
                0x0000000000053ed8                rockchip_plat_mmu_el3
 .text.rockchip_soc_cores_pwr_dm_suspend
                0x0000000000053edc        0x8 /media/data_nvme/git/uboot/u-boot/build/rk3568/release/bl31/pmu.o
                0x0000000000053edc                rockchip_soc_cores_pwr_dm_suspend
 .text.rockchip_soc_cores_pwr_dm_resume
                0x0000000000053ee4        0x8 /media/data_nvme/git/uboot/u-boot/build/rk3568/release/bl31/pmu.o
                0x0000000000053ee4                rockchip_soc_cores_pwr_dm_resume
 .text.rockchip_soc_sys_pwr_dm_suspend
                0x0000000000053eec      0x2f8 /media/data_nvme/git/uboot/u-boot/build/rk3568/release/bl31/pmu.o
                0x0000000000053eec                rockchip_soc_sys_pwr_dm_suspend
 .text.rockchip_soc_sys_pwr_dm_resume
                0x00000000000541e4       0x88 /media/data_nvme/git/uboot/u-boot/build/rk3568/release/bl31/pmu.o
                0x00000000000541e4                rockchip_soc_sys_pwr_dm_resume
 .text.rockchip_soc_cores_pwr_dm_on
                0x000000000005426c       0xa4 /media/data_nvme/git/uboot/u-boot/build/rk3568/release/bl31/pmu.o
                0x000000000005426c                rockchip_soc_cores_pwr_dm_on
 .text.rockchip_soc_cores_pwr_dm_off
                0x0000000000054310       0x4c /media/data_nvme/git/uboot/u-boot/build/rk3568/release/bl31/pmu.o
                0x0000000000054310                rockchip_soc_cores_pwr_dm_off
 .text.rockchip_soc_cores_pwr_dm_on_finish
                0x000000000005435c       0x3c /media/data_nvme/git/uboot/u-boot/build/rk3568/release/bl31/pmu.o
                0x000000000005435c                rockchip_soc_cores_pwr_dm_on_finish
 .text.plat_rockchip_pmu_init
                0x0000000000054398      0x110 /media/data_nvme/git/uboot/u-boot/build/rk3568/release/bl31/pmu.o
                0x0000000000054398                plat_rockchip_pmu_init
 .text.rockchip_soc_soft_reset
                0x00000000000544a8       0x60 /media/data_nvme/git/uboot/u-boot/build/rk3568/release/bl31/soc.o
                0x00000000000544a8                rockchip_soc_soft_reset
 .text.plat_rockchip_soc_init
                0x0000000000054508       0x98 /media/data_nvme/git/uboot/u-boot/build/rk3568/release/bl31/soc.o
                0x0000000000054508                plat_rockchip_soc_init
 .text.arm_arch_svc_smc_handler
                0x00000000000545a0      0x13c /media/data_nvme/git/uboot/u-boot/build/rk3568/release/bl31/arm_arch_svc_setup.o
 .text.std_svc_smc_handler
                0x00000000000546dc       0xb4 /media/data_nvme/git/uboot/u-boot/build/rk3568/release/bl31/std_svc_setup.o
 .text.std_svc_setup
                0x0000000000054790       0x24 /media/data_nvme/git/uboot/u-boot/build/rk3568/release/bl31/std_svc_setup.o
 .text.print_entry_point_info
                0x00000000000547b4        0x4 /media/data_nvme/git/uboot/u-boot/build/rk3568/release/bl31/bl_common.o
                0x00000000000547b4                print_entry_point_info
 .text.tf_log   0x00000000000547b8       0x94 /media/data_nvme/git/uboot/u-boot/build/rk3568/release/bl31/tf_log.o
                0x00000000000547b8                tf_log
 .text.tf_log_newline
                0x000000000005484c       0x20 /media/data_nvme/git/uboot/u-boot/build/rk3568/release/bl31/tf_log.o
                0x000000000005484c                tf_log_newline
 .text.console_is_registered
                0x000000000005486c       0x2c /media/data_nvme/git/uboot/u-boot/build/rk3568/release/bl31/multi_console.o
                0x000000000005486c                console_is_registered
 .text.console_register
                0x0000000000054898       0x34 /media/data_nvme/git/uboot/u-boot/build/rk3568/release/bl31/multi_console.o
                0x0000000000054898                console_register
 .text.console_switch_state
                0x00000000000548cc        0xc /media/data_nvme/git/uboot/u-boot/build/rk3568/release/bl31/multi_console.o
                0x00000000000548cc                console_switch_state
 .text.console_putc
                0x00000000000548d8       0x9c /media/data_nvme/git/uboot/u-boot/build/rk3568/release/bl31/multi_console.o
                0x00000000000548d8                console_putc
 .text.putchar  0x0000000000054974       0x28 /media/data_nvme/git/uboot/u-boot/build/rk3568/release/bl31/multi_console.o
                0x0000000000054974                putchar
 .text.console_flush
                0x000000000005499c       0x54 /media/data_nvme/git/uboot/u-boot/build/rk3568/release/bl31/multi_console.o
                0x000000000005499c                console_flush
 .text.pmuv3_enable
                0x00000000000549f0        0x4 /media/data_nvme/git/uboot/u-boot/build/rk3568/release/bl31/pmuv3.o
                0x00000000000549f0                pmuv3_enable
 .text.pmuv3_disable_el3
                0x00000000000549f4       0x3c /media/data_nvme/git/uboot/u-boot/build/rk3568/release/bl31/pmuv3.o
                0x00000000000549f4                pmuv3_disable_el3
 .text.pmuv3_init_el2_unused
                0x0000000000054a30       0x2c /media/data_nvme/git/uboot/u-boot/build/rk3568/release/bl31/pmuv3.o
                0x0000000000054a30                pmuv3_init_el2_unused
 .text.plat_get_soc_version
                0x0000000000054a5c        0x8 /media/data_nvme/git/uboot/u-boot/build/rk3568/release/bl31/plat_bl_common.o
                0x0000000000054a5c                plat_get_soc_version
 .text.plat_get_soc_revision
                0x0000000000054a64        0x8 /media/data_nvme/git/uboot/u-boot/build/rk3568/release/bl31/plat_bl_common.o
                0x0000000000054a64                plat_get_soc_revision
 .text.plat_is_smccc_feature_available
                0x0000000000054a6c        0x8 /media/data_nvme/git/uboot/u-boot/build/rk3568/release/bl31/plat_bl_common.o
                0x0000000000054a6c                plat_is_smccc_feature_available
 .text.plat_log_get_prefix
                0x0000000000054a74       0x30 /media/data_nvme/git/uboot/u-boot/build/rk3568/release/bl31/plat_log_common.o
                0x0000000000054a74                plat_log_get_prefix
 .text.bl31_plat_runtime_setup
                0x0000000000054aa4        0x8 /media/data_nvme/git/uboot/u-boot/build/rk3568/release/bl31/plat_common.o
                0x0000000000054aa4                bl31_plat_runtime_setup
 .text.get_el_str
                0x0000000000054aac       0x34 /media/data_nvme/git/uboot/u-boot/build/rk3568/release/bl31/plat_common.o
                0x0000000000054aac                get_el_str
 .text.plat_default_ea_handler
                0x0000000000054ae0       0x68 /media/data_nvme/git/uboot/u-boot/build/rk3568/release/bl31/plat_common.o
                0x0000000000054ae0                plat_ea_handler
                0x0000000000054ae0                plat_default_ea_handler
 .text.xlat_arch_get_pas
                0x0000000000054b48       0x14 /media/data_nvme/git/uboot/u-boot/build/rk3568/release/bl31/xlat_tables_arch.o
                0x0000000000054b48                xlat_arch_get_pas
 .text.tcr_physical_addr_size_bits
                0x0000000000054b5c       0x4c /media/data_nvme/git/uboot/u-boot/build/rk3568/release/bl31/xlat_tables_arch.o
                0x0000000000054b5c                tcr_physical_addr_size_bits
 .text.xlat_arch_regime_get_xn_desc
                0x0000000000054ba8       0x14 /media/data_nvme/git/uboot/u-boot/build/rk3568/release/bl31/xlat_tables_arch.o
                0x0000000000054ba8                xlat_arch_regime_get_xn_desc
 .text.xlat_arch_current_el
                0x0000000000054bbc        0xc /media/data_nvme/git/uboot/u-boot/build/rk3568/release/bl31/xlat_tables_arch.o
                0x0000000000054bbc                xlat_arch_current_el
 .text.setup_mmu_cfg
                0x0000000000054bc8       0x7c /media/data_nvme/git/uboot/u-boot/build/rk3568/release/bl31/xlat_tables_arch.o
                0x0000000000054bc8                setup_mmu_cfg
 .text.mmap_add_region
                0x0000000000054c44       0x34 /media/data_nvme/git/uboot/u-boot/build/rk3568/release/bl31/xlat_tables_context.o
                0x0000000000054c44                mmap_add_region
 .text.mmap_add
                0x0000000000054c78       0x10 /media/data_nvme/git/uboot/u-boot/build/rk3568/release/bl31/xlat_tables_context.o
                0x0000000000054c78                mmap_add
 .text.init_xlat_tables
                0x0000000000054c88       0x3c /media/data_nvme/git/uboot/u-boot/build/rk3568/release/bl31/xlat_tables_context.o
                0x0000000000054c88                init_xlat_tables
 .text.enable_mmu_el3
                0x0000000000054cc4       0x48 /media/data_nvme/git/uboot/u-boot/build/rk3568/release/bl31/xlat_tables_context.o
                0x0000000000054cc4                enable_mmu_el3
 .text.xlat_desc
                0x0000000000054d0c       0xe4 /media/data_nvme/git/uboot/u-boot/build/rk3568/release/bl31/xlat_tables_core.o
                0x0000000000054d0c                xlat_desc
 .text.xlat_tables_map_region
                0x0000000000054df0      0x1e4 /media/data_nvme/git/uboot/u-boot/build/rk3568/release/bl31/xlat_tables_core.o
 .text.mmap_add_region_ctx
                0x0000000000054fd4      0x230 /media/data_nvme/git/uboot/u-boot/build/rk3568/release/bl31/xlat_tables_core.o
                0x0000000000054fd4                mmap_add_region_ctx
 .text.mmap_add_ctx
                0x0000000000055204       0x3c /media/data_nvme/git/uboot/u-boot/build/rk3568/release/bl31/xlat_tables_core.o
                0x0000000000055204                mmap_add_ctx
 .text.init_xlat_tables_ctx
                0x0000000000055240       0xe4 /media/data_nvme/git/uboot/u-boot/build/rk3568/release/bl31/xlat_tables_core.o
                0x0000000000055240                init_xlat_tables_ctx
 .text.xlat_mmap_print
                0x0000000000055324        0x4 /media/data_nvme/git/uboot/u-boot/build/rk3568/release/bl31/xlat_tables_utils.o
                0x0000000000055324                xlat_mmap_print
 .text.xlat_tables_print
                0x0000000000055328        0x4 /media/data_nvme/git/uboot/u-boot/build/rk3568/release/bl31/xlat_tables_utils.o
                0x0000000000055328                xlat_tables_print
 .text.bl31_params_parse_helper
                0x000000000005532c       0xac /media/data_nvme/git/uboot/u-boot/build/rk3568/release/bl31/desc_image_load.o
                0x000000000005532c                bl31_params_parse_helper
 .text.bl_aux_params_parse
                0x00000000000553d8       0x60 /media/data_nvme/git/uboot/u-boot/build/rk3568/release/bl31/bl_aux_params.o
                0x00000000000553d8                bl_aux_params_parse
 .text.plat_get_target_pwr_state
                0x0000000000055438       0x28 /media/data_nvme/git/uboot/u-boot/build/rk3568/release/bl31/plat_psci_common.o
                0x0000000000055438                plat_get_target_pwr_state
 .text.asm.report_unhandled_exception
                0x0000000000055460        0x4 /media/data_nvme/git/uboot/u-boot/build/rk3568/release/bl31/crash_reporting.o
                0x0000000000055460                report_unhandled_exception
                0x0000000000055460                report_unhandled_interrupt
 .text.asm.handle_lower_el_sync_ea
                0x0000000000055464       0x6c /media/data_nvme/git/uboot/u-boot/build/rk3568/release/bl31/ea_delegate.o
                0x0000000000055464                handle_lower_el_sync_ea
 .text.asm.handle_lower_el_async_ea
                0x00000000000554d0       0x18 /media/data_nvme/git/uboot/u-boot/build/rk3568/release/bl31/ea_delegate.o
                0x00000000000554d0                handle_lower_el_async_ea
 .text.asm.delegate_sync_ea
                0x00000000000554e8        0x4 /media/data_nvme/git/uboot/u-boot/build/rk3568/release/bl31/ea_delegate.o
 .text.asm.delegate_async_ea
                0x00000000000554ec        0x4 /media/data_nvme/git/uboot/u-boot/build/rk3568/release/bl31/ea_delegate.o
 .text.asm.ea_proceed
                0x00000000000554f0       0x68 /media/data_nvme/git/uboot/u-boot/build/rk3568/release/bl31/ea_delegate.o
 .text.asm.sync_exception_handler
                0x0000000000055558       0xe0 /media/data_nvme/git/uboot/u-boot/build/rk3568/release/bl31/runtime_exceptions.o
 .text.asm.console_16550_core_init
                0x0000000000055638       0x70 /media/data_nvme/git/uboot/u-boot/build/rk3568/release/bl31/16550_console.o
                0x0000000000055638                console_16550_core_init
 .text.asm.console_16550_register
                0x00000000000556a8       0x58 /media/data_nvme/git/uboot/u-boot/build/rk3568/release/bl31/16550_console.o
                0x00000000000556a8                console_16550_register
 .text.asm.console_16550_core_putc
                0x0000000000055700       0x38 /media/data_nvme/git/uboot/u-boot/build/rk3568/release/bl31/16550_console.o
                0x0000000000055700                console_16550_core_putc
 .text.asm.console_16550_putc
                0x0000000000055738        0x8 /media/data_nvme/git/uboot/u-boot/build/rk3568/release/bl31/16550_console.o
                0x0000000000055738                console_16550_putc
 .text.asm.console_16550_core_getc
                0x0000000000055740       0x18 /media/data_nvme/git/uboot/u-boot/build/rk3568/release/bl31/16550_console.o
                0x0000000000055740                console_16550_core_getc
 .text.asm.console_16550_getc
                0x0000000000055758        0x8 /media/data_nvme/git/uboot/u-boot/build/rk3568/release/bl31/16550_console.o
                0x0000000000055758                console_16550_getc
 .text.asm.console_16550_core_flush
                0x0000000000055760       0x14 /media/data_nvme/git/uboot/u-boot/build/rk3568/release/bl31/16550_console.o
                0x0000000000055760                console_16550_core_flush
 .text.asm.console_16550_flush
                0x0000000000055774        0x8 /media/data_nvme/git/uboot/u-boot/build/rk3568/release/bl31/16550_console.o
                0x0000000000055774                console_16550_flush
 .text.asm.cortex_a55_reset_func
                0x000000000005577c       0x10 /media/data_nvme/git/uboot/u-boot/build/rk3568/release/bl31/cortex_a55.o
                0x000000000005577c                cortex_a55_reset_func
 .text.asm.cortex_a55_core_pwr_dwn
                0x000000000005578c       0x14 /media/data_nvme/git/uboot/u-boot/build/rk3568/release/bl31/cortex_a55.o
                0x000000000005578c                cortex_a55_core_pwr_dwn
 .text.asm.cortex_a55_dsu_pwr_dwn
                0x00000000000557a0       0x10 /media/data_nvme/git/uboot/u-boot/build/rk3568/release/bl31/cortex_a55.o
                0x00000000000557a0                cortex_a55_dsu_pwr_dwn
 .text.asm.reset_handler
                0x00000000000557b0       0x20 /media/data_nvme/git/uboot/u-boot/build/rk3568/release/bl31/cpu_helpers.o
                0x00000000000557b0                reset_handler
 .text.asm.prepare_cpu_pwr_dwn
                0x00000000000557d0       0x24 /media/data_nvme/git/uboot/u-boot/build/rk3568/release/bl31/cpu_helpers.o
                0x00000000000557d0                prepare_cpu_pwr_dwn
 .text.asm.init_cpu_ops
                0x00000000000557f4       0x20 /media/data_nvme/git/uboot/u-boot/build/rk3568/release/bl31/cpu_helpers.o
                0x00000000000557f4                init_cpu_ops
 .text.asm.get_cpu_ops_ptr
                0x0000000000055814       0x40 /media/data_nvme/git/uboot/u-boot/build/rk3568/release/bl31/cpu_helpers.o
                0x0000000000055814                get_cpu_ops_ptr
 .text.asm.cpu_get_rev_var
                0x0000000000055854       0x10 /media/data_nvme/git/uboot/u-boot/build/rk3568/release/bl31/cpu_helpers.o
                0x0000000000055854                cpu_get_rev_var
 .text.asm.check_wa_cve_2017_5715
                0x0000000000055864       0x20 /media/data_nvme/git/uboot/u-boot/build/rk3568/release/bl31/cpu_helpers.o
                0x0000000000055864                check_wa_cve_2017_5715
 .text.asm.check_smccc_arch_wa3_applies
                0x0000000000055884       0x20 /media/data_nvme/git/uboot/u-boot/build/rk3568/release/bl31/cpu_helpers.o
                0x0000000000055884                check_smccc_arch_wa3_applies
 .text.asm.el1_sysregs_context_restore
                0x00000000000558a4       0xac /media/data_nvme/git/uboot/u-boot/build/rk3568/release/bl31/context.o
                0x00000000000558a4                el1_sysregs_context_restore
 .text.asm.prepare_el3_entry
                0x0000000000055950       0x68 /media/data_nvme/git/uboot/u-boot/build/rk3568/release/bl31/context.o
                0x0000000000055950                prepare_el3_entry
 .text.asm.restore_gp_pmcr_pauth_regs
                0x00000000000559b8       0x50 /media/data_nvme/git/uboot/u-boot/build/rk3568/release/bl31/context.o
                0x00000000000559b8                restore_gp_pmcr_pauth_regs
 .text.asm.el3_exit
                0x0000000000055a08       0x54 /media/data_nvme/git/uboot/u-boot/build/rk3568/release/bl31/context.o
                0x0000000000055a08                el3_exit
 .text.asm.init_cpu_data_ptr
                0x0000000000055a5c       0x14 /media/data_nvme/git/uboot/u-boot/build/rk3568/release/bl31/cpu_data.o
                0x0000000000055a5c                init_cpu_data_ptr
 .text.asm._cpu_data_by_index
                0x0000000000055a70       0x18 /media/data_nvme/git/uboot/u-boot/build/rk3568/release/bl31/cpu_data.o
                0x0000000000055a70                _cpu_data_by_index
 .text.asm.spin_lock
                0x0000000000055a88       0x20 /media/data_nvme/git/uboot/u-boot/build/rk3568/release/bl31/spinlock.o
                0x0000000000055a88                spin_lock
 .text.asm.spin_unlock
                0x0000000000055aa8        0x8 /media/data_nvme/git/uboot/u-boot/build/rk3568/release/bl31/spinlock.o
                0x0000000000055aa8                spin_unlock
 .text.asm.psci_power_down_wfi
                0x0000000000055ab0        0xc /media/data_nvme/git/uboot/u-boot/build/rk3568/release/bl31/psci_helpers.o
                0x0000000000055ab0                psci_power_down_wfi
 .text.asm.plat_get_my_stack
                0x0000000000055abc       0x1c /media/data_nvme/git/uboot/u-boot/build/rk3568/release/bl31/platform_mp_stack.o
                0x0000000000055abc                plat_get_my_stack
 .text.asm.plat_set_my_stack
                0x0000000000055ad8       0x10 /media/data_nvme/git/uboot/u-boot/build/rk3568/release/bl31/platform_mp_stack.o
                0x0000000000055ad8                plat_set_my_stack
 .text.asm.plat_reset_handler
                0x0000000000055ae8       0x24 /media/data_nvme/git/uboot/u-boot/build/rk3568/release/bl31/plat_helpers.o
                0x0000000000055ae8                plat_reset_handler
 .text.asm.plat_my_core_pos
                0x0000000000055b0c       0x14 /media/data_nvme/git/uboot/u-boot/build/rk3568/release/bl31/plat_helpers.o
                0x0000000000055b0c                plat_my_core_pos
 .text.asm.plat_panic_handler
                0x0000000000055b20        0xc /media/data_nvme/git/uboot/u-boot/build/rk3568/release/bl31/plat_helpers.o
                0x0000000000055b20                plat_panic_handler
 .text.asm.asm_print_str
                0x0000000000055b2c       0x18 /media/data_nvme/git/uboot/u-boot/build/rk3568/release/bl31/debug.o
                0x0000000000055b2c                asm_print_str
 .text.asm.asm_print_hex
                0x0000000000055b44       0x30 /media/data_nvme/git/uboot/u-boot/build/rk3568/release/bl31/debug.o
                0x0000000000055b44                asm_print_hex
                0x0000000000055b48                asm_print_hex_bits
 .text.asm.asm_print_newline
                0x0000000000055b74        0x8 /media/data_nvme/git/uboot/u-boot/build/rk3568/release/bl31/debug.o
                0x0000000000055b74                asm_print_newline
 .text.asm.elx_panic
                0x0000000000055b7c        0x4 /media/data_nvme/git/uboot/u-boot/build/rk3568/release/bl31/debug.o
                0x0000000000055b7c                elx_panic
 .text.asm.el3_panic
                0x0000000000055b80       0x30 /media/data_nvme/git/uboot/u-boot/build/rk3568/release/bl31/debug.o
                0x0000000000055b80                el3_panic
 .text.asm.flush_dcache_range
                0x0000000000055bb0       0x38 /media/data_nvme/git/uboot/u-boot/build/rk3568/release/bl31/cache_helpers.o
                0x0000000000055bb0                flush_dcache_range
 .text.asm.clean_dcache_range
                0x0000000000055be8       0x38 /media/data_nvme/git/uboot/u-boot/build/rk3568/release/bl31/cache_helpers.o
                0x0000000000055be8                clean_dcache_range
 .text.asm.inv_dcache_range
                0x0000000000055c20       0x38 /media/data_nvme/git/uboot/u-boot/build/rk3568/release/bl31/cache_helpers.o
                0x0000000000055c20                inv_dcache_range
 .text.asm.zeromem
                0x0000000000055c58        0x8 /media/data_nvme/git/uboot/u-boot/build/rk3568/release/bl31/misc_helpers.o
                0x0000000000055c58                zeromem
 .text.asm.zeromem_dczva
                0x0000000000055c60       0xe8 /media/data_nvme/git/uboot/u-boot/build/rk3568/release/bl31/misc_helpers.o
                0x0000000000055c60                zero_normalmem
 .text.asm.bl31_plat_enable_mmu
                0x0000000000055d48        0x4 /media/data_nvme/git/uboot/u-boot/build/rk3568/release/bl31/platform_helpers.o
                0x0000000000055d48                bl31_plat_enable_mmu
 .text.asm.plat_handle_double_fault
                0x0000000000055d4c        0x4 /media/data_nvme/git/uboot/u-boot/build/rk3568/release/bl31/platform_helpers.o
                0x0000000000055d4c                plat_handle_double_fault
 .text.asm.plat_handle_el3_ea
                0x0000000000055d50        0x4 /media/data_nvme/git/uboot/u-boot/build/rk3568/release/bl31/platform_helpers.o
                0x0000000000055d50                plat_handle_el3_ea
 .text.asm.enable_mmu_direct_el3
                0x0000000000055d54       0x58 /media/data_nvme/git/uboot/u-boot/build/rk3568/release/bl31/enable_mmu.o
                0x0000000000055d54                enable_mmu_direct_el3
 .text.asm.plat_crash_console_init
                0x0000000000055dac       0x48 /media/data_nvme/git/uboot/u-boot/build/rk3568/release/bl31/crash_console_helpers.o
                0x0000000000055dac                plat_crash_console_init
 .text.asm.plat_crash_console_putc
                0x0000000000055df4       0x84 /media/data_nvme/git/uboot/u-boot/build/rk3568/release/bl31/crash_console_helpers.o
                0x0000000000055df4                plat_crash_console_putc
 .text.asm.plat_crash_console_flush
                0x0000000000055e78       0x54 /media/data_nvme/git/uboot/u-boot/build/rk3568/release/bl31/crash_console_helpers.o
                0x0000000000055e78                plat_crash_console_flush
 .text.memchr   0x0000000000055ecc       0x2c /media/data_nvme/git/uboot/u-boot/build/rk3568/release/lib/libc.a(memchr.o)
                0x0000000000055ecc                memchr
 .text.memcmp   0x0000000000055ef8       0x34 /media/data_nvme/git/uboot/u-boot/build/rk3568/release/lib/libc.a(memcmp.o)
                0x0000000000055ef8                memcmp
 .text.memcpy   0x0000000000055f2c       0x20 /media/data_nvme/git/uboot/u-boot/build/rk3568/release/lib/libc.a(memcpy.o)
                0x0000000000055f2c                memcpy
 .text.memmove  0x0000000000055f4c       0x34 /media/data_nvme/git/uboot/u-boot/build/rk3568/release/lib/libc.a(memmove.o)
                0x0000000000055f4c                memmove
 .text.memset   0x0000000000055f80       0x78 /media/data_nvme/git/uboot/u-boot/build/rk3568/release/lib/libc.a(memset.o)
                0x0000000000055f80                memset
 .text.unsigned_num_print.part.0
                0x0000000000055ff8       0xd0 /media/data_nvme/git/uboot/u-boot/build/rk3568/release/lib/libc.a(printf.o)
 .text.vprintf  0x00000000000560c8      0x444 /media/data_nvme/git/uboot/u-boot/build/rk3568/release/lib/libc.a(printf.o)
                0x00000000000560c8                vprintf
 .text.strchr   0x000000000005650c       0x24 /media/data_nvme/git/uboot/u-boot/build/rk3568/release/lib/libc.a(strchr.o)
                0x000000000005650c                strchr
 .text.strlen   0x0000000000056530       0x1c /media/data_nvme/git/uboot/u-boot/build/rk3568/release/lib/libc.a(strlen.o)
                0x0000000000056530                strlen
 .text.strncmp  0x000000000005654c       0x38 /media/data_nvme/git/uboot/u-boot/build/rk3568/release/lib/libc.a(strncmp.o)
                0x000000000005654c                strncmp
 .text.strrchr  0x0000000000056584       0x28 /media/data_nvme/git/uboot/u-boot/build/rk3568/release/lib/libc.a(strrchr.o)
                0x0000000000056584                strrchr
 *(SORT_BY_ALIGNMENT(.rodata*))
 *fill*         0x00000000000565ac        0x4 
 .rodata.psci_args.0
                0x00000000000565b0       0x10 /media/data_nvme/git/uboot/u-boot/build/rk3568/release/bl31/bl31_main.o
 .rodata.plat_rockchip_psci_pm_ops
                0x00000000000565c0       0xb0 /media/data_nvme/git/uboot/u-boot/build/rk3568/release/bl31/plat_pm.o
                0x00000000000565c0                plat_rockchip_psci_pm_ops
 .rodata.rockchip_gic_data
                0x0000000000056670       0x30 /media/data_nvme/git/uboot/u-boot/build/rk3568/release/bl31/rockchip_gicv3.o
                0x0000000000056670                rockchip_gic_data
 .rodata.plat_rk_mmap
                0x00000000000566a0       0x78 /media/data_nvme/git/uboot/u-boot/build/rk3568/release/bl31/soc.o
                0x00000000000566a0                plat_rk_mmap
 .rodata.plat_prefix_str
                0x0000000000056718       0x28 /media/data_nvme/git/uboot/u-boot/build/rk3568/release/bl31/plat_log_common.o
 .rodata.fdt_next_tag
                0x0000000000056740        0x9 /media/data_nvme/git/uboot/u-boot/build/rk3568/release/bl31/fdt.o
 *fill*         0x0000000000056749        0x3 
 .rodata.psci_smc_handler
                0x000000000005674c       0x2c /media/data_nvme/git/uboot/u-boot/build/rk3568/release/bl31/psci_main.o
 .rodata.rk_aux_param_handler
                0x0000000000056778        0x4 /media/data_nvme/git/uboot/u-boot/build/rk3568/release/bl31/params_setup.o
 .rodata.CSWTCH.7
                0x000000000005677c        0xc /media/data_nvme/git/uboot/u-boot/build/rk3568/release/bl31/params_setup.o
 .rodata.g01s_interrupt_props
                0x0000000000056788        0x8 /media/data_nvme/git/uboot/u-boot/build/rk3568/release/bl31/rockchip_gicv3.o
 .rodata.vprintf
                0x0000000000056790       0x30 /media/data_nvme/git/uboot/u-boot/build/rk3568/release/lib/libc.a(printf.o)
 .rodata.build_message
                0x00000000000567c0       0x1e /media/data_nvme/git/uboot/u-boot/build/rk3568/release/bl31/build_message.o
                0x00000000000567c0                build_message
 .rodata.version_string
                0x00000000000567de       0x29 /media/data_nvme/git/uboot/u-boot/build/rk3568/release/bl31/build_message.o
                0x00000000000567de                version_string
 .rodata.bl31_prepare_next_image_entry.str1.1
                0x0000000000056807       0x50 /media/data_nvme/git/uboot/u-boot/build/rk3568/release/bl31/bl31_main.o
 .rodata.bl31_main.str1.1
                0x0000000000056857        0xb /media/data_nvme/git/uboot/u-boot/build/rk3568/release/bl31/bl31_main.o
 .rodata.runtime_svc_init.str1.1
                0x0000000000056862       0x50 /media/data_nvme/git/uboot/u-boot/build/rk3568/release/bl31/runtime_svc.o
 .rodata.cm_setup_context.str1.1
                0x00000000000568b2       0x19 /media/data_nvme/git/uboot/u-boot/build/rk3568/release/bl31/context_mgmt.o
 .rodata.fdt_get_alias_namelen.str1.1
                0x00000000000568cb        0x9 /media/data_nvme/git/uboot/u-boot/build/rk3568/release/bl31/fdt_ro.o
 .rodata.psci_warmboot_entrypoint.str1.1
                0x00000000000568d4       0x22 /media/data_nvme/git/uboot/u-boot/build/rk3568/release/bl31/psci_common.o
 .rodata.psci_cpu_suspend.str1.1
                0x00000000000568f6       0x33 /media/data_nvme/git/uboot/u-boot/build/rk3568/release/bl31/psci_main.o
 .rodata.CSWTCH.13
                0x0000000000056929        0x4 /media/data_nvme/git/uboot/u-boot/build/rk3568/release/bl31/plat_gicv3.o
 .rodata.rk_aux_param_handler.str1.1
                0x000000000005692d       0x2e /media/data_nvme/git/uboot/u-boot/build/rk3568/release/bl31/params_setup.o
 .rodata.params_early_setup.str1.1
                0x000000000005695b       0x1b /media/data_nvme/git/uboot/u-boot/build/rk3568/release/bl31/params_setup.o
 .rodata.rockchip_plat_sip_handler.str1.1
                0x0000000000056976       0x1b /media/data_nvme/git/uboot/u-boot/build/rk3568/release/bl31/rockchip_sip_svc.o
 .rodata.str1.1
                0x0000000000056991       0x11 /media/data_nvme/git/uboot/u-boot/build/rk3568/release/bl31/rockchip_sip_svc.o
 .rodata.__func__.0
                0x00000000000569a2       0x1a /media/data_nvme/git/uboot/u-boot/build/rk3568/release/bl31/rockchip_sip_svc.o
 .rodata.plat_rockchip_soc_init.str1.1
                0x00000000000569bc       0x29 /media/data_nvme/git/uboot/u-boot/build/rk3568/release/bl31/soc.o
 .rodata.rockchip_power_domain_tree_desc
                0x00000000000569e5        0x3 /media/data_nvme/git/uboot/u-boot/build/rk3568/release/bl31/soc.o
                0x00000000000569e5                rockchip_power_domain_tree_desc
 .rodata.str1.1
                0x00000000000569e8        0xd /media/data_nvme/git/uboot/u-boot/build/rk3568/release/bl31/arm_arch_svc_setup.o
 .rodata.str1.1
                0x00000000000569f5        0x8 /media/data_nvme/git/uboot/u-boot/build/rk3568/release/bl31/std_svc_setup.o
 .rodata.str1.1
                0x00000000000569fd       0x32 /media/data_nvme/git/uboot/u-boot/build/rk3568/release/bl31/plat_log_common.o
 .rodata.get_el_str.str1.1
                0x0000000000056a2f        0xc /media/data_nvme/git/uboot/u-boot/build/rk3568/release/bl31/plat_common.o
 .rodata.plat_default_ea_handler.str1.1
                0x0000000000056a3b       0x5a /media/data_nvme/git/uboot/u-boot/build/rk3568/release/bl31/plat_common.o
                                         0x5c (size before relaxing)
 .rodata.mmap_add_region_ctx.str1.1
                0x0000000000056a95       0x2b /media/data_nvme/git/uboot/u-boot/build/rk3568/release/bl31/xlat_tables_core.o
 .rodata.init_xlat_tables_ctx.str1.1
                0x0000000000056ac0       0x4f /media/data_nvme/git/uboot/u-boot/build/rk3568/release/bl31/xlat_tables_core.o
 .rodata.bl_aux_params_parse.str1.1
                0x0000000000056b0f       0x2a /media/data_nvme/git/uboot/u-boot/build/rk3568/release/bl31/bl_aux_params.o
 .rodata.errata_entries
                0x0000000000056b39        0x0 /media/data_nvme/git/uboot/u-boot/build/rk3568/release/bl31/cortex_a55.o
 .rodata.panic_str
                0x0000000000056b39       0x11 /media/data_nvme/git/uboot/u-boot/build/rk3568/release/bl31/debug.o
 .rodata.vprintf.str1.1
                0x0000000000056b4a        0x3 /media/data_nvme/git/uboot/u-boot/build/rk3568/release/lib/libc.a(printf.o)
                0x0000000000056b50                . = ALIGN (0x8)
 *fill*         0x0000000000056b4d        0x3 
                0x0000000000056b50                __RT_SVC_DESCS_START__ = .
 *(SORT_BY_ALIGNMENT(.rt_svc_descs))
 .rt_svc_descs  0x0000000000056b50       0x20 /media/data_nvme/git/uboot/u-boot/build/rk3568/release/bl31/rockchip_sip_svc.o
 .rt_svc_descs  0x0000000000056b70       0x20 /media/data_nvme/git/uboot/u-boot/build/rk3568/release/bl31/arm_arch_svc_setup.o
 .rt_svc_descs  0x0000000000056b90       0x20 /media/data_nvme/git/uboot/u-boot/build/rk3568/release/bl31/std_svc_setup.o
                0x0000000000056bb0                __RT_SVC_DESCS_END__ = .
                0x0000000000056bb0                . = ALIGN (0x8)
                0x0000000000056bb0                __FCONF_POPULATOR_START__ = .
 *(SORT_BY_ALIGNMENT(.fconf_populator))
                0x0000000000056bb0                __FCONF_POPULATOR_END__ = .
                0x0000000000056bb0                . = ALIGN (0x8)
                0x0000000000056bb0                __PMF_SVC_DESCS_START__ = .
 *(SORT_BY_ALIGNMENT(.pmf_svc_descs))
                0x0000000000056bb0                __PMF_SVC_DESCS_END__ = .
                0x0000000000056bb0                . = ALIGN (0x8)
                0x0000000000056bb0                __PARSER_LIB_DESCS_START__ = .
 *(SORT_BY_ALIGNMENT(.img_parser_lib_descs))
                0x0000000000056bb0                __PARSER_LIB_DESCS_END__ = .
                0x0000000000056bb0                . = ALIGN (0x8)
                0x0000000000056bb0                __CPU_OPS_START__ = .
 *(SORT_BY_ALIGNMENT(.cpu_ops))
 .cpu_ops       0x0000000000056bb0       0x50 /media/data_nvme/git/uboot/u-boot/build/rk3568/release/bl31/cortex_a55.o
                0x0000000000056c00                __CPU_OPS_END__ = .
                0x0000000000056c00                . = ALIGN (0x8)
                0x0000000000056c00                __GOT_START__ = .
 *(SORT_BY_ALIGNMENT(.got))
                0x0000000000056c00                __GOT_END__ = .
                0x0000000000056c00                . = ALIGN (0x8)
                0x0000000000056c00                __pubsub_psci_cpu_on_finish_start = .
 *(SORT_BY_ALIGNMENT(.__pubsub_psci_cpu_on_finish))
                0x0000000000056c00                __pubsub_psci_cpu_on_finish_end = .
                0x0000000000056c00                __pubsub_psci_suspend_pwrdown_start_start = .
 *(SORT_BY_ALIGNMENT(.__pubsub_psci_suspend_pwrdown_start))
                0x0000000000056c00                __pubsub_psci_suspend_pwrdown_start_end = .
                0x0000000000056c00                __pubsub_psci_suspend_pwrdown_finish_start = .
 *(SORT_BY_ALIGNMENT(.__pubsub_psci_suspend_pwrdown_finish))
                0x0000000000056c00                __pubsub_psci_suspend_pwrdown_finish_end = .
                0x0000000000056c00                __pubsub_cm_entering_secure_world_start = .
 *(SORT_BY_ALIGNMENT(.__pubsub_cm_entering_secure_world))
 .__pubsub_cm_entering_secure_world
                0x0000000000056c00        0x8 /media/data_nvme/git/uboot/u-boot/build/rk3568/release/bl31/spe.o
                0x0000000000056c00                __cb_func_spe_drain_buffers_hookcm_entering_secure_world
                0x0000000000056c08                __pubsub_cm_entering_secure_world_end = .
                0x0000000000056c08                __pubsub_cm_exited_secure_world_start = .
 *(SORT_BY_ALIGNMENT(.__pubsub_cm_exited_secure_world))
                0x0000000000056c08                __pubsub_cm_exited_secure_world_end = .
                0x0000000000056c08                __pubsub_cm_entering_normal_world_start = .
 *(SORT_BY_ALIGNMENT(.__pubsub_cm_entering_normal_world))
                0x0000000000056c08                __pubsub_cm_entering_normal_world_end = .
                0x0000000000056c08                __pubsub_cm_exited_normal_world_start = .
 *(SORT_BY_ALIGNMENT(.__pubsub_cm_exited_normal_world))
                0x0000000000056c08                __pubsub_cm_exited_normal_world_end = .
 *(SORT_BY_ALIGNMENT(.vectors))
 *fill*         0x0000000000056c08      0x3f8 
 .vectors       0x0000000000057000      0x800 /media/data_nvme/git/uboot/u-boot/build/rk3568/release/bl31/runtime_exceptions.o
                0x0000000000057000                sync_exception_sp_el0
                0x0000000000057000                runtime_exceptions
                0x0000000000057080                irq_sp_el0
                0x0000000000057100                fiq_sp_el0
                0x0000000000057180                serror_sp_el0
                0x0000000000057200                sync_exception_sp_elx
                0x0000000000057280                irq_sp_elx
                0x0000000000057300                fiq_sp_elx
                0x0000000000057380                serror_sp_elx
                0x0000000000057400                sync_exception_aarch64
                0x0000000000057480                irq_aarch64
                0x0000000000057500                fiq_aarch64
                0x0000000000057580                serror_aarch64
                0x0000000000057600                sync_exception_aarch32
                0x0000000000057680                irq_aarch32
                0x0000000000057700                fiq_aarch32
                0x0000000000057780                serror_aarch32
                0x0000000000057800                __RO_END_UNALIGNED__ = .
                0x0000000000058000                . = ALIGN (0x1000)
 *fill*         0x0000000000057800      0x800 
                0x0000000000058000                __RO_END__ = .
                0x0000000000000001                ASSERT ((__CPU_OPS_END__ > __CPU_OPS_START__), cpu_ops not defined for this platform.)
                0x0000000000058000                __RW_START__ = .

.data           0x0000000000058000       0xde
                0x0000000000058000                __DATA_START__ = .
 *(SORT_BY_ALIGNMENT(.data*))
 .data.tf_xlat_ctx
                0x0000000000058000       0x60 /media/data_nvme/git/uboot/u-boot/build/rk3568/release/bl31/xlat_tables_context.o
 .data          0x0000000000058060       0x30 /media/data_nvme/git/uboot/u-boot/build/rk3568/release/bl31/plat_helpers.o
                0x0000000000058060                cpuson_entry_point
                0x0000000000058080                cpuson_flags
 .data.crash_console_reg_stash
                0x0000000000058090       0x28 /media/data_nvme/git/uboot/u-boot/build/rk3568/release/bl31/crash_console_helpers.o
 .data.next_image_type
                0x00000000000580b8        0x4 /media/data_nvme/git/uboot/u-boot/build/rk3568/release/bl31/bl31_main.o
 .data.poweroff_gpio
                0x00000000000580bc        0x8 /media/data_nvme/git/uboot/u-boot/build/rk3568/release/bl31/params_setup.o
 .data.rk_uart_base
                0x00000000000580c4        0x4 /media/data_nvme/git/uboot/u-boot/build/rk3568/release/bl31/params_setup.o
 .data.rk_uart_baudrate
                0x00000000000580c8        0x4 /media/data_nvme/git/uboot/u-boot/build/rk3568/release/bl31/params_setup.o
 .data.rst_gpio
                0x00000000000580cc        0x8 /media/data_nvme/git/uboot/u-boot/build/rk3568/release/bl31/params_setup.o
 .data.max_log_level
                0x00000000000580d4        0x4 /media/data_nvme/git/uboot/u-boot/build/rk3568/release/bl31/tf_log.o
 .data.crash_console_spinlock
                0x00000000000580d8        0x4 /media/data_nvme/git/uboot/u-boot/build/rk3568/release/bl31/crash_console_helpers.o
 .data.console_state
                0x00000000000580dc        0x1 /media/data_nvme/git/uboot/u-boot/build/rk3568/release/bl31/multi_console.o
 .data.crash_console_triggered
                0x00000000000580dd        0x1 /media/data_nvme/git/uboot/u-boot/build/rk3568/release/bl31/crash_console_helpers.o
                0x00000000000580de                __DATA_END__ = .

.igot.plt       0x00000000000580e0        0x0
 .igot.plt      0x00000000000580e0        0x0 /media/data_nvme/git/uboot/u-boot/build/rk3568/release/bl31/bl31_context_mgmt.o

.rela.dyn       0x00000000000580e0        0x0
                0x00000000000580e0                __RELA_START__ = .
 *(SORT_BY_ALIGNMENT(.rela*))
 .rela.iplt     0x00000000000580e0        0x0 /media/data_nvme/git/uboot/u-boot/build/rk3568/release/bl31/bl31_context_mgmt.o
 .rela.text.runtime_svc_init
                0x00000000000580e0        0x0 /media/data_nvme/git/uboot/u-boot/build/rk3568/release/bl31/bl31_context_mgmt.o
 .rela.text.cm_el1_sysregs_context_restore
                0x00000000000580e0        0x0 /media/data_nvme/git/uboot/u-boot/build/rk3568/release/bl31/bl31_context_mgmt.o
 .rela.text.psci_cpu_on_finish
                0x00000000000580e0        0x0 /media/data_nvme/git/uboot/u-boot/build/rk3568/release/bl31/bl31_context_mgmt.o
 .rela.text.psci_cpu_suspend_start
                0x00000000000580e0        0x0 /media/data_nvme/git/uboot/u-boot/build/rk3568/release/bl31/bl31_context_mgmt.o
 .rela.text.psci_cpu_suspend_finish
                0x00000000000580e0        0x0 /media/data_nvme/git/uboot/u-boot/build/rk3568/release/bl31/bl31_context_mgmt.o
 .rela.text.bl31_plat_arch_setup
                0x00000000000580e0        0x0 /media/data_nvme/git/uboot/u-boot/build/rk3568/release/bl31/bl31_context_mgmt.o
 .rela.text.asm.bl31_entrypoint
                0x00000000000580e0        0x0 /media/data_nvme/git/uboot/u-boot/build/rk3568/release/bl31/bl31_context_mgmt.o
 .rela.text.asm.sync_exception_handler
                0x00000000000580e0        0x0 /media/data_nvme/git/uboot/u-boot/build/rk3568/release/bl31/bl31_context_mgmt.o
 .rela.text.asm.get_cpu_ops_ptr
                0x00000000000580e0        0x0 /media/data_nvme/git/uboot/u-boot/build/rk3568/release/bl31/bl31_context_mgmt.o
                0x00000000000580e0                __RELA_END__ = .

.stacks         0x0000000000058100     0x2000
                0x0000000000058100                __STACKS_START__ = .
 *(SORT_BY_ALIGNMENT(.tzfw_normal_stacks))
 .tzfw_normal_stacks
                0x0000000000058100     0x2000 /media/data_nvme/git/uboot/u-boot/build/rk3568/release/bl31/platform_mp_stack.o
                0x000000000005a100                __STACKS_END__ = .

.bss            0x000000000005a100    0x211e0
                0x000000000005a100                __BSS_START__ = .
 *(SORT_BY_ALIGNMENT(.bss*))
 .bss.percpu_data
                0x000000000005a100      0x100 /media/data_nvme/git/uboot/u-boot/build/rk3568/release/bl31/cpu_data_array.o
                0x000000000005a100                percpu_data
 .bss.psci_ns_context
                0x000000000005a200      0x900 /media/data_nvme/git/uboot/u-boot/build/rk3568/release/bl31/psci_setup.o
 .bss.bl32_init
                0x000000000005ab00        0x8 /media/data_nvme/git/uboot/u-boot/build/rk3568/release/bl31/bl31_main.o
 .bss.intr_type_descs
                0x000000000005ab08       0x60 /media/data_nvme/git/uboot/u-boot/build/rk3568/release/bl31/interrupt_mgmt.o
 .bss.gicv3_driver_data
                0x000000000005ab68        0x8 /media/data_nvme/git/uboot/u-boot/build/rk3568/release/bl31/gicv3_main.o
                0x000000000005ab68                gicv3_driver_data
 .bss.timer_ops
                0x000000000005ab70        0x8 /media/data_nvme/git/uboot/u-boot/build/rk3568/release/bl31/delay_timer.o
 .bss.ops       0x000000000005ab78       0x10 /media/data_nvme/git/uboot/u-boot/build/rk3568/release/bl31/generic_delay_timer.o
 .bss.psci_cpu_pd_nodes
                0x000000000005ab88       0x40 /media/data_nvme/git/uboot/u-boot/build/rk3568/release/bl31/psci_common.o
                0x000000000005ab88                psci_cpu_pd_nodes
 .bss.psci_plat_pm_ops
                0x000000000005abc8        0x8 /media/data_nvme/git/uboot/u-boot/build/rk3568/release/bl31/psci_common.o
                0x000000000005abc8                psci_plat_pm_ops
 .bss.psci_spd_pm
                0x000000000005abd0        0x8 /media/data_nvme/git/uboot/u-boot/build/rk3568/release/bl31/psci_common.o
                0x000000000005abd0                psci_spd_pm
 .bss.bl32_ep_info
                0x000000000005abd8       0x58 /media/data_nvme/git/uboot/u-boot/build/rk3568/release/bl31/bl31_plat_setup.o
 .bss.bl33_ep_info
                0x000000000005ac30       0x58 /media/data_nvme/git/uboot/u-boot/build/rk3568/release/bl31/bl31_plat_setup.o
 .bss.console.0
                0x000000000005ac88       0x30 /media/data_nvme/git/uboot/u-boot/build/rk3568/release/bl31/bl31_plat_setup.o
 .bss.fdt_buffer
                0x000000000005acb8    0x20000 /media/data_nvme/git/uboot/u-boot/build/rk3568/release/bl31/params_setup.o
 .bss.rockchip_sec_entrypoint
                0x000000000007acb8        0x8 /media/data_nvme/git/uboot/u-boot/build/rk3568/release/bl31/plat_pm.o
 .bss.rdistif_base_addrs
                0x000000000007acc0       0x20 /media/data_nvme/git/uboot/u-boot/build/rk3568/release/bl31/rockchip_gicv3.o
                0x000000000007acc0                rdistif_base_addrs
 .bss.console_list
                0x000000000007ace0        0x8 /media/data_nvme/git/uboot/u-boot/build/rk3568/release/bl31/multi_console.o
                0x000000000007ace0                console_list
 .bss.mmu_cfg_params
                0x000000000007ace8       0x18 /media/data_nvme/git/uboot/u-boot/build/rk3568/release/bl31/xlat_tables_context.o
                0x000000000007ace8                mmu_cfg_params
 .bss.tf_mmap   0x000000000007ad00      0x460 /media/data_nvme/git/uboot/u-boot/build/rk3568/release/bl31/xlat_tables_context.o
 .bss.psci_locks
                0x000000000007b160       0x10 /media/data_nvme/git/uboot/u-boot/build/rk3568/release/bl31/psci_common.o
                0x000000000007b160                psci_locks
 .bss.psci_non_cpu_pd_nodes
                0x000000000007b170       0x40 /media/data_nvme/git/uboot/u-boot/build/rk3568/release/bl31/psci_common.o
                0x000000000007b170                psci_non_cpu_pd_nodes
 .bss.psci_plat_core_count
                0x000000000007b1b0        0x4 /media/data_nvme/git/uboot/u-boot/build/rk3568/release/bl31/psci_common.o
                0x000000000007b1b0                psci_plat_core_count
 .bss.psci_caps
                0x000000000007b1b4        0x4 /media/data_nvme/git/uboot/u-boot/build/rk3568/release/bl31/psci_setup.o
                0x000000000007b1b4                psci_caps
 .bss.suspend_gpio
                0x000000000007b1b8       0x50 /media/data_nvme/git/uboot/u-boot/build/rk3568/release/bl31/params_setup.o
 .bss.suspend_gpio_cnt
                0x000000000007b208        0x4 /media/data_nvme/git/uboot/u-boot/build/rk3568/release/bl31/params_setup.o
                0x000000000007b208                suspend_gpio_cnt
 .bss.grf_ddr_con3
                0x000000000007b20c        0x4 /media/data_nvme/git/uboot/u-boot/build/rk3568/release/bl31/pmu.o
 .bss.rt_svc_descs_indices
                0x000000000007b210       0x80 /media/data_nvme/git/uboot/u-boot/build/rk3568/release/bl31/runtime_svc.o
                0x000000000007b210                rt_svc_descs_indices
 .bss.gic600_errata_wa_2384374
                0x000000000007b290        0x1 /media/data_nvme/git/uboot/u-boot/build/rk3568/release/bl31/gic-x00.o
 .bss.psci_req_local_pwr_states
                0x000000000007b291        0x8 /media/data_nvme/git/uboot/u-boot/build/rk3568/release/bl31/psci_common.o
 .bss.suspend_apio
                0x000000000007b299        0x1 /media/data_nvme/git/uboot/u-boot/build/rk3568/release/bl31/params_setup.o
 *(SORT_BY_ALIGNMENT(COMMON))
                0x000000000007b2c0                . = ALIGN (0x40)
 *fill*         0x000000000007b29a       0x26 
                0x000000000007b2c0                __BAKERY_LOCK_START__ = .
                0x000000000007b2c0                __PERCPU_BAKERY_LOCK_START__ = .
 *(SORT_BY_ALIGNMENT(.bakery_lock))
                0x000000000007b2c0                . = ALIGN (0x40)
                0x000000000007b2c0                __PERCPU_BAKERY_LOCK_END__ = .
                0x0000000000000000                __PERCPU_BAKERY_LOCK_SIZE__ = ABSOLUTE ((__PERCPU_BAKERY_LOCK_END__ - __PERCPU_BAKERY_LOCK_START__))
                0x000000000007b2c0                . = (. + (__PERCPU_BAKERY_LOCK_SIZE__ * 0x3))
                0x000000000007b2c0                __BAKERY_LOCK_END__ = .
                0x000000000007b2c0                . = ALIGN (0x40)
                0x000000000007b2c0                __PMF_TIMESTAMP_START__ = .
 *(SORT_BY_ALIGNMENT(.pmf_timestamp_array))
                0x000000000007b2c0                . = ALIGN (0x40)
                0x000000000007b2c0                __PMF_PERCPU_TIMESTAMP_END__ = .
                0x0000000000000000                __PERCPU_TIMESTAMP_SIZE__ = ABSOLUTE ((. - __PMF_TIMESTAMP_START__))
                0x000000000007b2c0                . = (. + (__PERCPU_TIMESTAMP_SIZE__ * 0x3))
                0x000000000007b2c0                __PMF_TIMESTAMP_END__ = .
                0x000000000007b2c0                . = ALIGN (0x10)
                0x000000000007b2c0                __BASE_XLAT_TABLE_START__ = .
 *(SORT_BY_ALIGNMENT(.base_xlat_table))
 .base_xlat_table
                0x000000000007b2c0       0x20 /media/data_nvme/git/uboot/u-boot/build/rk3568/release/bl31/xlat_tables_context.o
                0x000000000007b2e0                __BASE_XLAT_TABLE_END__ = .
                0x000000000007b2e0                __BSS_END__ = .

.xlat_table     0x000000000007c000    0x12000
                0x000000000007c000                __XLAT_TABLE_START__ = .
 *(SORT_BY_ALIGNMENT(.xlat_table))
 .xlat_table    0x000000000007c000    0x12000 /media/data_nvme/git/uboot/u-boot/build/rk3568/release/bl31/xlat_tables_context.o
                0x000000000008e000                __XLAT_TABLE_END__ = .
                0x000000000008e000                __RW_END__ = .
                0x000000000008e000                __BL31_END__ = .
                0x0000000000000001                ASSERT ((. <= 0x100000), BL31 image has exceeded its limit.)
                0x000000000008e000                RAM_REGION_END = .

/DISCARD/
 *(SORT_BY_ALIGNMENT(.dynsym) SORT_BY_ALIGNMENT(.dynstr) SORT_BY_ALIGNMENT(.hash) SORT_BY_ALIGNMENT(.gnu.hash))
LOAD /media/data_nvme/git/uboot/u-boot/build/rk3568/release/bl31/build_message.o
LOAD /media/data_nvme/git/uboot/u-boot/build/rk3568/release/bl31/bl31_context_mgmt.o
LOAD /media/data_nvme/git/uboot/u-boot/build/rk3568/release/bl31/bl31_main.o
LOAD /media/data_nvme/git/uboot/u-boot/build/rk3568/release/bl31/bl31_traps.o
LOAD /media/data_nvme/git/uboot/u-boot/build/rk3568/release/bl31/interrupt_mgmt.o
LOAD /media/data_nvme/git/uboot/u-boot/build/rk3568/release/bl31/runtime_svc.o
LOAD /media/data_nvme/git/uboot/u-boot/build/rk3568/release/bl31/cci.o
LOAD /media/data_nvme/git/uboot/u-boot/build/rk3568/release/bl31/arm_gicv3_common.o
LOAD /media/data_nvme/git/uboot/u-boot/build/rk3568/release/bl31/gic-x00.o
LOAD /media/data_nvme/git/uboot/u-boot/build/rk3568/release/bl31/gicdv3_helpers.o
LOAD /media/data_nvme/git/uboot/u-boot/build/rk3568/release/bl31/gicrv3_helpers.o
LOAD /media/data_nvme/git/uboot/u-boot/build/rk3568/release/bl31/gicv3_helpers.o
LOAD /media/data_nvme/git/uboot/u-boot/build/rk3568/release/bl31/gicv3_main.o
LOAD /media/data_nvme/git/uboot/u-boot/build/rk3568/release/bl31/delay_timer.o
LOAD /media/data_nvme/git/uboot/u-boot/build/rk3568/release/bl31/generic_delay_timer.o
LOAD /media/data_nvme/git/uboot/u-boot/build/rk3568/release/bl31/errata_report.o
LOAD /media/data_nvme/git/uboot/u-boot/build/rk3568/release/bl31/context_mgmt.o
LOAD /media/data_nvme/git/uboot/u-boot/build/rk3568/release/bl31/cpu_data_array.o
LOAD /media/data_nvme/git/uboot/u-boot/build/rk3568/release/bl31/spe.o
LOAD /media/data_nvme/git/uboot/u-boot/build/rk3568/release/bl31/sve.o
LOAD /media/data_nvme/git/uboot/u-boot/build/rk3568/release/bl31/fdt.o
LOAD /media/data_nvme/git/uboot/u-boot/build/rk3568/release/bl31/fdt_addresses.o
LOAD /media/data_nvme/git/uboot/u-boot/build/rk3568/release/bl31/fdt_empty_tree.o
LOAD /media/data_nvme/git/uboot/u-boot/build/rk3568/release/bl31/fdt_ro.o
LOAD /media/data_nvme/git/uboot/u-boot/build/rk3568/release/bl31/fdt_rw.o
LOAD /media/data_nvme/git/uboot/u-boot/build/rk3568/release/bl31/fdt_strerror.o
LOAD /media/data_nvme/git/uboot/u-boot/build/rk3568/release/bl31/fdt_sw.o
LOAD /media/data_nvme/git/uboot/u-boot/build/rk3568/release/bl31/fdt_wip.o
LOAD /media/data_nvme/git/uboot/u-boot/build/rk3568/release/bl31/bakery_lock_normal.o
LOAD /media/data_nvme/git/uboot/u-boot/build/rk3568/release/bl31/psci_common.o
LOAD /media/data_nvme/git/uboot/u-boot/build/rk3568/release/bl31/psci_main.o
LOAD /media/data_nvme/git/uboot/u-boot/build/rk3568/release/bl31/psci_mem_protect.o
LOAD /media/data_nvme/git/uboot/u-boot/build/rk3568/release/bl31/psci_off.o
LOAD /media/data_nvme/git/uboot/u-boot/build/rk3568/release/bl31/psci_on.o
LOAD /media/data_nvme/git/uboot/u-boot/build/rk3568/release/bl31/psci_setup.o
LOAD /media/data_nvme/git/uboot/u-boot/build/rk3568/release/bl31/psci_suspend.o
LOAD /media/data_nvme/git/uboot/u-boot/build/rk3568/release/bl31/psci_system_off.o
LOAD /media/data_nvme/git/uboot/u-boot/build/rk3568/release/bl31/plat_gicv3.o