Archive member included to satisfy reference by file (symbol)

/media/data_nvme/git/uboot/u-boot/build/mt7988/release/lib/libc.a(memcpy.o)
                              /media/data_nvme/git/uboot/u-boot/build/mt7988/release/bl31/context_mgmt.o (memcpy)
/media/data_nvme/git/uboot/u-boot/build/mt7988/release/lib/libc.a(memmove.o)
                              /media/data_nvme/git/uboot/u-boot/build/mt7988/release/bl31/xlat_tables_core.o (memmove)
/media/data_nvme/git/uboot/u-boot/build/mt7988/release/lib/libc.a(memset.o)
                              /media/data_nvme/git/uboot/u-boot/build/mt7988/release/bl31/runtime_svc.o (memset)
/media/data_nvme/git/uboot/u-boot/build/mt7988/release/lib/libc.a(printf.o)
                              /media/data_nvme/git/uboot/u-boot/build/mt7988/release/bl31/tf_log.o (vprintf)

Discarded input sections

 .text          0x0000000000000000        0x0 /media/data_nvme/git/uboot/u-boot/build/mt7988/release/bl31/build_message.o
 .data          0x0000000000000000        0x0 /media/data_nvme/git/uboot/u-boot/build/mt7988/release/bl31/build_message.o
 .bss           0x0000000000000000        0x0 /media/data_nvme/git/uboot/u-boot/build/mt7988/release/bl31/build_message.o
 .rodata.version
                0x0000000000000000        0x4 /media/data_nvme/git/uboot/u-boot/build/mt7988/release/bl31/build_message.o
 .text          0x0000000000000000        0x0 /media/data_nvme/git/uboot/u-boot/build/mt7988/release/bl31/bl31_context_mgmt.o
 .data          0x0000000000000000        0x0 /media/data_nvme/git/uboot/u-boot/build/mt7988/release/bl31/bl31_context_mgmt.o
 .bss           0x0000000000000000        0x0 /media/data_nvme/git/uboot/u-boot/build/mt7988/release/bl31/bl31_context_mgmt.o
 .text.cm_set_context
                0x0000000000000000       0x14 /media/data_nvme/git/uboot/u-boot/build/mt7988/release/bl31/bl31_context_mgmt.o
 .eh_frame      0x0000000000000000       0x88 /media/data_nvme/git/uboot/u-boot/build/mt7988/release/bl31/bl31_context_mgmt.o
 .text          0x0000000000000000        0x0 /media/data_nvme/git/uboot/u-boot/build/mt7988/release/bl31/bl31_main.o
 .data          0x0000000000000000        0x0 /media/data_nvme/git/uboot/u-boot/build/mt7988/release/bl31/bl31_main.o
 .bss           0x0000000000000000        0x0 /media/data_nvme/git/uboot/u-boot/build/mt7988/release/bl31/bl31_main.o
 .text.bl31_lib_init
                0x0000000000000000        0x4 /media/data_nvme/git/uboot/u-boot/build/mt7988/release/bl31/bl31_main.o
 .text.bl31_set_next_image_type
                0x0000000000000000        0xc /media/data_nvme/git/uboot/u-boot/build/mt7988/release/bl31/bl31_main.o
 .text.bl31_get_next_image_type
                0x0000000000000000        0xc /media/data_nvme/git/uboot/u-boot/build/mt7988/release/bl31/bl31_main.o
 .text.bl31_register_bl32_init
                0x0000000000000000        0xc /media/data_nvme/git/uboot/u-boot/build/mt7988/release/bl31/bl31_main.o
 .eh_frame      0x0000000000000000       0xf0 /media/data_nvme/git/uboot/u-boot/build/mt7988/release/bl31/bl31_main.o
 .text          0x0000000000000000        0x0 /media/data_nvme/git/uboot/u-boot/build/mt7988/release/bl31/bl31_traps.o
 .data          0x0000000000000000        0x0 /media/data_nvme/git/uboot/u-boot/build/mt7988/release/bl31/bl31_traps.o
 .bss           0x0000000000000000        0x0 /media/data_nvme/git/uboot/u-boot/build/mt7988/release/bl31/bl31_traps.o
 .eh_frame      0x0000000000000000       0x28 /media/data_nvme/git/uboot/u-boot/build/mt7988/release/bl31/bl31_traps.o
 .text          0x0000000000000000        0x0 /media/data_nvme/git/uboot/u-boot/build/mt7988/release/bl31/interrupt_mgmt.o
 .data          0x0000000000000000        0x0 /media/data_nvme/git/uboot/u-boot/build/mt7988/release/bl31/interrupt_mgmt.o
 .bss           0x0000000000000000        0x0 /media/data_nvme/git/uboot/u-boot/build/mt7988/release/bl31/interrupt_mgmt.o
 .text.set_scr_el3_from_rm
                0x0000000000000000       0x84 /media/data_nvme/git/uboot/u-boot/build/mt7988/release/bl31/interrupt_mgmt.o
 .text.set_routing_model
                0x0000000000000000       0x98 /media/data_nvme/git/uboot/u-boot/build/mt7988/release/bl31/interrupt_mgmt.o
 .text.disable_intr_rm_local
                0x0000000000000000       0x34 /media/data_nvme/git/uboot/u-boot/build/mt7988/release/bl31/interrupt_mgmt.o
 .text.enable_intr_rm_local
                0x0000000000000000       0x50 /media/data_nvme/git/uboot/u-boot/build/mt7988/release/bl31/interrupt_mgmt.o
 .text.register_interrupt_type_handler
                0x0000000000000000       0x68 /media/data_nvme/git/uboot/u-boot/build/mt7988/release/bl31/interrupt_mgmt.o
 .eh_frame      0x0000000000000000      0x110 /media/data_nvme/git/uboot/u-boot/build/mt7988/release/bl31/interrupt_mgmt.o
 .text          0x0000000000000000        0x0 /media/data_nvme/git/uboot/u-boot/build/mt7988/release/bl31/runtime_svc.o
[...]
Memory Configuration

Name             Origin             Length             Attributes
RAM              0x0000000043001000 0x000000000003f000 xrw
*default*        0x0000000000000000 0xffffffffffffffff

Linker script and memory map

                0x0000000043001000                RAM_REGION_START = ORIGIN (RAM)
                0x000000000003f000                RAM_REGION_LENGTH = LENGTH (RAM)
                0x0000000043001000                . = 0x43001000
                0x0000000000000001                ASSERT ((. == ALIGN (0x1000)), BL31_BASE address is not aligned on a page boundary.)
                0x0000000043001000                __BL31_START__ = .

.ro             0x0000000043001000     0xa000
                0x0000000043001000                __RO_START__ = .
 *bl31_entrypoint.o(SORT_BY_ALIGNMENT(.text*))
 .text.asm.bl31_entrypoint
                0x0000000043001000      0x114 /media/data_nvme/git/uboot/u-boot/build/mt7988/release/bl31/bl31_entrypoint.o
                0x0000000043001000                bl31_entrypoint
 .text.asm.bl31_warm_entrypoint
                0x0000000043001114       0x90 /media/data_nvme/git/uboot/u-boot/build/mt7988/release/bl31/bl31_entrypoint.o
                0x0000000043001114                bl31_warm_entrypoint
 *(SORT_BY_ALIGNMENT(.text*))
 .text.cm_get_context
                0x00000000430011a4       0x14 /media/data_nvme/git/uboot/u-boot/build/mt7988/release/bl31/bl31_context_mgmt.o
                0x00000000430011a4                cm_get_context
 .text.cm_get_context_by_index
                0x00000000430011b8       0x2c /media/data_nvme/git/uboot/u-boot/build/mt7988/release/bl31/bl31_context_mgmt.o
                0x00000000430011b8                cm_get_context_by_index
 .text.cm_set_context_by_index
                0x00000000430011e4       0x30 /media/data_nvme/git/uboot/u-boot/build/mt7988/release/bl31/bl31_context_mgmt.o
                0x00000000430011e4                cm_set_context_by_index
 .text.get_arm_std_svc_args
                0x0000000043001214        0xc /media/data_nvme/git/uboot/u-boot/build/mt7988/release/bl31/bl31_main.o
                0x0000000043001214                get_arm_std_svc_args
 .text.bl31_setup
                0x0000000043001220       0x14 /media/data_nvme/git/uboot/u-boot/build/mt7988/release/bl31/bl31_main.o
                0x0000000043001220                bl31_setup
 .text.bl31_prepare_next_image_entry
                0x0000000043001234       0x74 /media/data_nvme/git/uboot/u-boot/build/mt7988/release/bl31/bl31_main.o
                0x0000000043001234                bl31_prepare_next_image_entry
 .text.bl31_main
                0x00000000430012a8       0x68 /media/data_nvme/git/uboot/u-boot/build/mt7988/release/bl31/bl31_main.o
                0x00000000430012a8                bl31_main
 .text.handle_sysreg_trap
                0x0000000043001310        0x8 /media/data_nvme/git/uboot/u-boot/build/mt7988/release/bl31/bl31_traps.o
                0x0000000043001310                handle_sysreg_trap
 .text.get_scr_el3_from_routing_model
                0x0000000043001318       0x30 /media/data_nvme/git/uboot/u-boot/build/mt7988/release/bl31/interrupt_mgmt.o
                0x0000000043001318                get_scr_el3_from_routing_model
 .text.get_interrupt_type_handler
                0x0000000043001348       0x24 /media/data_nvme/git/uboot/u-boot/build/mt7988/release/bl31/interrupt_mgmt.o
                0x0000000043001348                get_interrupt_type_handler
 .text.runtime_svc_init
                0x000000004300136c      0x130 /media/data_nvme/git/uboot/u-boot/build/mt7988/release/bl31/runtime_svc.o
                0x000000004300136c                runtime_svc_init
 .text.gicv3_check_erratas_applies
                0x000000004300149c       0x1c /media/data_nvme/git/uboot/u-boot/build/mt7988/release/bl31/gic-x00.o
                0x000000004300149c                gicv3_check_erratas_applies
 .text.gicd_set_icfgr
                0x00000000430014b8       0x34 /media/data_nvme/git/uboot/u-boot/build/mt7988/release/bl31/gicdv3_helpers.o
                0x00000000430014b8                gicd_set_icfgr
 .text.gicd_clr_igroupr
                0x00000000430014ec       0x24 /media/data_nvme/git/uboot/u-boot/build/mt7988/release/bl31/gicdv3_helpers.o
                0x00000000430014ec                gicd_clr_igroupr
 .text.gicd_set_igrpmodr
                0x0000000043001510       0x24 /media/data_nvme/git/uboot/u-boot/build/mt7988/release/bl31/gicdv3_helpers.o
                0x0000000043001510                gicd_set_igrpmodr
 .text.gicd_clr_igrpmodr
                0x0000000043001534       0x24 /media/data_nvme/git/uboot/u-boot/build/mt7988/release/bl31/gicdv3_helpers.o
                0x0000000043001534                gicd_clr_igrpmodr
 .text.gicd_set_isenabler
                0x0000000043001558       0x1c /media/data_nvme/git/uboot/u-boot/build/mt7988/release/bl31/gicdv3_helpers.o
                0x0000000043001558                gicd_set_isenabler
 .text.gicd_set_ipriorityr
                0x0000000043001574       0x14 /media/data_nvme/git/uboot/u-boot/build/mt7988/release/bl31/gicdv3_helpers.o
                0x0000000043001574                gicd_set_ipriorityr
 .text.gicd_write_icfgr
                0x0000000043001588       0x14 /media/data_nvme/git/uboot/u-boot/build/mt7988/release/bl31/gicdv3_helpers.o
                0x0000000043001588                gicd_write_icfgr
 .text.gicd_write_igroupr
                0x000000004300159c       0x14 /media/data_nvme/git/uboot/u-boot/build/mt7988/release/bl31/gicdv3_helpers.o
                0x000000004300159c                gicd_write_igroupr
 .text.gicd_write_ipriorityr
                0x00000000430015b0       0x10 /media/data_nvme/git/uboot/u-boot/build/mt7988/release/bl31/gicdv3_helpers.o
                0x00000000430015b0                gicd_write_ipriorityr
 .text.gicv3_rdistif_mark_core_awake
                0x00000000430015c0       0x1c /media/data_nvme/git/uboot/u-boot/build/mt7988/release/bl31/gicv3_helpers.o
                0x00000000430015c0                gicv3_rdistif_mark_core_awake
 .text.gicv3_rdistif_mark_core_asleep
                0x00000000430015dc       0x1c /media/data_nvme/git/uboot/u-boot/build/mt7988/release/bl31/gicv3_helpers.o
                0x00000000430015dc                gicv3_rdistif_mark_core_asleep
 .text.gicv3_rdistif_base_addrs_probe
                0x00000000430015f8       0x6c /media/data_nvme/git/uboot/u-boot/build/mt7988/release/bl31/gicv3_helpers.o
                0x00000000430015f8                gicv3_rdistif_base_addrs_probe
 .text.gicv3_get_spi_limit
                0x0000000043001664       0x1c /media/data_nvme/git/uboot/u-boot/build/mt7988/release/bl31/gicv3_helpers.o
                0x0000000043001664                gicv3_get_spi_limit
 .text.gicv3_spis_config_defaults
                0x0000000043001680       0x98 /media/data_nvme/git/uboot/u-boot/build/mt7988/release/bl31/gicv3_helpers.o
                0x0000000043001680                gicv3_spis_config_defaults
 .text.gicv3_secure_spis_config_props
                0x0000000043001718       0xf0 /media/data_nvme/git/uboot/u-boot/build/mt7988/release/bl31/gicv3_helpers.o
                0x0000000043001718                gicv3_secure_spis_config_props
 .text.gicv3_get_component_prodid_rev
                0x0000000043001808       0x18 /media/data_nvme/git/uboot/u-boot/build/mt7988/release/bl31/gicv3_helpers.o
                0x0000000043001808                gicv3_get_component_prodid_rev
 .text.gicd_wait_for_pending_write
                0x0000000043001820        0xc /media/data_nvme/git/uboot/u-boot/build/mt7988/release/bl31/gicv3_main.o
 .text.gicv3_driver_init
                0x000000004300182c       0x74 /media/data_nvme/git/uboot/u-boot/build/mt7988/release/bl31/gicv3_main.o
                0x000000004300182c                gicv3_driver_init
 .text.gicv3_distif_init
                0x00000000430018a0       0x84 /media/data_nvme/git/uboot/u-boot/build/mt7988/release/bl31/gicv3_main.o
                0x00000000430018a0                gicv3_distif_init
 .text.gicv3_cpuif_enable
                0x0000000043001924       0x90 /media/data_nvme/git/uboot/u-boot/build/mt7988/release/bl31/gicv3_main.o
                0x0000000043001924                gicv3_cpuif_enable
 .text.gicv3_cpuif_disable
                0x00000000430019b4       0x40 /media/data_nvme/git/uboot/u-boot/build/mt7988/release/bl31/gicv3_main.o
                0x00000000430019b4                gicv3_cpuif_disable
 .text.gicv3_get_pending_interrupt_type
                0x00000000430019f4        0xc /media/data_nvme/git/uboot/u-boot/build/mt7988/release/bl31/gicv3_main.o
                0x00000000430019f4                gicv3_get_pending_interrupt_type
 .text.timer_init
                0x0000000043001a00        0xc /media/data_nvme/git/uboot/u-boot/build/mt7988/release/bl31/delay_timer.o
                0x0000000043001a00                timer_init
 .text.get_timer_value
                0x0000000043001a0c        0xc /media/data_nvme/git/uboot/u-boot/build/mt7988/release/bl31/generic_delay_timer.o
 .text.generic_delay_timer_init_args
                0x0000000043001a18       0x20 /media/data_nvme/git/uboot/u-boot/build/mt7988/release/bl31/generic_delay_timer.o
                0x0000000043001a18                generic_delay_timer_init_args
 .text.generic_delay_timer_init
                0x0000000043001a38       0x44 /media/data_nvme/git/uboot/u-boot/build/mt7988/release/bl31/generic_delay_timer.o
                0x0000000043001a38                generic_delay_timer_init
 .text.print_errata_status
                0x0000000043001a7c        0x4 /media/data_nvme/git/uboot/u-boot/build/mt7988/release/bl31/errata_report.o
                0x0000000043001a7c                print_errata_status
 .text.cm_init  0x0000000043001a80        0x4 /media/data_nvme/git/uboot/u-boot/build/mt7988/release/bl31/context_mgmt.o
                0x0000000043001a80                cm_init
 .text.cm_setup_context
                0x0000000043001a84      0x164 /media/data_nvme/git/uboot/u-boot/build/mt7988/release/bl31/context_mgmt.o
                0x0000000043001a84                cm_setup_context
 .text.cm_manage_extensions_el3
                0x0000000043001be8        0x4 /media/data_nvme/git/uboot/u-boot/build/mt7988/release/bl31/context_mgmt.o
                0x0000000043001be8                cm_manage_extensions_el3
 .text.cm_init_context_by_index
                0x0000000043001bec       0x30 /media/data_nvme/git/uboot/u-boot/build/mt7988/release/bl31/context_mgmt.o
                0x0000000043001bec                cm_init_context_by_index
 .text.cm_init_my_context
                0x0000000043001c1c       0x30 /media/data_nvme/git/uboot/u-boot/build/mt7988/release/bl31/context_mgmt.o
                0x0000000043001c1c                cm_init_my_context
 .text.cm_el1_sysregs_context_restore
                0x0000000043001c4c       0x7c /media/data_nvme/git/uboot/u-boot/build/mt7988/release/bl31/context_mgmt.o
                0x0000000043001c4c                cm_el1_sysregs_context_restore
 .text.cm_set_next_eret_context
                0x0000000043001cc8       0x20 /media/data_nvme/git/uboot/u-boot/build/mt7988/release/bl31/context_mgmt.o
                0x0000000043001cc8                cm_set_next_eret_context
 .text.cm_prepare_el3_exit
                0x0000000043001ce8       0xcc /media/data_nvme/git/uboot/u-boot/build/mt7988/release/bl31/context_mgmt.o
                0x0000000043001ce8                cm_prepare_el3_exit
 .text.cm_prepare_el3_exit_ns
                0x0000000043001db4        0x8 /media/data_nvme/git/uboot/u-boot/build/mt7988/release/bl31/context_mgmt.o
                0x0000000043001db4                cm_prepare_el3_exit_ns
 .text.spe_drain_buffers_hook
                0x0000000043001dbc       0x24 /media/data_nvme/git/uboot/u-boot/build/mt7988/release/bl31/spe.o
 .text.spe_enable
                0x0000000043001de0       0x34 /media/data_nvme/git/uboot/u-boot/build/mt7988/release/bl31/spe.o
                0x0000000043001de0                spe_enable
 .text.bakery_lock_get
                0x0000000043001e14       0xbc /media/data_nvme/git/uboot/u-boot/build/mt7988/release/bl31/bakery_lock_coherent.o
                0x0000000043001e14                bakery_lock_get
 .text.bakery_lock_release
                0x0000000043001ed0       0x34 /media/data_nvme/git/uboot/u-boot/build/mt7988/release/bl31/bakery_lock_coherent.o
                0x0000000043001ed0                bakery_lock_release
 .text.psci_set_req_local_pwr_state
                0x0000000043001f04       0x34 /media/data_nvme/git/uboot/u-boot/build/mt7988/release/bl31/psci_common.o
 .text.psci_validate_power_state
                0x0000000043001f38       0x28 /media/data_nvme/git/uboot/u-boot/build/mt7988/release/bl31/psci_common.o
                0x0000000043001f38                psci_validate_power_state
 .text.psci_query_sys_suspend_pwrstate
                0x0000000043001f60       0x14 /media/data_nvme/git/uboot/u-boot/build/mt7988/release/bl31/psci_common.o
                0x0000000043001f60                psci_query_sys_suspend_pwrstate
 .text.psci_is_last_on_cpu
                0x0000000043001f74       0x70 /media/data_nvme/git/uboot/u-boot/build/mt7988/release/bl31/psci_common.o
                0x0000000043001f74                psci_is_last_on_cpu
 .text.psci_init_req_local_pwr_states
                0x0000000043001fe4       0x58 /media/data_nvme/git/uboot/u-boot/build/mt7988/release/bl31/psci_common.o
                0x0000000043001fe4                psci_init_req_local_pwr_states
 .text.psci_get_target_local_pwr_states
                0x000000004300203c       0x90 /media/data_nvme/git/uboot/u-boot/build/mt7988/release/bl31/psci_common.o
                0x000000004300203c                psci_get_target_local_pwr_states
 .text.psci_set_target_local_pwr_states
                0x00000000430020cc       0x84 /media/data_nvme/git/uboot/u-boot/build/mt7988/release/bl31/psci_common.o
                0x00000000430020cc                psci_set_target_local_pwr_states
 .text.psci_get_parent_pwr_domain_nodes
                0x0000000043002150       0x48 /media/data_nvme/git/uboot/u-boot/build/mt7988/release/bl31/psci_common.o
                0x0000000043002150                psci_get_parent_pwr_domain_nodes
 .text.psci_set_pwr_domains_to_run
                0x0000000043002198       0x8c /media/data_nvme/git/uboot/u-boot/build/mt7988/release/bl31/psci_common.o
                0x0000000043002198                psci_set_pwr_domains_to_run
 .text.psci_do_state_coordination
                0x0000000043002224      0x118 /media/data_nvme/git/uboot/u-boot/build/mt7988/release/bl31/psci_common.o
                0x0000000043002224                psci_do_state_coordination
 .text.psci_find_max_off_lvl
                0x000000004300233c       0x3c /media/data_nvme/git/uboot/u-boot/build/mt7988/release/bl31/psci_common.o
                0x000000004300233c                psci_find_max_off_lvl
 .text.psci_find_target_suspend_lvl
                0x0000000043002378       0x34 /media/data_nvme/git/uboot/u-boot/build/mt7988/release/bl31/psci_common.o
                0x0000000043002378                psci_find_target_suspend_lvl
 .text.psci_acquire_pwr_domain_locks
                0x00000000430023ac       0x6c /media/data_nvme/git/uboot/u-boot/build/mt7988/release/bl31/psci_common.o
                0x00000000430023ac                psci_acquire_pwr_domain_locks
 .text.psci_release_pwr_domain_locks
                0x0000000043002418       0x58 /media/data_nvme/git/uboot/u-boot/build/mt7988/release/bl31/psci_common.o
                0x0000000043002418                psci_release_pwr_domain_locks
 .text.psci_validate_mpidr
                0x0000000043002470       0x20 /media/data_nvme/git/uboot/u-boot/build/mt7988/release/bl31/psci_common.o
                0x0000000043002470                psci_validate_mpidr
 .text.psci_validate_entry_point
                0x0000000043002490       0xf4 /media/data_nvme/git/uboot/u-boot/build/mt7988/release/bl31/psci_common.o
                0x0000000043002490                psci_validate_entry_point
 .text.psci_warmboot_entrypoint
                0x0000000043002584       0xc8 /media/data_nvme/git/uboot/u-boot/build/mt7988/release/bl31/psci_common.o
                0x0000000043002584                psci_warmboot_entrypoint
 .text.psci_spd_migrate_info
                0x000000004300264c       0x24 /media/data_nvme/git/uboot/u-boot/build/mt7988/release/bl31/psci_common.o
                0x000000004300264c                psci_spd_migrate_info
 .text.psci_print_power_domain_map
                0x0000000043002670        0x4 /media/data_nvme/git/uboot/u-boot/build/mt7988/release/bl31/psci_common.o
                0x0000000043002670                psci_print_power_domain_map
 .text.psci_pwrdown_cpu
                0x0000000043002674        0x4 /media/data_nvme/git/uboot/u-boot/build/mt7988/release/bl31/psci_common.o
                0x0000000043002674                psci_pwrdown_cpu
 .text.psci_cpu_on
                0x0000000043002678       0x5c /media/data_nvme/git/uboot/u-boot/build/mt7988/release/bl31/psci_main.o
                0x0000000043002678                psci_cpu_on
 .text.psci_cpu_suspend
                0x00000000430026d4       0xf0 /media/data_nvme/git/uboot/u-boot/build/mt7988/release/bl31/psci_main.o
                0x00000000430026d4                psci_cpu_suspend
 .text.psci_system_suspend
                0x00000000430027c4       0x74 /media/data_nvme/git/uboot/u-boot/build/mt7988/release/bl31/psci_main.o
                0x00000000430027c4                psci_system_suspend
 .text.psci_cpu_off
                0x0000000043002838        0x8 /media/data_nvme/git/uboot/u-boot/build/mt7988/release/bl31/psci_main.o
                0x0000000043002838                psci_cpu_off
 .text.psci_affinity_info
                0x0000000043002840       0x58 /media/data_nvme/git/uboot/u-boot/build/mt7988/release/bl31/psci_main.o
                0x0000000043002840                psci_affinity_info
 .text.psci_migrate
                0x0000000043002898       0x7c /media/data_nvme/git/uboot/u-boot/build/mt7988/release/bl31/psci_main.o
                0x0000000043002898                psci_migrate
 .text.psci_migrate_info_type
                0x0000000043002914       0x18 /media/data_nvme/git/uboot/u-boot/build/mt7988/release/bl31/psci_main.o
                0x0000000043002914                psci_migrate_info_type
 .text.psci_migrate_info_up_cpu
                0x000000004300292c       0x28 /media/data_nvme/git/uboot/u-boot/build/mt7988/release/bl31/psci_main.o
                0x000000004300292c                psci_migrate_info_up_cpu
 .text.psci_node_hw_state
                0x0000000043002954       0x58 /media/data_nvme/git/uboot/u-boot/build/mt7988/release/bl31/psci_main.o
                0x0000000043002954                psci_node_hw_state
 .text.psci_features
                0x00000000430029ac       0x68 /media/data_nvme/git/uboot/u-boot/build/mt7988/release/bl31/psci_main.o
                0x00000000430029ac                psci_features
 .text.psci_smc_handler
                0x0000000043002a14      0x14c /media/data_nvme/git/uboot/u-boot/build/mt7988/release/bl31/psci_main.o
                0x0000000043002a14                psci_smc_handler
 .text.psci_mem_protect
                0x0000000043002b60       0x5c /media/data_nvme/git/uboot/u-boot/build/mt7988/release/bl31/psci_mem_protect.o
                0x0000000043002b60                psci_mem_protect
 .text.psci_mem_chk_range
                0x0000000043002bbc       0x48 /media/data_nvme/git/uboot/u-boot/build/mt7988/release/bl31/psci_mem_protect.o
                0x0000000043002bbc                psci_mem_chk_range
 .text.psci_do_cpu_off
                0x0000000043002c04      0x138 /media/data_nvme/git/uboot/u-boot/build/mt7988/release/bl31/psci_off.o
                0x0000000043002c04                psci_do_cpu_off
 .text.psci_cpu_on_start
                0x0000000043002d3c      0x160 /media/data_nvme/git/uboot/u-boot/build/mt7988/release/bl31/psci_on.o
                0x0000000043002d3c                psci_cpu_on_start
 .text.psci_cpu_on_finish
                0x0000000043002e9c       0xd4 /media/data_nvme/git/uboot/u-boot/build/mt7988/release/bl31/psci_on.o
                0x0000000043002e9c                psci_cpu_on_finish
 .text.psci_arch_setup
                0x0000000043002f70       0x20 /media/data_nvme/git/uboot/u-boot/build/mt7988/release/bl31/psci_setup.o
                0x0000000043002f70                psci_arch_setup
 .text.psci_setup
                0x0000000043002f90      0x334 /media/data_nvme/git/uboot/u-boot/build/mt7988/release/bl31/psci_setup.o
                0x0000000043002f90                psci_setup
 .text.psci_cpu_suspend_start
                0x00000000430032c4      0x1c0 /media/data_nvme/git/uboot/u-boot/build/mt7988/release/bl31/psci_suspend.o
                0x00000000430032c4                psci_cpu_suspend_start
 .text.psci_cpu_suspend_finish
                0x0000000043003484       0xa0 /media/data_nvme/git/uboot/u-boot/build/mt7988/release/bl31/psci_suspend.o
                0x0000000043003484                psci_cpu_suspend_finish
 .text.psci_system_off
                0x0000000043003524       0x38 /media/data_nvme/git/uboot/u-boot/build/mt7988/release/bl31/psci_system_off.o
                0x0000000043003524                psci_system_off
 .text.psci_system_reset
                0x000000004300355c       0x38 /media/data_nvme/git/uboot/u-boot/build/mt7988/release/bl31/psci_system_off.o
                0x000000004300355c                psci_system_reset
 .text.psci_system_reset2
                0x0000000043003594       0xa4 /media/data_nvme/git/uboot/u-boot/build/mt7988/release/bl31/psci_system_off.o
                0x0000000043003594                psci_system_reset2
 .text.xlat_arch_get_pas
                0x0000000043003638       0x14 /media/data_nvme/git/uboot/u-boot/build/mt7988/release/bl31/xlat_tables_arch.o
                0x0000000043003638                xlat_arch_get_pas
 .text.tcr_physical_addr_size_bits
                0x000000004300364c       0x4c /media/data_nvme/git/uboot/u-boot/build/mt7988/release/bl31/xlat_tables_arch.o
                0x000000004300364c                tcr_physical_addr_size_bits
 .text.is_dcache_enabled
                0x0000000043003698        0xc /media/data_nvme/git/uboot/u-boot/build/mt7988/release/bl31/xlat_tables_arch.o
                0x0000000043003698                is_dcache_enabled
 .text.xlat_arch_regime_get_xn_desc
                0x00000000430036a4       0x14 /media/data_nvme/git/uboot/u-boot/build/mt7988/release/bl31/xlat_tables_arch.o
                0x00000000430036a4                xlat_arch_regime_get_xn_desc
 .text.xlat_arch_current_el
                0x00000000430036b8        0xc /media/data_nvme/git/uboot/u-boot/build/mt7988/release/bl31/xlat_tables_arch.o
                0x00000000430036b8                xlat_arch_current_el
 .text.setup_mmu_cfg
                0x00000000430036c4       0x7c /media/data_nvme/git/uboot/u-boot/build/mt7988/release/bl31/xlat_tables_arch.o
                0x00000000430036c4                setup_mmu_cfg
 .text.mmap_add_region
                0x0000000043003740       0x34 /media/data_nvme/git/uboot/u-boot/build/mt7988/release/bl31/xlat_tables_context.o
                0x0000000043003740                mmap_add_region
 .text.mmap_add
                0x0000000043003774       0x10 /media/data_nvme/git/uboot/u-boot/build/mt7988/release/bl31/xlat_tables_context.o
                0x0000000043003774                mmap_add
 .text.init_xlat_tables
                0x0000000043003784       0x3c /media/data_nvme/git/uboot/u-boot/build/mt7988/release/bl31/xlat_tables_context.o
                0x0000000043003784                init_xlat_tables
 .text.enable_mmu_el3
                0x00000000430037c0       0x48 /media/data_nvme/git/uboot/u-boot/build/mt7988/release/bl31/xlat_tables_context.o
                0x00000000430037c0                enable_mmu_el3
 .text.mmap_add_region_check
                0x0000000043003808      0x164 /media/data_nvme/git/uboot/u-boot/build/mt7988/release/bl31/xlat_tables_core.o
 .text.xlat_clean_dcache_range
                0x000000004300396c       0x40 /media/data_nvme/git/uboot/u-boot/build/mt7988/release/bl31/xlat_tables_core.o
 .text.xlat_desc
                0x00000000430039ac       0xe4 /media/data_nvme/git/uboot/u-boot/build/mt7988/release/bl31/xlat_tables_core.o
                0x00000000430039ac                xlat_desc
 .text.xlat_tables_map_region
                0x0000000043003a90      0x258 /media/data_nvme/git/uboot/u-boot/build/mt7988/release/bl31/xlat_tables_core.o
 .text.mmap_add_region_ctx
                0x0000000043003ce8      0x128 /media/data_nvme/git/uboot/u-boot/build/mt7988/release/bl31/xlat_tables_core.o
                0x0000000043003ce8                mmap_add_region_ctx
 .text.mmap_add_ctx
                0x0000000043003e10       0x3c /media/data_nvme/git/uboot/u-boot/build/mt7988/release/bl31/xlat_tables_core.o
                0x0000000043003e10                mmap_add_ctx
 .text.init_xlat_tables_ctx
                0x0000000043003e4c      0x108 /media/data_nvme/git/uboot/u-boot/build/mt7988/release/bl31/xlat_tables_core.o
                0x0000000043003e4c                init_xlat_tables_ctx
 .text.xlat_mmap_print
                0x0000000043003f54        0x4 /media/data_nvme/git/uboot/u-boot/build/mt7988/release/bl31/xlat_tables_utils.o
                0x0000000043003f54                xlat_mmap_print
 .text.xlat_tables_print
                0x0000000043003f58        0x4 /media/data_nvme/git/uboot/u-boot/build/mt7988/release/bl31/xlat_tables_utils.o
                0x0000000043003f58                xlat_tables_print
 .text.plat_ic_get_pending_interrupt_type
                0x0000000043003f5c       0x34 /media/data_nvme/git/uboot/u-boot/build/mt7988/release/bl31/plat_gicv3.o
                0x0000000043003f5c                plat_ic_get_pending_interrupt_type
 .text.mtk_efuse_get_len
                0x0000000043003f90       0x78 /media/data_nvme/git/uboot/u-boot/build/mt7988/release/bl31/mtk_efuse.o
                0x0000000043003f90                mtk_efuse_get_len
 .text.mtk_efuse_send_data
                0x0000000043004008       0x48 /media/data_nvme/git/uboot/u-boot/build/mt7988/release/bl31/mtk_efuse.o
                0x0000000043004008                mtk_efuse_send_data
 .text.mtk_efuse_get_data
                0x0000000043004050       0x48 /media/data_nvme/git/uboot/u-boot/build/mt7988/release/bl31/mtk_efuse.o
                0x0000000043004050                mtk_efuse_get_data
 .text.mtk_efuse_read
                0x0000000043004098       0xc8 /media/data_nvme/git/uboot/u-boot/build/mt7988/release/bl31/mtk_efuse.o
                0x0000000043004098                mtk_efuse_read
 .text.mtk_efuse_write
                0x0000000043004160       0xcc /media/data_nvme/git/uboot/u-boot/build/mt7988/release/bl31/mtk_efuse.o
                0x0000000043004160                mtk_efuse_write
 .text.mtk_efuse_disable
                0x000000004300422c       0x30 /media/data_nvme/git/uboot/u-boot/build/mt7988/release/bl31/mtk_efuse.o
                0x000000004300422c                mtk_efuse_disable
 .text.get_kernel_info_pc
                0x000000004300425c        0xc /media/data_nvme/git/uboot/u-boot/build/mt7988/release/bl31/mtk_bl31_boot_next_legacy.o
                0x000000004300425c                get_kernel_info_pc
 .text.get_kernel_info_r0
                0x0000000043004268        0xc /media/data_nvme/git/uboot/u-boot/build/mt7988/release/bl31/mtk_bl31_boot_next_legacy.o
                0x0000000043004268                get_kernel_info_r0
 .text.get_kernel_info_r1
                0x0000000043004274        0xc /media/data_nvme/git/uboot/u-boot/build/mt7988/release/bl31/mtk_bl31_boot_next_legacy.o
                0x0000000043004274                get_kernel_info_r1
 .text.get_kernel_info_r2
                0x0000000043004280        0xc /media/data_nvme/git/uboot/u-boot/build/mt7988/release/bl31/mtk_bl31_boot_next_legacy.o
                0x0000000043004280                get_kernel_info_r2
 .text.boot_to_kernel
                0x000000004300428c       0x8c /media/data_nvme/git/uboot/u-boot/build/mt7988/release/bl31/mtk_bl31_boot_next_legacy.o
                0x000000004300428c                boot_to_kernel
 .text.plat_get_spsr_for_bl33_entry
                0x0000000043004318        0x8 /media/data_nvme/git/uboot/u-boot/build/mt7988/release/bl31/mtk_bl31_boot_next_legacy.o
                0x0000000043004318                plat_get_spsr_for_bl33_entry
 .text.plat_is_smccc_feature_available
                0x0000000043004320       0x14 /media/data_nvme/git/uboot/u-boot/build/mt7988/release/bl31/mtk_plat_common.o
                0x0000000043004320                plat_is_smccc_feature_available
 .text.plat_get_soc_version
                0x0000000043004334        0xc /media/data_nvme/git/uboot/u-boot/build/mt7988/release/bl31/mtk_plat_common.o
                0x0000000043004334                plat_get_soc_version
 .text.plat_get_soc_revision
                0x0000000043004340        0x8 /media/data_nvme/git/uboot/u-boot/build/mt7988/release/bl31/mtk_plat_common.o
                0x0000000043004340                plat_get_soc_revision
 .text.mediatek_sip_handler
                0x0000000043004348       0x98 /media/data_nvme/git/uboot/u-boot/build/mt7988/release/bl31/mtk_sip_svc_legacy.o
                0x0000000043004348                mediatek_sip_handler
 .text.sip_smc_handler
                0x00000000430043e0       0x7c /media/data_nvme/git/uboot/u-boot/build/mt7988/release/bl31/mtk_sip_svc_legacy.o
                0x00000000430043e0                sip_smc_handler
 .text.plat_configure_mmu_el3
                0x000000004300445c       0x7c /media/data_nvme/git/uboot/u-boot/build/mt7988/release/bl31/platform_common.o
                0x000000004300445c                plat_configure_mmu_el3
 .text.bl31_plat_get_next_image_ep_info
                0x00000000430044d8       0x28 /media/data_nvme/git/uboot/u-boot/build/mt7988/release/bl31/bl31_plat_setup.o
                0x00000000430044d8                bl31_plat_get_next_image_ep_info
 .text.bl31_plat_get_next_kernel_ep_info
                0x0000000043004500       0x94 /media/data_nvme/git/uboot/u-boot/build/mt7988/release/bl31/bl31_plat_setup.o
                0x0000000043004500                bl31_plat_get_next_kernel_ep_info
 .text.bl31_prepare_kernel_entry
                0x0000000043004594       0x28 /media/data_nvme/git/uboot/u-boot/build/mt7988/release/bl31/bl31_plat_setup.o
                0x0000000043004594                bl31_prepare_kernel_entry
 .text.bl31_early_platform_setup2
                0x00000000430045bc       0x90 /media/data_nvme/git/uboot/u-boot/build/mt7988/release/bl31/bl31_plat_setup.o
                0x00000000430045bc                bl31_early_platform_setup2
 .text.bl31_platform_setup
                0x000000004300464c       0x1c /media/data_nvme/git/uboot/u-boot/build/mt7988/release/bl31/bl31_plat_setup.o
                0x000000004300464c                bl31_platform_setup
 .text.bl31_plat_arch_setup
                0x0000000043004668       0x40 /media/data_nvme/git/uboot/u-boot/build/mt7988/release/bl31/bl31_plat_setup.o
                0x0000000043004668                bl31_plat_arch_setup
 .text.set_ao_master_dom
                0x00000000430046a8      0x140 /media/data_nvme/git/uboot/u-boot/build/mt7988/release/bl31/devapc.o
 .text.set_module_apc
                0x00000000430047e8       0xbc /media/data_nvme/git/uboot/u-boot/build/mt7988/release/bl31/devapc.o
 .text.set_ao_module_apc
                0x00000000430048a4      0x198 /media/data_nvme/git/uboot/u-boot/build/mt7988/release/bl31/devapc.o
 .text.infra_devapc_init
                0x0000000043004a3c       0x44 /media/data_nvme/git/uboot/u-boot/build/mt7988/release/bl31/devapc.o
                0x0000000043004a3c                infra_devapc_init
 .text.dump_emi_mpu_regions
                0x0000000043004a80       0xc4 /media/data_nvme/git/uboot/u-boot/build/mt7988/release/bl31/emi_mpu.o
                0x0000000043004a80                dump_emi_mpu_regions
 .text.emi_mpu_set_protection
                0x0000000043004b44       0xc8 /media/data_nvme/git/uboot/u-boot/build/mt7988/release/bl31/emi_mpu.o
                0x0000000043004b44                emi_mpu_set_protection
 .text.emi_mpu_init
                0x0000000043004c0c       0x64 /media/data_nvme/git/uboot/u-boot/build/mt7988/release/bl31/emi_mpu.o
                0x0000000043004c0c                emi_mpu_init
 .text.set_cpu_retention_control
                0x0000000043004c70       0x28 /media/data_nvme/git/uboot/u-boot/build/mt7988/release/bl31/mtspmc.o
                0x0000000043004c70                set_cpu_retention_control
 .text.spmc_init
                0x0000000043004c98       0x8c /media/data_nvme/git/uboot/u-boot/build/mt7988/release/bl31/mtspmc.o
                0x0000000043004c98                spmc_init
 .text.spmc_cpu_corex_onoff
                0x0000000043004d24      0x108 /media/data_nvme/git/uboot/u-boot/build/mt7988/release/bl31/mtspmc.o
                0x0000000043004d24                spmc_cpu_corex_onoff
 .text.plat_get_syscnt_freq2
                0x0000000043004e2c       0x24 /media/data_nvme/git/uboot/u-boot/build/mt7988/release/bl31/cpuxgpt.o
                0x0000000043004e2c                plat_get_syscnt_freq2
 .text.generic_timer_backup
                0x0000000043004e50       0x1c /media/data_nvme/git/uboot/u-boot/build/mt7988/release/bl31/cpuxgpt.o
                0x0000000043004e50                generic_timer_backup
 .text.plat_mt_cpuxgpt_pll_update_sync
                0x0000000043004e6c       0x24 /media/data_nvme/git/uboot/u-boot/build/mt7988/release/bl31/cpuxgpt.o
                0x0000000043004e6c                plat_mt_cpuxgpt_pll_update_sync
 .text.plat_get_rnd
                0x0000000043004e90      0x19c /media/data_nvme/git/uboot/u-boot/build/mt7988/release/bl31/rng.o
                0x0000000043004e90                plat_get_rnd
 .text.mtk_wdt_soft_reset
                0x000000004300502c       0x54 /media/data_nvme/git/uboot/u-boot/build/mt7988/release/bl31/mtk_wdt.o
                0x000000004300502c                mtk_wdt_soft_reset
 .text.mt_mpidr_to_core_pos
                0x0000000043005080        0x4 /media/data_nvme/git/uboot/u-boot/build/mt7988/release/bl31/plat_mt_gic.o
 .text.mt_gic_rdistif_init
                0x0000000043005084       0x3c /media/data_nvme/git/uboot/u-boot/build/mt7988/release/bl31/plat_mt_gic.o
                0x0000000043005084                mt_gic_rdistif_init
 .text.mt_gic_cpuif_enable
                0x00000000430050c0       0x14 /media/data_nvme/git/uboot/u-boot/build/mt7988/release/bl31/plat_mt_gic.o
                0x00000000430050c0                mt_gic_cpuif_enable
 .text.mt_gic_cpuif_disable
                0x00000000430050d4       0x14 /media/data_nvme/git/uboot/u-boot/build/mt7988/release/bl31/plat_mt_gic.o
                0x00000000430050d4                mt_gic_cpuif_disable
 .text.sync_high_polarity
                0x00000000430050e8       0x28 /media/data_nvme/git/uboot/u-boot/build/mt7988/release/bl31/plat_mt_gic.o
                0x00000000430050e8                sync_high_polarity
 .text.clear_sec_pol_ctl_en
                0x0000000043005110       0x20 /media/data_nvme/git/uboot/u-boot/build/mt7988/release/bl31/plat_mt_gic.o
                0x0000000043005110                clear_sec_pol_ctl_en
 .text.plat_mt_gic_init
                0x0000000043005130       0x54 /media/data_nvme/git/uboot/u-boot/build/mt7988/release/bl31/plat_mt_gic.o
                0x0000000043005130                plat_mt_gic_init
 .text.plat_cpu_standby
                0x0000000043005184       0x24 /media/data_nvme/git/uboot/u-boot/build/mt7988/release/bl31/plat_pm.o
 .text.plat_power_domain_suspend_finish
                0x00000000430051a8       0x5c /media/data_nvme/git/uboot/u-boot/build/mt7988/release/bl31/plat_pm.o
 .text.plat_get_sys_suspend_power_state
                0x0000000043005204       0x14 /media/data_nvme/git/uboot/u-boot/build/mt7988/release/bl31/plat_pm.o
 .text.plat_validate_power_state
                0x0000000043005218       0x58 /media/data_nvme/git/uboot/u-boot/build/mt7988/release/bl31/plat_pm.o
 .text.plat_mtk_system_reset
                0x0000000043005270       0x28 /media/data_nvme/git/uboot/u-boot/build/mt7988/release/bl31/plat_pm.o
 .text.plat_system_off
                0x0000000043005298       0x20 /media/data_nvme/git/uboot/u-boot/build/mt7988/release/bl31/plat_pm.o
 .text.plat_power_domain_suspend
                0x00000000430052b8       0x6c /media/data_nvme/git/uboot/u-boot/build/mt7988/release/bl31/plat_pm.o
 .text.plat_power_domain_off
                0x0000000043005324       0x14 /media/data_nvme/git/uboot/u-boot/build/mt7988/release/bl31/plat_pm.o
 .text.plat_power_domain_on
                0x0000000043005338       0x5c /media/data_nvme/git/uboot/u-boot/build/mt7988/release/bl31/plat_pm.o
 .text.mtk_system_pwr_domain_resume
                0x0000000043005394       0x24 /media/data_nvme/git/uboot/u-boot/build/mt7988/release/bl31/plat_pm.o
                0x0000000043005394                mtk_system_pwr_domain_resume
 .text.plat_power_domain_on_finish
                0x00000000430053b8       0x48 /media/data_nvme/git/uboot/u-boot/build/mt7988/release/bl31/plat_pm.o
 .text.plat_setup_psci_ops
                0x0000000043005400       0x1c /media/data_nvme/git/uboot/u-boot/build/mt7988/release/bl31/plat_pm.o
                0x0000000043005400                plat_setup_psci_ops
 .text.plat_get_target_pwr_state
                0x000000004300541c       0x28 /media/data_nvme/git/uboot/u-boot/build/mt7988/release/bl31/plat_pm.o
                0x000000004300541c                plat_get_target_pwr_state
 .text.mt_sip_set_authorized_sreg
                0x0000000043005444       0x2c /media/data_nvme/git/uboot/u-boot/build/mt7988/release/bl31/plat_sip_calls.o
                0x0000000043005444                mt_sip_set_authorized_sreg
 .text.mediatek_plat_sip_handler
                0x0000000043005470      0x160 /media/data_nvme/git/uboot/u-boot/build/mt7988/release/bl31/plat_sip_calls.o
                0x0000000043005470                mediatek_plat_sip_handler
 .text.plat_get_power_domain_tree_desc
                0x00000000430055d0        0xc /media/data_nvme/git/uboot/u-boot/build/mt7988/release/bl31/plat_topology.o
                0x00000000430055d0                plat_get_power_domain_tree_desc
 .text.plat_core_pos_by_mpidr
                0x00000000430055dc       0x38 /media/data_nvme/git/uboot/u-boot/build/mt7988/release/bl31/plat_topology.o
                0x00000000430055dc                plat_core_pos_by_mpidr
 .text.arm_arch_svc_smc_handler
                0x0000000043005614      0x13c /media/data_nvme/git/uboot/u-boot/build/mt7988/release/bl31/arm_arch_svc_setup.o
 .text.std_svc_smc_handler
                0x0000000043005750       0xb4 /media/data_nvme/git/uboot/u-boot/build/mt7988/release/bl31/std_svc_setup.o
 .text.std_svc_setup
                0x0000000043005804       0x24 /media/data_nvme/git/uboot/u-boot/build/mt7988/release/bl31/std_svc_setup.o
 .text.print_entry_point_info
                0x0000000043005828        0x4 /media/data_nvme/git/uboot/u-boot/build/mt7988/release/bl31/bl_common.o
                0x0000000043005828                print_entry_point_info
 .text.tf_log   0x000000004300582c       0x94 /media/data_nvme/git/uboot/u-boot/build/mt7988/release/bl31/tf_log.o
                0x000000004300582c                tf_log
 .text.tf_log_newline
                0x00000000430058c0       0x20 /media/data_nvme/git/uboot/u-boot/build/mt7988/release/bl31/tf_log.o
                0x00000000430058c0                tf_log_newline
 .text.console_is_registered
                0x00000000430058e0       0x2c /media/data_nvme/git/uboot/u-boot/build/mt7988/release/bl31/multi_console.o
                0x00000000430058e0                console_is_registered
 .text.console_register
                0x000000004300590c       0x34 /media/data_nvme/git/uboot/u-boot/build/mt7988/release/bl31/multi_console.o
                0x000000004300590c                console_register
 .text.console_switch_state
                0x0000000043005940        0xc /media/data_nvme/git/uboot/u-boot/build/mt7988/release/bl31/multi_console.o
                0x0000000043005940                console_switch_state
 .text.console_putc
                0x000000004300594c       0x9c /media/data_nvme/git/uboot/u-boot/build/mt7988/release/bl31/multi_console.o
                0x000000004300594c                console_putc
 .text.putchar  0x00000000430059e8       0x28 /media/data_nvme/git/uboot/u-boot/build/mt7988/release/bl31/multi_console.o
                0x00000000430059e8                putchar
 .text.console_flush
                0x0000000043005a10       0x54 /media/data_nvme/git/uboot/u-boot/build/mt7988/release/bl31/multi_console.o
                0x0000000043005a10                console_flush
 .text.pmuv3_enable
                0x0000000043005a64        0x4 /media/data_nvme/git/uboot/u-boot/build/mt7988/release/bl31/pmuv3.o
                0x0000000043005a64                pmuv3_enable
 .text.pmuv3_disable_el3
                0x0000000043005a68       0x3c /media/data_nvme/git/uboot/u-boot/build/mt7988/release/bl31/pmuv3.o
                0x0000000043005a68                pmuv3_disable_el3
 .text.pmuv3_init_el2_unused
                0x0000000043005aa4       0x2c /media/data_nvme/git/uboot/u-boot/build/mt7988/release/bl31/pmuv3.o
                0x0000000043005aa4                pmuv3_init_el2_unused
 .text.plat_log_get_prefix
                0x0000000043005ad0       0x30 /media/data_nvme/git/uboot/u-boot/build/mt7988/release/bl31/plat_log_common.o
                0x0000000043005ad0                plat_log_get_prefix
 .text.bl31_plat_runtime_setup
                0x0000000043005b00        0x8 /media/data_nvme/git/uboot/u-boot/build/mt7988/release/bl31/plat_common.o
                0x0000000043005b00                bl31_plat_runtime_setup
 .text.get_el_str
                0x0000000043005b08       0x34 /media/data_nvme/git/uboot/u-boot/build/mt7988/release/bl31/plat_common.o
                0x0000000043005b08                get_el_str
 .text.plat_default_ea_handler
                0x0000000043005b3c       0x68 /media/data_nvme/git/uboot/u-boot/build/mt7988/release/bl31/plat_common.o
                0x0000000043005b3c                plat_ea_handler
                0x0000000043005b3c                plat_default_ea_handler
 .text.asm.report_unhandled_exception
                0x0000000043005ba4        0x4 /media/data_nvme/git/uboot/u-boot/build/mt7988/release/bl31/crash_reporting.o
                0x0000000043005ba4                report_unhandled_exception
                0x0000000043005ba4                report_unhandled_interrupt
 .text.asm.handle_lower_el_sync_ea
                0x0000000043005ba8       0x6c /media/data_nvme/git/uboot/u-boot/build/mt7988/release/bl31/ea_delegate.o
                0x0000000043005ba8                handle_lower_el_sync_ea
 .text.asm.handle_lower_el_async_ea
                0x0000000043005c14       0x18 /media/data_nvme/git/uboot/u-boot/build/mt7988/release/bl31/ea_delegate.o
                0x0000000043005c14                handle_lower_el_async_ea
 .text.asm.delegate_sync_ea
                0x0000000043005c2c        0x4 /media/data_nvme/git/uboot/u-boot/build/mt7988/release/bl31/ea_delegate.o
 .text.asm.delegate_async_ea
                0x0000000043005c30        0x4 /media/data_nvme/git/uboot/u-boot/build/mt7988/release/bl31/ea_delegate.o
 .text.asm.ea_proceed
                0x0000000043005c34       0x68 /media/data_nvme/git/uboot/u-boot/build/mt7988/release/bl31/ea_delegate.o
 .text.asm.sync_exception_handler
                0x0000000043005c9c       0xe0 /media/data_nvme/git/uboot/u-boot/build/mt7988/release/bl31/runtime_exceptions.o
 .text.asm.aem_generic_core_pwr_dwn
                0x0000000043005d7c       0x34 /media/data_nvme/git/uboot/u-boot/build/mt7988/release/bl31/aem_generic.o
 .text.asm.aem_generic_cluster_pwr_dwn
                0x0000000043005db0       0x18 /media/data_nvme/git/uboot/u-boot/build/mt7988/release/bl31/aem_generic.o
 .text.asm.cortex_a73_disable_dcache
                0x0000000043005dc8       0x14 /media/data_nvme/git/uboot/u-boot/build/mt7988/release/bl31/cortex_a73.o
 .text.asm.cortex_a73_disable_smp
                0x0000000043005ddc       0x18 /media/data_nvme/git/uboot/u-boot/build/mt7988/release/bl31/cortex_a73.o
 .text.asm.errata_a73_852427_wa
                0x0000000043005df4       0x20 /media/data_nvme/git/uboot/u-boot/build/mt7988/release/bl31/cortex_a73.o
 .text.asm.check_errata_852427
                0x0000000043005e14        0x8 /media/data_nvme/git/uboot/u-boot/build/mt7988/release/bl31/cortex_a73.o
 .text.asm.errata_a73_855423_wa
                0x0000000043005e1c       0x20 /media/data_nvme/git/uboot/u-boot/build/mt7988/release/bl31/cortex_a73.o
 .text.asm.check_errata_855423
                0x0000000043005e3c        0x8 /media/data_nvme/git/uboot/u-boot/build/mt7988/release/bl31/cortex_a73.o
 .text.asm.cortex_a73_reset_func
                0x0000000043005e44       0x6c /media/data_nvme/git/uboot/u-boot/build/mt7988/release/bl31/cortex_a73.o
 .text.asm.cortex_a73_core_pwr_dwn
                0x0000000043005eb0       0x18 /media/data_nvme/git/uboot/u-boot/build/mt7988/release/bl31/cortex_a73.o
 .text.asm.cortex_a73_cluster_pwr_dwn
                0x0000000043005ec8       0x24 /media/data_nvme/git/uboot/u-boot/build/mt7988/release/bl31/cortex_a73.o
 .text.asm.check_errata_cve_2017_5715
                0x0000000043005eec       0x20 /media/data_nvme/git/uboot/u-boot/build/mt7988/release/bl31/cortex_a73.o
 .text.asm.check_smccc_arch_workaround_3
                0x0000000043005f0c        0x8 /media/data_nvme/git/uboot/u-boot/build/mt7988/release/bl31/cortex_a73.o
 .text.asm.reset_handler
                0x0000000043005f14       0x20 /media/data_nvme/git/uboot/u-boot/build/mt7988/release/bl31/cpu_helpers.o
                0x0000000043005f14                reset_handler
 .text.asm.prepare_cpu_pwr_dwn
                0x0000000043005f34       0x24 /media/data_nvme/git/uboot/u-boot/build/mt7988/release/bl31/cpu_helpers.o
                0x0000000043005f34                prepare_cpu_pwr_dwn
 .text.asm.init_cpu_ops
                0x0000000043005f58       0x20 /media/data_nvme/git/uboot/u-boot/build/mt7988/release/bl31/cpu_helpers.o
                0x0000000043005f58                init_cpu_ops
 .text.asm.get_cpu_ops_ptr
                0x0000000043005f78       0x40 /media/data_nvme/git/uboot/u-boot/build/mt7988/release/bl31/cpu_helpers.o
                0x0000000043005f78                get_cpu_ops_ptr
 .text.asm.cpu_get_rev_var
                0x0000000043005fb8       0x10 /media/data_nvme/git/uboot/u-boot/build/mt7988/release/bl31/cpu_helpers.o
                0x0000000043005fb8                cpu_get_rev_var
 .text.asm.cpu_rev_var_ls
                0x0000000043005fc8       0x14 /media/data_nvme/git/uboot/u-boot/build/mt7988/release/bl31/cpu_helpers.o
                0x0000000043005fc8                cpu_rev_var_ls
 .text.asm.check_wa_cve_2017_5715
                0x0000000043005fdc       0x20 /media/data_nvme/git/uboot/u-boot/build/mt7988/release/bl31/cpu_helpers.o
                0x0000000043005fdc                check_wa_cve_2017_5715
 .text.asm.check_smccc_arch_wa3_applies
                0x0000000043005ffc       0x20 /media/data_nvme/git/uboot/u-boot/build/mt7988/release/bl31/cpu_helpers.o
                0x0000000043005ffc                check_smccc_arch_wa3_applies
 .text.asm.bpiall_ret_sync_exception_aarch32_tail
                0x000000004300601c        0x8 /media/data_nvme/git/uboot/u-boot/build/mt7988/release/bl31/wa_cve_2017_5715_bpiall.o
 .text.asm.el1_sysregs_context_restore
                0x0000000043006024       0xac /media/data_nvme/git/uboot/u-boot/build/mt7988/release/bl31/context.o
                0x0000000043006024                el1_sysregs_context_restore
 .text.asm.prepare_el3_entry
                0x00000000430060d0       0x68 /media/data_nvme/git/uboot/u-boot/build/mt7988/release/bl31/context.o
                0x00000000430060d0                prepare_el3_entry
 .text.asm.restore_gp_pmcr_pauth_regs
                0x0000000043006138       0x50 /media/data_nvme/git/uboot/u-boot/build/mt7988/release/bl31/context.o
                0x0000000043006138                restore_gp_pmcr_pauth_regs
 .text.asm.el3_exit
                0x0000000043006188       0x54 /media/data_nvme/git/uboot/u-boot/build/mt7988/release/bl31/context.o
                0x0000000043006188                el3_exit
 .text.asm.init_cpu_data_ptr
                0x00000000430061dc       0x14 /media/data_nvme/git/uboot/u-boot/build/mt7988/release/bl31/cpu_data.o
                0x00000000430061dc                init_cpu_data_ptr
 .text.asm._cpu_data_by_index
                0x00000000430061f0       0x18 /media/data_nvme/git/uboot/u-boot/build/mt7988/release/bl31/cpu_data.o
                0x00000000430061f0                _cpu_data_by_index
 .text.asm.spin_lock
                0x0000000043006208       0x20 /media/data_nvme/git/uboot/u-boot/build/mt7988/release/bl31/spinlock.o
                0x0000000043006208                spin_lock
 .text.asm.spin_unlock
                0x0000000043006228        0x8 /media/data_nvme/git/uboot/u-boot/build/mt7988/release/bl31/spinlock.o
                0x0000000043006228                spin_unlock
 .text.asm.psci_do_pwrdown_cache_maintenance
                0x0000000043006230       0x3c /media/data_nvme/git/uboot/u-boot/build/mt7988/release/bl31/psci_helpers.o
                0x0000000043006230                psci_do_pwrdown_cache_maintenance
 .text.asm.psci_do_pwrup_cache_maintenance
                0x000000004300626c       0x34 /media/data_nvme/git/uboot/u-boot/build/mt7988/release/bl31/psci_helpers.o
                0x000000004300626c                psci_do_pwrup_cache_maintenance
 .text.asm.psci_power_down_wfi
                0x00000000430062a0        0xc /media/data_nvme/git/uboot/u-boot/build/mt7988/release/bl31/psci_helpers.o
                0x00000000430062a0                psci_power_down_wfi
 .text.asm.enable_mmu_direct_el3
                0x00000000430062ac       0x58 /media/data_nvme/git/uboot/u-boot/build/mt7988/release/bl31/enable_mmu.o
                0x00000000430062ac                enable_mmu_direct_el3
 .text.asm.plat_get_my_stack
                0x0000000043006304       0x1c /media/data_nvme/git/uboot/u-boot/build/mt7988/release/bl31/platform_mp_stack.o
                0x0000000043006304                plat_get_my_stack
 .text.asm.plat_set_my_stack
                0x0000000043006320       0x10 /media/data_nvme/git/uboot/u-boot/build/mt7988/release/bl31/platform_mp_stack.o
                0x0000000043006320                plat_set_my_stack
 .text.asm.console_hsuart_init
                0x0000000043006330       0xb8 /media/data_nvme/git/uboot/u-boot/build/mt7988/release/bl31/hsuart.o
                0x0000000043006330                console_hsuart_init
 .text.asm.console_hsuart_core_getc
                0x00000000430063e8       0x18 /media/data_nvme/git/uboot/u-boot/build/mt7988/release/bl31/hsuart.o
                0x00000000430063e8                console_hsuart_core_getc
 .text.asm.console_hsuart_core_putc
                0x0000000043006400       0x38 /media/data_nvme/git/uboot/u-boot/build/mt7988/release/bl31/hsuart.o
                0x0000000043006400                console_hsuart_core_putc
 .text.asm.console_hsuart_core_flush
                0x0000000043006438       0x18 /media/data_nvme/git/uboot/u-boot/build/mt7988/release/bl31/hsuart.o
                0x0000000043006438                console_hsuart_core_flush
 .text.asm.console_hsuart_getc
                0x0000000043006450        0x8 /media/data_nvme/git/uboot/u-boot/build/mt7988/release/bl31/hsuart.o
 .text.asm.console_hsuart_putc
                0x0000000043006458        0x8 /media/data_nvme/git/uboot/u-boot/build/mt7988/release/bl31/hsuart.o
 .text.asm.console_hsuart_flush
                0x0000000043006460        0x8 /media/data_nvme/git/uboot/u-boot/build/mt7988/release/bl31/hsuart.o
 .text.asm.console_hsuart_register
                0x0000000043006468       0x58 /media/data_nvme/git/uboot/u-boot/build/mt7988/release/bl31/hsuart.o
                0x0000000043006468                console_hsuart_register
 .text.asm.read_cpuectlr
                0x00000000430064c0        0x8 /media/data_nvme/git/uboot/u-boot/build/mt7988/release/bl31/plat_helpers.o
                0x00000000430064c0                read_cpuectlr
 .text.asm.write_cpuectlr
                0x00000000430064c8        0x8 /media/data_nvme/git/uboot/u-boot/build/mt7988/release/bl31/plat_helpers.o
                0x00000000430064c8                write_cpuectlr
 .text.asm.plat_my_core_pos
                0x00000000430064d0       0x14 /media/data_nvme/git/uboot/u-boot/build/mt7988/release/bl31/plat_helpers.o
                0x00000000430064d0                plat_my_core_pos
 .text.asm.plat_crash_console_init
                0x00000000430064e4       0x1c /media/data_nvme/git/uboot/u-boot/build/mt7988/release/bl31/plat_helpers.o
                0x00000000430064e4                plat_crash_console_init
 .text.asm.plat_crash_console_putc
                0x0000000043006500        0x8 /media/data_nvme/git/uboot/u-boot/build/mt7988/release/bl31/plat_helpers.o
                0x0000000043006500                plat_crash_console_putc
 .text.asm.plat_crash_console_flush
                0x0000000043006508        0x8 /media/data_nvme/git/uboot/u-boot/build/mt7988/release/bl31/plat_helpers.o
                0x0000000043006508                plat_crash_console_flush
 .text.asm.asm_print_str
                0x0000000043006510       0x18 /media/data_nvme/git/uboot/u-boot/build/mt7988/release/bl31/debug.o
                0x0000000043006510                asm_print_str
 .text.asm.asm_print_hex
                0x0000000043006528       0x30 /media/data_nvme/git/uboot/u-boot/build/mt7988/release/bl31/debug.o
                0x0000000043006528                asm_print_hex
                0x000000004300652c                asm_print_hex_bits
 .text.asm.asm_print_newline
                0x0000000043006558        0x8 /media/data_nvme/git/uboot/u-boot/build/mt7988/release/bl31/debug.o
                0x0000000043006558                asm_print_newline
 .text.asm.elx_panic
                0x0000000043006560        0x4 /media/data_nvme/git/uboot/u-boot/build/mt7988/release/bl31/debug.o
                0x0000000043006560                elx_panic
 .text.asm.el3_panic
                0x0000000043006564       0x30 /media/data_nvme/git/uboot/u-boot/build/mt7988/release/bl31/debug.o
                0x0000000043006564                el3_panic
 .text.asm.flush_dcache_range
                0x0000000043006594       0x38 /media/data_nvme/git/uboot/u-boot/build/mt7988/release/bl31/cache_helpers.o
                0x0000000043006594                flush_dcache_range
 .text.asm.clean_dcache_range
                0x00000000430065cc       0x38 /media/data_nvme/git/uboot/u-boot/build/mt7988/release/bl31/cache_helpers.o
                0x00000000430065cc                clean_dcache_range
 .text.asm.inv_dcache_range
                0x0000000043006604       0x38 /media/data_nvme/git/uboot/u-boot/build/mt7988/release/bl31/cache_helpers.o
                0x0000000043006604                inv_dcache_range
 .text.asm.do_dcsw_op
                0x000000004300663c       0xfc /media/data_nvme/git/uboot/u-boot/build/mt7988/release/bl31/cache_helpers.o
 .text.asm.dcsw_op_all
                0x0000000043006738       0x14 /media/data_nvme/git/uboot/u-boot/build/mt7988/release/bl31/cache_helpers.o
                0x0000000043006738                dcsw_op_all
 .text.asm.dcsw_op_level1
                0x000000004300674c       0x10 /media/data_nvme/git/uboot/u-boot/build/mt7988/release/bl31/cache_helpers.o
                0x000000004300674c                dcsw_op_level1
 .text.asm.dcsw_op_level2
                0x000000004300675c       0x10 /media/data_nvme/git/uboot/u-boot/build/mt7988/release/bl31/cache_helpers.o
                0x000000004300675c                dcsw_op_level2
 .text.asm.zeromem
                0x000000004300676c        0x8 /media/data_nvme/git/uboot/u-boot/build/mt7988/release/bl31/misc_helpers.o
                0x000000004300676c                zeromem
 .text.asm.zeromem_dczva
                0x0000000043006774       0xe8 /media/data_nvme/git/uboot/u-boot/build/mt7988/release/bl31/misc_helpers.o
                0x0000000043006774                zero_normalmem
 .text.asm.plat_reset_handler
                0x000000004300685c        0x4 /media/data_nvme/git/uboot/u-boot/build/mt7988/release/bl31/platform_helpers.o
                0x000000004300685c                plat_reset_handler
 .text.asm.plat_disable_acp
                0x0000000043006860        0x4 /media/data_nvme/git/uboot/u-boot/build/mt7988/release/bl31/platform_helpers.o
                0x0000000043006860                plat_disable_acp
 .text.asm.plat_panic_handler
                0x0000000043006864        0x8 /media/data_nvme/git/uboot/u-boot/build/mt7988/release/bl31/platform_helpers.o
                0x0000000043006864                plat_panic_handler
 .text.asm.bl31_plat_enable_mmu
                0x000000004300686c        0x4 /media/data_nvme/git/uboot/u-boot/build/mt7988/release/bl31/platform_helpers.o
                0x000000004300686c                bl31_plat_enable_mmu
 .text.asm.plat_handle_double_fault
                0x0000000043006870        0x4 /media/data_nvme/git/uboot/u-boot/build/mt7988/release/bl31/platform_helpers.o
                0x0000000043006870                plat_handle_double_fault
 .text.asm.plat_handle_el3_ea
                0x0000000043006874        0x4 /media/data_nvme/git/uboot/u-boot/build/mt7988/release/bl31/platform_helpers.o
                0x0000000043006874                plat_handle_el3_ea
 .text.efuse_wait.constprop.3
                0x0000000043006878       0x5c plat/mediatek/mt7988/drivers/efuse/release/efuse_cmd.o
 .text.efuse_read
                0x00000000430068d4      0x108 plat/mediatek/mt7988/drivers/efuse/release/efuse_cmd.o
                0x00000000430068d4                efuse_read
 .text.efuse_write
                0x00000000430069dc      0x324 plat/mediatek/mt7988/drivers/efuse/release/efuse_cmd.o
                0x00000000430069dc                efuse_write
 .text.memcpy   0x0000000043006d00       0x20 /media/data_nvme/git/uboot/u-boot/build/mt7988/release/lib/libc.a(memcpy.o)
                0x0000000043006d00                memcpy
 .text.memmove  0x0000000043006d20       0x34 /media/data_nvme/git/uboot/u-boot/build/mt7988/release/lib/libc.a(memmove.o)
                0x0000000043006d20                memmove
 .text.memset   0x0000000043006d54       0x78 /media/data_nvme/git/uboot/u-boot/build/mt7988/release/lib/libc.a(memset.o)
                0x0000000043006d54                memset
 .text.unsigned_num_print.part.0
                0x0000000043006dcc       0xd0 /media/data_nvme/git/uboot/u-boot/build/mt7988/release/lib/libc.a(printf.o)
 .text.vprintf  0x0000000043006e9c      0x444 /media/data_nvme/git/uboot/u-boot/build/mt7988/release/lib/libc.a(printf.o)
                0x0000000043006e9c                vprintf
 *(SORT_BY_ALIGNMENT(.rodata*))
 .rodata.psci_args.0
                0x00000000430072e0       0x10 /media/data_nvme/git/uboot/u-boot/build/mt7988/release/bl31/bl31_main.o
 .rodata.plat_mmap
                0x00000000430072f0       0x78 /media/data_nvme/git/uboot/u-boot/build/mt7988/release/bl31/platform_common.o
                0x00000000430072f0                plat_mmap
 .rodata.devapc_ao_descs
                0x0000000043007368      0x1e0 /media/data_nvme/git/uboot/u-boot/build/mt7988/release/bl31/devapc.o
 .rodata.plat_plat_pm_ops
                0x0000000043007548       0xb0 /media/data_nvme/git/uboot/u-boot/build/mt7988/release/bl31/plat_pm.o
 .rodata.plat_prefix_str
                0x00000000430075f8       0x28 /media/data_nvme/git/uboot/u-boot/build/mt7988/release/bl31/plat_log_common.o
 .rodata.efuse_info_set
                0x0000000043007620      0x480 plat/mediatek/mt7988/drivers/efuse/release/efuse_cmd.o
 .rodata.psci_smc_handler
                0x0000000043007aa0       0x2c /media/data_nvme/git/uboot/u-boot/build/mt7988/release/bl31/psci_main.o
 .rodata.CSWTCH.36
                0x0000000043007acc       0x10 /media/data_nvme/git/uboot/u-boot/build/mt7988/release/bl31/plat_pm.o
 .rodata.mediatek_plat_sip_handler
                0x0000000043007adc        0x5 /media/data_nvme/git/uboot/u-boot/build/mt7988/release/bl31/plat_sip_calls.o
 *fill*         0x0000000043007ae1        0x3 
 .rodata.vprintf
                0x0000000043007ae4       0x30 /media/data_nvme/git/uboot/u-boot/build/mt7988/release/lib/libc.a(printf.o)
 .rodata.CSWTCH.18
                0x0000000043007b14        0x8 /media/data_nvme/git/uboot/u-boot/build/mt7988/release/bl31/mtspmc.o
 .rodata.build_message
                0x0000000043007b1c       0x1e /media/data_nvme/git/uboot/u-boot/build/mt7988/release/bl31/build_message.o
                0x0000000043007b1c                build_message
 .rodata.version_string
                0x0000000043007b3a       0x2e /media/data_nvme/git/uboot/u-boot/build/mt7988/release/bl31/build_message.o
                0x0000000043007b3a                version_string
 .rodata.bl31_prepare_next_image_entry.str1.1
                0x0000000043007b68       0x50 /media/data_nvme/git/uboot/u-boot/build/mt7988/release/bl31/bl31_main.o
 .rodata.bl31_main.str1.1
                0x0000000043007bb8        0xb /media/data_nvme/git/uboot/u-boot/build/mt7988/release/bl31/bl31_main.o
 .rodata.runtime_svc_init.str1.1
                0x0000000043007bc3       0x50 /media/data_nvme/git/uboot/u-boot/build/mt7988/release/bl31/runtime_svc.o
 .rodata.cm_setup_context.str1.1
                0x0000000043007c13       0x19 /media/data_nvme/git/uboot/u-boot/build/mt7988/release/bl31/context_mgmt.o
 .rodata.psci_warmboot_entrypoint.str1.1
                0x0000000043007c2c       0x22 /media/data_nvme/git/uboot/u-boot/build/mt7988/release/bl31/psci_common.o
 .rodata.psci_cpu_suspend.str1.1
                0x0000000043007c4e       0x33 /media/data_nvme/git/uboot/u-boot/build/mt7988/release/bl31/psci_main.o
 .rodata.mmap_add_region_ctx.str1.1
                0x0000000043007c81       0x2b /media/data_nvme/git/uboot/u-boot/build/mt7988/release/bl31/xlat_tables_core.o
 .rodata.init_xlat_tables_ctx.str1.1
                0x0000000043007cac       0x4f /media/data_nvme/git/uboot/u-boot/build/mt7988/release/bl31/xlat_tables_core.o
 .rodata.CSWTCH.13
                0x0000000043007cfb        0x4 /media/data_nvme/git/uboot/u-boot/build/mt7988/release/bl31/plat_gicv3.o
 .rodata.mtk_efuse_get_len.str1.1
                0x0000000043007cff       0x25 /media/data_nvme/git/uboot/u-boot/build/mt7988/release/bl31/mtk_efuse.o
 .rodata.mtk_efuse_read.str1.1
                0x0000000043007d24       0x27 /media/data_nvme/git/uboot/u-boot/build/mt7988/release/bl31/mtk_efuse.o
 .rodata.mtk_efuse_write.str1.1
                0x0000000043007d4b       0x28 /media/data_nvme/git/uboot/u-boot/build/mt7988/release/bl31/mtk_efuse.o
 .rodata.__func__.0
                0x0000000043007d73       0x10 /media/data_nvme/git/uboot/u-boot/build/mt7988/release/bl31/mtk_efuse.o
 .rodata.__func__.1
                0x0000000043007d83        0xf /media/data_nvme/git/uboot/u-boot/build/mt7988/release/bl31/mtk_efuse.o
 .rodata.__func__.2
                0x0000000043007d92       0x12 /media/data_nvme/git/uboot/u-boot/build/mt7988/release/bl31/mtk_efuse.o
 .rodata.str1.1
                0x0000000043007da4       0x11 /media/data_nvme/git/uboot/u-boot/build/mt7988/release/bl31/mtk_sip_svc_legacy.o
 .rodata.set_ao_master_dom.str1.1
                0x0000000043007db5       0x87 /media/data_nvme/git/uboot/u-boot/build/mt7988/release/bl31/devapc.o
 .rodata.set_module_apc.str1.1
                0x0000000043007e3c       0x4f /media/data_nvme/git/uboot/u-boot/build/mt7988/release/bl31/devapc.o
 .rodata.CLUST_BUS_AO_PDN_Masters
                0x0000000043007e8b        0x5 /media/data_nvme/git/uboot/u-boot/build/mt7988/release/bl31/devapc.o
 .rodata.CLUST_BUS_AO_PDN_SYS0_Devices
                0x0000000043007e90      0x1b0 /media/data_nvme/git/uboot/u-boot/build/mt7988/release/bl31/devapc.o
 .rodata.CLUST_PERI_BUS_AO_PDN_SYS0_Devices
                0x0000000043008040      0x1a0 /media/data_nvme/git/uboot/u-boot/build/mt7988/release/bl31/devapc.o
 .rodata.FMEM_AO_Masters
                0x00000000430081e0        0x6 /media/data_nvme/git/uboot/u-boot/build/mt7988/release/bl31/devapc.o
 .rodata.INFRA_AO_Masters
                0x00000000430081e6       0x13 /media/data_nvme/git/uboot/u-boot/build/mt7988/release/bl31/devapc.o
 .rodata.INFRA_AO_SYS0_Devices
                0x00000000430081f9      0x8a0 /media/data_nvme/git/uboot/u-boot/build/mt7988/release/bl31/devapc.o
 .rodata.TOPS_BUS_AO_PDN_Masters
                0x0000000043008a99        0x3 /media/data_nvme/git/uboot/u-boot/build/mt7988/release/bl31/devapc.o
 .rodata.TOPS_BUS_AO_PDN_SYS0_Devices
                0x0000000043008a9c      0x140 /media/data_nvme/git/uboot/u-boot/build/mt7988/release/bl31/devapc.o
 .rodata.TOPS_PERI_BUS_AO_PDN_SYS0_Devices
                0x0000000043008bdc      0x1a0 /media/data_nvme/git/uboot/u-boot/build/mt7988/release/bl31/devapc.o
 .rodata.__func__.1
                0x0000000043008d7c        0xf /media/data_nvme/git/uboot/u-boot/build/mt7988/release/bl31/devapc.o
 .rodata.__func__.4
                0x0000000043008d8b        0xf /media/data_nvme/git/uboot/u-boot/build/mt7988/release/bl31/devapc.o
 .rodata.plat_get_rnd.str1.1
                0x0000000043008d9a       0x15 /media/data_nvme/git/uboot/u-boot/build/mt7988/release/bl31/rng.o
 .rodata.__func__.0
                0x0000000043008daf        0xf /media/data_nvme/git/uboot/u-boot/build/mt7988/release/bl31/rng.o
 .rodata.plat_mtk_system_reset.str1.1
                0x0000000043008dbe       0x2b /media/data_nvme/git/uboot/u-boot/build/mt7988/release/bl31/plat_pm.o
 .rodata.plat_system_off.str1.1
                0x0000000043008de9       0x29 /media/data_nvme/git/uboot/u-boot/build/mt7988/release/bl31/plat_pm.o
 .rodata.mediatek_plat_sip_handler.str1.1
                0x0000000043008e12       0x1b /media/data_nvme/git/uboot/u-boot/build/mt7988/release/bl31/plat_sip_calls.o
 .rodata.__func__.0
                0x0000000043008e2d       0x1a /media/data_nvme/git/uboot/u-boot/build/mt7988/release/bl31/plat_sip_calls.o
 .rodata.mtk_power_domain_tree_desc
                0x0000000043008e47        0x4 /media/data_nvme/git/uboot/u-boot/build/mt7988/release/bl31/plat_topology.o
                0x0000000043008e47                mtk_power_domain_tree_desc
 .rodata.str1.1
                0x0000000043008e4b        0xd /media/data_nvme/git/uboot/u-boot/build/mt7988/release/bl31/arm_arch_svc_setup.o
 .rodata.str1.1
                0x0000000043008e58        0x8 /media/data_nvme/git/uboot/u-boot/build/mt7988/release/bl31/std_svc_setup.o
 .rodata.str1.1
                0x0000000043008e60       0x32 /media/data_nvme/git/uboot/u-boot/build/mt7988/release/bl31/plat_log_common.o
 .rodata.get_el_str.str1.1
                0x0000000043008e92        0xc /media/data_nvme/git/uboot/u-boot/build/mt7988/release/bl31/plat_common.o
 .rodata.plat_default_ea_handler.str1.1
                0x0000000043008e9e       0x5a /media/data_nvme/git/uboot/u-boot/build/mt7988/release/bl31/plat_common.o
                                         0x5c (size before relaxing)
 .rodata.errata_entries
                0x0000000043008ef8        0x0 /media/data_nvme/git/uboot/u-boot/build/mt7988/release/bl31/aem_generic.o
 .rodata.errata_entries
                0x0000000043008ef8        0x0 /media/data_nvme/git/uboot/u-boot/build/mt7988/release/bl31/cortex_a73.o
 .rodata.panic_str
                0x0000000043008ef8       0x11 /media/data_nvme/git/uboot/u-boot/build/mt7988/release/bl31/debug.o
 .rodata.efuse_read.str1.1
                0x0000000043008f09       0x25 plat/mediatek/mt7988/drivers/efuse/release/efuse_cmd.o
 .rodata.efuse_write.str1.1
                0x0000000043008f2e       0x27 plat/mediatek/mt7988/drivers/efuse/release/efuse_cmd.o
 .rodata.vprintf.str1.1
                0x0000000043008f55        0x3 /media/data_nvme/git/uboot/u-boot/build/mt7988/release/lib/libc.a(printf.o)
                0x0000000043008f58                . = ALIGN (0x8)
                0x0000000043008f58                __RT_SVC_DESCS_START__ = .
 *(SORT_BY_ALIGNMENT(.rt_svc_descs))
 .rt_svc_descs  0x0000000043008f58       0x20 /media/data_nvme/git/uboot/u-boot/build/mt7988/release/bl31/mtk_sip_svc_legacy.o
 .rt_svc_descs  0x0000000043008f78       0x20 /media/data_nvme/git/uboot/u-boot/build/mt7988/release/bl31/arm_arch_svc_setup.o
 .rt_svc_descs  0x0000000043008f98       0x20 /media/data_nvme/git/uboot/u-boot/build/mt7988/release/bl31/std_svc_setup.o
                0x0000000043008fb8                __RT_SVC_DESCS_END__ = .
                0x0000000043008fb8                . = ALIGN (0x8)
                0x0000000043008fb8                __FCONF_POPULATOR_START__ = .
 *(SORT_BY_ALIGNMENT(.fconf_populator))
                0x0000000043008fb8                __FCONF_POPULATOR_END__ = .
                0x0000000043008fb8                . = ALIGN (0x8)
                0x0000000043008fb8                __PMF_SVC_DESCS_START__ = .
 *(SORT_BY_ALIGNMENT(.pmf_svc_descs))
                0x0000000043008fb8                __PMF_SVC_DESCS_END__ = .
                0x0000000043008fb8                . = ALIGN (0x8)
                0x0000000043008fb8                __PARSER_LIB_DESCS_START__ = .
 *(SORT_BY_ALIGNMENT(.img_parser_lib_descs))
                0x0000000043008fb8                __PARSER_LIB_DESCS_END__ = .
                0x0000000043008fb8                . = ALIGN (0x8)
                0x0000000043008fb8                __CPU_OPS_START__ = .
 *(SORT_BY_ALIGNMENT(.cpu_ops))
 .cpu_ops       0x0000000043008fb8       0xa0 /media/data_nvme/git/uboot/u-boot/build/mt7988/release/bl31/aem_generic.o
 .cpu_ops       0x0000000043009058       0x50 /media/data_nvme/git/uboot/u-boot/build/mt7988/release/bl31/cortex_a73.o
                0x00000000430090a8                __CPU_OPS_END__ = .
                0x00000000430090a8                . = ALIGN (0x8)
                0x00000000430090a8                __GOT_START__ = .
 *(SORT_BY_ALIGNMENT(.got))
                0x00000000430090a8                __GOT_END__ = .
                0x00000000430090a8                . = ALIGN (0x8)
                0x00000000430090a8                __pubsub_psci_cpu_on_finish_start = .
 *(SORT_BY_ALIGNMENT(.__pubsub_psci_cpu_on_finish))
                0x00000000430090a8                __pubsub_psci_cpu_on_finish_end = .
                0x00000000430090a8                __pubsub_psci_suspend_pwrdown_start_start = .
 *(SORT_BY_ALIGNMENT(.__pubsub_psci_suspend_pwrdown_start))
                0x00000000430090a8                __pubsub_psci_suspend_pwrdown_start_end = .
                0x00000000430090a8                __pubsub_psci_suspend_pwrdown_finish_start = .
 *(SORT_BY_ALIGNMENT(.__pubsub_psci_suspend_pwrdown_finish))
                0x00000000430090a8                __pubsub_psci_suspend_pwrdown_finish_end = .
                0x00000000430090a8                __pubsub_cm_entering_secure_world_start = .
 *(SORT_BY_ALIGNMENT(.__pubsub_cm_entering_secure_world))
 .__pubsub_cm_entering_secure_world
                0x00000000430090a8        0x8 /media/data_nvme/git/uboot/u-boot/build/mt7988/release/bl31/spe.o
                0x00000000430090a8                __cb_func_spe_drain_buffers_hookcm_entering_secure_world
                0x00000000430090b0                __pubsub_cm_entering_secure_world_end = .
                0x00000000430090b0                __pubsub_cm_exited_secure_world_start = .
 *(SORT_BY_ALIGNMENT(.__pubsub_cm_exited_secure_world))
                0x00000000430090b0                __pubsub_cm_exited_secure_world_end = .
                0x00000000430090b0                __pubsub_cm_entering_normal_world_start = .
 *(SORT_BY_ALIGNMENT(.__pubsub_cm_entering_normal_world))
                0x00000000430090b0                __pubsub_cm_entering_normal_world_end = .
                0x00000000430090b0                __pubsub_cm_exited_normal_world_start = .
 *(SORT_BY_ALIGNMENT(.__pubsub_cm_exited_normal_world))
                0x00000000430090b0                __pubsub_cm_exited_normal_world_end = .
 *(SORT_BY_ALIGNMENT(.vectors))
 *fill*         0x00000000430090b0      0x750 
 .vectors       0x0000000043009800      0x800 /media/data_nvme/git/uboot/u-boot/build/mt7988/release/bl31/runtime_exceptions.o
                0x0000000043009800                sync_exception_sp_el0
                0x0000000043009800                runtime_exceptions
                0x0000000043009880                irq_sp_el0
                0x0000000043009900                fiq_sp_el0
                0x0000000043009980                serror_sp_el0
                0x0000000043009a00                sync_exception_sp_elx
                0x0000000043009a80                irq_sp_elx
                0x0000000043009b00                fiq_sp_elx
                0x0000000043009b80                serror_sp_elx
                0x0000000043009c00                sync_exception_aarch64
                0x0000000043009c80                irq_aarch64
                0x0000000043009d00                fiq_aarch64
                0x0000000043009d80                serror_aarch64
                0x0000000043009e00                sync_exception_aarch32
                0x0000000043009e80                irq_aarch32
                0x0000000043009f00                fiq_aarch32
                0x0000000043009f80                serror_aarch32
 .vectors       0x000000004300a000     0x1000 /media/data_nvme/git/uboot/u-boot/build/mt7988/release/bl31/wa_cve_2017_5715_bpiall.o
                0x000000004300a000                wa_cve_2017_5715_bpiall_vbar
                0x000000004300b000                __RO_END_UNALIGNED__ = .
                0x000000004300b000                . = ALIGN (0x1000)
                0x000000004300b000                __RO_END__ = .
                0x0000000000000001                ASSERT ((__CPU_OPS_END__ > __CPU_OPS_START__), cpu_ops not defined for this platform.)
                0x000000004300b000                __RW_START__ = .

.iplt           0x000000004300b000        0x0
 .iplt          0x000000004300b000        0x0 /media/data_nvme/git/uboot/u-boot/build/mt7988/release/bl31/bl31_context_mgmt.o

.data           0x000000004300b000       0xa9
                0x000000004300b000                __DATA_START__ = .
 *(SORT_BY_ALIGNMENT(.data*))
 .data.tf_xlat_ctx
                0x000000004300b000       0x70 /media/data_nvme/git/uboot/u-boot/build/mt7988/release/bl31/xlat_tables_context.o
 .data.mt_gicv3_data
                0x000000004300b070       0x30 /media/data_nvme/git/uboot/u-boot/build/mt7988/release/bl31/plat_mt_gic.o
                0x000000004300b070                mt_gicv3_data
 .data.next_image_type
                0x000000004300b0a0        0x4 /media/data_nvme/git/uboot/u-boot/build/mt7988/release/bl31/bl31_main.o
 .data.max_log_level
                0x000000004300b0a4        0x4 /media/data_nvme/git/uboot/u-boot/build/mt7988/release/bl31/tf_log.o
 .data.console_state
                0x000000004300b0a8        0x1 /media/data_nvme/git/uboot/u-boot/build/mt7988/release/bl31/multi_console.o
                0x000000004300b0a9                __DATA_END__ = .

.igot.plt       0x000000004300b0b0        0x0
 .igot.plt      0x000000004300b0b0        0x0 /media/data_nvme/git/uboot/u-boot/build/mt7988/release/bl31/bl31_context_mgmt.o

.rela.dyn       0x000000004300b0b0        0x0
                0x000000004300b0b0                __RELA_START__ = .
 *(SORT_BY_ALIGNMENT(.rela*))
 .rela.iplt     0x000000004300b0b0        0x0 /media/data_nvme/git/uboot/u-boot/build/mt7988/release/bl31/bl31_context_mgmt.o
 .rela.text.runtime_svc_init
                0x000000004300b0b0        0x0 /media/data_nvme/git/uboot/u-boot/build/mt7988/release/bl31/bl31_context_mgmt.o
 .rela.text.cm_el1_sysregs_context_restore
                0x000000004300b0b0        0x0 /media/data_nvme/git/uboot/u-boot/build/mt7988/release/bl31/bl31_context_mgmt.o
 .rela.text.psci_cpu_on_finish
                0x000000004300b0b0        0x0 /media/data_nvme/git/uboot/u-boot/build/mt7988/release/bl31/bl31_context_mgmt.o
 .rela.text.psci_cpu_suspend_start
                0x000000004300b0b0        0x0 /media/data_nvme/git/uboot/u-boot/build/mt7988/release/bl31/bl31_context_mgmt.o
 .rela.text.psci_cpu_suspend_finish
                0x000000004300b0b0        0x0 /media/data_nvme/git/uboot/u-boot/build/mt7988/release/bl31/bl31_context_mgmt.o
 .rela.text.bl31_plat_arch_setup
                0x000000004300b0b0        0x0 /media/data_nvme/git/uboot/u-boot/build/mt7988/release/bl31/bl31_context_mgmt.o
 .rela.text.asm.bl31_entrypoint
                0x000000004300b0b0        0x0 /media/data_nvme/git/uboot/u-boot/build/mt7988/release/bl31/bl31_context_mgmt.o
 .rela.text.asm.sync_exception_handler
                0x000000004300b0b0        0x0 /media/data_nvme/git/uboot/u-boot/build/mt7988/release/bl31/bl31_context_mgmt.o
 .rela.text.asm.get_cpu_ops_ptr
                0x000000004300b0b0        0x0 /media/data_nvme/git/uboot/u-boot/build/mt7988/release/bl31/bl31_context_mgmt.o
                0x000000004300b0b0                __RELA_END__ = .

.stacks         0x000000004300b0c0     0x8000
                0x000000004300b0c0                __STACKS_START__ = .
 *(SORT_BY_ALIGNMENT(.tzfw_normal_stacks))
 .tzfw_normal_stacks
                0x000000004300b0c0     0x8000 /media/data_nvme/git/uboot/u-boot/build/mt7988/release/bl31/platform_mp_stack.o
                0x00000000430130c0                __STACKS_END__ = .

.bss            0x00000000430130c0     0x12a0
                0x00000000430130c0                __BSS_START__ = .
 *(SORT_BY_ALIGNMENT(.bss*))
 .bss.percpu_data
                0x00000000430130c0      0x100 /media/data_nvme/git/uboot/u-boot/build/mt7988/release/bl31/cpu_data_array.o
                0x00000000430130c0                percpu_data
 .bss.psci_ns_context
                0x00000000430131c0      0x900 /media/data_nvme/git/uboot/u-boot/build/mt7988/release/bl31/psci_setup.o
 .bss.bl32_init
                0x0000000043013ac0        0x8 /media/data_nvme/git/uboot/u-boot/build/mt7988/release/bl31/bl31_main.o
 .bss.intr_type_descs
                0x0000000043013ac8       0x60 /media/data_nvme/git/uboot/u-boot/build/mt7988/release/bl31/interrupt_mgmt.o
 .bss.gicv3_driver_data
                0x0000000043013b28        0x8 /media/data_nvme/git/uboot/u-boot/build/mt7988/release/bl31/gicv3_main.o
                0x0000000043013b28                gicv3_driver_data
 .bss.timer_ops
                0x0000000043013b30        0x8 /media/data_nvme/git/uboot/u-boot/build/mt7988/release/bl31/delay_timer.o
 .bss.ops       0x0000000043013b38       0x10 /media/data_nvme/git/uboot/u-boot/build/mt7988/release/bl31/generic_delay_timer.o
 .bss.psci_cpu_pd_nodes
                0x0000000043013b48       0x40 /media/data_nvme/git/uboot/u-boot/build/mt7988/release/bl31/psci_common.o
                0x0000000043013b48                psci_cpu_pd_nodes
 .bss.psci_plat_pm_ops
                0x0000000043013b88        0x8 /media/data_nvme/git/uboot/u-boot/build/mt7988/release/bl31/psci_common.o
                0x0000000043013b88                psci_plat_pm_ops
 .bss.psci_spd_pm
                0x0000000043013b90        0x8 /media/data_nvme/git/uboot/u-boot/build/mt7988/release/bl31/psci_common.o
                0x0000000043013b90                psci_spd_pm
 .bss.mmu_cfg_params
                0x0000000043013b98       0x18 /media/data_nvme/git/uboot/u-boot/build/mt7988/release/bl31/xlat_tables_context.o
                0x0000000043013b98                mmu_cfg_params
 .bss.tf_mmap   0x0000000043013bb0      0x2a8 /media/data_nvme/git/uboot/u-boot/build/mt7988/release/bl31/xlat_tables_context.o
 .bss.k_info    0x0000000043013e58       0x28 /media/data_nvme/git/uboot/u-boot/build/mt7988/release/bl31/mtk_bl31_boot_next_legacy.o
 .bss.bl32_ep_info
                0x0000000043013e80       0x58 /media/data_nvme/git/uboot/u-boot/build/mt7988/release/bl31/bl31_plat_setup.o
 .bss.bl33_ep_info
                0x0000000043013ed8       0x58 /media/data_nvme/git/uboot/u-boot/build/mt7988/release/bl31/bl31_plat_setup.o
 .bss.console.0
                0x0000000043013f30       0x30 /media/data_nvme/git/uboot/u-boot/build/mt7988/release/bl31/bl31_plat_setup.o
 .bss.rdistif_base_addrs
                0x0000000043013f60       0x20 /media/data_nvme/git/uboot/u-boot/build/mt7988/release/bl31/plat_mt_gic.o
                0x0000000043013f60                rdistif_base_addrs
 .bss.console.0
                0x0000000043013f80       0x30 /media/data_nvme/git/uboot/u-boot/build/mt7988/release/bl31/plat_pm.o
 .bss.dormant_data
                0x0000000043013fb0      0x140 /media/data_nvme/git/uboot/u-boot/build/mt7988/release/bl31/plat_pm.o
 .bss.secure_entrypoint
                0x00000000430140f0        0x8 /media/data_nvme/git/uboot/u-boot/build/mt7988/release/bl31/plat_pm.o
 .bss.console_list
                0x00000000430140f8        0x8 /media/data_nvme/git/uboot/u-boot/build/mt7988/release/bl31/multi_console.o
                0x00000000430140f8                console_list
 .bss.psci_plat_core_count
                0x0000000043014100        0x4 /media/data_nvme/git/uboot/u-boot/build/mt7988/release/bl31/psci_common.o
                0x0000000043014100                psci_plat_core_count
 .bss.psci_caps
                0x0000000043014104        0x4 /media/data_nvme/git/uboot/u-boot/build/mt7988/release/bl31/psci_setup.o
                0x0000000043014104                psci_caps
 .bss.tf_mapped_regions
                0x0000000043014108       0x40 /media/data_nvme/git/uboot/u-boot/build/mt7988/release/bl31/xlat_tables_context.o
 .bss.mtk_efuse_field
                0x0000000043014148      0x12c /media/data_nvme/git/uboot/u-boot/build/mt7988/release/bl31/mtk_efuse.o
 .bss.region_id
                0x0000000043014274        0x4 /media/data_nvme/git/uboot/u-boot/build/mt7988/release/bl31/emi_mpu.o
 .bss.cpu_bitmask
                0x0000000043014278        0x4 /media/data_nvme/git/uboot/u-boot/build/mt7988/release/bl31/mtspmc.o
                0x0000000043014278                cpu_bitmask
 .bss.clock_rate_update_flag
                0x000000004301427c        0x4 /media/data_nvme/git/uboot/u-boot/build/mt7988/release/bl31/cpuxgpt.o
                0x000000004301427c                clock_rate_update_flag
 .bss.rng_lock  0x0000000043014280        0x4 /media/data_nvme/git/uboot/u-boot/build/mt7988/release/bl31/rng.o
 .bss.efuse_buffer.1
                0x0000000043014284       0x20 /media/data_nvme/git/uboot/u-boot/build/mt7988/release/bl31/plat_sip_calls.o
 .bss.rt_svc_descs_indices
                0x00000000430142a4       0x80 /media/data_nvme/git/uboot/u-boot/build/mt7988/release/bl31/runtime_svc.o
                0x00000000430142a4                rt_svc_descs_indices
 .bss.psci_req_local_pwr_states
                0x0000000043014324        0x8 /media/data_nvme/git/uboot/u-boot/build/mt7988/release/bl31/psci_common.o
 .bss.kernel_boot_once_flag.0
                0x000000004301432c        0x1 /media/data_nvme/git/uboot/u-boot/build/mt7988/release/bl31/mtk_bl31_boot_next_legacy.o
 *(SORT_BY_ALIGNMENT(COMMON))
                0x0000000043014340                . = ALIGN (0x40)
 *fill*         0x000000004301432d       0x13 
                0x0000000043014340                __PMF_TIMESTAMP_START__ = .
 *(SORT_BY_ALIGNMENT(.pmf_timestamp_array))
                0x0000000043014340                . = ALIGN (0x40)
                0x0000000043014340                __PMF_PERCPU_TIMESTAMP_END__ = .
                0x0000000000000000                __PERCPU_TIMESTAMP_SIZE__ = ABSOLUTE ((. - __PMF_TIMESTAMP_START__))
                0x0000000043014340                . = (. + (__PERCPU_TIMESTAMP_SIZE__ * 0x3))
                0x0000000043014340                __PMF_TIMESTAMP_END__ = .
                0x0000000043014340                . = ALIGN (0x10)
                0x0000000043014340                __BASE_XLAT_TABLE_START__ = .
 *(SORT_BY_ALIGNMENT(.base_xlat_table))
 .base_xlat_table
                0x0000000043014340       0x20 /media/data_nvme/git/uboot/u-boot/build/mt7988/release/bl31/xlat_tables_context.o
                0x0000000043014360                __BASE_XLAT_TABLE_END__ = .
                0x0000000043014360                __BSS_END__ = .

.xlat_table     0x0000000043015000    0x10000
                0x0000000043015000                __XLAT_TABLE_START__ = .
 *(SORT_BY_ALIGNMENT(.xlat_table))
 .xlat_table    0x0000000043015000    0x10000 /media/data_nvme/git/uboot/u-boot/build/mt7988/release/bl31/xlat_tables_context.o
                0x0000000043025000                __XLAT_TABLE_END__ = .

.coherent_ram   0x0000000043025000     0x1000
                0x0000000043025000                __COHERENT_RAM_START__ = .
 *(SORT_BY_ALIGNMENT(.bakery_lock))
 .bakery_lock   0x0000000043025000       0x20 /media/data_nvme/git/uboot/u-boot/build/mt7988/release/bl31/psci_common.o
                0x0000000043025000                psci_locks
 *(SORT_BY_ALIGNMENT(.tzfw_coherent_mem))
 .tzfw_coherent_mem
                0x0000000043025020       0x40 /media/data_nvme/git/uboot/u-boot/build/mt7988/release/bl31/psci_common.o
                0x0000000043025020                psci_non_cpu_pd_nodes
                0x0000000043025060                __COHERENT_RAM_END_UNALIGNED__ = .
                0x0000000043026000                . = ALIGN (0x1000)
 *fill*         0x0000000043025060      0xfa0 
                0x0000000043026000                __COHERENT_RAM_END__ = .
                0x0000000043026000                __RW_END__ = .
                0x0000000043026000                __BL31_END__ = .
                0x0000000000000001                ASSERT ((. <= 0x43040000), BL31 image has exceeded its limit.)
                0x0000000043026000                RAM_REGION_END = .

/DISCARD/
 *(SORT_BY_ALIGNMENT(.dynsym) SORT_BY_ALIGNMENT(.dynstr) SORT_BY_ALIGNMENT(.hash) SORT_BY_ALIGNMENT(.gnu.hash))
LOAD /media/data_nvme/git/uboot/u-boot/build/mt7988/release/bl31/build_message.o
LOAD /media/data_nvme/git/uboot/u-boot/build/mt7988/release/bl31/bl31_context_mgmt.o
LOAD /media/data_nvme/git/uboot/u-boot/build/mt7988/release/bl31/bl31_main.o
LOAD /media/data_nvme/git/uboot/u-boot/build/mt7988/release/bl31/bl31_traps.o
LOAD /media/data_nvme/git/uboot/u-boot/build/mt7988/release/bl31/interrupt_mgmt.o
LOAD /media/data_nvme/git/uboot/u-boot/build/mt7988/release/bl31/runtime_svc.o
LOAD /media/data_nvme/git/uboot/u-boot/build/mt7988/release/bl31/cci.o
LOAD /media/data_nvme/git/uboot/u-boot/build/mt7988/release/bl31/arm_gicv3_common.o
LOAD /media/data_nvme/git/uboot/u-boot/build/mt7988/release/bl31/gic-x00.o
LOAD /media/data_nvme/git/uboot/u-boot/build/mt7988/release/bl31/gicdv3_helpers.o
LOAD /media/data_nvme/git/uboot/u-boot/build/mt7988/release/bl31/gicrv3_helpers.o
LOAD /media/data_nvme/git/uboot/u-boot/build/mt7988/release/bl31/gicv3_helpers.o
LOAD /media/data_nvme/git/uboot/u-boot/build/mt7988/release/bl31/gicv3_main.o
LOAD /media/data_nvme/git/uboot/u-boot/build/mt7988/release/bl31/delay_timer.o
LOAD /media/data_nvme/git/uboot/u-boot/build/mt7988/release/bl31/generic_delay_timer.o
LOAD /media/data_nvme/git/uboot/u-boot/build/mt7988/release/bl31/errata_report.o
LOAD /media/data_nvme/git/uboot/u-boot/build/mt7988/release/bl31/context_mgmt.o
LOAD /media/data_nvme/git/uboot/u-boot/build/mt7988/release/bl31/cpu_data_array.o
LOAD /media/data_nvme/git/uboot/u-boot/build/mt7988/release/bl31/spe.o
LOAD /media/data_nvme/git/uboot/u-boot/build/mt7988/release/bl31/bakery_lock_coherent.o
LOAD /media/data_nvme/git/uboot/u-boot/build/mt7988/release/bl31/psci_common.o
LOAD /media/data_nvme/git/uboot/u-boot/build/mt7988/release/bl31/psci_main.o
LOAD /media/data_nvme/git/uboot/u-boot/build/mt7988/release/bl31/psci_mem_protect.o
LOAD /media/data_nvme/git/uboot/u-boot/build/mt7988/release/bl31/psci_off.o
LOAD /media/data_nvme/git/uboot/u-boot/build/mt7988/release/bl31/psci_on.o
LOAD /media/data_nvme/git/uboot/u-boot/build/mt7988/release/bl31/psci_setup.o
LOAD /media/data_nvme/git/uboot/u-boot/build/mt7988/release/bl31/psci_suspend.o
LOAD /media/data_nvme/git/uboot/u-boot/build/mt7988/release/bl31/psci_system_off.o
LOAD /media/data_nvme/git/uboot/u-boot/build/mt7988/release/bl31/xlat_tables_arch.o
LOAD /media/data_nvme/git/uboot/u-boot/build/mt7988/release/bl31/xlat_tables_context.o
LOAD /media/data_nvme/git/uboot/u-boot/build/mt7988/release/bl31/xlat_tables_core.o
LOAD /media/data_nvme/git/uboot/u-boot/build/mt7988/release/bl31/xlat_tables_utils.o
LOAD /media/data_nvme/git/uboot/u-boot/build/mt7988/release/bl31/plat_gicv3.o
LOAD /media/data_nvme/git/uboot/u-boot/build/mt7988/release/bl31/mtk_efuse.o
LOAD /media/data_nvme/git/uboot/u-boot/build/mt7988/release/bl31/mt_gpt.o
LOAD /media/data_nvme/git/uboot/u-boot/build/mt7988/release/bl31/mtk_bl31_boot_next_legacy.o
LOAD /media/data_nvme/git/uboot/u-boot/build/mt7988/release/bl31/mtk_plat_common.o
LOAD /media/data_nvme/git/uboot/u-boot/build/mt7988/release/bl31/mtk_sip_svc_legacy.o
LOAD /media/data_nvme/git/uboot/u-boot/build/mt7988/release/bl31/platform_common.o
LOAD /media/data_nvme/git/uboot/u-boot/build/mt7988/release/bl31/bl31_plat_setup.o
LOAD /media/data_nvme/git/uboot/u-boot/build/mt7988/release/bl31/devapc.o
LOAD /media/data_nvme/git/uboot/u-boot/build/mt7988/release/bl31/emi_mpu.o
LOAD /media/data_nvme/git/uboot/u-boot/build/mt7988/release/bl31/mtspmc.o
LOAD /media/data_nvme/git/uboot/u-boot/build/mt7988/release/bl31/cpuxgpt.o
LOAD /media/data_nvme/git/uboot/u-boot/build/mt7988/release/bl31/rng.o
LOAD /media/data_nvme/git/uboot/u-boot/build/mt7988/release/bl31/mtk_wdt.o
LOAD /media/data_nvme/git/uboot/u-boot/build/mt7988/release/bl31/plat_mt_gic.o
LOAD /media/data_nvme/git/uboot/u-boot/build/mt7988/release/bl31/plat_pm.o
LOAD /media/data_nvme/git/uboot/u-boot/build/mt7988/release/bl31/plat_sip_calls.o
LOAD /media/data_nvme/git/uboot/u-boot/build/mt7988/release/bl31/plat_topology.o
LOAD /media/data_nvme/git/uboot/u-boot/build/mt7988/release/bl31/arm_arch_svc_setup.o
LOAD /media/data_nvme/git/uboot/u-boot/build/mt7988/release/bl31/std_svc_setup.o
LOAD /media/data_nvme/git/uboot/u-boot/build/mt7988/release/bl31/bl_common.o
LOAD /media/data_nvme/git/uboot/u-boot/build/mt7988/release/bl31/tf_log.o
LOAD /media/data_nvme/git/uboot/u-boot/build/mt7988/release/bl31/multi_console.o
LOAD /media/data_nvme/git/uboot/u-boot/build/mt7988/release/bl31/pmuv3.o
LOAD /media/data_nvme/git/uboot/u-boot/build/mt7988/release/bl31/plat_bl_common.o
LOAD /media/data_nvme/git/uboot/u-boot/build/mt7988/release/bl31/plat_log_common.o
LOAD /media/data_nvme/git/uboot/u-boot/build/mt7988/release/bl31/plat_common.o
LOAD /media/data_nvme/git/uboot/u-boot/build/mt7988/release/bl31/popcountdi2.o
LOAD /media/data_nvme/git/uboot/u-boot/build/mt7988/release/bl31/popcountsi2.o
LOAD /media/data_nvme/git/uboot/u-boot/build/mt7988/release/bl31/bl31_entrypoint.o
LOAD /media/data_nvme/git/uboot/u-boot/build/mt7988/release/bl31/crash_reporting.o
LOAD /media/data_nvme/git/uboot/u-boot/build/mt7988/release/bl31/ea_delegate.o
LOAD /media/data_nvme/git/uboot/u-boot/build/mt7988/release/bl31/runtime_exceptions.o
LOAD /media/data_nvme/git/uboot/u-boot/build/mt7988/release/bl31/aem_generic.o
LOAD /media/data_nvme/git/uboot/u-boot/build/mt7988/release/bl31/cortex_a73.o
LOAD /media/data_nvme/git/uboot/u-boot/build/mt7988/release/bl31/cpu_helpers.o
LOAD /media/data_nvme/git/uboot/u-boot/build/mt7988/release/bl31/dsu_helpers.o
LOAD /media/data_nvme/git/uboot/u-boot/build/mt7988/release/bl31/wa_cve_2017_5715_bpiall.o
LOAD /media/data_nvme/git/uboot/u-boot/build/mt7988/release/bl31/wa_cve_2017_5715_mmu.o
LOAD /media/data_nvme/git/uboot/u-boot/build/mt7988/release/bl31/context.o
LOAD /media/data_nvme/git/uboot/u-boot/build/mt7988/release/bl31/cpu_data.o
LOAD /media/data_nvme/git/uboot/u-boot/build/mt7988/release/bl31/spinlock.o
LOAD /media/data_nvme/git/uboot/u-boot/build/mt7988/release/bl31/psci_helpers.o
LOAD /media/data_nvme/git/uboot/u-boot/build/mt7988/release/bl31/runtime_errata.o
LOAD /media/data_nvme/git/uboot/u-boot/build/mt7988/release/bl31/enable_mmu.o
LOAD /media/data_nvme/git/uboot/u-boot/build/mt7988/release/bl31/platform_mp_stack.o
LOAD /media/data_nvme/git/uboot/u-boot/build/mt7988/release/bl31/hsuart.o
LOAD /media/data_nvme/git/uboot/u-boot/build/mt7988/release/bl31/plat_helpers.o
LOAD /media/data_nvme/git/uboot/u-boot/build/mt7988/release/bl31/debug.o
LOAD /media/data_nvme/git/uboot/u-boot/build/mt7988/release/bl31/cache_helpers.o
LOAD /media/data_nvme/git/uboot/u-boot/build/mt7988/release/bl31/misc_helpers.o
LOAD /media/data_nvme/git/uboot/u-boot/build/mt7988/release/bl31/platform_helpers.o
LOAD plat/mediatek/mt7988/drivers/dram/release/dram.o
LOAD plat/mediatek/mt7988/drivers/efuse/release/efuse_cmd.o
LOAD /media/data_nvme/git/uboot/u-boot/build/mt7988/release/lib/libfdt.a
LOAD /media/data_nvme/git/uboot/u-boot/build/mt7988/release/lib/libc.a
OUTPUT(/media/data_nvme/git/uboot/u-boot/build/mt7988/release/bl31/bl31.elf elf64-littleaarch64)
LOAD linker stubs

.debug_info     0x0000000000000000    0x23831
 .debug_info    0x0000000000000000       0xae /media/data_nvme/git/uboot/u-boot/build/mt7988/release/bl31/build_message.o
 .debug_info    0x00000000000000ae      0x517 /media/data_nvme/git/uboot/u-boot/build/mt7988/release/bl31/bl31_context_mgmt.o
 .debug_info    0x00000000000005c5      0x868 /media/data_nvme/git/uboot/u-boot/build/mt7988/release/bl31/bl31_main.o
 .debug_info    0x0000000000000e2d      0x23c /media/data_nvme/git/uboot/u-boot/build/mt7988/release/bl31/bl31_traps.o
 .debug_info    0x0000000000001069      0x7c8 /media/data_nvme/git/uboot/u-boot/build/mt7988/release/bl31/interrupt_mgmt.o
 .debug_info    0x0000000000001831      0x7a3 /media/data_nvme/git/uboot/u-boot/build/mt7988/release/bl31/runtime_svc.o