Archive member included to satisfy reference by file (symbol)

/media/data_nvme/git/uboot/u-boot/build/mt7986/release/lib/libfdt.a(fdt.o)
                              /media/data_nvme/git/uboot/u-boot/build/mt7986/release/bl2/mtk_spi.o (fdt_first_subnode)
/media/data_nvme/git/uboot/u-boot/build/mt7986/release/lib/libfdt.a(fdt_ro.o)
                              /media/data_nvme/git/uboot/u-boot/build/mt7986/release/bl2/mtk_spi.o (fdt_getprop)
/media/data_nvme/git/uboot/u-boot/build/mt7986/release/lib/libc.a(memchr.o)
                              /media/data_nvme/git/uboot/u-boot/build/mt7986/release/lib/libfdt.a(fdt_ro.o) (memchr)
/media/data_nvme/git/uboot/u-boot/build/mt7986/release/lib/libc.a(memcmp.o)
                              /media/data_nvme/git/uboot/u-boot/build/mt7986/release/bl2/io_fip.o (memcmp)
/media/data_nvme/git/uboot/u-boot/build/mt7986/release/lib/libc.a(memcpy.o)
                              /media/data_nvme/git/uboot/u-boot/build/mt7986/release/bl2/desc_image_load.o (memcpy)
/media/data_nvme/git/uboot/u-boot/build/mt7986/release/lib/libc.a(memmove.o)
                              /media/data_nvme/git/uboot/u-boot/build/mt7986/release/bl2/xz_dec_lzma2.o (memmove)
/media/data_nvme/git/uboot/u-boot/build/mt7986/release/lib/libc.a(memset.o)
                              /media/data_nvme/git/uboot/u-boot/build/mt7986/release/bl2/tf_unxz.o (memset)
/media/data_nvme/git/uboot/u-boot/build/mt7986/release/lib/libc.a(printf.o)
                              /media/data_nvme/git/uboot/u-boot/build/mt7986/release/bl2/emicfg.o (vprintf)
/media/data_nvme/git/uboot/u-boot/build/mt7986/release/lib/libc.a(strcmp.o)
                              /media/data_nvme/git/uboot/u-boot/build/mt7986/release/bl2/partition.o (strcmp)
/media/data_nvme/git/uboot/u-boot/build/mt7986/release/lib/libc.a(strlen.o)
                              /media/data_nvme/git/uboot/u-boot/build/mt7986/release/lib/libfdt.a(fdt.o) (strlen)
/media/data_nvme/git/uboot/u-boot/build/mt7986/release/lib/libc.a(strnlen.o)
                              /media/data_nvme/git/uboot/u-boot/build/mt7986/release/lib/libfdt.a(fdt_ro.o) (strnlen)
/media/data_nvme/git/uboot/u-boot/build/mt7986/release/lib/libc.a(strrchr.o)
                              /media/data_nvme/git/uboot/u-boot/build/mt7986/release/lib/libfdt.a(fdt_ro.o) (strrchr)

Discarded input sections

 .text          0x0000000000000000        0x0 /media/data_nvme/git/uboot/u-boot/build/mt7986/release/bl2/build_message.o
 .data          0x0000000000000000        0x0 /media/data_nvme/git/uboot/u-boot/build/mt7986/release/bl2/build_message.o
 .bss           0x0000000000000000        0x0 /media/data_nvme/git/uboot/u-boot/build/mt7986/release/bl2/build_message.o
 .rodata.version
                0x0000000000000000        0x4 /media/data_nvme/git/uboot/u-boot/build/mt7986/release/bl2/build_message.o
 .text          0x0000000000000000        0x0 /media/data_nvme/git/uboot/u-boot/build/mt7986/release/bl2/bl2_arch_setup.o
 .data          0x0000000000000000        0x0 /media/data_nvme/git/uboot/u-boot/build/mt7986/release/bl2/bl2_arch_setup.o
 .bss           0x0000000000000000        0x0 /media/data_nvme/git/uboot/u-boot/build/mt7986/release/bl2/bl2_arch_setup.o
 .eh_frame      0x0000000000000000       0x28 /media/data_nvme/git/uboot/u-boot/build/mt7986/release/bl2/bl2_arch_setup.o
 .text          0x0000000000000000        0x0 /media/data_nvme/git/uboot/u-boot/build/mt7986/release/bl2/bl2_image_load_v2.o
 .data          0x0000000000000000        0x0 /media/data_nvme/git/uboot/u-boot/build/mt7986/release/bl2/bl2_image_load_v2.o
 .bss           0x0000000000000000        0x0 /media/data_nvme/git/uboot/u-boot/build/mt7986/release/bl2/bl2_image_load_v2.o
 .eh_frame      0x0000000000000000       0x50 /media/data_nvme/git/uboot/u-boot/build/mt7986/release/bl2/bl2_image_load_v2.o
 .text          0x0000000000000000        0x0 /media/data_nvme/git/uboot/u-boot/build/mt7986/release/bl2/bl2_main.o
 .data          0x0000000000000000        0x0 /media/data_nvme/git/uboot/u-boot/build/mt7986/release/bl2/bl2_main.o
 .bss           0x0000000000000000        0x0 /media/data_nvme/git/uboot/u-boot/build/mt7986/release/bl2/bl2_main.o
 .eh_frame      0x0000000000000000       0x58 /media/data_nvme/git/uboot/u-boot/build/mt7986/release/bl2/bl2_main.o
 .text          0x0000000000000000        0x0 /media/data_nvme/git/uboot/u-boot/build/mt7986/release/bl2/desc_image_load.o
 .data          0x0000000000000000        0x0 /media/data_nvme/git/uboot/u-boot/build/mt7986/release/bl2/desc_image_load.o
 .bss           0x0000000000000000        0x0 /media/data_nvme/git/uboot/u-boot/build/mt7986/release/bl2/desc_image_load.o
 .text.populate_next_bl_params_config
                0x0000000000000000       0xa8 /media/data_nvme/git/uboot/u-boot/build/mt7986/release/bl2/desc_image_load.o
 .text.bl31_params_parse_helper
[...]
Memory Configuration

Name             Origin             Length             Attributes
RAM              0x0000000000201000 0x000000000007f000 xrw
*default*        0x0000000000000000 0xffffffffffffffff

Linker script and memory map

                0x0000000000201000                RAM_REGION_START = ORIGIN (RAM)
                0x000000000007f000                RAM_REGION_LENGTH = LENGTH (RAM)
                0x0000000000201000                . = 0x201000
                0x0000000000000001                ASSERT ((. == ALIGN (0x1000)), BL2_BASE address is not aligned on a page boundary.)

.ro             0x0000000000201000    0x30000
                0x0000000000201000                __RO_START__ = .
                0x0000000000201000                __TEXT_RESIDENT_START__ = .
 *bl2_el3_entrypoint.o(SORT_BY_ALIGNMENT(.text*))
 .text.asm.bl2_entrypoint
                0x0000000000201000      0x104 /media/data_nvme/git/uboot/u-boot/build/mt7986/release/bl2/bl2_el3_entrypoint.o
                0x0000000000201000                bl2_entrypoint
 *(SORT_BY_ALIGNMENT(.text.asm.*))
 .text.asm.bl2_run_next_image
                0x0000000000201104       0x38 /media/data_nvme/git/uboot/u-boot/build/mt7986/release/bl2/bl2_run_next_image.o
                0x0000000000201104                bl2_run_next_image
 .text.asm.errata_a53_826319_wa
                0x000000000020113c       0x20 /media/data_nvme/git/uboot/u-boot/build/mt7986/release/bl2/cortex_a53.o
 .text.asm.check_errata_826319
                0x000000000020115c        0x8 /media/data_nvme/git/uboot/u-boot/build/mt7986/release/bl2/cortex_a53.o
 .text.asm.a53_disable_non_temporal_hint
                0x0000000000201164       0x1c /media/data_nvme/git/uboot/u-boot/build/mt7986/release/bl2/cortex_a53.o
 .text.asm.check_errata_disable_non_temporal_hint
                0x0000000000201180        0x8 /media/data_nvme/git/uboot/u-boot/build/mt7986/release/bl2/cortex_a53.o
 .text.asm.errata_a53_855873_wa
                0x0000000000201188       0x1c /media/data_nvme/git/uboot/u-boot/build/mt7986/release/bl2/cortex_a53.o
 .text.asm.check_errata_855873
                0x00000000002011a4        0x8 /media/data_nvme/git/uboot/u-boot/build/mt7986/release/bl2/cortex_a53.o
 .text.asm.cortex_a53_reset_func
                0x00000000002011ac       0x38 /media/data_nvme/git/uboot/u-boot/build/mt7986/release/bl2/cortex_a53.o
 .text.asm.reset_handler
                0x00000000002011e4       0x20 /media/data_nvme/git/uboot/u-boot/build/mt7986/release/bl2/cpu_helpers.o
                0x00000000002011e4                reset_handler
 .text.asm.get_cpu_ops_ptr
                0x0000000000201204       0x40 /media/data_nvme/git/uboot/u-boot/build/mt7986/release/bl2/cpu_helpers.o
                0x0000000000201204                get_cpu_ops_ptr
 .text.asm.cpu_get_rev_var
                0x0000000000201244       0x10 /media/data_nvme/git/uboot/u-boot/build/mt7986/release/bl2/cpu_helpers.o
                0x0000000000201244                cpu_get_rev_var
 .text.asm.cpu_rev_var_ls
                0x0000000000201254       0x14 /media/data_nvme/git/uboot/u-boot/build/mt7986/release/bl2/cpu_helpers.o
                0x0000000000201254                cpu_rev_var_ls
 .text.asm.cpu_rev_var_hs
                0x0000000000201268       0x14 /media/data_nvme/git/uboot/u-boot/build/mt7986/release/bl2/cpu_helpers.o
                0x0000000000201268                cpu_rev_var_hs
 .text.asm.plat_set_my_stack
                0x000000000020127c       0x10 /media/data_nvme/git/uboot/u-boot/build/mt7986/release/bl2/platform_up_stack.o
                0x000000000020127c                plat_set_my_stack
 .text.asm.console_hsuart_init
                0x000000000020128c       0xb8 /media/data_nvme/git/uboot/u-boot/build/mt7986/release/bl2/hsuart.o
                0x000000000020128c                console_hsuart_init
 .text.asm.console_hsuart_core_getc
                0x0000000000201344       0x18 /media/data_nvme/git/uboot/u-boot/build/mt7986/release/bl2/hsuart.o
                0x0000000000201344                console_hsuart_core_getc
 .text.asm.console_hsuart_core_putc
                0x000000000020135c       0x38 /media/data_nvme/git/uboot/u-boot/build/mt7986/release/bl2/hsuart.o
                0x000000000020135c                console_hsuart_core_putc
 .text.asm.console_hsuart_core_flush
                0x0000000000201394       0x18 /media/data_nvme/git/uboot/u-boot/build/mt7986/release/bl2/hsuart.o
                0x0000000000201394                console_hsuart_core_flush
 .text.asm.console_hsuart_getc
                0x00000000002013ac        0x8 /media/data_nvme/git/uboot/u-boot/build/mt7986/release/bl2/hsuart.o
 .text.asm.console_hsuart_putc
                0x00000000002013b4        0x8 /media/data_nvme/git/uboot/u-boot/build/mt7986/release/bl2/hsuart.o
 .text.asm.console_hsuart_flush
                0x00000000002013bc        0x8 /media/data_nvme/git/uboot/u-boot/build/mt7986/release/bl2/hsuart.o
 .text.asm.console_hsuart_register
                0x00000000002013c4       0x58 /media/data_nvme/git/uboot/u-boot/build/mt7986/release/bl2/hsuart.o
                0x00000000002013c4                console_hsuart_register
 .text.asm.plat_secondary_cold_boot_setup
                0x000000000020141c        0x4 /media/data_nvme/git/uboot/u-boot/build/mt7986/release/bl2/plat_helpers.o
                0x000000000020141c                plat_secondary_cold_boot_setup
 .text.asm.plat_crash_console_init
                0x0000000000201420       0x20 /media/data_nvme/git/uboot/u-boot/build/mt7986/release/bl2/plat_helpers.o
                0x0000000000201420                plat_crash_console_init
 .text.asm.plat_crash_console_putc
                0x0000000000201440        0xc /media/data_nvme/git/uboot/u-boot/build/mt7986/release/bl2/plat_helpers.o
                0x0000000000201440                plat_crash_console_putc
 .text.asm.plat_crash_console_flush
                0x000000000020144c        0xc /media/data_nvme/git/uboot/u-boot/build/mt7986/release/bl2/plat_helpers.o
                0x000000000020144c                plat_crash_console_flush
 .text.asm.asm_print_str
                0x0000000000201458       0x18 /media/data_nvme/git/uboot/u-boot/build/mt7986/release/bl2/debug.o
                0x0000000000201458                asm_print_str
 .text.asm.asm_print_hex
                0x0000000000201470       0x30 /media/data_nvme/git/uboot/u-boot/build/mt7986/release/bl2/debug.o
                0x0000000000201470                asm_print_hex
                0x0000000000201474                asm_print_hex_bits
 .text.asm.asm_print_newline
                0x00000000002014a0        0x8 /media/data_nvme/git/uboot/u-boot/build/mt7986/release/bl2/debug.o
                0x00000000002014a0                asm_print_newline
 .text.asm.el3_panic
                0x00000000002014a8       0x30 /media/data_nvme/git/uboot/u-boot/build/mt7986/release/bl2/debug.o
                0x00000000002014a8                el3_panic
 .text.asm.flush_dcache_range
                0x00000000002014d8       0x38 /media/data_nvme/git/uboot/u-boot/build/mt7986/release/bl2/cache_helpers.o
                0x00000000002014d8                flush_dcache_range
 .text.asm.inv_dcache_range
                0x0000000000201510       0x38 /media/data_nvme/git/uboot/u-boot/build/mt7986/release/bl2/cache_helpers.o
                0x0000000000201510                inv_dcache_range
 .text.asm.zeromem
                0x0000000000201548        0x8 /media/data_nvme/git/uboot/u-boot/build/mt7986/release/bl2/misc_helpers.o
                0x0000000000201548                zeromem
 .text.asm.zeromem_dczva
                0x0000000000201550       0xe8 /media/data_nvme/git/uboot/u-boot/build/mt7986/release/bl2/misc_helpers.o
                0x0000000000201550                zero_normalmem
 .text.asm.disable_mmu_el3
                0x0000000000201638       0x1c /media/data_nvme/git/uboot/u-boot/build/mt7986/release/bl2/misc_helpers.o
                0x0000000000201638                disable_mmu_el3
 .text.asm.disable_mmu_icache_el3
                0x0000000000201654        0x8 /media/data_nvme/git/uboot/u-boot/build/mt7986/release/bl2/misc_helpers.o
                0x0000000000201654                disable_mmu_icache_el3
 .text.asm.plat_report_exception
                0x000000000020165c        0x4 /media/data_nvme/git/uboot/u-boot/build/mt7986/release/bl2/platform_helpers.o
                0x000000000020165c                plat_report_exception
 .text.asm.plat_reset_handler
                0x0000000000201660        0x4 /media/data_nvme/git/uboot/u-boot/build/mt7986/release/bl2/platform_helpers.o
                0x0000000000201660                plat_reset_handler
 .text.asm.plat_panic_handler
                0x0000000000201664        0x8 /media/data_nvme/git/uboot/u-boot/build/mt7986/release/bl2/platform_helpers.o
                0x0000000000201664                plat_panic_handler
                0x000000000020166c                __TEXT_RESIDENT_END__ = .
 *(SORT_BY_ALIGNMENT(.text*))
 .text.bl2_arch_setup
                0x000000000020166c        0xc /media/data_nvme/git/uboot/u-boot/build/mt7986/release/bl2/bl2_arch_setup.o
                0x000000000020166c                bl2_arch_setup
 .text.mtk_ar_update_bl_ar_ver
                0x0000000000201678        0x8 /media/data_nvme/git/uboot/u-boot/build/mt7986/release/bl2/bl2_image_load_v2.o
                0x0000000000201678                mtk_ar_update_bl_ar_ver
 .text.bl2_load_images
                0x0000000000201680      0x110 /media/data_nvme/git/uboot/u-boot/build/mt7986/release/bl2/bl2_image_load_v2.o
                0x0000000000201680                bl2_load_images
 .text.bl2_el3_setup
                0x0000000000201790       0x14 /media/data_nvme/git/uboot/u-boot/build/mt7986/release/bl2/bl2_main.o
                0x0000000000201790                bl2_el3_setup
 .text.bl2_main
                0x00000000002017a4       0x6c /media/data_nvme/git/uboot/u-boot/build/mt7986/release/bl2/bl2_main.o
                0x00000000002017a4                bl2_main
 .text.flush_bl_params_desc_args
                0x0000000000201810       0x30 /media/data_nvme/git/uboot/u-boot/build/mt7986/release/bl2/desc_image_load.o
                0x0000000000201810                flush_bl_params_desc_args
 .text.flush_bl_params_desc
                0x0000000000201840       0x1c /media/data_nvme/git/uboot/u-boot/build/mt7986/release/bl2/desc_image_load.o
                0x0000000000201840                flush_bl_params_desc
 .text.get_bl_params_node_index
                0x000000000020185c       0x4c /media/data_nvme/git/uboot/u-boot/build/mt7986/release/bl2/desc_image_load.o
                0x000000000020185c                get_bl_params_node_index
 .text.get_bl_mem_params_node
                0x00000000002018a8       0x30 /media/data_nvme/git/uboot/u-boot/build/mt7986/release/bl2/desc_image_load.o
                0x00000000002018a8                get_bl_mem_params_node
 .text.get_bl_load_info_from_mem_params_desc
                0x00000000002018d8       0x74 /media/data_nvme/git/uboot/u-boot/build/mt7986/release/bl2/desc_image_load.o
                0x00000000002018d8                get_bl_load_info_from_mem_params_desc
 .text.get_next_bl_params_from_mem_params_desc
                0x000000000020194c       0xd8 /media/data_nvme/git/uboot/u-boot/build/mt7986/release/bl2/desc_image_load.o
                0x000000000020194c                get_next_bl_params_from_mem_params_desc
 .text.image_decompress_init
                0x0000000000201a24       0x1c /media/data_nvme/git/uboot/u-boot/build/mt7986/release/bl2/image_decompress.o
                0x0000000000201a24                image_decompress_init
 .text.image_decompress_prepare
                0x0000000000201a40       0x3c /media/data_nvme/git/uboot/u-boot/build/mt7986/release/bl2/image_decompress.o
                0x0000000000201a40                image_decompress_prepare
 .text.image_decompress
                0x0000000000201a7c       0xa8 /media/data_nvme/git/uboot/u-boot/build/mt7986/release/bl2/image_decompress.o
                0x0000000000201a7c                image_decompress
 .text.tf_crc32
                0x0000000000201b24       0x28 /media/data_nvme/git/uboot/u-boot/build/mt7986/release/bl2/tf_crc32.o
                0x0000000000201b24                tf_crc32
 .text.udelay   0x0000000000201b4c       0x68 /media/data_nvme/git/uboot/u-boot/build/mt7986/release/bl2/delay_timer.o
                0x0000000000201b4c                udelay
 .text.mdelay   0x0000000000201bb4        0xc /media/data_nvme/git/uboot/u-boot/build/mt7986/release/bl2/delay_timer.o
                0x0000000000201bb4                mdelay
 .text.timer_init
                0x0000000000201bc0        0xc /media/data_nvme/git/uboot/u-boot/build/mt7986/release/bl2/delay_timer.o
                0x0000000000201bc0                timer_init
 .text.gpio_init
                0x0000000000201bcc        0xc /media/data_nvme/git/uboot/u-boot/build/mt7986/release/bl2/gpio.o
                0x0000000000201bcc                gpio_init
 .text.device_type_block
                0x0000000000201bd8        0x8 /media/data_nvme/git/uboot/u-boot/build/mt7986/release/bl2/io_block.o
                0x0000000000201bd8                device_type_block
 .text.block_open
                0x0000000000201be0       0x1c /media/data_nvme/git/uboot/u-boot/build/mt7986/release/bl2/io_block.o
 .text.block_seek
                0x0000000000201bfc       0x30 /media/data_nvme/git/uboot/u-boot/build/mt7986/release/bl2/io_block.o
 .text.block_close
                0x0000000000201c2c        0xc /media/data_nvme/git/uboot/u-boot/build/mt7986/release/bl2/io_block.o
 .text.block_write
                0x0000000000201c38      0x15c /media/data_nvme/git/uboot/u-boot/build/mt7986/release/bl2/io_block.o
 .text.block_read
                0x0000000000201d94       0xfc /media/data_nvme/git/uboot/u-boot/build/mt7986/release/bl2/io_block.o
 .text.block_dev_close
                0x0000000000201e90       0x64 /media/data_nvme/git/uboot/u-boot/build/mt7986/release/bl2/io_block.o
 .text.block_dev_open
                0x0000000000201ef4       0x60 /media/data_nvme/git/uboot/u-boot/build/mt7986/release/bl2/io_block.o
 .text.register_io_dev_block
                0x0000000000201f54       0x38 /media/data_nvme/git/uboot/u-boot/build/mt7986/release/bl2/io_block.o
                0x0000000000201f54                register_io_dev_block
 .text.device_type_fip
                0x0000000000201f8c        0x8 /media/data_nvme/git/uboot/u-boot/build/mt7986/release/bl2/io_fip.o
 .text.fip_file_len
                0x0000000000201f94       0x14 /media/data_nvme/git/uboot/u-boot/build/mt7986/release/bl2/io_fip.o
 .text.fip_file_close
                0x0000000000201fa8       0x3c /media/data_nvme/git/uboot/u-boot/build/mt7986/release/bl2/io_fip.o
 .text.fip_dev_init
                0x0000000000201fe4       0xb4 /media/data_nvme/git/uboot/u-boot/build/mt7986/release/bl2/io_fip.o
 .text.fip_file_read
                0x0000000000202098       0xb8 /media/data_nvme/git/uboot/u-boot/build/mt7986/release/bl2/io_fip.o
 .text.fip_dev_open
                0x0000000000202150       0x60 /media/data_nvme/git/uboot/u-boot/build/mt7986/release/bl2/io_fip.o
 .text.fip_file_open
                0x00000000002021b0       0xf4 /media/data_nvme/git/uboot/u-boot/build/mt7986/release/bl2/io_fip.o
 .text.fip_dev_close
                0x00000000002022a4       0x5c /media/data_nvme/git/uboot/u-boot/build/mt7986/release/bl2/io_fip.o
 .text.register_io_dev_fip
                0x0000000000202300       0x38 /media/data_nvme/git/uboot/u-boot/build/mt7986/release/bl2/io_fip.o
                0x0000000000202300                register_io_dev_fip
 .text.free_entity.isra.0
                0x0000000000202338       0x44 /media/data_nvme/git/uboot/u-boot/build/mt7986/release/bl2/io_storage.o
 .text.io_register_device
                0x000000000020237c       0x28 /media/data_nvme/git/uboot/u-boot/build/mt7986/release/bl2/io_storage.o
                0x000000000020237c                io_register_device
 .text.io_dev_open
                0x00000000002023a4       0x18 /media/data_nvme/git/uboot/u-boot/build/mt7986/release/bl2/io_storage.o
                0x00000000002023a4                io_dev_open
 .text.io_dev_init
                0x00000000002023bc       0x1c /media/data_nvme/git/uboot/u-boot/build/mt7986/release/bl2/io_storage.o
                0x00000000002023bc                io_dev_init
 .text.io_dev_close
                0x00000000002023d8       0x1c /media/data_nvme/git/uboot/u-boot/build/mt7986/release/bl2/io_storage.o
                0x00000000002023d8                io_dev_close
 .text.io_open  0x00000000002023f4       0xd4 /media/data_nvme/git/uboot/u-boot/build/mt7986/release/bl2/io_storage.o
                0x00000000002023f4                io_open
 .text.io_seek  0x00000000002024c8       0x20 /media/data_nvme/git/uboot/u-boot/build/mt7986/release/bl2/io_storage.o
                0x00000000002024c8                io_seek
 .text.io_size  0x00000000002024e8       0x20 /media/data_nvme/git/uboot/u-boot/build/mt7986/release/bl2/io_storage.o
                0x00000000002024e8                io_size
 .text.io_read  0x0000000000202508       0x20 /media/data_nvme/git/uboot/u-boot/build/mt7986/release/bl2/io_storage.o
                0x0000000000202508                io_read
 .text.io_close
                0x0000000000202528       0x48 /media/data_nvme/git/uboot/u-boot/build/mt7986/release/bl2/io_storage.o
                0x0000000000202528                io_close
 .text.mmc_send_cmd
                0x0000000000202570       0xf0 /media/data_nvme/git/uboot/u-boot/build/mt7986/release/bl2/mmc.o
 .text.mmc_device_state
                0x0000000000202660       0x74 /media/data_nvme/git/uboot/u-boot/build/mt7986/release/bl2/mmc.o
 .text.sd_switch.constprop.0
                0x00000000002026d4       0x9c /media/data_nvme/git/uboot/u-boot/build/mt7986/release/bl2/mmc.o
 .text.mmc_read_blocks
                0x0000000000202770      0x124 /media/data_nvme/git/uboot/u-boot/build/mt7986/release/bl2/mmc.o
                0x0000000000202770                mmc_read_blocks
 .text.mmc_init
                0x0000000000202894      0x5f8 /media/data_nvme/git/uboot/u-boot/build/mt7986/release/bl2/mmc.o
                0x0000000000202894                mmc_init
 .text.parse_gpt_entry
                0x0000000000202e8c       0xcc /media/data_nvme/git/uboot/u-boot/build/mt7986/release/bl2/gpt.o
                0x0000000000202e8c                parse_gpt_entry
 .text.load_partition_table
                0x0000000000202f58      0x298 /media/data_nvme/git/uboot/u-boot/build/mt7986/release/bl2/partition.o
                0x0000000000202f58                load_partition_table
 .text.get_partition_entry
                0x00000000002031f0       0x78 /media/data_nvme/git/uboot/u-boot/build/mt7986/release/bl2/partition.o
                0x00000000002031f0                get_partition_entry
 .text.partition_init
                0x0000000000203268        0x4 /media/data_nvme/git/uboot/u-boot/build/mt7986/release/bl2/partition.o
                0x0000000000203268                partition_init
 .text.xz_malloc
                0x000000000020326c       0x68 /media/data_nvme/git/uboot/u-boot/build/mt7986/release/bl2/tf_unxz.o
                0x000000000020326c                xz_malloc
 .text.unxz     0x00000000002032d4      0x13c /media/data_nvme/git/uboot/u-boot/build/mt7986/release/bl2/tf_unxz.o
                0x00000000002032d4                unxz
 .text.xz_crc32_init
                0x0000000000203410       0x44 /media/data_nvme/git/uboot/u-boot/build/mt7986/release/bl2/xz_crc32.o
                0x0000000000203410                xz_crc32_init
 .text.xz_crc32
                0x0000000000203454       0x3c /media/data_nvme/git/uboot/u-boot/build/mt7986/release/bl2/xz_crc32.o
                0x0000000000203454                xz_crc32
 .text.dict_repeat
                0x0000000000203490       0xac /media/data_nvme/git/uboot/u-boot/build/mt7986/release/bl2/xz_dec_lzma2.o
 .text.lzma_len
                0x000000000020353c      0x1d4 /media/data_nvme/git/uboot/u-boot/build/mt7986/release/bl2/xz_dec_lzma2.o
 .text.lzma_main
                0x0000000000203710      0x8c8 /media/data_nvme/git/uboot/u-boot/build/mt7986/release/bl2/xz_dec_lzma2.o
 .text.xz_dec_lzma2_run
                0x0000000000203fd8      0x668 /media/data_nvme/git/uboot/u-boot/build/mt7986/release/bl2/xz_dec_lzma2.o
                0x0000000000203fd8                xz_dec_lzma2_run
 .text.xz_dec_lzma2_create
                0x0000000000204640       0x34 /media/data_nvme/git/uboot/u-boot/build/mt7986/release/bl2/xz_dec_lzma2.o
                0x0000000000204640                xz_dec_lzma2_create
 .text.xz_dec_lzma2_reset
                0x0000000000204674       0x4c /media/data_nvme/git/uboot/u-boot/build/mt7986/release/bl2/xz_dec_lzma2.o
                0x0000000000204674                xz_dec_lzma2_reset
 .text.xz_dec_lzma2_end
                0x00000000002046c0        0x4 /media/data_nvme/git/uboot/u-boot/build/mt7986/release/bl2/xz_dec_lzma2.o
                0x00000000002046c0                xz_dec_lzma2_end
 .text.get_unaligned_le32
                0x00000000002046c4       0x20 /media/data_nvme/git/uboot/u-boot/build/mt7986/release/bl2/xz_dec_stream.o
 .text.dec_vli  0x00000000002046e4       0x78 /media/data_nvme/git/uboot/u-boot/build/mt7986/release/bl2/xz_dec_stream.o
 .text.index_update
                0x000000000020475c       0x48 /media/data_nvme/git/uboot/u-boot/build/mt7986/release/bl2/xz_dec_stream.o
 .text.fill_temp
                0x00000000002047a4       0x94 /media/data_nvme/git/uboot/u-boot/build/mt7986/release/bl2/xz_dec_stream.o
 .text.xz_dec_reset
                0x0000000000204838       0x50 /media/data_nvme/git/uboot/u-boot/build/mt7986/release/bl2/xz_dec_stream.o
                0x0000000000204838                xz_dec_reset
 .text.xz_dec_run
                0x0000000000204888      0x700 /media/data_nvme/git/uboot/u-boot/build/mt7986/release/bl2/xz_dec_stream.o
                0x0000000000204888                xz_dec_run
 .text.xz_dec_init
                0x0000000000204f88       0x64 /media/data_nvme/git/uboot/u-boot/build/mt7986/release/bl2/xz_dec_stream.o
                0x0000000000204f88                xz_dec_init
 .text.xz_dec_end
                0x0000000000204fec       0x10 /media/data_nvme/git/uboot/u-boot/build/mt7986/release/bl2/xz_dec_stream.o
                0x0000000000204fec                xz_dec_end
 .text.mtk_mmc_gpt_image_setup
                0x0000000000204ffc       0x6c /media/data_nvme/git/uboot/u-boot/build/mt7986/release/bl2/bl2_boot_mmc.o
                0x0000000000204ffc                mtk_mmc_gpt_image_setup
 .text.mtk_fip_image_setup
                0x0000000000205068       0x74 /media/data_nvme/git/uboot/u-boot/build/mt7986/release/bl2/bl2_boot_mmc.o
                0x0000000000205068                mtk_fip_image_setup
 .text.check_gpt_dev
                0x00000000002050dc       0x10 /media/data_nvme/git/uboot/u-boot/build/mt7986/release/bl2/bl2_plat_setup.o
 .text.check_boot_dev
                0x00000000002050ec       0x10 /media/data_nvme/git/uboot/u-boot/build/mt7986/release/bl2/bl2_plat_setup.o
 .text.check_fip
                0x00000000002050fc       0x48 /media/data_nvme/git/uboot/u-boot/build/mt7986/release/bl2/bl2_plat_setup.o
 .text.plat_get_image_source
                0x0000000000205144       0x68 /media/data_nvme/git/uboot/u-boot/build/mt7986/release/bl2/bl2_plat_setup.o
                0x0000000000205144                plat_get_image_source
 .text.bl2_plat_preload_setup
                0x00000000002051ac       0x14 /media/data_nvme/git/uboot/u-boot/build/mt7986/release/bl2/bl2_plat_setup.o
                0x00000000002051ac                bl2_plat_preload_setup
 .text.bl2_plat_handle_pre_image_load
                0x00000000002051c0       0x2c /media/data_nvme/git/uboot/u-boot/build/mt7986/release/bl2/bl2_plat_setup.o
                0x00000000002051c0                bl2_plat_handle_pre_image_load
 .text.bl2_plat_handle_post_image_load
                0x00000000002051ec       0x38 /media/data_nvme/git/uboot/u-boot/build/mt7986/release/bl2/bl2_plat_setup.o
                0x00000000002051ec                bl2_plat_handle_post_image_load
 .text.plat_get_bl_image_load_info
                0x0000000000205224        0x4 /media/data_nvme/git/uboot/u-boot/build/mt7986/release/bl2/bl2_plat_setup.o
                0x0000000000205224                plat_get_bl_image_load_info
 .text.plat_get_next_bl_params
                0x0000000000205228        0x4 /media/data_nvme/git/uboot/u-boot/build/mt7986/release/bl2/bl2_plat_setup.o
                0x0000000000205228                plat_get_next_bl_params
 .text.plat_flush_next_bl_params
                0x000000000020522c        0x4 /media/data_nvme/git/uboot/u-boot/build/mt7986/release/bl2/bl2_plat_setup.o
                0x000000000020522c                plat_flush_next_bl_params
 .text.platform_mem_init
                0x0000000000205230        0x4 /media/data_nvme/git/uboot/u-boot/build/mt7986/release/bl2/bl2_plat_setup.o
                0x0000000000205230                platform_mem_init
 .text.bl2_el3_early_platform_setup
                0x0000000000205234       0x28 /media/data_nvme/git/uboot/u-boot/build/mt7986/release/bl2/bl2_plat_setup.o
                0x0000000000205234                bl2_el3_early_platform_setup
 .text.bl2_platform_setup
                0x000000000020525c       0x8c /media/data_nvme/git/uboot/u-boot/build/mt7986/release/bl2/bl2_plat_setup.o
                0x000000000020525c                bl2_platform_setup
 .text.mtk_gpt_stop
                0x00000000002052e8       0x14 /media/data_nvme/git/uboot/u-boot/build/mt7986/release/bl2/mt_gpt.o
                0x00000000002052e8                mtk_gpt_stop
 .text.mtk_gpt_start
                0x00000000002052fc       0x60 /media/data_nvme/git/uboot/u-boot/build/mt7986/release/bl2/mt_gpt.o
                0x00000000002052fc                mtk_gpt_start
 .text.mtk_gpt_reset
                0x000000000020535c       0x18 /media/data_nvme/git/uboot/u-boot/build/mt7986/release/bl2/mt_gpt.o
                0x000000000020535c                mtk_gpt_reset
 .text.mtk_gpt_init
                0x0000000000205374       0x64 /media/data_nvme/git/uboot/u-boot/build/mt7986/release/bl2/mt_gpt.o
                0x0000000000205374                mtk_gpt_init
 .text.mtk_gpt_get_counter
                0x00000000002053d8       0x60 /media/data_nvme/git/uboot/u-boot/build/mt7986/release/bl2/mt_gpt.o
                0x00000000002053d8                mtk_gpt_get_counter
 .text.msdc_card_busy
                0x0000000000205438       0x18 /media/data_nvme/git/uboot/u-boot/build/mt7986/release/bl2/mtk-sd.o
 .text.mtk_mmc_prepare
                0x0000000000205450       0x58 /media/data_nvme/git/uboot/u-boot/build/mt7986/release/bl2/mtk-sd.o
 .text.mtk_mmc_write
                0x00000000002054a8        0x8 /media/data_nvme/git/uboot/u-boot/build/mt7986/release/bl2/mtk-sd.o
 .text.mtk_mmc_read
                0x00000000002054b0      0x17c /media/data_nvme/git/uboot/u-boot/build/mt7986/release/bl2/mtk-sd.o
 .text.msdc_ops_set_ios
                0x000000000020562c      0x1a8 /media/data_nvme/git/uboot/u-boot/build/mt7986/release/bl2/mtk-sd.o
 .text.msdc_reset_hw.constprop.0
                0x00000000002057d4       0x20 /media/data_nvme/git/uboot/u-boot/build/mt7986/release/bl2/mtk-sd.o
 .text.msdc_init_hw
                0x00000000002057f4      0x228 /media/data_nvme/git/uboot/u-boot/build/mt7986/release/bl2/mtk-sd.o
 .text.mtk_mmc_send_cmd
                0x0000000000205a1c      0x224 /media/data_nvme/git/uboot/u-boot/build/mt7986/release/bl2/mtk-sd.o
 .text.mtk_mmc_init
                0x0000000000205c40       0x54 /media/data_nvme/git/uboot/u-boot/build/mt7986/release/bl2/mtk-sd.o
                0x0000000000205c40                mtk_mmc_init
 .text.mtk_plat_mmc_setup
                0x0000000000205c94      0x1f4 /media/data_nvme/git/uboot/u-boot/build/mt7986/release/bl2/bl2_dev_mmc.o
                0x0000000000205c94                mtk_plat_mmc_setup
 .text.mtk_clock_init
                0x0000000000205e88        0x4 /media/data_nvme/git/uboot/u-boot/build/mt7986/release/bl2/bl2_plat_init.o
 .text.mtk_netsys_init
                0x0000000000205e8c       0x28 /media/data_nvme/git/uboot/u-boot/build/mt7986/release/bl2/bl2_plat_init.o
 .text.mtk_pcie_init
                0x0000000000205eb4       0x10 /media/data_nvme/git/uboot/u-boot/build/mt7986/release/bl2/bl2_plat_init.o
 .text.mtk_rng_init
                0x0000000000205ec4       0x18 /media/data_nvme/git/uboot/u-boot/build/mt7986/release/bl2/bl2_plat_init.o
 .text.mtk_dcm_init
                0x0000000000205edc       0x10 /media/data_nvme/git/uboot/u-boot/build/mt7986/release/bl2/bl2_plat_init.o
 .text.mtk_print_cpu
                0x0000000000205eec       0x28 /media/data_nvme/git/uboot/u-boot/build/mt7986/release/bl2/bl2_plat_init.o
 .text.mt7986_pll_init
                0x0000000000205f14        0x8 /media/data_nvme/git/uboot/u-boot/build/mt7986/release/bl2/bl2_plat_init.o
 .text.mtk_wdt_init
                0x0000000000205f1c       0x18 /media/data_nvme/git/uboot/u-boot/build/mt7986/release/bl2/bl2_plat_init.o
 .text.mt7986_i2c_init
                0x0000000000205f34        0x4 /media/data_nvme/git/uboot/u-boot/build/mt7986/release/bl2/bl2_plat_init.o
 .text.bl2_el3_plat_arch_setup
                0x0000000000205f38        0x4 /media/data_nvme/git/uboot/u-boot/build/mt7986/release/bl2/bl2_plat_init.o
                0x0000000000205f38                bl2_el3_plat_arch_setup
 .text.plat_is_my_cpu_primary
                0x0000000000205f3c        0x8 /media/data_nvme/git/uboot/u-boot/build/mt7986/release/bl2/bl2_plat_init.o
                0x0000000000205f3c                plat_is_my_cpu_primary
 .text.mtk_mem_init
                0x0000000000205f44       0x2c /media/data_nvme/git/uboot/u-boot/build/mt7986/release/bl2/emicfg.o
                0x0000000000205f44                mtk_mem_init
 .text.mtk_mem_dbg_print
                0x0000000000205f70       0x60 /media/data_nvme/git/uboot/u-boot/build/mt7986/release/bl2/emicfg.o
                0x0000000000205f70                mtk_mem_dbg_print
 .text.mtk_mem_err_print
                0x0000000000205fd0       0x84 /media/data_nvme/git/uboot/u-boot/build/mt7986/release/bl2/emicfg.o
                0x0000000000205fd0                mtk_mem_err_print
 .text.mt_set_pinmux_mode
                0x0000000000206054       0x60 /media/data_nvme/git/uboot/u-boot/build/mt7986/release/bl2/mt7986_gpio.o
 .text.mt_get_pinmux_mode
                0x00000000002060b4       0x3c /media/data_nvme/git/uboot/u-boot/build/mt7986/release/bl2/mt7986_gpio.o
 .text.mt_set_gpio_dir
                0x00000000002060f0       0x68 /media/data_nvme/git/uboot/u-boot/build/mt7986/release/bl2/mt7986_gpio.o
 .text.mt_get_gpio_dir
                0x0000000000206158       0x40 /media/data_nvme/git/uboot/u-boot/build/mt7986/release/bl2/mt7986_gpio.o
 .text.mt_set_gpio_out
                0x0000000000206198       0x48 /media/data_nvme/git/uboot/u-boot/build/mt7986/release/bl2/mt7986_gpio.o
 .text.mt_get_gpio_in
                0x00000000002061e0       0x3c /media/data_nvme/git/uboot/u-boot/build/mt7986/release/bl2/mt7986_gpio.o
 .text.mt_gpio_find_reg_addr
                0x000000000020621c       0x38 /media/data_nvme/git/uboot/u-boot/build/mt7986/release/bl2/mt7986_gpio.o
 .text.mt_gpio_set_pull_pupd
                0x0000000000206254       0xac /media/data_nvme/git/uboot/u-boot/build/mt7986/release/bl2/mt7986_gpio.o
 .text.mt_get_gpio_pull
                0x0000000000206300       0xa8 /media/data_nvme/git/uboot/u-boot/build/mt7986/release/bl2/mt7986_gpio.o
 .text.mt_set_gpio_pull
                0x00000000002063a8       0x34 /media/data_nvme/git/uboot/u-boot/build/mt7986/release/bl2/mt7986_gpio.o
 .text.mtk_pin_init
                0x00000000002063dc        0xc /media/data_nvme/git/uboot/u-boot/build/mt7986/release/bl2/mt7986_gpio.o
                0x00000000002063dc                mtk_pin_init
 .text.mt7986_set_default_pinmux
                0x00000000002063e8       0x84 /media/data_nvme/git/uboot/u-boot/build/mt7986/release/bl2/mt7986_gpio.o
                0x00000000002063e8                mt7986_set_default_pinmux
 .text.mt_get_ckgen_ck_freq
                0x000000000020646c       0xac /media/data_nvme/git/uboot/u-boot/build/mt7986/release/bl2/pll.o
                0x000000000020646c                mt_get_ckgen_ck_freq
 .text.mtk_pll_init
                0x0000000000206518      0x3f0 /media/data_nvme/git/uboot/u-boot/build/mt7986/release/bl2/pll.o
                0x0000000000206518                mtk_pll_init
 .text.get_timer_value
                0x0000000000206908       0x20 /media/data_nvme/git/uboot/u-boot/build/mt7986/release/bl2/timer.o
 .text.mtk_timer_init
                0x0000000000206928       0x78 /media/data_nvme/git/uboot/u-boot/build/mt7986/release/bl2/timer.o
                0x0000000000206928                mtk_timer_init
 .text.mtk_wdt_control
                0x00000000002069a0       0x50 /media/data_nvme/git/uboot/u-boot/build/mt7986/release/bl2/mtk_wdt.o
                0x00000000002069a0                mtk_wdt_control
 .text.mtk_wdt_print_status
                0x00000000002069f0       0xc8 /media/data_nvme/git/uboot/u-boot/build/mt7986/release/bl2/mtk_wdt.o
                0x00000000002069f0                mtk_wdt_print_status
 .text.load_auth_image
                0x0000000000206ab8       0xec /media/data_nvme/git/uboot/u-boot/build/mt7986/release/bl2/bl_common.o
                0x0000000000206ab8                load_auth_image
 .text.print_entry_point_info
                0x0000000000206ba4        0x4 /media/data_nvme/git/uboot/u-boot/build/mt7986/release/bl2/bl_common.o
                0x0000000000206ba4                print_entry_point_info
 .text.tf_log   0x0000000000206ba8       0x94 /media/data_nvme/git/uboot/u-boot/build/mt7986/release/bl2/tf_log.o
                0x0000000000206ba8                tf_log
 .text.console_is_registered
                0x0000000000206c3c       0x2c /media/data_nvme/git/uboot/u-boot/build/mt7986/release/bl2/multi_console.o
                0x0000000000206c3c                console_is_registered
 .text.console_register
                0x0000000000206c68       0x34 /media/data_nvme/git/uboot/u-boot/build/mt7986/release/bl2/multi_console.o
                0x0000000000206c68                console_register
 .text.console_putc
                0x0000000000206c9c       0x9c /media/data_nvme/git/uboot/u-boot/build/mt7986/release/bl2/multi_console.o
                0x0000000000206c9c                console_putc
 .text.putchar  0x0000000000206d38       0x28 /media/data_nvme/git/uboot/u-boot/build/mt7986/release/bl2/multi_console.o
                0x0000000000206d38                putchar
 .text.console_flush
                0x0000000000206d60       0x54 /media/data_nvme/git/uboot/u-boot/build/mt7986/release/bl2/multi_console.o
                0x0000000000206d60                console_flush
 .text.bl2_el3_plat_prepare_exit
                0x0000000000206db4        0x4 /media/data_nvme/git/uboot/u-boot/build/mt7986/release/bl2/plat_bl_common.o
                0x0000000000206db4                bl2_el3_plat_prepare_exit
 .text.plat_error_handler
                0x0000000000206db8        0x8 /media/data_nvme/git/uboot/u-boot/build/mt7986/release/bl2/plat_bl_common.o
                0x0000000000206db8                plat_error_handler
 .text.plat_try_next_boot_source
                0x0000000000206dc0        0x8 /media/data_nvme/git/uboot/u-boot/build/mt7986/release/bl2/plat_bl_common.o
                0x0000000000206dc0                plat_try_next_boot_source
 .text.plat_log_get_prefix
                0x0000000000206dc8       0x30 /media/data_nvme/git/uboot/u-boot/build/mt7986/release/bl2/plat_log_common.o
                0x0000000000206dc8                plat_log_get_prefix
 .text.complex_mem_test
                0x0000000000206df8      0x6dc plat/mediatek/mt7986/drivers/dram/release/dram.o
                0x0000000000206df8                complex_mem_test
 .text.mtk_mem_init_real
                0x00000000002074d4      0x13c plat/mediatek/mt7986/drivers/dram/release/dram.o
                0x00000000002074d4                mtk_mem_init_real
 .text.ANA_PLL_shuffle_Config
                0x0000000000207610      0x2a0 plat/mediatek/mt7986/drivers/dram/release/dram.o
                0x0000000000207610                ANA_PLL_shuffle_Config
 .text.ANA_CLK_DIV_config_setting
                0x00000000002078b0      0xb40 plat/mediatek/mt7986/drivers/dram/release/dram.o
                0x00000000002078b0                ANA_CLK_DIV_config_setting
 .text.ANA_DLL_non_shuffle_config
                0x00000000002083f0      0x2e0 plat/mediatek/mt7986/drivers/dram/release/dram.o
                0x00000000002083f0                ANA_DLL_non_shuffle_config
 .text.ANA_DLL_shuffle_Config
                0x00000000002086d0      0x480 plat/mediatek/mt7986/drivers/dram/release/dram.o
                0x00000000002086d0                ANA_DLL_shuffle_Config
 .text.ANA_ARPI_shuffle_config
                0x0000000000208b50      0x27c plat/mediatek/mt7986/drivers/dram/release/dram.o
                0x0000000000208b50                ANA_ARPI_shuffle_config
 .text.ANA_TX_nonshuffle_config
                0x0000000000208dcc      0xd5c plat/mediatek/mt7986/drivers/dram/release/dram.o
                0x0000000000208dcc                ANA_TX_nonshuffle_config
 .text.ANA_TX_shuffle_config
                0x0000000000209b28      0x368 plat/mediatek/mt7986/drivers/dram/release/dram.o
                0x0000000000209b28                ANA_TX_shuffle_config
 .text.ANA_RX_shuffle_config
                0x0000000000209e90      0x328 plat/mediatek/mt7986/drivers/dram/release/dram.o
                0x0000000000209e90                ANA_RX_shuffle_config
 .text.ANA_RX_nonshuffle_config
                0x000000000020a1b8      0x33c plat/mediatek/mt7986/drivers/dram/release/dram.o
                0x000000000020a1b8                ANA_RX_nonshuffle_config
 .text.RESETB_PULL_DN
                0x000000000020a4f4       0xb0 plat/mediatek/mt7986/drivers/dram/release/dram.o
                0x000000000020a4f4                RESETB_PULL_DN
 .text.SUSPEND_ON
                0x000000000020a5a4       0xd0 plat/mediatek/mt7986/drivers/dram/release/dram.o
                0x000000000020a5a4                SUSPEND_ON
 .text.SPM_control
                0x000000000020a674      0x1cc plat/mediatek/mt7986/drivers/dram/release/dram.o
                0x000000000020a674                SPM_control
 .text.ANA_OPEN_LOOP_MODE_config
                0x000000000020a840      0x178 plat/mediatek/mt7986/drivers/dram/release/dram.o
                0x000000000020a840                ANA_OPEN_LOOP_MODE_config
 .text.DIG_DCM_nonshuffle_config
                0x000000000020a9b8       0x54 plat/mediatek/mt7986/drivers/dram/release/dram.o
                0x000000000020a9b8                DIG_DCM_nonshuffle_config
 .text.DIG_PHY_SHU_MISC_CG_CTRL
                0x000000000020aa0c       0x1c plat/mediatek/mt7986/drivers/dram/release/dram.o
                0x000000000020aa0c                DIG_PHY_SHU_MISC_CG_CTRL
 .text.ANA_IMP_configure
                0x000000000020aa28       0x64 plat/mediatek/mt7986/drivers/dram/release/dram.o
                0x000000000020aa28                ANA_IMP_configure
 .text.ANA_CLOCK_SWITCH
                0x000000000020aa8c      0x230 plat/mediatek/mt7986/drivers/dram/release/dram.o
                0x000000000020aa8c                ANA_CLOCK_SWITCH
 .text.ANA_Config_nonshuffle
                0x000000000020acbc       0x70 plat/mediatek/mt7986/drivers/dram/release/dram.o
                0x000000000020acbc                ANA_Config_nonshuffle
 .text.ANA_Config_shuffle
                0x000000000020ad2c       0x94 plat/mediatek/mt7986/drivers/dram/release/dram.o
                0x000000000020ad2c                ANA_Config_shuffle
 .text.ANA_PHY_Config
                0x000000000020adc0       0x30 plat/mediatek/mt7986/drivers/dram/release/dram.o
                0x000000000020adc0                ANA_PHY_Config
 .text.ANA_PLL_sequence
                0x000000000020adf0       0xa8 plat/mediatek/mt7986/drivers/dram/release/dram.o
                0x000000000020adf0                ANA_PLL_sequence
 .text.ANA_MIDPI_sequence
                0x000000000020ae98      0x738 plat/mediatek/mt7986/drivers/dram/release/dram.o
                0x000000000020ae98                ANA_MIDPI_sequence
 .text.ANA_DLL_sequence
                0x000000000020b5d0      0x264 plat/mediatek/mt7986/drivers/dram/release/dram.o
                0x000000000020b5d0                ANA_DLL_sequence
 .text.ANA_ClockOff_Sequence
                0x000000000020b834      0x298 plat/mediatek/mt7986/drivers/dram/release/dram.o
                0x000000000020b834                ANA_ClockOff_Sequence
 .text.ANA_ClockOff_Sequence_DRM
                0x000000000020bacc       0x54 plat/mediatek/mt7986/drivers/dram/release/dram.o
                0x000000000020bacc                ANA_ClockOff_Sequence_DRM
 .text.ANA_init_DRM
                0x000000000020bb20       0x64 plat/mediatek/mt7986/drivers/dram/release/dram.o
                0x000000000020bb20                ANA_init_DRM
 .text.ANA_init_sequence
                0x000000000020bb84       0x70 plat/mediatek/mt7986/drivers/dram/release/dram.o
                0x000000000020bb84                ANA_init_sequence
 .text.ANA_init
                0x000000000020bbf4       0x68 plat/mediatek/mt7986/drivers/dram/release/dram.o
                0x000000000020bbf4                ANA_init
 .text.DIG_PHY_config
                0x000000000020bc5c      0x390 plat/mediatek/mt7986/drivers/dram/release/dram.o
                0x000000000020bc5c                DIG_PHY_config
 .text.GATING_MODE_CFG
                0x000000000020bfec      0x138 plat/mediatek/mt7986/drivers/dram/release/dram.o
                0x000000000020bfec                GATING_MODE_CFG
 .text.DPHY_GAT_TRACK_Config
                0x000000000020c124      0x860 plat/mediatek/mt7986/drivers/dram/release/dram.o
                0x000000000020c124                DPHY_GAT_TRACK_Config
 .text.DIG_CONFIG_NONSHUF_DCM
                0x000000000020c984      0x634 plat/mediatek/mt7986/drivers/dram/release/dram.o
                0x000000000020c984                DIG_CONFIG_NONSHUF_DCM
 .text.DDRPHY_PICG_Config
                0x000000000020cfb8       0x70 plat/mediatek/mt7986/drivers/dram/release/dram.o
                0x000000000020cfb8                DDRPHY_PICG_Config
 .text.DRAMC_COMMON_Config
                0x000000000020d028      0x9dc plat/mediatek/mt7986/drivers/dram/release/dram.o
                0x000000000020d028                DRAMC_COMMON_Config
 .text.IO_Release
                0x000000000020da04      0x124 plat/mediatek/mt7986/drivers/dram/release/dram.o
                0x000000000020da04                IO_Release
 .text.DIG_STATIC_SETTING
                0x000000000020db28       0x6c plat/mediatek/mt7986/drivers/dram/release/dram.o
                0x000000000020db28                DIG_STATIC_SETTING
 .text.DIG_CONFIG_SHUF_ALG_TXCA
                0x000000000020db94      0x1e0 plat/mediatek/mt7986/drivers/dram/release/dram.o
                0x000000000020db94                DIG_CONFIG_SHUF_ALG_TXCA
 .text.DIG_CONFIG_SHUF_MISC_FIX
                0x000000000020dd74      0x678 plat/mediatek/mt7986/drivers/dram/release/dram.o
                0x000000000020dd74                DIG_CONFIG_SHUF_MISC_FIX
 .text.DIG_CONFIG_SHUF_DCM
                0x000000000020e3ec      0x394 plat/mediatek/mt7986/drivers/dram/release/dram.o
                0x000000000020e3ec                DIG_CONFIG_SHUF_DCM
 .text.DIG_CONFIG_SHUF_DBI
                0x000000000020e780      0x130 plat/mediatek/mt7986/drivers/dram/release/dram.o
                0x000000000020e780                DIG_CONFIG_SHUF_DBI
 .text.DIG_CONFIG_SHUF_PC4_TX_PREAMBLE
                0x000000000020e8b0      0x108 plat/mediatek/mt7986/drivers/dram/release/dram.o
                0x000000000020e8b0                DIG_CONFIG_SHUF_PC4_TX_PREAMBLE
 .text.DIG_CONFIG_SHUF
                0x000000000020e9b8       0xe8 plat/mediatek/mt7986/drivers/dram/release/dram.o
                0x000000000020e9b8                DIG_CONFIG_SHUF
 .text.PC3_DRAM_INIT_CWL_MRfield_config
                0x000000000020eaa0       0xd8 plat/mediatek/mt7986/drivers/dram/release/dram.o
                0x000000000020eaa0                PC3_DRAM_INIT_CWL_MRfield_config
 .text.PC3_DRAM_INIT_CL_MRfield_config
                0x000000000020eb78       0xb0 plat/mediatek/mt7986/drivers/dram/release/dram.o
                0x000000000020eb78                PC3_DRAM_INIT_CL_MRfield_config
 .text.PC3_DRAM_config
                0x000000000020ec28       0xe4 plat/mediatek/mt7986/drivers/dram/release/dram.o
                0x000000000020ec28                PC3_DRAM_config
 .text.Get_WL_by_MR_PC3
                0x000000000020ed0c       0x6c plat/mediatek/mt7986/drivers/dram/release/dram.o
                0x000000000020ed0c                Get_WL_by_MR_PC3
 .text.Get_RL_by_MR_PC3
                0x000000000020ed78       0xe0 plat/mediatek/mt7986/drivers/dram/release/dram.o
                0x000000000020ed78                Get_RL_by_MR_PC3
 .text.PC4_WR_INIT_MRfiled_config
                0x000000000020ee58       0x4c plat/mediatek/mt7986/drivers/dram/release/dram.o
                0x000000000020ee58                PC4_WR_INIT_MRfiled_config
 .text.PC4_DRAM_INIT_CWL_MRfield_config
                0x000000000020eea4       0xb0 plat/mediatek/mt7986/drivers/dram/release/dram.o
                0x000000000020eea4                PC4_DRAM_INIT_CWL_MRfield_config
 .text.PC4_DRAM_INIT_CL_MRfield_config
                0x000000000020ef54       0xc4 plat/mediatek/mt7986/drivers/dram/release/dram.o
                0x000000000020ef54                PC4_DRAM_INIT_CL_MRfield_config
 .text.Get_WL_by_MR_PC4
                0x000000000020f018       0x78 plat/mediatek/mt7986/drivers/dram/release/dram.o
                0x000000000020f018                Get_WL_by_MR_PC4
 .text.PC4_DRAM_config
                0x000000000020f090       0xec plat/mediatek/mt7986/drivers/dram/release/dram.o
                0x000000000020f090                PC4_DRAM_config
 .text.Get_RL_by_MR_PC4
                0x000000000020f17c       0x78 plat/mediatek/mt7986/drivers/dram/release/dram.o
                0x000000000020f17c                Get_RL_by_MR_PC4
 .text.vSetDFSTable
                0x000000000020f1f4        0x8 plat/mediatek/mt7986/drivers/dram/release/dram.o
                0x000000000020f1f4                vSetDFSTable
 .text.vInitMappingFreqArray
                0x000000000020f1fc       0x64 plat/mediatek/mt7986/drivers/dram/release/dram.o
                0x000000000020f1fc                vInitMappingFreqArray
 .text.get_shuffleIndex_by_Freq
                0x000000000020f260       0x4c plat/mediatek/mt7986/drivers/dram/release/dram.o
                0x000000000020f260                get_shuffleIndex_by_Freq
 .text.ANA_TOP_FUNCTION_CFG
                0x000000000020f2ac       0xf8 plat/mediatek/mt7986/drivers/dram/release/dram.o
                0x000000000020f2ac                ANA_TOP_FUNCTION_CFG
 .text.ANA_CLK_DIV_config
                0x000000000020f3a4      0x470 plat/mediatek/mt7986/drivers/dram/release/dram.o
                0x000000000020f3a4                ANA_CLK_DIV_config
 .text.DRAMC_SUBSYS_PRE_CONFIG
                0x000000000020f814      0x27c plat/mediatek/mt7986/drivers/dram/release/dram.o
                0x000000000020f814                DRAMC_SUBSYS_PRE_CONFIG
 .text.u4RegBaseAddrTraslate
                0x000000000020fa90      0x1b4 plat/mediatek/mt7986/drivers/dram/release/dram.o
                0x000000000020fa90                u4RegBaseAddrTraslate
 .text.u4Dram_Register_Read
                0x000000000020fc44       0x2c plat/mediatek/mt7986/drivers/dram/release/dram.o
                0x000000000020fc44                u4Dram_Register_Read
 .text.ucDram_Register_Write
                0x000000000020fc70       0x30 plat/mediatek/mt7986/drivers/dram/release/dram.o
                0x000000000020fc70                ucDram_Register_Write
 .text.vIO32Write4BMsk2
                0x000000000020fca0       0x48 plat/mediatek/mt7986/drivers/dram/release/dram.o
                0x000000000020fca0                vIO32Write4BMsk2
 .text.vIO32Write4B_All2
                0x000000000020fce8       0x5c plat/mediatek/mt7986/drivers/dram/release/dram.o
                0x000000000020fce8                vIO32Write4B_All2
 .text.vIO32Write4BMsk_All2
                0x000000000020fd44       0x98 plat/mediatek/mt7986/drivers/dram/release/dram.o
                0x000000000020fd44                vIO32Write4BMsk_All2
 .text.get_dq_ca_p2s_latency
                0x000000000020fddc       0xf8 plat/mediatek/mt7986/drivers/dram/release/dram.o
                0x000000000020fddc                get_dq_ca_p2s_latency
 .text.get_dqsien_p2s_latency
                0x000000000020fed4       0xd0 plat/mediatek/mt7986/drivers/dram/release/dram.o
                0x000000000020fed4                get_dqsien_p2s_latency
 .text.get_oe_p2s_latency
                0x000000000020ffa4       0x80 plat/mediatek/mt7986/drivers/dram/release/dram.o
                0x000000000020ffa4                get_oe_p2s_latency
 .text.A_div_B_RU
                0x0000000000210024       0x20 plat/mediatek/mt7986/drivers/dram/release/dram.o
                0x0000000000210024                A_div_B_RU
 .text.print_TX_path_config
                0x0000000000210044      0x328 plat/mediatek/mt7986/drivers/dram/release/dram.o
                0x0000000000210044                print_TX_path_config
 .text.print_TX_path_attribution
                0x000000000021036c      0x524 plat/mediatek/mt7986/drivers/dram/release/dram.o
                0x000000000021036c                print_TX_path_attribution
 .text.get_TX_path_config
                0x0000000000210890      0x2a8 plat/mediatek/mt7986/drivers/dram/release/dram.o
                0x0000000000210890                get_TX_path_config
 .text.calculate_TX_path_rg_val
                0x0000000000210b38      0x808 plat/mediatek/mt7986/drivers/dram/release/dram.o
                0x0000000000210b38                calculate_TX_path_rg_val
 .text.TX_PATH_auto_gen_and_set
                0x0000000000211340      0x7f0 plat/mediatek/mt7986/drivers/dram/release/dram.o
                0x0000000000211340                TX_PATH_auto_gen_and_set
 .text.get_max_val
                0x0000000000211b30       0x2c plat/mediatek/mt7986/drivers/dram/release/dram.o
                0x0000000000211b30                get_max_val
 .text.get_min_val
                0x0000000000211b5c       0x2c plat/mediatek/mt7986/drivers/dram/release/dram.o
                0x0000000000211b5c                get_min_val
 .text.print_RX_path_config
                0x0000000000211b88      0x304 plat/mediatek/mt7986/drivers/dram/release/dram.o
                0x0000000000211b88                print_RX_path_config
 .text.print_RX_path_rg_val
                0x0000000000211e8c      0x454 plat/mediatek/mt7986/drivers/dram/release/dram.o
                0x0000000000211e8c                print_RX_path_rg_val
 .text.get_RX_path_config
                0x00000000002122e0      0x34c plat/mediatek/mt7986/drivers/dram/release/dram.o
                0x00000000002122e0                get_RX_path_config
 .text.calculate_RX_path_rg_val
                0x000000000021262c      0x768 plat/mediatek/mt7986/drivers/dram/release/dram.o
                0x000000000021262c                calculate_RX_path_rg_val
 .text.RX_PATH_auto_gen_and_set
                0x0000000000212d94      0x728 plat/mediatek/mt7986/drivers/dram/release/dram.o
                0x0000000000212d94                RX_PATH_auto_gen_and_set
 .text.print_HW_ZQCAL_config
                0x00000000002134bc       0x84 plat/mediatek/mt7986/drivers/dram/release/dram.o
                0x00000000002134bc                print_HW_ZQCAL_config
 .text.DRAMC_HW_FUNC_ZQCAL_config
                0x0000000000213540       0x48 plat/mediatek/mt7986/drivers/dram/release/dram.o
                0x0000000000213540                DRAMC_HW_FUNC_ZQCAL_config
 .text.DIG_HW_NONSHUF_ZQCAL_CFG
                0x0000000000213588       0xcc plat/mediatek/mt7986/drivers/dram/release/dram.o
                0x0000000000213588                DIG_HW_NONSHUF_ZQCAL_CFG
 .text.DIG_HW_SHUF_ZQCAL_CFG
                0x0000000000213654       0x80 plat/mediatek/mt7986/drivers/dram/release/dram.o
                0x0000000000213654                DIG_HW_SHUF_ZQCAL_CFG
 .text.DIG_HW_NONSHUF_ZQCAL_SWITCH
                0x00000000002136d4       0x74 plat/mediatek/mt7986/drivers/dram/release/dram.o
                0x00000000002136d4                DIG_HW_NONSHUF_ZQCAL_SWITCH
 .text.DIG_HW_NONSHUF_DQSG_SWITCH
                0x0000000000213748       0x8c plat/mediatek/mt7986/drivers/dram/release/dram.o
                0x0000000000213748                DIG_HW_NONSHUF_DQSG_SWITCH
 .text.DIG_HW_ATTRIBUTE_INIT
                0x00000000002137d4       0x20 plat/mediatek/mt7986/drivers/dram/release/dram.o
                0x00000000002137d4                DIG_HW_ATTRIBUTE_INIT
 .text.DIG_HW_NONSHUF_CFG
                0x00000000002137f4       0x5c plat/mediatek/mt7986/drivers/dram/release/dram.o
                0x00000000002137f4                DIG_HW_NONSHUF_CFG
 .text.DIG_HW_SHUF_CFG
                0x0000000000213850       0x20 plat/mediatek/mt7986/drivers/dram/release/dram.o
                0x0000000000213850                DIG_HW_SHUF_CFG
 .text.DIG_HW_NONSHUF_SWITCH
                0x0000000000213870       0x58 plat/mediatek/mt7986/drivers/dram/release/dram.o
                0x0000000000213870                DIG_HW_NONSHUF_SWITCH
 .text.DIG_HW_SHUF_SWITCH
                0x00000000002138c8        0x4 plat/mediatek/mt7986/drivers/dram/release/dram.o
                0x00000000002138c8                DIG_HW_SHUF_SWITCH
 .text.SetClkFreeRun
                0x00000000002138cc       0xe8 plat/mediatek/mt7986/drivers/dram/release/dram.o
                0x00000000002138cc                SetClkFreeRun
 .text.CKE_FIX_ON
                0x00000000002139b4       0x4c plat/mediatek/mt7986/drivers/dram/release/dram.o
                0x00000000002139b4                CKE_FIX_ON
 .text.CKE_FIX_OFF
                0x0000000000213a00       0x4c plat/mediatek/mt7986/drivers/dram/release/dram.o
                0x0000000000213a00                CKE_FIX_OFF
 .text.get_cen_emi_cona
                0x0000000000213a4c       0x14 plat/mediatek/mt7986/drivers/dram/release/dram.o
                0x0000000000213a4c                get_cen_emi_cona
 .text.get_chn_emi_cona
                0x0000000000213a60       0x14 plat/mediatek/mt7986/drivers/dram/release/dram.o
                0x0000000000213a60                get_chn_emi_cona
 .text.get_channel_nr_by_emi
                0x0000000000213a74       0x20 plat/mediatek/mt7986/drivers/dram/release/dram.o
                0x0000000000213a74                get_channel_nr_by_emi
 .text.get_dram_rank_size_by_EMI_CONA
                0x0000000000213a94      0x1d0 plat/mediatek/mt7986/drivers/dram/release/dram.o
                0x0000000000213a94                get_dram_rank_size_by_EMI_CONA
 .text.phy_addr_to_dram_addr
                0x0000000000213c64      0x18c plat/mediatek/mt7986/drivers/dram/release/dram.o
                0x0000000000213c64                phy_addr_to_dram_addr
 .text.emi_config
                0x0000000000213df0      0x594 plat/mediatek/mt7986/drivers/dram/release/dram.o
                0x0000000000213df0                emi_config
 .text.mem_init_emi
                0x0000000000214384      0x15c plat/mediatek/mt7986/drivers/dram/release/dram.o
                0x0000000000214384                mem_init_emi
 .text.mdl_setting
                0x00000000002144e0       0x38 plat/mediatek/mt7986/drivers/dram/release/dram.o
                0x00000000002144e0                mdl_setting
 .text.dramc_set_vcore_voltage
                0x0000000000214518        0x8 plat/mediatek/mt7986/drivers/dram/release/dram.o
                0x0000000000214518                dramc_set_vcore_voltage
 .text.dramc_get_vcore_voltage
                0x0000000000214520        0x8 plat/mediatek/mt7986/drivers/dram/release/dram.o
                0x0000000000214520                dramc_get_vcore_voltage
 .text.dramc_get_vdram_voltage
                0x0000000000214528        0x8 plat/mediatek/mt7986/drivers/dram/release/dram.o
                0x0000000000214528                dramc_get_vdram_voltage
 .text.dramc_get_vddq_voltage
                0x0000000000214530        0x8 plat/mediatek/mt7986/drivers/dram/release/dram.o
                0x0000000000214530                dramc_get_vddq_voltage
 .text.dramc_get_vmddr_voltage
                0x0000000000214538        0x8 plat/mediatek/mt7986/drivers/dram/release/dram.o
                0x0000000000214538                dramc_get_vmddr_voltage
 .text.dramc_get_vio18_voltage
                0x0000000000214540        0x8 plat/mediatek/mt7986/drivers/dram/release/dram.o
                0x0000000000214540                dramc_get_vio18_voltage
 .text.mt_get_dram_type_from_hw_trap
                0x0000000000214548       0x18 plat/mediatek/mt7986/drivers/dram/release/dram.o
                0x0000000000214548                mt_get_dram_type_from_hw_trap
 .text.mt_get_dram_type
                0x0000000000214560       0x3c plat/mediatek/mt7986/drivers/dram/release/dram.o
                0x0000000000214560                mt_get_dram_type
 .text.release_dram
                0x000000000021459c       0xf8 plat/mediatek/mt7986/drivers/dram/release/dram.o
                0x000000000021459c                release_dram
 .text.check_ddr_reserve_status
                0x0000000000214694      0x1a0 plat/mediatek/mt7986/drivers/dram/release/dram.o
                0x0000000000214694                check_ddr_reserve_status
 .text.get_dram_channel_nr
                0x0000000000214834        0x4 plat/mediatek/mt7986/drivers/dram/release/dram.o
                0x0000000000214834                get_dram_channel_nr
 .text.get_dram_rank_nr
                0x0000000000214838       0x18 plat/mediatek/mt7986/drivers/dram/release/dram.o
                0x0000000000214838                get_dram_rank_nr
 .text.mt_set_emi
                0x0000000000214850       0x90 plat/mediatek/mt7986/drivers/dram/release/dram.o
                0x0000000000214850                mt_set_emi
 .text.dram_auto_detect_size
                0x00000000002148e0      0x1fc plat/mediatek/mt7986/drivers/dram/release/dram.o
                0x00000000002148e0                dram_auto_detect_size
 .text.set_emi_cona_by_size
                0x0000000000214adc      0x178 plat/mediatek/mt7986/drivers/dram/release/dram.o
                0x0000000000214adc                set_emi_cona_by_size
 .text.doe_get_config
                0x0000000000214c54        0x8 plat/mediatek/mt7986/drivers/dram/release/dram.o
                0x0000000000214c54                doe_get_config
 .text.u1GetACTimingIdx_ddr3
                0x0000000000214c5c       0xcc plat/mediatek/mt7986/drivers/dram/release/dram.o
                0x0000000000214c5c                u1GetACTimingIdx_ddr3
 .text.u1GetACTimingIdx_ddr4
                0x0000000000214d28       0xdc plat/mediatek/mt7986/drivers/dram/release/dram.o
                0x0000000000214d28                u1GetACTimingIdx_ddr4
 .text.DdrUpdateACTiming
                0x0000000000214e04     0x15c4 plat/mediatek/mt7986/drivers/dram/release/dram.o
                0x0000000000214e04                DdrUpdateACTiming
 .text.GetDramcBroadcast
                0x00000000002163c8       0x10 plat/mediatek/mt7986/drivers/dram/release/dram.o
                0x00000000002163c8                GetDramcBroadcast
 .text.DramcBroadcastOnOff
                0x00000000002163d8        0x4 plat/mediatek/mt7986/drivers/dram/release/dram.o
                0x00000000002163d8                DramcBroadcastOnOff
 .text.vSetPHY2ChannelMapping
                0x00000000002163dc        0xc plat/mediatek/mt7986/drivers/dram/release/dram.o
                0x00000000002163dc                vSetPHY2ChannelMapping
 .text.vGetPHY2ChannelMapping
                0x00000000002163e8        0x8 plat/mediatek/mt7986/drivers/dram/release/dram.o
                0x00000000002163e8                vGetPHY2ChannelMapping
 .text.vSetChannelNumber
                0x00000000002163f0        0xc plat/mediatek/mt7986/drivers/dram/release/dram.o
                0x00000000002163f0                vSetChannelNumber
 .text.vSetRank
                0x00000000002163fc        0xc plat/mediatek/mt7986/drivers/dram/release/dram.o
                0x00000000002163fc                vSetRank
 .text.u1GetRank
                0x0000000000216408        0x8 plat/mediatek/mt7986/drivers/dram/release/dram.o
                0x0000000000216408                u1GetRank
 .text.vSetRankNumber
                0x0000000000216410       0x30 plat/mediatek/mt7986/drivers/dram/release/dram.o
                0x0000000000216410                vSetRankNumber
 .text.vGet_PLL_FreqSel
                0x0000000000216440        0xc plat/mediatek/mt7986/drivers/dram/release/dram.o
                0x0000000000216440                vGet_PLL_FreqSel
 .text.vSet_PLL_FreqSel
                0x000000000021644c        0xc plat/mediatek/mt7986/drivers/dram/release/dram.o
                0x000000000021644c                vSet_PLL_FreqSel
 .text.vGet_DDR_Loop_Mode
                0x0000000000216458        0xc plat/mediatek/mt7986/drivers/dram/release/dram.o
                0x0000000000216458                vGet_DDR_Loop_Mode
 .text.vSet_Div_Mode
                0x0000000000216464        0xc plat/mediatek/mt7986/drivers/dram/release/dram.o
                0x0000000000216464                vSet_Div_Mode
 .text.vGet_Div_Mode
                0x0000000000216470        0xc plat/mediatek/mt7986/drivers/dram/release/dram.o
                0x0000000000216470                vGet_Div_Mode
 .text.vGet_Current_ShuLevel
                0x000000000021647c        0xc plat/mediatek/mt7986/drivers/dram/release/dram.o
                0x000000000021647c                vGet_Current_ShuLevel
 .text.Get_Duty_Calibration_Mode
                0x0000000000216488        0xc plat/mediatek/mt7986/drivers/dram/release/dram.o
                0x0000000000216488                Get_Duty_Calibration_Mode
 .text.Get_Vref_Calibration_OnOff
                0x0000000000216494        0xc plat/mediatek/mt7986/drivers/dram/release/dram.o
                0x0000000000216494                Get_Vref_Calibration_OnOff
 .text.vPrintCalibrationBasicInfo
                0x00000000002164a0       0x4c plat/mediatek/mt7986/drivers/dram/release/dram.o
                0x00000000002164a0                vPrintCalibrationBasicInfo
 .text.GetDataRateByFreq
                0x00000000002164ec       0xd4 plat/mediatek/mt7986/drivers/dram/release/dram.o
                0x00000000002164ec                GetDataRateByFreq
 .text.GetEyeScanEnable
                0x00000000002165c0        0x8 plat/mediatek/mt7986/drivers/dram/release/dram.o
                0x00000000002165c0                GetEyeScanEnable
 .text.CKEFixOnOff
                0x00000000002165c8      0x158 plat/mediatek/mt7986/drivers/dram/release/dram.o
                0x00000000002165c8                CKEFixOnOff
 .text.vAutoRefreshSwitch
                0x0000000000216720       0xf8 plat/mediatek/mt7986/drivers/dram/release/dram.o
                0x0000000000216720                vAutoRefreshSwitch
 .text.vCKERankCtrl
                0x0000000000216818       0xa0 plat/mediatek/mt7986/drivers/dram/release/dram.o
                0x0000000000216818                vCKERankCtrl
 .text.DramcSetRWOFOEN
                0x00000000002168b8       0x84 plat/mediatek/mt7986/drivers/dram/release/dram.o
                0x00000000002168b8                DramcSetRWOFOEN
 .text.DramcSetRankEngine2
                0x000000000021693c       0x78 plat/mediatek/mt7986/drivers/dram/release/dram.o
                0x000000000021693c                DramcSetRankEngine2
 .text.DramcEngine2SetPat
                0x00000000002169b4      0x240 plat/mediatek/mt7986/drivers/dram/release/dram.o
                0x00000000002169b4                DramcEngine2SetPat
 .text.DramcEngine2CheckComplete
                0x0000000000216bf4      0x10c plat/mediatek/mt7986/drivers/dram/release/dram.o
                0x0000000000216bf4                DramcEngine2CheckComplete
 .text.DramcEngine2Compare
                0x0000000000216d00      0x100 plat/mediatek/mt7986/drivers/dram/release/dram.o
                0x0000000000216d00                DramcEngine2Compare
 .text.DramcEngine2Init
                0x0000000000216e00      0x158 plat/mediatek/mt7986/drivers/dram/release/dram.o
                0x0000000000216e00                DramcEngine2Init
 .text.DramcEngine2Run
                0x0000000000216f58       0xec plat/mediatek/mt7986/drivers/dram/release/dram.o
                0x0000000000216f58                DramcEngine2Run
 .text.DramcEngine2End
                0x0000000000217044       0x60 plat/mediatek/mt7986/drivers/dram/release/dram.o
                0x0000000000217044                DramcEngine2End
 .text.TA2_Test_Run_Time_HW_Set_Column_Num
                0x00000000002170a4       0xa8 plat/mediatek/mt7986/drivers/dram/release/dram.o
                0x00000000002170a4                TA2_Test_Run_Time_HW_Set_Column_Num
 .text.TA2_Test_Run_Time_HW_Presetting
                0x000000000021714c      0x21c plat/mediatek/mt7986/drivers/dram/release/dram.o
                0x000000000021714c                TA2_Test_Run_Time_HW_Presetting
 .text.TA2_Test_Run_Time_Pat_Setting
                0x0000000000217368       0xc8 plat/mediatek/mt7986/drivers/dram/release/dram.o
                0x0000000000217368                TA2_Test_Run_Time_Pat_Setting
 .text.TA2_Test_Run_Time_HW_Write
                0x0000000000217430       0x84 plat/mediatek/mt7986/drivers/dram/release/dram.o
                0x0000000000217430                TA2_Test_Run_Time_HW_Write
 .text.TA2_Show_Cnt
                0x00000000002174b4       0xa8 plat/mediatek/mt7986/drivers/dram/release/dram.o
                0x00000000002174b4                TA2_Show_Cnt
 .text.TA2_Test_Run_Time_HW_Status
                0x000000000021755c       0xf4 plat/mediatek/mt7986/drivers/dram/release/dram.o
                0x000000000021755c                TA2_Test_Run_Time_HW_Status
 .text.TA2_Test_Run_Time_HW
                0x0000000000217650       0x60 plat/mediatek/mt7986/drivers/dram/release/dram.o
                0x0000000000217650                TA2_Test_Run_Time_HW
 .text.DramcTriggerRTSWCMD
                0x00000000002176b0      0x338 plat/mediatek/mt7986/drivers/dram/release/dram.o
                0x00000000002176b0                DramcTriggerRTSWCMD
 .text.DramcBackupRegisters
                0x00000000002179e8       0x60 plat/mediatek/mt7986/drivers/dram/release/dram.o
                0x00000000002179e8                DramcBackupRegisters
 .text.DramcRestoreRegisters
                0x0000000000217a48       0x60 plat/mediatek/mt7986/drivers/dram/release/dram.o
                0x0000000000217a48                DramcRestoreRegisters
 .text.MD32_initializaton
                0x0000000000217aa8      0x6cc plat/mediatek/mt7986/drivers/dram/release/dram.o
                0x0000000000217aa8                MD32_initializaton
 .text.vSetVcoreByFreq
                0x0000000000218174       0xcc plat/mediatek/mt7986/drivers/dram/release/dram.o
                0x0000000000218174                vSetVcoreByFreq
 .text.Get_RX_DelayCell
                0x0000000000218240        0x4 plat/mediatek/mt7986/drivers/dram/release/dram.o
                0x0000000000218240                Get_RX_DelayCell
 .text.PRE_MIOCK_JMETER_HQA_USED
                0x0000000000218244       0x68 plat/mediatek/mt7986/drivers/dram/release/dram.o
                0x0000000000218244                PRE_MIOCK_JMETER_HQA_USED
 .text.vDramCPUReadWriteTestAfterCalibration
                0x00000000002182ac       0xe4 plat/mediatek/mt7986/drivers/dram/release/dram.o
                0x00000000002182ac                vDramCPUReadWriteTestAfterCalibration
 .text.DramRankNumberDetection
                0x0000000000218390       0x98 plat/mediatek/mt7986/drivers/dram/release/dram.o
                0x0000000000218390                DramRankNumberDetection
 .text.vCalibration_Flow_For_MDL
                0x0000000000218428       0x9c plat/mediatek/mt7986/drivers/dram/release/dram.o
                0x0000000000218428                vCalibration_Flow_For_MDL
 .text.vDramCalibrationAllChannel
                0x00000000002184c4      0x210 plat/mediatek/mt7986/drivers/dram/release/dram.o
                0x00000000002184c4                vDramCalibrationAllChannel
 .text.Get_MDL_Used_Flag
                0x00000000002186d4        0xc plat/mediatek/mt7986/drivers/dram/release/dram.o
                0x00000000002186d4                Get_MDL_Used_Flag
 .text.Init_DramcSwImpedanceCal
                0x00000000002186e0       0x78 plat/mediatek/mt7986/drivers/dram/release/dram.o
                0x00000000002186e0                Init_DramcSwImpedanceCal
 .text.Init_Dram_Ctx_By_Type
                0x0000000000218758       0x5c plat/mediatek/mt7986/drivers/dram/release/dram.o
                0x0000000000218758                Init_Dram_Ctx_By_Type
 .text.dump_dramc_ctx
                0x00000000002187b4      0x134 plat/mediatek/mt7986/drivers/dram/release/dram.o
                0x00000000002187b4                dump_dramc_ctx
 .text.Init_DRAM
                0x00000000002188e8      0x268 plat/mediatek/mt7986/drivers/dram/release/dram.o
                0x00000000002188e8                Init_DRAM
 .text.Set_DRAM_Pinmux_Sel
                0x0000000000218b50       0x54 plat/mediatek/mt7986/drivers/dram/release/dram.o
                0x0000000000218b50                Set_DRAM_Pinmux_Sel
 .text.Set_DQO1_Pinmux_Mapping
                0x0000000000218ba4      0x1b0 plat/mediatek/mt7986/drivers/dram/release/dram.o
                0x0000000000218ba4                Set_DQO1_Pinmux_Mapping
 .text.Global_Option_Init
                0x0000000000218d54       0xa4 plat/mediatek/mt7986/drivers/dram/release/dram.o
                0x0000000000218d54                Global_Option_Init
 .text.MPLLInit
                0x0000000000218df8       0xac plat/mediatek/mt7986/drivers/dram/release/dram.o
                0x0000000000218df8                MPLLInit
 .text.XRTRTR_SHU_Setting
                0x0000000000218ea4        0x4 plat/mediatek/mt7986/drivers/dram/release/dram.o
                0x0000000000218ea4                XRTRTR_SHU_Setting
 .text.vReplaceDVInit
                0x0000000000218ea8      0xa2c plat/mediatek/mt7986/drivers/dram/release/dram.o
                0x0000000000218ea8                vReplaceDVInit
 .text.DramcInit_DutyCalibration
                0x00000000002198d4       0x8c plat/mediatek/mt7986/drivers/dram/release/dram.o
                0x00000000002198d4                DramcInit_DutyCalibration
 .text.DV_InitialSettings
                0x0000000000219960       0x48 plat/mediatek/mt7986/drivers/dram/release/dram.o
                0x0000000000219960                DV_InitialSettings
 .text.SA_InitialSettings2
                0x00000000002199a8       0x8c plat/mediatek/mt7986/drivers/dram/release/dram.o
                0x00000000002199a8                SA_InitialSettings2
 .text.SetCKE2RankIndependent
                0x0000000000219a34       0x30 plat/mediatek/mt7986/drivers/dram/release/dram.o
                0x0000000000219a34                SetCKE2RankIndependent
 .text.DramcShuTrackingDcmEnBySRAM
                0x0000000000219a64       0x58 plat/mediatek/mt7986/drivers/dram/release/dram.o
                0x0000000000219a64                DramcShuTrackingDcmEnBySRAM
 .text.DramcEnablePerBankRefresh
                0x0000000000219abc        0x4 plat/mediatek/mt7986/drivers/dram/release/dram.o
                0x0000000000219abc                DramcEnablePerBankRefresh
 .text.DramcRefreshRateDeBounceEnable
                0x0000000000219ac0       0x14 plat/mediatek/mt7986/drivers/dram/release/dram.o
                0x0000000000219ac0                DramcRefreshRateDeBounceEnable
 .text.DramcModifiedRefreshMode
                0x0000000000219ad4       0x58 plat/mediatek/mt7986/drivers/dram/release/dram.o
                0x0000000000219ad4                DramcModifiedRefreshMode
 .text.TXPICGSetting
                0x0000000000219b2c      0x330 plat/mediatek/mt7986/drivers/dram/release/dram.o
                0x0000000000219b2c                TXPICGSetting
 .text.RXPICGSetting
                0x0000000000219e5c      0x188 plat/mediatek/mt7986/drivers/dram/release/dram.o
                0x0000000000219e5c                RXPICGSetting
 .text.TXPICGNewModeEnable
                0x0000000000219fe4       0x14 plat/mediatek/mt7986/drivers/dram/release/dram.o
                0x0000000000219fe4                TXPICGNewModeEnable
 .text.DramcRunTimeConfig
                0x0000000000219ff8      0x290 plat/mediatek/mt7986/drivers/dram/release/dram.o
                0x0000000000219ff8                DramcRunTimeConfig
 .text.RODTSettings
                0x000000000021a288      0x234 plat/mediatek/mt7986/drivers/dram/release/dram.o
                0x000000000021a288                RODTSettings
 .text.DQSSTBSettings
                0x000000000021a4bc       0xa8 plat/mediatek/mt7986/drivers/dram/release/dram.o
                0x000000000021a4bc                DQSSTBSettings
 .text.SetMck8xLowPwrOption
                0x000000000021a564       0x18 plat/mediatek/mt7986/drivers/dram/release/dram.o
                0x000000000021a564                SetMck8xLowPwrOption
 .text.PC3_UpdateInitialSettings
                0x000000000021a57c      0x1e0 plat/mediatek/mt7986/drivers/dram/release/dram.o
                0x000000000021a57c                PC3_UpdateInitialSettings
 .text.PC4_UpdateInitialSettings
                0x000000000021a75c      0x1a4 plat/mediatek/mt7986/drivers/dram/release/dram.o
                0x000000000021a75c                PC4_UpdateInitialSettings
 .text.FMeter   0x000000000021a900       0xe8 plat/mediatek/mt7986/drivers/dram/release/dram.o
                0x000000000021a900                FMeter
 .text.DDRPhyFreqMeter
                0x000000000021a9e8       0xe0 plat/mediatek/mt7986/drivers/dram/release/dram.o
                0x000000000021a9e8                DDRPhyFreqMeter
 .text.SA_InitialSettings1
                0x000000000021aac8       0x88 plat/mediatek/mt7986/drivers/dram/release/dram.o
                0x000000000021aac8                SA_InitialSettings1
 .text.DFSInitForCalibration
                0x000000000021ab50      0x11c plat/mediatek/mt7986/drivers/dram/release/dram.o
                0x000000000021ab50                DFSInitForCalibration
 .text.SetRxDqDelay
                0x000000000021ac6c       0x6c plat/mediatek/mt7986/drivers/dram/release/dram.o
 .text.TXSetDelayReg_DQ
                0x000000000021acd8      0x148 plat/mediatek/mt7986/drivers/dram/release/dram.o
 .text.TXSetDelayReg_DQM
                0x000000000021ae20      0x148 plat/mediatek/mt7986/drivers/dram/release/dram.o
 .text.vImpCalVrefSel.isra.0
                0x000000000021af68       0x8c plat/mediatek/mt7986/drivers/dram/release/dram.o
 .text.vSetCalibrationResult
                0x000000000021aff4       0x8c plat/mediatek/mt7986/drivers/dram/release/dram.o
                0x000000000021aff4                vSetCalibrationResult
 .text.vPrintCalibrationResult
                0x000000000021b080      0x1bc plat/mediatek/mt7986/drivers/dram/release/dram.o
                0x000000000021b080                vPrintCalibrationResult
 .text.vInitGlobalVariablesByCondition
                0x000000000021b23c       0x14 plat/mediatek/mt7986/drivers/dram/release/dram.o
                0x000000000021b23c                vInitGlobalVariablesByCondition
 .text.get_dq_dramc2phy_mapping
                0x000000000021b250       0xa4 plat/mediatek/mt7986/drivers/dram/release/dram.o
                0x000000000021b250                get_dq_dramc2phy_mapping
 .text.vBeforeCalibration
                0x000000000021b2f4      0x35c plat/mediatek/mt7986/drivers/dram/release/dram.o
                0x000000000021b2f4                vBeforeCalibration
 .text.vAfterCalibration
                0x000000000021b650       0x64 plat/mediatek/mt7986/drivers/dram/release/dram.o
                0x000000000021b650                vAfterCalibration
 .text.O1PathOnOff
                0x000000000021b6b4      0x21c plat/mediatek/mt7986/drivers/dram/release/dram.o
                0x000000000021b6b4                O1PathOnOff
 .text.u1IsPhaseMode
                0x000000000021b8d0       0x38 plat/mediatek/mt7986/drivers/dram/release/dram.o
                0x000000000021b8d0                u1IsPhaseMode
 .text.u1MCK2UI_DivShift
                0x000000000021b908       0x20 plat/mediatek/mt7986/drivers/dram/release/dram.o
                0x000000000021b908                u1MCK2UI_DivShift
 .text._LoopAryToDelay
                0x000000000021b928      0x1a0 plat/mediatek/mt7986/drivers/dram/release/dram.o
 .text.PCDDR_ShiftDQSUI
                0x000000000021bac8       0x7c plat/mediatek/mt7986/drivers/dram/release/dram.o
                0x000000000021bac8                PCDDR_ShiftDQSUI
 .text.PCDDR_ShiftDQS_OENUI
                0x000000000021bb44       0x7c plat/mediatek/mt7986/drivers/dram/release/dram.o
                0x000000000021bb44                PCDDR_ShiftDQS_OENUI
 .text.ShiftDQUI
                0x000000000021bbc0       0x7c plat/mediatek/mt7986/drivers/dram/release/dram.o
                0x000000000021bbc0                ShiftDQUI
 .text.ShiftDQUI_AllRK
                0x000000000021bc3c       0x7c plat/mediatek/mt7986/drivers/dram/release/dram.o
                0x000000000021bc3c                ShiftDQUI_AllRK
 .text.ShiftDQ_OENUI
                0x000000000021bcb8       0x7c plat/mediatek/mt7986/drivers/dram/release/dram.o
                0x000000000021bcb8                ShiftDQ_OENUI
 .text.ShiftDQ_OENUI_AllRK
                0x000000000021bd34       0x7c plat/mediatek/mt7986/drivers/dram/release/dram.o
                0x000000000021bd34                ShiftDQ_OENUI_AllRK
 .text.ShiftDQSWCK_UI
                0x000000000021bdb0       0x40 plat/mediatek/mt7986/drivers/dram/release/dram.o
                0x000000000021bdb0                ShiftDQSWCK_UI
 .text.vSetDramMRWriteLevelingOnOff
                0x000000000021bdf0      0x15c plat/mediatek/mt7986/drivers/dram/release/dram.o
                0x000000000021bdf0                vSetDramMRWriteLevelingOnOff
 .text.DramcWriteLeveling
                0x000000000021bf4c      0xa78 plat/mediatek/mt7986/drivers/dram/release/dram.o
                0x000000000021bf4c                DramcWriteLeveling
 .text.vResetDelayChainBeforeCalibration
                0x000000000021c9c4      0x150 plat/mediatek/mt7986/drivers/dram/release/dram.o
                0x000000000021c9c4                vResetDelayChainBeforeCalibration
 .text.DramPhyReset
                0x000000000021cb14      0x214 plat/mediatek/mt7986/drivers/dram/release/dram.o
                0x000000000021cb14                DramPhyReset
 .text.get_gating_start_pos
                0x000000000021cd28       0xb0 plat/mediatek/mt7986/drivers/dram/release/dram.o
                0x000000000021cd28                get_gating_start_pos
 .text.dramc_rx_dqs_gating_cal
                0x000000000021cdd8      0xb08 plat/mediatek/mt7986/drivers/dram/release/dram.o
                0x000000000021cdd8                dramc_rx_dqs_gating_cal
 .text.DramcRxWinRDDQCInit
                0x000000000021d8e0      0x1f0 plat/mediatek/mt7986/drivers/dram/release/dram.o
                0x000000000021d8e0                DramcRxWinRDDQCInit
 .text.DramcRxWinRDDQCRun
                0x000000000021dad0       0x50 plat/mediatek/mt7986/drivers/dram/release/dram.o
                0x000000000021dad0                DramcRxWinRDDQCRun
 .text.DramcRxWinRDDQCEnd
                0x000000000021db20       0xa8 plat/mediatek/mt7986/drivers/dram/release/dram.o
                0x000000000021db20                DramcRxWinRDDQCEnd
 .text.DramcRxWindowPerbitCal
                0x000000000021dbc8      0xfb0 plat/mediatek/mt7986/drivers/dram/release/dram.o
                0x000000000021dbc8                DramcRxWindowPerbitCal
 .text.dle_factor_handler
                0x000000000021eb78       0xdc plat/mediatek/mt7986/drivers/dram/release/dram.o
                0x000000000021eb78                dle_factor_handler
 .text.DramcRxdatlatCal
                0x000000000021ec54      0x218 plat/mediatek/mt7986/drivers/dram/release/dram.o
                0x000000000021ec54                DramcRxdatlatCal
 .text.DramcDualRankRxdatlatCal
                0x000000000021ee6c       0x74 plat/mediatek/mt7986/drivers/dram/release/dram.o
                0x000000000021ee6c                DramcDualRankRxdatlatCal
 .text.TxWinTransferDelayToUIPI
                0x000000000021eee0       0xd0 plat/mediatek/mt7986/drivers/dram/release/dram.o
                0x000000000021eee0                TxWinTransferDelayToUIPI
 .text.DramcTXSetVref
                0x000000000021efb0      0x114 plat/mediatek/mt7986/drivers/dram/release/dram.o
                0x000000000021efb0                DramcTXSetVref
 .text.DramcTxWindowPerbitCal
                0x000000000021f0c4      0xdc4 plat/mediatek/mt7986/drivers/dram/release/dram.o
                0x000000000021f0c4                DramcTxWindowPerbitCal
 .text.DramcMiockJmeter
                0x000000000021fe88      0x86c plat/mediatek/mt7986/drivers/dram/release/dram.o
                0x000000000021fe88                DramcMiockJmeter
 .text.DramcMiockJmeterHQA
                0x00000000002206f4       0xac plat/mediatek/mt7986/drivers/dram/release/dram.o
                0x00000000002206f4                DramcMiockJmeterHQA
 .text.DramcSwImpedanceSaveRegister
                0x00000000002207a0      0x2d4 plat/mediatek/mt7986/drivers/dram/release/dram.o
                0x00000000002207a0                DramcSwImpedanceSaveRegister
 .text.DramcSwImpedanceCal
                0x0000000000220a74      0x49c plat/mediatek/mt7986/drivers/dram/release/dram.o
                0x0000000000220a74                DramcSwImpedanceCal
 .text.DramcClockDutySetClkDelayCell
                0x0000000000220f10       0xf0 plat/mediatek/mt7986/drivers/dram/release/dram.o
                0x0000000000220f10                DramcClockDutySetClkDelayCell
 .text.DQSDutyScan_SetDqsDelayCell
                0x0000000000221000      0x188 plat/mediatek/mt7986/drivers/dram/release/dram.o
                0x0000000000221000                DQSDutyScan_SetDqsDelayCell
 .text.DutyScan_Offset_Convert
                0x0000000000221188       0x4c plat/mediatek/mt7986/drivers/dram/release/dram.o
                0x0000000000221188                DutyScan_Offset_Convert
 .text.DutyScan_Offset_Calibration
                0x00000000002211d4      0x5cc plat/mediatek/mt7986/drivers/dram/release/dram.o
                0x00000000002211d4                DutyScan_Offset_Calibration
 .text.DutyScan_Calibration_Flow
                0x00000000002217a0      0xd8c plat/mediatek/mt7986/drivers/dram/release/dram.o
                0x00000000002217a0                DutyScan_Calibration_Flow
 .text.DramcNewDutyCalibration
                0x000000000022252c      0x318 plat/mediatek/mt7986/drivers/dram/release/dram.o
                0x000000000022252c                DramcNewDutyCalibration
 .text.is_ddr3_family
                0x0000000000222844       0x10 plat/mediatek/mt7986/drivers/dram/release/dram.o
                0x0000000000222844                is_ddr3_family
 .text.is_ddr4_family
                0x0000000000222854       0x10 plat/mediatek/mt7986/drivers/dram/release/dram.o
                0x0000000000222854                is_ddr4_family
 .text.PCDDR_SetFreqGroup
                0x0000000000222864       0xcc plat/mediatek/mt7986/drivers/dram/release/dram.o
                0x0000000000222864                PCDDR_SetFreqGroup
 .text.PCDDR_GetFreqBySel
                0x0000000000222930       0x44 plat/mediatek/mt7986/drivers/dram/release/dram.o
                0x0000000000222930                PCDDR_GetFreqBySel
 .text.PCDDR_GetDataRateByFreq
                0x0000000000222974       0xf8 plat/mediatek/mt7986/drivers/dram/release/dram.o
                0x0000000000222974                PCDDR_GetDataRateByFreq
 .text.PCDDR_PhyFreqSel
                0x0000000000222a6c       0x64 plat/mediatek/mt7986/drivers/dram/release/dram.o
                0x0000000000222a6c                PCDDR_PhyFreqSel
 .text.PCDDR_SetDFSFreqSelByTable
                0x0000000000222ad0       0x34 plat/mediatek/mt7986/drivers/dram/release/dram.o
                0x0000000000222ad0                PCDDR_SetDFSFreqSelByTable
 .text.PCDDR_GetDramcDramRatio
                0x0000000000222b04       0x30 plat/mediatek/mt7986/drivers/dram/release/dram.o
                0x0000000000222b04                PCDDR_GetDramcDramRatio
 .text.DDR_Enable_Gating_Tracking
                0x0000000000222b34       0x44 plat/mediatek/mt7986/drivers/dram/release/dram.o
                0x0000000000222b34                DDR_Enable_Gating_Tracking
 .text.Enable_ClkTxRxLatchEn
                0x0000000000222b78      0x108 plat/mediatek/mt7986/drivers/dram/release/dram.o
                0x0000000000222b78                Enable_ClkTxRxLatchEn
 .text.DramcHWGatingOnOff
                0x0000000000222c80       0x78 plat/mediatek/mt7986/drivers/dram/release/dram.o
                0x0000000000222c80                DramcHWGatingOnOff
 .text.DramcHWGatingDebugOnOff
                0x0000000000222cf8       0x9c plat/mediatek/mt7986/drivers/dram/release/dram.o
                0x0000000000222cf8                DramcHWGatingDebugOnOff
 .text.DDR3_MRS
                0x0000000000222d94      0x158 plat/mediatek/mt7986/drivers/dram/release/dram.o
                0x0000000000222d94                DDR3_MRS
 .text.DDR3_SWZQ
                0x0000000000222eec      0x104 plat/mediatek/mt7986/drivers/dram/release/dram.o
                0x0000000000222eec                DDR3_SWZQ
 .text.PC3_dram_init_single_rank
                0x0000000000222ff0      0x1ac plat/mediatek/mt7986/drivers/dram/release/dram.o
                0x0000000000222ff0                PC3_dram_init_single_rank
 .text.PC3_DRAM_INIT
                0x000000000022319c      0x1e8 plat/mediatek/mt7986/drivers/dram/release/dram.o
                0x000000000022319c                PC3_DRAM_INIT
 .text.PC3_dram_init_single_rank_DRM
                0x0000000000223384      0x170 plat/mediatek/mt7986/drivers/dram/release/dram.o
                0x0000000000223384                PC3_dram_init_single_rank_DRM
 .text.DDR4_MRS
                0x00000000002234f4      0x158 plat/mediatek/mt7986/drivers/dram/release/dram.o
                0x00000000002234f4                DDR4_MRS
 .text.DDR4_SWZQ
                0x000000000022364c      0x104 plat/mediatek/mt7986/drivers/dram/release/dram.o
                0x000000000022364c                DDR4_SWZQ
 .text.PC4_dram_init_single_rank
                0x0000000000223750      0x2b0 plat/mediatek/mt7986/drivers/dram/release/dram.o
                0x0000000000223750                PC4_dram_init_single_rank
 .text.PC4_DRAM_INIT
                0x0000000000223a00      0x1e8 plat/mediatek/mt7986/drivers/dram/release/dram.o
                0x0000000000223a00                PC4_DRAM_INIT
 .text.EnableCommonDCMNonShuffle
                0x0000000000223be8       0x74 plat/mediatek/mt7986/drivers/dram/release/dram.o
                0x0000000000223be8                EnableCommonDCMNonShuffle
 .text.EnableCommonDCMShuffle
                0x0000000000223c5c       0x8c plat/mediatek/mt7986/drivers/dram/release/dram.o
                0x0000000000223c5c                EnableCommonDCMShuffle
 .text.EnableDramcPhyDCMNonShuffle
                0x0000000000223ce8      0x4e0 plat/mediatek/mt7986/drivers/dram/release/dram.o
                0x0000000000223ce8                EnableDramcPhyDCMNonShuffle
 .text.EnableDramcPhyDCMShuffle
                0x00000000002241c8      0x1c8 plat/mediatek/mt7986/drivers/dram/release/dram.o
                0x00000000002241c8                EnableDramcPhyDCMShuffle
 .text.EnableDramcPhyDCM
                0x0000000000224390       0x54 plat/mediatek/mt7986/drivers/dram/release/dram.o
                0x0000000000224390                EnableDramcPhyDCM
 .text.EnableRxDcmDPhy
                0x00000000002243e4       0x1c plat/mediatek/mt7986/drivers/dram/release/dram.o
                0x00000000002243e4                EnableRxDcmDPhy
 .text.DRM_DDR34_SWZQ
                0x0000000000224400      0x154 plat/mediatek/mt7986/drivers/dram/release/dram.o
                0x0000000000224400                DRM_DDR34_SWZQ
 .text.MD32_init
                0x0000000000224554       0x9c plat/mediatek/mt7986/drivers/dram/release/dram.o
                0x0000000000224554                MD32_init
 .text.ASVA5_8_CSCA_Pull_Down_EN
                0x00000000002245f0       0xb4 plat/mediatek/mt7986/drivers/dram/release/dram.o
                0x00000000002245f0                ASVA5_8_CSCA_Pull_Down_EN
 .text.ASVA5_8_CSCA_Pull_Down_DIS
                0x00000000002246a4       0x70 plat/mediatek/mt7986/drivers/dram/release/dram.o
                0x00000000002246a4                ASVA5_8_CSCA_Pull_Down_DIS
 .text.wait_SREFx
                0x0000000000224714       0x4c plat/mediatek/mt7986/drivers/dram/release/dram.o
                0x0000000000224714                wait_SREFx
 .text.dump_last_dramc
                0x0000000000224760      0x270 plat/mediatek/mt7986/drivers/dram/release/dram.o
                0x0000000000224760                dump_last_dramc
 .text.dump_gating_error_rg
                0x00000000002249d0      0x1d0 plat/mediatek/mt7986/drivers/dram/release/dram.o
                0x00000000002249d0                dump_gating_error_rg
 .text.Dramc_DDR_Reserved_Mode_setting
                0x0000000000224ba0      0x628 plat/mediatek/mt7986/drivers/dram/release/dram.o
                0x0000000000224ba0                Dramc_DDR_Reserved_Mode_setting
 .text.Dramc_DDR_Reserved_Mode_BeforeSR
                0x00000000002251c8      0x214 plat/mediatek/mt7986/drivers/dram/release/dram.o
                0x00000000002251c8                Dramc_DDR_Reserved_Mode_BeforeSR
 .text.Dramc_DDR_Reserved_Mode_AfterSR
                0x00000000002253dc      0x2e8 plat/mediatek/mt7986/drivers/dram/release/dram.o
                0x00000000002253dc                Dramc_DDR_Reserved_Mode_AfterSR
 .text.Patch_ReK
                0x00000000002256c4       0xfc plat/mediatek/mt7986/drivers/dram/release/dram.o
                0x00000000002256c4                Patch_ReK
 .text.Before_Init_DRAM_While_Reserve_Mode_fail
                0x00000000002257c0       0x38 plat/mediatek/mt7986/drivers/dram/release/dram.o
                0x00000000002257c0                Before_Init_DRAM_While_Reserve_Mode_fail
 .text.mtk_drm_get_debug_ctl
                0x00000000002257f8       0x24 plat/mediatek/mt7986/drivers/dram/release/dram.o
 .text.drm_dram_reserved
                0x000000000022581c       0xc8 plat/mediatek/mt7986/drivers/dram/release/dram.o
                0x000000000022581c                drm_dram_reserved
 .text.drm_is_reserve_ddr_enabled
                0x00000000002258e4       0x14 plat/mediatek/mt7986/drivers/dram/release/dram.o
                0x00000000002258e4                drm_is_reserve_ddr_enabled
 .text.drm_is_dram_slf
                0x00000000002258f8       0x44 plat/mediatek/mt7986/drivers/dram/release/dram.o
                0x00000000002258f8                drm_is_dram_slf
 .text.drm_wait_for_reg_update_done
                0x000000000022593c       0xa4 plat/mediatek/mt7986/drivers/dram/release/dram.o
                0x000000000022593c                drm_wait_for_reg_update_done
 .text.drm_update_reg
                0x00000000002259e0      0x108 plat/mediatek/mt7986/drivers/dram/release/dram.o
                0x00000000002259e0                drm_update_reg
 .text.drm_is_reserve_ddr_mode_success
                0x0000000000225ae8       0x40 plat/mediatek/mt7986/drivers/dram/release/dram.o
                0x0000000000225ae8                drm_is_reserve_ddr_mode_success
 .text.drm_release_rg_dramc_conf_iso
                0x0000000000225b28       0x48 plat/mediatek/mt7986/drivers/dram/release/dram.o
                0x0000000000225b28                drm_release_rg_dramc_conf_iso
 .text.drm_release_rg_dramc_iso
                0x0000000000225b70       0x14 plat/mediatek/mt7986/drivers/dram/release/dram.o
                0x0000000000225b70                drm_release_rg_dramc_iso
 .text.drm_release_rg_dramc_sref
                0x0000000000225b84       0x14 plat/mediatek/mt7986/drivers/dram/release/dram.o
                0x0000000000225b84                drm_release_rg_dramc_sref
 .text.drm_is_dvfsrc_success
                0x0000000000225b98       0x34 plat/mediatek/mt7986/drivers/dram/release/dram.o
                0x0000000000225b98                drm_is_dvfsrc_success
 .text.drm_is_dvfsrc_enable
                0x0000000000225bcc       0x14 plat/mediatek/mt7986/drivers/dram/release/dram.o
                0x0000000000225bcc                drm_is_dvfsrc_enable
 .text.mtk_drm_init
                0x0000000000225be0      0x108 plat/mediatek/mt7986/drivers/dram/release/dram.o
                0x0000000000225be0                mtk_drm_init
 .text.set_mtk_drm_to_default
                0x0000000000225ce8       0xb0 plat/mediatek/mt7986/drivers/dram/release/dram.o
                0x0000000000225ce8                set_mtk_drm_to_default
 .text.memcmp   0x0000000000225d98       0x34 /media/data_nvme/git/uboot/u-boot/build/mt7986/release/lib/libc.a(memcmp.o)
                0x0000000000225d98                memcmp
 .text.memcpy   0x0000000000225dcc       0x20 /media/data_nvme/git/uboot/u-boot/build/mt7986/release/lib/libc.a(memcpy.o)
                0x0000000000225dcc                memcpy